Reading netlist file: "C:\Users\matth\OneDrive\Personal\Projects\ATOMiK\sweep\impl\gwsynthesis\project_N4_F81p0.vg"
Parsing netlist file "C:\Users\matth\OneDrive\Personal\Projects\ATOMiK\sweep\impl\gwsynthesis\project_N4_F81p0.vg" completed
Processing netlist completed
Reading constraint file: "C:\Users\matth\OneDrive\Personal\Projects\ATOMiK\constraints\atomik_constraints.cst"
Physical Constraint parsed completed
Running placement......
[10%] Placement Phase 0 completed
[20%] Placement Phase 1 completed
[30%] Placement Phase 2 completed
[50%] Placement Phase 3 completed
Running routing......
[60%] Routing Phase 0 completed
[70%] Routing Phase 1 completed
[80%] Routing Phase 2 completed
[90%] Routing Phase 3 completed
Running timing analysis......
[95%] Timing analysis completed
Placement and routing completed
Bitstream generation in progress......
Bitstream generation completed
Running power analysis......
[100%] Power analysis completed
Generate file "C:\Users\matth\OneDrive\Personal\Projects\ATOMiK\sweep\impl\pnr\project_N4_F81p0.power.html" completed
Generate file "C:\Users\matth\OneDrive\Personal\Projects\ATOMiK\sweep\impl\pnr\project_N4_F81p0.pin.html" completed
Generate file "C:\Users\matth\OneDrive\Personal\Projects\ATOMiK\sweep\impl\pnr\project_N4_F81p0.rpt.html" completed
Generate file "C:\Users\matth\OneDrive\Personal\Projects\ATOMiK\sweep\impl\pnr\project_N4_F81p0.rpt.txt" completed
Generate file "C:\Users\matth\OneDrive\Personal\Projects\ATOMiK\sweep\impl\pnr\project_N4_F81p0.tr.html" completed
Tue Jan 27 23:04:44 2026

