Copyright 1986-2022 Xilinx, Inc. All Rights Reserved. Copyright 2022-2025 Advanced Micro Devices, Inc. All Rights Reserved.
--------------------------------------------------------------------------------------------------------------------------------------------------
| Tool Version : Vivado v.2025.2 (lin64) Build 6299465 Fri Nov 14 12:34:56 MST 2025
| Date         : Fri Mar 13 12:49:55 2026
| Host         : Jarvis running 64-bit Ubuntu 24.04.4 LTS
| Command      : report_timing -nworst 5 -path_type full -file /home/mattrock/Projects/ATOMiK/hardware/zynq/sweep/reports/crit_path_N4_F363p6.rpt
| Design       : sweep_top_N4_F363p6
| Device       : 7z020-clg400
| Speed File   : -2  PRODUCTION 1.12 2019-11-22
| Design State : Routed
--------------------------------------------------------------------------------------------------------------------------------------------------

Timing Report

Slack (VIOLATED) :        -0.175ns  (required time - arrival time)
  Source:                 u_top/u_atomik/banks[0].bank_acc_reg[0][21]/C
                            (rising edge-triggered cell FDRE clocked by atomik_clk  {rise@0.000ns fall@1.375ns period=2.750ns})
  Destination:            u_top/u_cdc/core_resp_acc_zero_reg/D
                            (rising edge-triggered cell FDCE clocked by atomik_clk  {rise@0.000ns fall@1.375ns period=2.750ns})
  Path Group:             atomik_clk
  Path Type:              Setup (Max at Slow Process Corner)
  Requirement:            2.750ns  (atomik_clk rise@2.750ns - atomik_clk rise@0.000ns)
  Data Path Delay:        2.824ns  (logic 0.799ns (28.294%)  route 2.025ns (71.706%))
  Logic Levels:           4  (LUT4=2 LUT6=2)
  Clock Path Skew:        -0.069ns (DCD - SCD + CPR)
    Destination Clock Delay (DCD):    4.999ns = ( 7.749 - 2.750 ) 
    Source Clock Delay      (SCD):    5.569ns
    Clock Pessimism Removal (CPR):    0.502ns
  Clock Uncertainty:      0.062ns  ((TSJ^2 + DJ^2)^1/2) / 2 + PE
    Total System Jitter     (TSJ):    0.071ns
    Discrete Jitter          (DJ):    0.101ns
    Phase Error              (PE):    0.000ns

    Location             Delay type                Incr(ns)  Path(ns)    Netlist Resource(s)
  -------------------------------------------------------------------    -------------------
                         (clock atomik_clk rise edge)
                                                      0.000     0.000 r  
                         clock source latency         2.177     2.177    
                         propagated clock network latency
                                                      3.392     5.569    
    SLICE_X111Y115       FDRE                         0.000     5.569 r  u_top/u_atomik/banks[0].bank_acc_reg[0][21]/C
    SLICE_X111Y115       FDRE (Prop_fdre_C_Q)         0.379     5.948 r  u_top/u_atomik/banks[0].bank_acc_reg[0][21]/Q
                         net (fo=3, routed)           0.614     6.563    u_top/u_atomik/banks[0].bank_acc_reg[0][63]_0[21]
    SLICE_X109Y117       LUT4 (Prop_lut4_I2_O)        0.105     6.668 f  u_top/u_atomik/core_resp_acc_zero_i_70/O
                         net (fo=1, routed)           0.778     7.445    u_top/u_atomik/p_4_in[21]
    SLICE_X107Y119       LUT6 (Prop_lut6_I4_O)        0.105     7.550 r  u_top/u_atomik/core_resp_acc_zero_i_28/O
                         net (fo=1, routed)           0.511     8.062    u_top/u_atomik/core_resp_acc_zero_i_28_n_0
    SLICE_X106Y120       LUT4 (Prop_lut4_I1_O)        0.105     8.167 r  u_top/u_atomik/core_resp_acc_zero_i_5_comp/O
                         net (fo=1, routed)           0.122     8.288    u_top/u_atomik/core_resp_acc_zero_i_5_n_0
    SLICE_X106Y120       LUT6 (Prop_lut6_I4_O)        0.105     8.393 r  u_top/u_atomik/core_resp_acc_zero_i_1_comp/O
                         net (fo=1, routed)           0.000     8.393    u_top/u_cdc/acc_zero
    SLICE_X106Y120       FDCE                                         r  u_top/u_cdc/core_resp_acc_zero_reg/D
  -------------------------------------------------------------------    -------------------

                         (clock atomik_clk rise edge)
                                                      2.750     2.750 r  
                         clock source latency         1.935     4.685    
                         propagated clock network latency
                                                      3.063     7.749    
                         clock pessimism              0.502     8.250    
                         clock uncertainty           -0.062     8.189    
    SLICE_X106Y120       FDCE (Setup_fdce_C_D)        0.030     8.219    u_top/u_cdc/core_resp_acc_zero_reg
  -------------------------------------------------------------------
                         required time                          8.219    
                         arrival time                          -8.393    
  -------------------------------------------------------------------
                         slack                                 -0.175    

Slack (VIOLATED) :        -0.175ns  (required time - arrival time)
  Source:                 u_top/u_atomik/banks[0].bank_acc_reg[0][21]/C
                            (rising edge-triggered cell FDRE clocked by atomik_clk  {rise@0.000ns fall@1.375ns period=2.750ns})
  Destination:            u_top/u_cdc/core_resp_acc_zero_reg/D
                            (rising edge-triggered cell FDCE clocked by atomik_clk  {rise@0.000ns fall@1.375ns period=2.750ns})
  Path Group:             atomik_clk
  Path Type:              Setup (Max at Slow Process Corner)
  Requirement:            2.750ns  (atomik_clk rise@2.750ns - atomik_clk rise@0.000ns)
  Data Path Delay:        2.824ns  (logic 0.799ns (28.294%)  route 2.025ns (71.706%))
  Logic Levels:           4  (LUT4=2 LUT6=2)
  Clock Path Skew:        -0.069ns (DCD - SCD + CPR)
    Destination Clock Delay (DCD):    4.999ns = ( 7.749 - 2.750 ) 
    Source Clock Delay      (SCD):    5.569ns
    Clock Pessimism Removal (CPR):    0.502ns
  Clock Uncertainty:      0.062ns  ((TSJ^2 + DJ^2)^1/2) / 2 + PE
    Total System Jitter     (TSJ):    0.071ns
    Discrete Jitter          (DJ):    0.101ns
    Phase Error              (PE):    0.000ns

    Location             Delay type                Incr(ns)  Path(ns)    Netlist Resource(s)
  -------------------------------------------------------------------    -------------------
                         (clock atomik_clk rise edge)
                                                      0.000     0.000 r  
                         clock source latency         2.177     2.177    
                         propagated clock network latency
                                                      3.392     5.569    
    SLICE_X111Y115       FDRE                         0.000     5.569 r  u_top/u_atomik/banks[0].bank_acc_reg[0][21]/C
    SLICE_X111Y115       FDRE (Prop_fdre_C_Q)         0.379     5.948 f  u_top/u_atomik/banks[0].bank_acc_reg[0][21]/Q
                         net (fo=3, routed)           0.614     6.563    u_top/u_atomik/banks[0].bank_acc_reg[0][63]_0[21]
    SLICE_X109Y117       LUT4 (Prop_lut4_I2_O)        0.105     6.668 f  u_top/u_atomik/core_resp_acc_zero_i_70/O
                         net (fo=1, routed)           0.778     7.445    u_top/u_atomik/p_4_in[21]
    SLICE_X107Y119       LUT6 (Prop_lut6_I4_O)        0.105     7.550 r  u_top/u_atomik/core_resp_acc_zero_i_28/O
                         net (fo=1, routed)           0.511     8.062    u_top/u_atomik/core_resp_acc_zero_i_28_n_0
    SLICE_X106Y120       LUT4 (Prop_lut4_I1_O)        0.105     8.167 r  u_top/u_atomik/core_resp_acc_zero_i_5_comp/O
                         net (fo=1, routed)           0.122     8.288    u_top/u_atomik/core_resp_acc_zero_i_5_n_0
    SLICE_X106Y120       LUT6 (Prop_lut6_I4_O)        0.105     8.393 r  u_top/u_atomik/core_resp_acc_zero_i_1_comp/O
                         net (fo=1, routed)           0.000     8.393    u_top/u_cdc/acc_zero
    SLICE_X106Y120       FDCE                                         r  u_top/u_cdc/core_resp_acc_zero_reg/D
  -------------------------------------------------------------------    -------------------

                         (clock atomik_clk rise edge)
                                                      2.750     2.750 r  
                         clock source latency         1.935     4.685    
                         propagated clock network latency
                                                      3.063     7.749    
                         clock pessimism              0.502     8.250    
                         clock uncertainty           -0.062     8.189    
    SLICE_X106Y120       FDCE (Setup_fdce_C_D)        0.030     8.219    u_top/u_cdc/core_resp_acc_zero_reg
  -------------------------------------------------------------------
                         required time                          8.219    
                         arrival time                          -8.393    
  -------------------------------------------------------------------
                         slack                                 -0.175    

Slack (VIOLATED) :        -0.175ns  (required time - arrival time)
  Source:                 u_top/u_atomik/banks[0].bank_acc_reg[0][21]/C
                            (rising edge-triggered cell FDRE clocked by atomik_clk  {rise@0.000ns fall@1.375ns period=2.750ns})
  Destination:            u_top/u_cdc/core_resp_acc_zero_reg/D
                            (rising edge-triggered cell FDCE clocked by atomik_clk  {rise@0.000ns fall@1.375ns period=2.750ns})
  Path Group:             atomik_clk
  Path Type:              Setup (Max at Slow Process Corner)
  Requirement:            2.750ns  (atomik_clk rise@2.750ns - atomik_clk rise@0.000ns)
  Data Path Delay:        2.824ns  (logic 0.799ns (28.294%)  route 2.025ns (71.706%))
  Logic Levels:           4  (LUT4=2 LUT6=2)
  Clock Path Skew:        -0.069ns (DCD - SCD + CPR)
    Destination Clock Delay (DCD):    4.999ns = ( 7.749 - 2.750 ) 
    Source Clock Delay      (SCD):    5.569ns
    Clock Pessimism Removal (CPR):    0.502ns
  Clock Uncertainty:      0.062ns  ((TSJ^2 + DJ^2)^1/2) / 2 + PE
    Total System Jitter     (TSJ):    0.071ns
    Discrete Jitter          (DJ):    0.101ns
    Phase Error              (PE):    0.000ns

    Location             Delay type                Incr(ns)  Path(ns)    Netlist Resource(s)
  -------------------------------------------------------------------    -------------------
                         (clock atomik_clk rise edge)
                                                      0.000     0.000 r  
                         clock source latency         2.177     2.177    
                         propagated clock network latency
                                                      3.392     5.569    
    SLICE_X111Y115       FDRE                         0.000     5.569 r  u_top/u_atomik/banks[0].bank_acc_reg[0][21]/C
    SLICE_X111Y115       FDRE (Prop_fdre_C_Q)         0.379     5.948 r  u_top/u_atomik/banks[0].bank_acc_reg[0][21]/Q
                         net (fo=3, routed)           0.614     6.563    u_top/u_atomik/banks[0].bank_acc_reg[0][63]_0[21]
    SLICE_X109Y117       LUT4 (Prop_lut4_I2_O)        0.105     6.668 r  u_top/u_atomik/core_resp_acc_zero_i_70/O
                         net (fo=1, routed)           0.778     7.445    u_top/u_atomik/p_4_in[21]
    SLICE_X107Y119       LUT6 (Prop_lut6_I4_O)        0.105     7.550 f  u_top/u_atomik/core_resp_acc_zero_i_28/O
                         net (fo=1, routed)           0.511     8.062    u_top/u_atomik/core_resp_acc_zero_i_28_n_0
    SLICE_X106Y120       LUT4 (Prop_lut4_I1_O)        0.105     8.167 f  u_top/u_atomik/core_resp_acc_zero_i_5_comp/O
                         net (fo=1, routed)           0.122     8.288    u_top/u_atomik/core_resp_acc_zero_i_5_n_0
    SLICE_X106Y120       LUT6 (Prop_lut6_I4_O)        0.105     8.393 f  u_top/u_atomik/core_resp_acc_zero_i_1_comp/O
                         net (fo=1, routed)           0.000     8.393    u_top/u_cdc/acc_zero
    SLICE_X106Y120       FDCE                                         f  u_top/u_cdc/core_resp_acc_zero_reg/D
  -------------------------------------------------------------------    -------------------

                         (clock atomik_clk rise edge)
                                                      2.750     2.750 r  
                         clock source latency         1.935     4.685    
                         propagated clock network latency
                                                      3.063     7.749    
                         clock pessimism              0.502     8.250    
                         clock uncertainty           -0.062     8.189    
    SLICE_X106Y120       FDCE (Setup_fdce_C_D)        0.030     8.219    u_top/u_cdc/core_resp_acc_zero_reg
  -------------------------------------------------------------------
                         required time                          8.219    
                         arrival time                          -8.393    
  -------------------------------------------------------------------
                         slack                                 -0.175    

Slack (VIOLATED) :        -0.175ns  (required time - arrival time)
  Source:                 u_top/u_atomik/banks[0].bank_acc_reg[0][21]/C
                            (rising edge-triggered cell FDRE clocked by atomik_clk  {rise@0.000ns fall@1.375ns period=2.750ns})
  Destination:            u_top/u_cdc/core_resp_acc_zero_reg/D
                            (rising edge-triggered cell FDCE clocked by atomik_clk  {rise@0.000ns fall@1.375ns period=2.750ns})
  Path Group:             atomik_clk
  Path Type:              Setup (Max at Slow Process Corner)
  Requirement:            2.750ns  (atomik_clk rise@2.750ns - atomik_clk rise@0.000ns)
  Data Path Delay:        2.824ns  (logic 0.799ns (28.294%)  route 2.025ns (71.706%))
  Logic Levels:           4  (LUT4=2 LUT6=2)
  Clock Path Skew:        -0.069ns (DCD - SCD + CPR)
    Destination Clock Delay (DCD):    4.999ns = ( 7.749 - 2.750 ) 
    Source Clock Delay      (SCD):    5.569ns
    Clock Pessimism Removal (CPR):    0.502ns
  Clock Uncertainty:      0.062ns  ((TSJ^2 + DJ^2)^1/2) / 2 + PE
    Total System Jitter     (TSJ):    0.071ns
    Discrete Jitter          (DJ):    0.101ns
    Phase Error              (PE):    0.000ns

    Location             Delay type                Incr(ns)  Path(ns)    Netlist Resource(s)
  -------------------------------------------------------------------    -------------------
                         (clock atomik_clk rise edge)
                                                      0.000     0.000 r  
                         clock source latency         2.177     2.177    
                         propagated clock network latency
                                                      3.392     5.569    
    SLICE_X111Y115       FDRE                         0.000     5.569 r  u_top/u_atomik/banks[0].bank_acc_reg[0][21]/C
    SLICE_X111Y115       FDRE (Prop_fdre_C_Q)         0.379     5.948 f  u_top/u_atomik/banks[0].bank_acc_reg[0][21]/Q
                         net (fo=3, routed)           0.614     6.563    u_top/u_atomik/banks[0].bank_acc_reg[0][63]_0[21]
    SLICE_X109Y117       LUT4 (Prop_lut4_I2_O)        0.105     6.668 r  u_top/u_atomik/core_resp_acc_zero_i_70/O
                         net (fo=1, routed)           0.778     7.445    u_top/u_atomik/p_4_in[21]
    SLICE_X107Y119       LUT6 (Prop_lut6_I4_O)        0.105     7.550 f  u_top/u_atomik/core_resp_acc_zero_i_28/O
                         net (fo=1, routed)           0.511     8.062    u_top/u_atomik/core_resp_acc_zero_i_28_n_0
    SLICE_X106Y120       LUT4 (Prop_lut4_I1_O)        0.105     8.167 f  u_top/u_atomik/core_resp_acc_zero_i_5_comp/O
                         net (fo=1, routed)           0.122     8.288    u_top/u_atomik/core_resp_acc_zero_i_5_n_0
    SLICE_X106Y120       LUT6 (Prop_lut6_I4_O)        0.105     8.393 f  u_top/u_atomik/core_resp_acc_zero_i_1_comp/O
                         net (fo=1, routed)           0.000     8.393    u_top/u_cdc/acc_zero
    SLICE_X106Y120       FDCE                                         f  u_top/u_cdc/core_resp_acc_zero_reg/D
  -------------------------------------------------------------------    -------------------

                         (clock atomik_clk rise edge)
                                                      2.750     2.750 r  
                         clock source latency         1.935     4.685    
                         propagated clock network latency
                                                      3.063     7.749    
                         clock pessimism              0.502     8.250    
                         clock uncertainty           -0.062     8.189    
    SLICE_X106Y120       FDCE (Setup_fdce_C_D)        0.030     8.219    u_top/u_cdc/core_resp_acc_zero_reg
  -------------------------------------------------------------------
                         required time                          8.219    
                         arrival time                          -8.393    
  -------------------------------------------------------------------
                         slack                                 -0.175    

Slack (VIOLATED) :        -0.115ns  (required time - arrival time)
  Source:                 u_top/u_atomik/banks[1].bank_acc_reg[1][45]/C
                            (rising edge-triggered cell FDRE clocked by atomik_clk  {rise@0.000ns fall@1.375ns period=2.750ns})
  Destination:            u_top/u_cdc/core_resp_acc_zero_reg/D
                            (rising edge-triggered cell FDCE clocked by atomik_clk  {rise@0.000ns fall@1.375ns period=2.750ns})
  Path Group:             atomik_clk
  Path Type:              Setup (Max at Slow Process Corner)
  Requirement:            2.750ns  (atomik_clk rise@2.750ns - atomik_clk rise@0.000ns)
  Data Path Delay:        2.838ns  (logic 0.853ns (30.060%)  route 1.985ns (69.940%))
  Logic Levels:           4  (LUT4=2 LUT6=2)
  Clock Path Skew:        0.004ns (DCD - SCD + CPR)
    Destination Clock Delay (DCD):    4.999ns = ( 7.749 - 2.750 ) 
    Source Clock Delay      (SCD):    5.496ns
    Clock Pessimism Removal (CPR):    0.502ns
  Clock Uncertainty:      0.062ns  ((TSJ^2 + DJ^2)^1/2) / 2 + PE
    Total System Jitter     (TSJ):    0.071ns
    Discrete Jitter          (DJ):    0.101ns
    Phase Error              (PE):    0.000ns

    Location             Delay type                Incr(ns)  Path(ns)    Netlist Resource(s)
  -------------------------------------------------------------------    -------------------
                         (clock atomik_clk rise edge)
                                                      0.000     0.000 r  
                         clock source latency         2.177     2.177    
                         propagated clock network latency
                                                      3.319     5.496    
    SLICE_X102Y119       FDRE                         0.000     5.496 r  u_top/u_atomik/banks[1].bank_acc_reg[1][45]/C
    SLICE_X102Y119       FDRE (Prop_fdre_C_Q)         0.433     5.929 r  u_top/u_atomik/banks[1].bank_acc_reg[1][45]/Q
                         net (fo=3, routed)           0.528     6.457    u_top/u_atomik/banks[1].bank_acc_reg[1][63]_0[45]
    SLICE_X103Y119       LUT4 (Prop_lut4_I0_O)        0.105     6.562 f  u_top/u_atomik/core_resp_acc_zero_i_64/O
                         net (fo=1, routed)           0.674     7.236    u_top/u_atomik/p_4_in[45]
    SLICE_X104Y120       LUT6 (Prop_lut6_I4_O)        0.105     7.341 r  u_top/u_atomik/core_resp_acc_zero_i_27/O
                         net (fo=1, routed)           0.661     8.002    u_top/u_atomik/core_resp_acc_zero_i_27_n_0
    SLICE_X106Y120       LUT4 (Prop_lut4_I3_O)        0.105     8.107 r  u_top/u_atomik/core_resp_acc_zero_i_5_comp/O
                         net (fo=1, routed)           0.122     8.229    u_top/u_atomik/core_resp_acc_zero_i_5_n_0
    SLICE_X106Y120       LUT6 (Prop_lut6_I4_O)        0.105     8.334 r  u_top/u_atomik/core_resp_acc_zero_i_1_comp/O
                         net (fo=1, routed)           0.000     8.334    u_top/u_cdc/acc_zero
    SLICE_X106Y120       FDCE                                         r  u_top/u_cdc/core_resp_acc_zero_reg/D
  -------------------------------------------------------------------    -------------------

                         (clock atomik_clk rise edge)
                                                      2.750     2.750 r  
                         clock source latency         1.935     4.685    
                         propagated clock network latency
                                                      3.063     7.749    
                         clock pessimism              0.502     8.250    
                         clock uncertainty           -0.062     8.189    
    SLICE_X106Y120       FDCE (Setup_fdce_C_D)        0.030     8.219    u_top/u_cdc/core_resp_acc_zero_reg
  -------------------------------------------------------------------
                         required time                          8.219    
                         arrival time                          -8.334    
  -------------------------------------------------------------------
                         slack                                 -0.115    




