Copyright 1986-2022 Xilinx, Inc. All Rights Reserved. Copyright 2022-2025 Advanced Micro Devices, Inc. All Rights Reserved.
----------------------------------------------------------------------------------------------------------------------------------------------------------
| Tool Version : Vivado v.2025.2 (lin64) Build 6299465 Fri Nov 14 12:34:56 MST 2025
| Date         : Fri Mar 13 12:09:48 2026
| Host         : Jarvis running 64-bit Ubuntu 24.04.4 LTS
| Command      : report_timing -nworst 5 -path_type full -file /home/mattrock/Projects/ATOMiK/hardware/zynq/sweep/reports/crit_path_N4_F347p8_maximum.rpt
| Design       : sweep_top_N4_F347p8_maximum
| Device       : 7z020-clg400
| Speed File   : -2  PRODUCTION 1.12 2019-11-22
| Design State : Routed
----------------------------------------------------------------------------------------------------------------------------------------------------------

Timing Report

Slack (MET) :             0.020ns  (required time - arrival time)
  Source:                 u_top/u_atomik/u_state_bram/xpm_memory_base_inst/gen_wr_a.gen_word_narrow.mem_reg/CLKARDCLK
                            (rising edge-triggered cell RAMB36E1 clocked by atomik_clk  {rise@0.000ns fall@1.437ns period=2.875ns})
  Destination:            u_top/u_atomik/swap_data_reg[46]/D
                            (rising edge-triggered cell FDRE clocked by atomik_clk  {rise@0.000ns fall@1.437ns period=2.875ns})
  Path Group:             atomik_clk
  Path Type:              Setup (Max at Slow Process Corner)
  Requirement:            2.875ns  (atomik_clk rise@2.875ns - atomik_clk rise@0.000ns)
  Data Path Delay:        2.471ns  (logic 0.849ns (34.357%)  route 1.622ns (65.643%))
  Logic Levels:           1  (LUT5=1)
  Clock Path Skew:        -0.101ns (DCD - SCD + CPR)
    Destination Clock Delay (DCD):    4.943ns = ( 7.818 - 2.875 ) 
    Source Clock Delay      (SCD):    5.545ns
    Clock Pessimism Removal (CPR):    0.502ns
  Clock Uncertainty:      0.062ns  ((TSJ^2 + DJ^2)^1/2) / 2 + PE
    Total System Jitter     (TSJ):    0.071ns
    Discrete Jitter          (DJ):    0.102ns
    Phase Error              (PE):    0.000ns

    Location             Delay type                Incr(ns)  Path(ns)    Netlist Resource(s)
  -------------------------------------------------------------------    -------------------
                         (clock atomik_clk rise edge)
                                                      0.000     0.000 r  
                         clock source latency         2.177     2.177    
                         propagated clock network latency
                                                      3.368     5.545    
    RAMB36_X5Y21         RAMB36E1                     0.000     5.545 r  u_top/u_atomik/u_state_bram/xpm_memory_base_inst/gen_wr_a.gen_word_narrow.mem_reg/CLKARDCLK
    RAMB36_X5Y21         RAMB36E1 (Prop_ramb36e1_CLKARDCLK_DOBDO[14])
                                                      0.734     6.279 r  u_top/u_atomik/u_state_bram/xpm_memory_base_inst/gen_wr_a.gen_word_narrow.mem_reg/DOBDO[14]
                         net (fo=1, routed)           1.092     7.371    u_top/u_atomik/mem_rd_data[46]
    SLICE_X99Y106        LUT5 (Prop_lut5_I4_O)        0.115     7.486 r  u_top/u_atomik/core_resp_state[46]_i_1/O
                         net (fo=2, routed)           0.530     8.016    u_top/u_atomik/D[46]
    SLICE_X101Y108       FDRE                                         r  u_top/u_atomik/swap_data_reg[46]/D
  -------------------------------------------------------------------    -------------------

                         (clock atomik_clk rise edge)
                                                      2.875     2.875 r  
                         clock source latency         1.935     4.810    
                         propagated clock network latency
                                                      3.007     7.818    
                         clock pessimism              0.502     8.319    
                         clock uncertainty           -0.062     8.257    
    SLICE_X101Y108       FDRE (Setup_fdre_C_D)       -0.221     8.036    u_top/u_atomik/swap_data_reg[46]
  -------------------------------------------------------------------
                         required time                          8.036    
                         arrival time                          -8.016    
  -------------------------------------------------------------------
                         slack                                  0.020    

Slack (MET) :             0.020ns  (required time - arrival time)
  Source:                 u_top/u_atomik/u_state_bram/xpm_memory_base_inst/gen_wr_a.gen_word_narrow.mem_reg/CLKARDCLK
                            (rising edge-triggered cell RAMB36E1 clocked by atomik_clk  {rise@0.000ns fall@1.437ns period=2.875ns})
  Destination:            u_top/u_atomik/swap_data_reg[46]/D
                            (rising edge-triggered cell FDRE clocked by atomik_clk  {rise@0.000ns fall@1.437ns period=2.875ns})
  Path Group:             atomik_clk
  Path Type:              Setup (Max at Slow Process Corner)
  Requirement:            2.875ns  (atomik_clk rise@2.875ns - atomik_clk rise@0.000ns)
  Data Path Delay:        2.471ns  (logic 0.849ns (34.357%)  route 1.622ns (65.643%))
  Logic Levels:           1  (LUT5=1)
  Clock Path Skew:        -0.101ns (DCD - SCD + CPR)
    Destination Clock Delay (DCD):    4.943ns = ( 7.818 - 2.875 ) 
    Source Clock Delay      (SCD):    5.545ns
    Clock Pessimism Removal (CPR):    0.502ns
  Clock Uncertainty:      0.062ns  ((TSJ^2 + DJ^2)^1/2) / 2 + PE
    Total System Jitter     (TSJ):    0.071ns
    Discrete Jitter          (DJ):    0.102ns
    Phase Error              (PE):    0.000ns

    Location             Delay type                Incr(ns)  Path(ns)    Netlist Resource(s)
  -------------------------------------------------------------------    -------------------
                         (clock atomik_clk rise edge)
                                                      0.000     0.000 r  
                         clock source latency         2.177     2.177    
                         propagated clock network latency
                                                      3.368     5.545    
    RAMB36_X5Y21         RAMB36E1                     0.000     5.545 r  u_top/u_atomik/u_state_bram/xpm_memory_base_inst/gen_wr_a.gen_word_narrow.mem_reg/CLKARDCLK
    RAMB36_X5Y21         RAMB36E1 (Prop_ramb36e1_CLKARDCLK_DOBDO[14])
                                                      0.734     6.279 f  u_top/u_atomik/u_state_bram/xpm_memory_base_inst/gen_wr_a.gen_word_narrow.mem_reg/DOBDO[14]
                         net (fo=1, routed)           1.092     7.371    u_top/u_atomik/mem_rd_data[46]
    SLICE_X99Y106        LUT5 (Prop_lut5_I4_O)        0.115     7.486 r  u_top/u_atomik/core_resp_state[46]_i_1/O
                         net (fo=2, routed)           0.530     8.016    u_top/u_atomik/D[46]
    SLICE_X101Y108       FDRE                                         r  u_top/u_atomik/swap_data_reg[46]/D
  -------------------------------------------------------------------    -------------------

                         (clock atomik_clk rise edge)
                                                      2.875     2.875 r  
                         clock source latency         1.935     4.810    
                         propagated clock network latency
                                                      3.007     7.818    
                         clock pessimism              0.502     8.319    
                         clock uncertainty           -0.062     8.257    
    SLICE_X101Y108       FDRE (Setup_fdre_C_D)       -0.221     8.036    u_top/u_atomik/swap_data_reg[46]
  -------------------------------------------------------------------
                         required time                          8.036    
                         arrival time                          -8.016    
  -------------------------------------------------------------------
                         slack                                  0.020    

Slack (MET) :             0.020ns  (required time - arrival time)
  Source:                 u_top/u_atomik/u_state_bram/xpm_memory_base_inst/gen_wr_a.gen_word_narrow.mem_reg/CLKARDCLK
                            (rising edge-triggered cell RAMB36E1 clocked by atomik_clk  {rise@0.000ns fall@1.437ns period=2.875ns})
  Destination:            u_top/u_atomik/swap_data_reg[46]/D
                            (rising edge-triggered cell FDRE clocked by atomik_clk  {rise@0.000ns fall@1.437ns period=2.875ns})
  Path Group:             atomik_clk
  Path Type:              Setup (Max at Slow Process Corner)
  Requirement:            2.875ns  (atomik_clk rise@2.875ns - atomik_clk rise@0.000ns)
  Data Path Delay:        2.471ns  (logic 0.849ns (34.357%)  route 1.622ns (65.643%))
  Logic Levels:           1  (LUT5=1)
  Clock Path Skew:        -0.101ns (DCD - SCD + CPR)
    Destination Clock Delay (DCD):    4.943ns = ( 7.818 - 2.875 ) 
    Source Clock Delay      (SCD):    5.545ns
    Clock Pessimism Removal (CPR):    0.502ns
  Clock Uncertainty:      0.062ns  ((TSJ^2 + DJ^2)^1/2) / 2 + PE
    Total System Jitter     (TSJ):    0.071ns
    Discrete Jitter          (DJ):    0.102ns
    Phase Error              (PE):    0.000ns

    Location             Delay type                Incr(ns)  Path(ns)    Netlist Resource(s)
  -------------------------------------------------------------------    -------------------
                         (clock atomik_clk rise edge)
                                                      0.000     0.000 r  
                         clock source latency         2.177     2.177    
                         propagated clock network latency
                                                      3.368     5.545    
    RAMB36_X5Y21         RAMB36E1                     0.000     5.545 r  u_top/u_atomik/u_state_bram/xpm_memory_base_inst/gen_wr_a.gen_word_narrow.mem_reg/CLKARDCLK
    RAMB36_X5Y21         RAMB36E1 (Prop_ramb36e1_CLKARDCLK_DOBDO[14])
                                                      0.734     6.279 r  u_top/u_atomik/u_state_bram/xpm_memory_base_inst/gen_wr_a.gen_word_narrow.mem_reg/DOBDO[14]
                         net (fo=1, routed)           1.092     7.371    u_top/u_atomik/mem_rd_data[46]
    SLICE_X99Y106        LUT5 (Prop_lut5_I4_O)        0.115     7.486 f  u_top/u_atomik/core_resp_state[46]_i_1/O
                         net (fo=2, routed)           0.530     8.016    u_top/u_atomik/D[46]
    SLICE_X101Y108       FDRE                                         f  u_top/u_atomik/swap_data_reg[46]/D
  -------------------------------------------------------------------    -------------------

                         (clock atomik_clk rise edge)
                                                      2.875     2.875 r  
                         clock source latency         1.935     4.810    
                         propagated clock network latency
                                                      3.007     7.818    
                         clock pessimism              0.502     8.319    
                         clock uncertainty           -0.062     8.257    
    SLICE_X101Y108       FDRE (Setup_fdre_C_D)       -0.221     8.036    u_top/u_atomik/swap_data_reg[46]
  -------------------------------------------------------------------
                         required time                          8.036    
                         arrival time                          -8.016    
  -------------------------------------------------------------------
                         slack                                  0.020    

Slack (MET) :             0.020ns  (required time - arrival time)
  Source:                 u_top/u_atomik/u_state_bram/xpm_memory_base_inst/gen_wr_a.gen_word_narrow.mem_reg/CLKARDCLK
                            (rising edge-triggered cell RAMB36E1 clocked by atomik_clk  {rise@0.000ns fall@1.437ns period=2.875ns})
  Destination:            u_top/u_atomik/swap_data_reg[46]/D
                            (rising edge-triggered cell FDRE clocked by atomik_clk  {rise@0.000ns fall@1.437ns period=2.875ns})
  Path Group:             atomik_clk
  Path Type:              Setup (Max at Slow Process Corner)
  Requirement:            2.875ns  (atomik_clk rise@2.875ns - atomik_clk rise@0.000ns)
  Data Path Delay:        2.471ns  (logic 0.849ns (34.357%)  route 1.622ns (65.643%))
  Logic Levels:           1  (LUT5=1)
  Clock Path Skew:        -0.101ns (DCD - SCD + CPR)
    Destination Clock Delay (DCD):    4.943ns = ( 7.818 - 2.875 ) 
    Source Clock Delay      (SCD):    5.545ns
    Clock Pessimism Removal (CPR):    0.502ns
  Clock Uncertainty:      0.062ns  ((TSJ^2 + DJ^2)^1/2) / 2 + PE
    Total System Jitter     (TSJ):    0.071ns
    Discrete Jitter          (DJ):    0.102ns
    Phase Error              (PE):    0.000ns

    Location             Delay type                Incr(ns)  Path(ns)    Netlist Resource(s)
  -------------------------------------------------------------------    -------------------
                         (clock atomik_clk rise edge)
                                                      0.000     0.000 r  
                         clock source latency         2.177     2.177    
                         propagated clock network latency
                                                      3.368     5.545    
    RAMB36_X5Y21         RAMB36E1                     0.000     5.545 r  u_top/u_atomik/u_state_bram/xpm_memory_base_inst/gen_wr_a.gen_word_narrow.mem_reg/CLKARDCLK
    RAMB36_X5Y21         RAMB36E1 (Prop_ramb36e1_CLKARDCLK_DOBDO[14])
                                                      0.734     6.279 f  u_top/u_atomik/u_state_bram/xpm_memory_base_inst/gen_wr_a.gen_word_narrow.mem_reg/DOBDO[14]
                         net (fo=1, routed)           1.092     7.371    u_top/u_atomik/mem_rd_data[46]
    SLICE_X99Y106        LUT5 (Prop_lut5_I4_O)        0.115     7.486 f  u_top/u_atomik/core_resp_state[46]_i_1/O
                         net (fo=2, routed)           0.530     8.016    u_top/u_atomik/D[46]
    SLICE_X101Y108       FDRE                                         f  u_top/u_atomik/swap_data_reg[46]/D
  -------------------------------------------------------------------    -------------------

                         (clock atomik_clk rise edge)
                                                      2.875     2.875 r  
                         clock source latency         1.935     4.810    
                         propagated clock network latency
                                                      3.007     7.818    
                         clock pessimism              0.502     8.319    
                         clock uncertainty           -0.062     8.257    
    SLICE_X101Y108       FDRE (Setup_fdre_C_D)       -0.221     8.036    u_top/u_atomik/swap_data_reg[46]
  -------------------------------------------------------------------
                         required time                          8.036    
                         arrival time                          -8.016    
  -------------------------------------------------------------------
                         slack                                  0.020    

Slack (MET) :             0.051ns  (required time - arrival time)
  Source:                 u_top/u_atomik/banks[0].bank_acc_reg[0][11]/C
                            (rising edge-triggered cell FDRE clocked by atomik_clk  {rise@0.000ns fall@1.437ns period=2.875ns})
  Destination:            u_top/u_cdc/core_resp_acc_zero_reg/D
                            (rising edge-triggered cell FDCE clocked by atomik_clk  {rise@0.000ns fall@1.437ns period=2.875ns})
  Path Group:             atomik_clk
  Path Type:              Setup (Max at Slow Process Corner)
  Requirement:            2.875ns  (atomik_clk rise@2.875ns - atomik_clk rise@0.000ns)
  Data Path Delay:        2.775ns  (logic 0.853ns (30.737%)  route 1.922ns (69.263%))
  Logic Levels:           4  (LUT4=1 LUT6=3)
  Clock Path Skew:        -0.059ns (DCD - SCD + CPR)
    Destination Clock Delay (DCD):    4.944ns = ( 7.819 - 2.875 ) 
    Source Clock Delay      (SCD):    5.504ns
    Clock Pessimism Removal (CPR):    0.502ns
  Clock Uncertainty:      0.062ns  ((TSJ^2 + DJ^2)^1/2) / 2 + PE
    Total System Jitter     (TSJ):    0.071ns
    Discrete Jitter          (DJ):    0.102ns
    Phase Error              (PE):    0.000ns

    Location             Delay type                Incr(ns)  Path(ns)    Netlist Resource(s)
  -------------------------------------------------------------------    -------------------
                         (clock atomik_clk rise edge)
                                                      0.000     0.000 r  
                         clock source latency         2.177     2.177    
                         propagated clock network latency
                                                      3.327     5.504    
    SLICE_X104Y111       FDRE                         0.000     5.504 r  u_top/u_atomik/banks[0].bank_acc_reg[0][11]/C
    SLICE_X104Y111       FDRE (Prop_fdre_C_Q)         0.433     5.937 r  u_top/u_atomik/banks[0].bank_acc_reg[0][11]/Q
                         net (fo=3, routed)           0.577     6.514    u_top/u_atomik/banks[0].bank_acc_reg[0][63]_0[11]
    SLICE_X105Y108       LUT4 (Prop_lut4_I2_O)        0.105     6.619 f  u_top/u_atomik/i_55_LOPT_REMAP/O
                         net (fo=1, routed)           0.378     6.997    u_top/u_atomik/i_55/O_n
    SLICE_X105Y110       LUT6 (Prop_lut6_I0_O)        0.105     7.102 f  u_top/u_atomik/i_53_LOPT_REMAP/O
                         net (fo=1, routed)           0.641     7.743    u_top/u_atomik/i_53/O_n
    SLICE_X101Y106       LUT6 (Prop_lut6_I5_O)        0.105     7.848 f  u_top/u_atomik/i_49_LOPT_REMAP/O
                         net (fo=1, routed)           0.326     8.175    u_top/u_atomik/i_49/O_n
    SLICE_X98Y107        LUT6 (Prop_lut6_I4_O)        0.105     8.280 r  u_top/u_atomik/i_0_LOPT_REMAP/O
                         net (fo=1, routed)           0.000     8.280    u_top/u_cdc/acc_zero
    SLICE_X98Y107        FDCE                                         r  u_top/u_cdc/core_resp_acc_zero_reg/D
  -------------------------------------------------------------------    -------------------

                         (clock atomik_clk rise edge)
                                                      2.875     2.875 r  
                         clock source latency         1.935     4.810    
                         propagated clock network latency
                                                      3.008     7.819    
                         clock pessimism              0.502     8.320    
                         clock uncertainty           -0.062     8.258    
    SLICE_X98Y107        FDCE (Setup_fdce_C_D)        0.072     8.330    u_top/u_cdc/core_resp_acc_zero_reg
  -------------------------------------------------------------------
                         required time                          8.330    
                         arrival time                          -8.280    
  -------------------------------------------------------------------
                         slack                                  0.051    




