Copyright 1986-2022 Xilinx, Inc. All Rights Reserved. Copyright 2022-2025 Advanced Micro Devices, Inc. All Rights Reserved.
--------------------------------------------------------------------------------------------------------------------------------------------------------
| Tool Version : Vivado v.2025.2 (lin64) Build 6299465 Fri Nov 14 12:34:56 MST 2025
| Date         : Fri Mar 13 14:44:00 2026
| Host         : Jarvis running 64-bit Ubuntu 24.04.4 LTS
| Command      : report_timing -nworst 5 -path_type full -file /home/mattrock/Projects/ATOMiK/hardware/zynq/sweep/reports/crit_path_N16_F266p7_area.rpt
| Design       : sweep_top_N16_F266p7_area
| Device       : 7z020-clg400
| Speed File   : -2  PRODUCTION 1.12 2019-11-22
| Design State : Routed
--------------------------------------------------------------------------------------------------------------------------------------------------------

Timing Report

Slack (VIOLATED) :        -0.005ns  (required time - arrival time)
  Source:                 u_top/u_atomik/banks[2].bank_acc_reg[2][15]/C
                            (rising edge-triggered cell FDRE clocked by atomik_clk  {rise@0.000ns fall@1.875ns period=3.750ns})
  Destination:            u_top/u_cdc/core_resp_acc_zero_reg/D
                            (rising edge-triggered cell FDCE clocked by atomik_clk  {rise@0.000ns fall@1.875ns period=3.750ns})
  Path Group:             atomik_clk
  Path Type:              Setup (Max at Slow Process Corner)
  Requirement:            3.750ns  (atomik_clk rise@3.750ns - atomik_clk rise@0.000ns)
  Data Path Delay:        3.825ns  (logic 1.009ns (26.378%)  route 2.816ns (73.622%))
  Logic Levels:           6  (LUT4=2 LUT5=1 LUT6=3)
  Clock Path Skew:        0.062ns (DCD - SCD + CPR)
    Destination Clock Delay (DCD):    4.984ns = ( 8.734 - 3.750 ) 
    Source Clock Delay      (SCD):    5.327ns
    Clock Pessimism Removal (CPR):    0.405ns
  Clock Uncertainty:      0.064ns  ((TSJ^2 + DJ^2)^1/2) / 2 + PE
    Total System Jitter     (TSJ):    0.071ns
    Discrete Jitter          (DJ):    0.107ns
    Phase Error              (PE):    0.000ns

    Location             Delay type                Incr(ns)  Path(ns)    Netlist Resource(s)
  -------------------------------------------------------------------    -------------------
                         (clock atomik_clk rise edge)
                                                      0.000     0.000 r  
                         clock source latency         2.194     2.194    
                         propagated clock network latency
                                                      3.133     5.327    
    SLICE_X85Y99         FDRE                         0.000     5.327 r  u_top/u_atomik/banks[2].bank_acc_reg[2][15]/C
    SLICE_X85Y99         FDRE (Prop_fdre_C_Q)         0.379     5.706 r  u_top/u_atomik/banks[2].bank_acc_reg[2][15]/Q
                         net (fo=2, routed)           0.802     6.507    u_top/u_atomik/banks[2].bank_acc_reg[2][63]_0[15]
    SLICE_X85Y103        LUT6 (Prop_lut6_I3_O)        0.105     6.612 r  u_top/u_atomik/atomik_core_zyn_LUT6_66/O
                         net (fo=1, routed)           0.205     6.817    u_top/u_atomik/atomik_core_zyn_net_54
    SLICE_X85Y103        LUT6 (Prop_lut6_I5_O)        0.105     6.922 r  u_top/u_atomik/atomik_core_zyn_LUT6_67/O
                         net (fo=1, routed)           0.430     7.353    u_top/u_atomik/atomik_core_zyn_net_55
    SLICE_X91Y103        LUT6 (Prop_lut6_I5_O)        0.105     7.458 f  u_top/u_atomik/atomik_core_zyn_LUT6_68/O
                         net (fo=2, routed)           0.786     8.243    u_top/u_atomik/p_16_in[15]
    SLICE_X95Y104        LUT4 (Prop_lut4_I2_O)        0.105     8.348 f  u_top/u_atomik/core_resp_acc_zero_i_15/O
                         net (fo=1, routed)           0.326     8.674    u_top/u_atomik/core_resp_acc_zero_i_15_n_0
    SLICE_X97Y105        LUT5 (Prop_lut5_I1_O)        0.105     8.779 f  u_top/u_atomik/atomik_core_zyn_LUT5_4/O
                         net (fo=1, routed)           0.268     9.047    u_top/u_atomik_n_1
    SLICE_X96Y105        LUT4 (Prop_lut4_I1_O)        0.105     9.152 r  u_top/core_resp_acc_zero_i_1/O
                         net (fo=1, routed)           0.000     9.152    u_top/u_cdc/core_acc_zero
    SLICE_X96Y105        FDCE                                         r  u_top/u_cdc/core_resp_acc_zero_reg/D
  -------------------------------------------------------------------    -------------------

                         (clock atomik_clk rise edge)
                                                      3.750     3.750 r  
                         clock source latency         1.951     5.701    
                         propagated clock network latency
                                                      3.032     8.734    
                         clock pessimism              0.405     9.138    
                         clock uncertainty           -0.064     9.074    
    SLICE_X96Y105        FDCE (Setup_fdce_C_D)        0.072     9.146    u_top/u_cdc/core_resp_acc_zero_reg
  -------------------------------------------------------------------
                         required time                          9.146    
                         arrival time                          -9.152    
  -------------------------------------------------------------------
                         slack                                 -0.005    

Slack (VIOLATED) :        -0.005ns  (required time - arrival time)
  Source:                 u_top/u_atomik/banks[2].bank_acc_reg[2][15]/C
                            (rising edge-triggered cell FDRE clocked by atomik_clk  {rise@0.000ns fall@1.875ns period=3.750ns})
  Destination:            u_top/u_cdc/core_resp_acc_zero_reg/D
                            (rising edge-triggered cell FDCE clocked by atomik_clk  {rise@0.000ns fall@1.875ns period=3.750ns})
  Path Group:             atomik_clk
  Path Type:              Setup (Max at Slow Process Corner)
  Requirement:            3.750ns  (atomik_clk rise@3.750ns - atomik_clk rise@0.000ns)
  Data Path Delay:        3.825ns  (logic 1.009ns (26.378%)  route 2.816ns (73.622%))
  Logic Levels:           6  (LUT4=2 LUT5=1 LUT6=3)
  Clock Path Skew:        0.062ns (DCD - SCD + CPR)
    Destination Clock Delay (DCD):    4.984ns = ( 8.734 - 3.750 ) 
    Source Clock Delay      (SCD):    5.327ns
    Clock Pessimism Removal (CPR):    0.405ns
  Clock Uncertainty:      0.064ns  ((TSJ^2 + DJ^2)^1/2) / 2 + PE
    Total System Jitter     (TSJ):    0.071ns
    Discrete Jitter          (DJ):    0.107ns
    Phase Error              (PE):    0.000ns

    Location             Delay type                Incr(ns)  Path(ns)    Netlist Resource(s)
  -------------------------------------------------------------------    -------------------
                         (clock atomik_clk rise edge)
                                                      0.000     0.000 r  
                         clock source latency         2.194     2.194    
                         propagated clock network latency
                                                      3.133     5.327    
    SLICE_X85Y99         FDRE                         0.000     5.327 r  u_top/u_atomik/banks[2].bank_acc_reg[2][15]/C
    SLICE_X85Y99         FDRE (Prop_fdre_C_Q)         0.379     5.706 f  u_top/u_atomik/banks[2].bank_acc_reg[2][15]/Q
                         net (fo=2, routed)           0.802     6.507    u_top/u_atomik/banks[2].bank_acc_reg[2][63]_0[15]
    SLICE_X85Y103        LUT6 (Prop_lut6_I3_O)        0.105     6.612 r  u_top/u_atomik/atomik_core_zyn_LUT6_66/O
                         net (fo=1, routed)           0.205     6.817    u_top/u_atomik/atomik_core_zyn_net_54
    SLICE_X85Y103        LUT6 (Prop_lut6_I5_O)        0.105     6.922 r  u_top/u_atomik/atomik_core_zyn_LUT6_67/O
                         net (fo=1, routed)           0.430     7.353    u_top/u_atomik/atomik_core_zyn_net_55
    SLICE_X91Y103        LUT6 (Prop_lut6_I5_O)        0.105     7.458 f  u_top/u_atomik/atomik_core_zyn_LUT6_68/O
                         net (fo=2, routed)           0.786     8.243    u_top/u_atomik/p_16_in[15]
    SLICE_X95Y104        LUT4 (Prop_lut4_I2_O)        0.105     8.348 f  u_top/u_atomik/core_resp_acc_zero_i_15/O
                         net (fo=1, routed)           0.326     8.674    u_top/u_atomik/core_resp_acc_zero_i_15_n_0
    SLICE_X97Y105        LUT5 (Prop_lut5_I1_O)        0.105     8.779 f  u_top/u_atomik/atomik_core_zyn_LUT5_4/O
                         net (fo=1, routed)           0.268     9.047    u_top/u_atomik_n_1
    SLICE_X96Y105        LUT4 (Prop_lut4_I1_O)        0.105     9.152 r  u_top/core_resp_acc_zero_i_1/O
                         net (fo=1, routed)           0.000     9.152    u_top/u_cdc/core_acc_zero
    SLICE_X96Y105        FDCE                                         r  u_top/u_cdc/core_resp_acc_zero_reg/D
  -------------------------------------------------------------------    -------------------

                         (clock atomik_clk rise edge)
                                                      3.750     3.750 r  
                         clock source latency         1.951     5.701    
                         propagated clock network latency
                                                      3.032     8.734    
                         clock pessimism              0.405     9.138    
                         clock uncertainty           -0.064     9.074    
    SLICE_X96Y105        FDCE (Setup_fdce_C_D)        0.072     9.146    u_top/u_cdc/core_resp_acc_zero_reg
  -------------------------------------------------------------------
                         required time                          9.146    
                         arrival time                          -9.152    
  -------------------------------------------------------------------
                         slack                                 -0.005    

Slack (VIOLATED) :        -0.005ns  (required time - arrival time)
  Source:                 u_top/u_atomik/banks[2].bank_acc_reg[2][15]/C
                            (rising edge-triggered cell FDRE clocked by atomik_clk  {rise@0.000ns fall@1.875ns period=3.750ns})
  Destination:            u_top/u_cdc/core_resp_acc_zero_reg/D
                            (rising edge-triggered cell FDCE clocked by atomik_clk  {rise@0.000ns fall@1.875ns period=3.750ns})
  Path Group:             atomik_clk
  Path Type:              Setup (Max at Slow Process Corner)
  Requirement:            3.750ns  (atomik_clk rise@3.750ns - atomik_clk rise@0.000ns)
  Data Path Delay:        3.825ns  (logic 1.009ns (26.378%)  route 2.816ns (73.622%))
  Logic Levels:           6  (LUT4=2 LUT5=1 LUT6=3)
  Clock Path Skew:        0.062ns (DCD - SCD + CPR)
    Destination Clock Delay (DCD):    4.984ns = ( 8.734 - 3.750 ) 
    Source Clock Delay      (SCD):    5.327ns
    Clock Pessimism Removal (CPR):    0.405ns
  Clock Uncertainty:      0.064ns  ((TSJ^2 + DJ^2)^1/2) / 2 + PE
    Total System Jitter     (TSJ):    0.071ns
    Discrete Jitter          (DJ):    0.107ns
    Phase Error              (PE):    0.000ns

    Location             Delay type                Incr(ns)  Path(ns)    Netlist Resource(s)
  -------------------------------------------------------------------    -------------------
                         (clock atomik_clk rise edge)
                                                      0.000     0.000 r  
                         clock source latency         2.194     2.194    
                         propagated clock network latency
                                                      3.133     5.327    
    SLICE_X85Y99         FDRE                         0.000     5.327 r  u_top/u_atomik/banks[2].bank_acc_reg[2][15]/C
    SLICE_X85Y99         FDRE (Prop_fdre_C_Q)         0.379     5.706 r  u_top/u_atomik/banks[2].bank_acc_reg[2][15]/Q
                         net (fo=2, routed)           0.802     6.507    u_top/u_atomik/banks[2].bank_acc_reg[2][63]_0[15]
    SLICE_X85Y103        LUT6 (Prop_lut6_I3_O)        0.105     6.612 f  u_top/u_atomik/atomik_core_zyn_LUT6_66/O
                         net (fo=1, routed)           0.205     6.817    u_top/u_atomik/atomik_core_zyn_net_54
    SLICE_X85Y103        LUT6 (Prop_lut6_I5_O)        0.105     6.922 r  u_top/u_atomik/atomik_core_zyn_LUT6_67/O
                         net (fo=1, routed)           0.430     7.353    u_top/u_atomik/atomik_core_zyn_net_55
    SLICE_X91Y103        LUT6 (Prop_lut6_I5_O)        0.105     7.458 f  u_top/u_atomik/atomik_core_zyn_LUT6_68/O
                         net (fo=2, routed)           0.786     8.243    u_top/u_atomik/p_16_in[15]
    SLICE_X95Y104        LUT4 (Prop_lut4_I2_O)        0.105     8.348 f  u_top/u_atomik/core_resp_acc_zero_i_15/O
                         net (fo=1, routed)           0.326     8.674    u_top/u_atomik/core_resp_acc_zero_i_15_n_0
    SLICE_X97Y105        LUT5 (Prop_lut5_I1_O)        0.105     8.779 f  u_top/u_atomik/atomik_core_zyn_LUT5_4/O
                         net (fo=1, routed)           0.268     9.047    u_top/u_atomik_n_1
    SLICE_X96Y105        LUT4 (Prop_lut4_I1_O)        0.105     9.152 r  u_top/core_resp_acc_zero_i_1/O
                         net (fo=1, routed)           0.000     9.152    u_top/u_cdc/core_acc_zero
    SLICE_X96Y105        FDCE                                         r  u_top/u_cdc/core_resp_acc_zero_reg/D
  -------------------------------------------------------------------    -------------------

                         (clock atomik_clk rise edge)
                                                      3.750     3.750 r  
                         clock source latency         1.951     5.701    
                         propagated clock network latency
                                                      3.032     8.734    
                         clock pessimism              0.405     9.138    
                         clock uncertainty           -0.064     9.074    
    SLICE_X96Y105        FDCE (Setup_fdce_C_D)        0.072     9.146    u_top/u_cdc/core_resp_acc_zero_reg
  -------------------------------------------------------------------
                         required time                          9.146    
                         arrival time                          -9.152    
  -------------------------------------------------------------------
                         slack                                 -0.005    

Slack (VIOLATED) :        -0.005ns  (required time - arrival time)
  Source:                 u_top/u_atomik/banks[2].bank_acc_reg[2][15]/C
                            (rising edge-triggered cell FDRE clocked by atomik_clk  {rise@0.000ns fall@1.875ns period=3.750ns})
  Destination:            u_top/u_cdc/core_resp_acc_zero_reg/D
                            (rising edge-triggered cell FDCE clocked by atomik_clk  {rise@0.000ns fall@1.875ns period=3.750ns})
  Path Group:             atomik_clk
  Path Type:              Setup (Max at Slow Process Corner)
  Requirement:            3.750ns  (atomik_clk rise@3.750ns - atomik_clk rise@0.000ns)
  Data Path Delay:        3.825ns  (logic 1.009ns (26.378%)  route 2.816ns (73.622%))
  Logic Levels:           6  (LUT4=2 LUT5=1 LUT6=3)
  Clock Path Skew:        0.062ns (DCD - SCD + CPR)
    Destination Clock Delay (DCD):    4.984ns = ( 8.734 - 3.750 ) 
    Source Clock Delay      (SCD):    5.327ns
    Clock Pessimism Removal (CPR):    0.405ns
  Clock Uncertainty:      0.064ns  ((TSJ^2 + DJ^2)^1/2) / 2 + PE
    Total System Jitter     (TSJ):    0.071ns
    Discrete Jitter          (DJ):    0.107ns
    Phase Error              (PE):    0.000ns

    Location             Delay type                Incr(ns)  Path(ns)    Netlist Resource(s)
  -------------------------------------------------------------------    -------------------
                         (clock atomik_clk rise edge)
                                                      0.000     0.000 r  
                         clock source latency         2.194     2.194    
                         propagated clock network latency
                                                      3.133     5.327    
    SLICE_X85Y99         FDRE                         0.000     5.327 r  u_top/u_atomik/banks[2].bank_acc_reg[2][15]/C
    SLICE_X85Y99         FDRE (Prop_fdre_C_Q)         0.379     5.706 f  u_top/u_atomik/banks[2].bank_acc_reg[2][15]/Q
                         net (fo=2, routed)           0.802     6.507    u_top/u_atomik/banks[2].bank_acc_reg[2][63]_0[15]
    SLICE_X85Y103        LUT6 (Prop_lut6_I3_O)        0.105     6.612 f  u_top/u_atomik/atomik_core_zyn_LUT6_66/O
                         net (fo=1, routed)           0.205     6.817    u_top/u_atomik/atomik_core_zyn_net_54
    SLICE_X85Y103        LUT6 (Prop_lut6_I5_O)        0.105     6.922 r  u_top/u_atomik/atomik_core_zyn_LUT6_67/O
                         net (fo=1, routed)           0.430     7.353    u_top/u_atomik/atomik_core_zyn_net_55
    SLICE_X91Y103        LUT6 (Prop_lut6_I5_O)        0.105     7.458 f  u_top/u_atomik/atomik_core_zyn_LUT6_68/O
                         net (fo=2, routed)           0.786     8.243    u_top/u_atomik/p_16_in[15]
    SLICE_X95Y104        LUT4 (Prop_lut4_I2_O)        0.105     8.348 f  u_top/u_atomik/core_resp_acc_zero_i_15/O
                         net (fo=1, routed)           0.326     8.674    u_top/u_atomik/core_resp_acc_zero_i_15_n_0
    SLICE_X97Y105        LUT5 (Prop_lut5_I1_O)        0.105     8.779 f  u_top/u_atomik/atomik_core_zyn_LUT5_4/O
                         net (fo=1, routed)           0.268     9.047    u_top/u_atomik_n_1
    SLICE_X96Y105        LUT4 (Prop_lut4_I1_O)        0.105     9.152 r  u_top/core_resp_acc_zero_i_1/O
                         net (fo=1, routed)           0.000     9.152    u_top/u_cdc/core_acc_zero
    SLICE_X96Y105        FDCE                                         r  u_top/u_cdc/core_resp_acc_zero_reg/D
  -------------------------------------------------------------------    -------------------

                         (clock atomik_clk rise edge)
                                                      3.750     3.750 r  
                         clock source latency         1.951     5.701    
                         propagated clock network latency
                                                      3.032     8.734    
                         clock pessimism              0.405     9.138    
                         clock uncertainty           -0.064     9.074    
    SLICE_X96Y105        FDCE (Setup_fdce_C_D)        0.072     9.146    u_top/u_cdc/core_resp_acc_zero_reg
  -------------------------------------------------------------------
                         required time                          9.146    
                         arrival time                          -9.152    
  -------------------------------------------------------------------
                         slack                                 -0.005    

Slack (VIOLATED) :        -0.005ns  (required time - arrival time)
  Source:                 u_top/u_atomik/banks[2].bank_acc_reg[2][15]/C
                            (rising edge-triggered cell FDRE clocked by atomik_clk  {rise@0.000ns fall@1.875ns period=3.750ns})
  Destination:            u_top/u_cdc/core_resp_acc_zero_reg/D
                            (rising edge-triggered cell FDCE clocked by atomik_clk  {rise@0.000ns fall@1.875ns period=3.750ns})
  Path Group:             atomik_clk
  Path Type:              Setup (Max at Slow Process Corner)
  Requirement:            3.750ns  (atomik_clk rise@3.750ns - atomik_clk rise@0.000ns)
  Data Path Delay:        3.825ns  (logic 1.009ns (26.378%)  route 2.816ns (73.622%))
  Logic Levels:           6  (LUT4=2 LUT5=1 LUT6=3)
  Clock Path Skew:        0.062ns (DCD - SCD + CPR)
    Destination Clock Delay (DCD):    4.984ns = ( 8.734 - 3.750 ) 
    Source Clock Delay      (SCD):    5.327ns
    Clock Pessimism Removal (CPR):    0.405ns
  Clock Uncertainty:      0.064ns  ((TSJ^2 + DJ^2)^1/2) / 2 + PE
    Total System Jitter     (TSJ):    0.071ns
    Discrete Jitter          (DJ):    0.107ns
    Phase Error              (PE):    0.000ns

    Location             Delay type                Incr(ns)  Path(ns)    Netlist Resource(s)
  -------------------------------------------------------------------    -------------------
                         (clock atomik_clk rise edge)
                                                      0.000     0.000 r  
                         clock source latency         2.194     2.194    
                         propagated clock network latency
                                                      3.133     5.327    
    SLICE_X85Y99         FDRE                         0.000     5.327 r  u_top/u_atomik/banks[2].bank_acc_reg[2][15]/C
    SLICE_X85Y99         FDRE (Prop_fdre_C_Q)         0.379     5.706 r  u_top/u_atomik/banks[2].bank_acc_reg[2][15]/Q
                         net (fo=2, routed)           0.802     6.507    u_top/u_atomik/banks[2].bank_acc_reg[2][63]_0[15]
    SLICE_X85Y103        LUT6 (Prop_lut6_I3_O)        0.105     6.612 r  u_top/u_atomik/atomik_core_zyn_LUT6_66/O
                         net (fo=1, routed)           0.205     6.817    u_top/u_atomik/atomik_core_zyn_net_54
    SLICE_X85Y103        LUT6 (Prop_lut6_I5_O)        0.105     6.922 f  u_top/u_atomik/atomik_core_zyn_LUT6_67/O
                         net (fo=1, routed)           0.430     7.353    u_top/u_atomik/atomik_core_zyn_net_55
    SLICE_X91Y103        LUT6 (Prop_lut6_I5_O)        0.105     7.458 f  u_top/u_atomik/atomik_core_zyn_LUT6_68/O
                         net (fo=2, routed)           0.786     8.243    u_top/u_atomik/p_16_in[15]
    SLICE_X95Y104        LUT4 (Prop_lut4_I2_O)        0.105     8.348 f  u_top/u_atomik/core_resp_acc_zero_i_15/O
                         net (fo=1, routed)           0.326     8.674    u_top/u_atomik/core_resp_acc_zero_i_15_n_0
    SLICE_X97Y105        LUT5 (Prop_lut5_I1_O)        0.105     8.779 f  u_top/u_atomik/atomik_core_zyn_LUT5_4/O
                         net (fo=1, routed)           0.268     9.047    u_top/u_atomik_n_1
    SLICE_X96Y105        LUT4 (Prop_lut4_I1_O)        0.105     9.152 r  u_top/core_resp_acc_zero_i_1/O
                         net (fo=1, routed)           0.000     9.152    u_top/u_cdc/core_acc_zero
    SLICE_X96Y105        FDCE                                         r  u_top/u_cdc/core_resp_acc_zero_reg/D
  -------------------------------------------------------------------    -------------------

                         (clock atomik_clk rise edge)
                                                      3.750     3.750 r  
                         clock source latency         1.951     5.701    
                         propagated clock network latency
                                                      3.032     8.734    
                         clock pessimism              0.405     9.138    
                         clock uncertainty           -0.064     9.074    
    SLICE_X96Y105        FDCE (Setup_fdce_C_D)        0.072     9.146    u_top/u_cdc/core_resp_acc_zero_reg
  -------------------------------------------------------------------
                         required time                          9.146    
                         arrival time                          -9.152    
  -------------------------------------------------------------------
                         slack                                 -0.005    




