Copyright 1986-2022 Xilinx, Inc. All Rights Reserved. Copyright 2022-2025 Advanced Micro Devices, Inc. All Rights Reserved.
-------------------------------------------------------------------------------------------------------------------------------------------------------------
| Tool Version : Vivado v.2025.2 (lin64) Build 6299465 Fri Nov 14 12:34:56 MST 2025
| Date         : Fri Mar 13 20:38:25 2026
| Host         : Jarvis running 64-bit Ubuntu 24.04.4 LTS
| Command      : report_timing -nworst 5 -path_type full -file /home/mattrock/Projects/ATOMiK/hardware/zynq/sweep/reports/crit_path_N256_F148p1_baseline.rpt
| Design       : sweep_top_N256_F148p1_baseline
| Device       : 7z020-clg400
| Speed File   : -2  PRODUCTION 1.12 2019-11-22
| Design State : Routed
-------------------------------------------------------------------------------------------------------------------------------------------------------------

Timing Report

Slack (MET) :             0.038ns  (required time - arrival time)
  Source:                 u_top/u_atomik/banks[142].bank_acc_reg[142][42]/C
                            (rising edge-triggered cell FDRE clocked by atomik_clk  {rise@0.000ns fall@3.375ns period=6.750ns})
  Destination:            u_top/u_cdc/core_resp_acc_zero_reg/D
                            (rising edge-triggered cell FDCE clocked by atomik_clk  {rise@0.000ns fall@3.375ns period=6.750ns})
  Path Group:             atomik_clk
  Path Type:              Setup (Max at Slow Process Corner)
  Requirement:            6.750ns  (atomik_clk rise@6.750ns - atomik_clk rise@0.000ns)
  Data Path Delay:        6.713ns  (logic 1.168ns (17.399%)  route 5.545ns (82.601%))
  Logic Levels:           7  (LUT4=1 LUT6=6)
  Clock Path Skew:        0.039ns (DCD - SCD + CPR)
    Destination Clock Delay (DCD):    4.931ns = ( 11.681 - 6.750 ) 
    Source Clock Delay      (SCD):    5.297ns
    Clock Pessimism Removal (CPR):    0.405ns
  Clock Uncertainty:      0.070ns  ((TSJ^2 + DJ^2)^1/2) / 2 + PE
    Total System Jitter     (TSJ):    0.071ns
    Discrete Jitter          (DJ):    0.120ns
    Phase Error              (PE):    0.000ns

    Location             Delay type                Incr(ns)  Path(ns)    Netlist Resource(s)
  -------------------------------------------------------------------    -------------------
                         (clock atomik_clk rise edge)
                                                      0.000     0.000 r  
                         clock source latency         2.194     2.194    
                         propagated clock network latency
                                                      3.103     5.297    
    SLICE_X30Y67         FDRE                         0.000     5.297 r  u_top/u_atomik/banks[142].bank_acc_reg[142][42]/C
    SLICE_X30Y67         FDRE (Prop_fdre_C_Q)         0.433     5.730 r  u_top/u_atomik/banks[142].bank_acc_reg[142][42]/Q
                         net (fo=3, routed)           1.036     6.765    u_top/u_atomik/banks[142].bank_acc_reg[142][63]_0[42]
    SLICE_X42Y67         LUT6 (Prop_lut6_I3_O)        0.105     6.870 r  u_top/u_atomik/core_resp_acc_zero_i_3249/O
                         net (fo=1, routed)           1.297     8.167    u_top/u_atomik/core_resp_acc_zero_i_3249_n_0
    SLICE_X50Y81         LUT6 (Prop_lut6_I3_O)        0.105     8.272 r  u_top/u_atomik/core_resp_acc_zero_i_1764/O
                         net (fo=1, routed)           0.664     8.936    u_top/u_atomik/core_resp_acc_zero_i_1764_n_0
    SLICE_X51Y81         LUT6 (Prop_lut6_I0_O)        0.105     9.041 r  u_top/u_atomik/core_resp_acc_zero_i_473/O
                         net (fo=1, routed)           1.121    10.161    u_top/u_atomik/core_resp_acc_zero_i_473_n_0
    SLICE_X66Y104        LUT6 (Prop_lut6_I3_O)        0.105    10.266 f  u_top/u_atomik/core_resp_acc_zero_i_125/O
                         net (fo=1, routed)           0.651    10.917    u_top/u_atomik/p_256_in[42]
    SLICE_X80Y105        LUT4 (Prop_lut4_I3_O)        0.105    11.022 f  u_top/u_atomik/core_resp_acc_zero_i_39/O
                         net (fo=1, routed)           0.658    11.680    u_top/u_atomik/core_resp_acc_zero_i_39_n_0
    SLICE_X80Y106        LUT6 (Prop_lut6_I5_O)        0.105    11.785 f  u_top/u_atomik/core_resp_acc_zero_i_7/O
                         net (fo=1, routed)           0.120    11.905    u_top/u_atomik/core_resp_acc_zero_i_7_n_0
    SLICE_X80Y106        LUT6 (Prop_lut6_I5_O)        0.105    12.010 r  u_top/u_atomik/core_resp_acc_zero_i_1/O
                         net (fo=1, routed)           0.000    12.010    u_top/u_cdc/acc_zero
    SLICE_X80Y106        FDCE                                         r  u_top/u_cdc/core_resp_acc_zero_reg/D
  -------------------------------------------------------------------    -------------------

                         (clock atomik_clk rise edge)
                                                      6.750     6.750 r  
                         clock source latency         1.951     8.701    
                         propagated clock network latency
                                                      2.979    11.681    
                         clock pessimism              0.405    12.085    
                         clock uncertainty           -0.070    12.016    
    SLICE_X80Y106        FDCE (Setup_fdce_C_D)        0.032    12.048    u_top/u_cdc/core_resp_acc_zero_reg
  -------------------------------------------------------------------
                         required time                         12.048    
                         arrival time                         -12.010    
  -------------------------------------------------------------------
                         slack                                  0.038    

Slack (MET) :             0.038ns  (required time - arrival time)
  Source:                 u_top/u_atomik/banks[142].bank_acc_reg[142][42]/C
                            (rising edge-triggered cell FDRE clocked by atomik_clk  {rise@0.000ns fall@3.375ns period=6.750ns})
  Destination:            u_top/u_cdc/core_resp_acc_zero_reg/D
                            (rising edge-triggered cell FDCE clocked by atomik_clk  {rise@0.000ns fall@3.375ns period=6.750ns})
  Path Group:             atomik_clk
  Path Type:              Setup (Max at Slow Process Corner)
  Requirement:            6.750ns  (atomik_clk rise@6.750ns - atomik_clk rise@0.000ns)
  Data Path Delay:        6.713ns  (logic 1.168ns (17.399%)  route 5.545ns (82.601%))
  Logic Levels:           7  (LUT4=1 LUT6=6)
  Clock Path Skew:        0.039ns (DCD - SCD + CPR)
    Destination Clock Delay (DCD):    4.931ns = ( 11.681 - 6.750 ) 
    Source Clock Delay      (SCD):    5.297ns
    Clock Pessimism Removal (CPR):    0.405ns
  Clock Uncertainty:      0.070ns  ((TSJ^2 + DJ^2)^1/2) / 2 + PE
    Total System Jitter     (TSJ):    0.071ns
    Discrete Jitter          (DJ):    0.120ns
    Phase Error              (PE):    0.000ns

    Location             Delay type                Incr(ns)  Path(ns)    Netlist Resource(s)
  -------------------------------------------------------------------    -------------------
                         (clock atomik_clk rise edge)
                                                      0.000     0.000 r  
                         clock source latency         2.194     2.194    
                         propagated clock network latency
                                                      3.103     5.297    
    SLICE_X30Y67         FDRE                         0.000     5.297 r  u_top/u_atomik/banks[142].bank_acc_reg[142][42]/C
    SLICE_X30Y67         FDRE (Prop_fdre_C_Q)         0.433     5.730 f  u_top/u_atomik/banks[142].bank_acc_reg[142][42]/Q
                         net (fo=3, routed)           1.036     6.765    u_top/u_atomik/banks[142].bank_acc_reg[142][63]_0[42]
    SLICE_X42Y67         LUT6 (Prop_lut6_I3_O)        0.105     6.870 r  u_top/u_atomik/core_resp_acc_zero_i_3249/O
                         net (fo=1, routed)           1.297     8.167    u_top/u_atomik/core_resp_acc_zero_i_3249_n_0
    SLICE_X50Y81         LUT6 (Prop_lut6_I3_O)        0.105     8.272 r  u_top/u_atomik/core_resp_acc_zero_i_1764/O
                         net (fo=1, routed)           0.664     8.936    u_top/u_atomik/core_resp_acc_zero_i_1764_n_0
    SLICE_X51Y81         LUT6 (Prop_lut6_I0_O)        0.105     9.041 r  u_top/u_atomik/core_resp_acc_zero_i_473/O
                         net (fo=1, routed)           1.121    10.161    u_top/u_atomik/core_resp_acc_zero_i_473_n_0
    SLICE_X66Y104        LUT6 (Prop_lut6_I3_O)        0.105    10.266 f  u_top/u_atomik/core_resp_acc_zero_i_125/O
                         net (fo=1, routed)           0.651    10.917    u_top/u_atomik/p_256_in[42]
    SLICE_X80Y105        LUT4 (Prop_lut4_I3_O)        0.105    11.022 f  u_top/u_atomik/core_resp_acc_zero_i_39/O
                         net (fo=1, routed)           0.658    11.680    u_top/u_atomik/core_resp_acc_zero_i_39_n_0
    SLICE_X80Y106        LUT6 (Prop_lut6_I5_O)        0.105    11.785 f  u_top/u_atomik/core_resp_acc_zero_i_7/O
                         net (fo=1, routed)           0.120    11.905    u_top/u_atomik/core_resp_acc_zero_i_7_n_0
    SLICE_X80Y106        LUT6 (Prop_lut6_I5_O)        0.105    12.010 r  u_top/u_atomik/core_resp_acc_zero_i_1/O
                         net (fo=1, routed)           0.000    12.010    u_top/u_cdc/acc_zero
    SLICE_X80Y106        FDCE                                         r  u_top/u_cdc/core_resp_acc_zero_reg/D
  -------------------------------------------------------------------    -------------------

                         (clock atomik_clk rise edge)
                                                      6.750     6.750 r  
                         clock source latency         1.951     8.701    
                         propagated clock network latency
                                                      2.979    11.681    
                         clock pessimism              0.405    12.085    
                         clock uncertainty           -0.070    12.016    
    SLICE_X80Y106        FDCE (Setup_fdce_C_D)        0.032    12.048    u_top/u_cdc/core_resp_acc_zero_reg
  -------------------------------------------------------------------
                         required time                         12.048    
                         arrival time                         -12.010    
  -------------------------------------------------------------------
                         slack                                  0.038    

Slack (MET) :             0.038ns  (required time - arrival time)
  Source:                 u_top/u_atomik/banks[142].bank_acc_reg[142][42]/C
                            (rising edge-triggered cell FDRE clocked by atomik_clk  {rise@0.000ns fall@3.375ns period=6.750ns})
  Destination:            u_top/u_cdc/core_resp_acc_zero_reg/D
                            (rising edge-triggered cell FDCE clocked by atomik_clk  {rise@0.000ns fall@3.375ns period=6.750ns})
  Path Group:             atomik_clk
  Path Type:              Setup (Max at Slow Process Corner)
  Requirement:            6.750ns  (atomik_clk rise@6.750ns - atomik_clk rise@0.000ns)
  Data Path Delay:        6.713ns  (logic 1.168ns (17.399%)  route 5.545ns (82.601%))
  Logic Levels:           7  (LUT4=1 LUT6=6)
  Clock Path Skew:        0.039ns (DCD - SCD + CPR)
    Destination Clock Delay (DCD):    4.931ns = ( 11.681 - 6.750 ) 
    Source Clock Delay      (SCD):    5.297ns
    Clock Pessimism Removal (CPR):    0.405ns
  Clock Uncertainty:      0.070ns  ((TSJ^2 + DJ^2)^1/2) / 2 + PE
    Total System Jitter     (TSJ):    0.071ns
    Discrete Jitter          (DJ):    0.120ns
    Phase Error              (PE):    0.000ns

    Location             Delay type                Incr(ns)  Path(ns)    Netlist Resource(s)
  -------------------------------------------------------------------    -------------------
                         (clock atomik_clk rise edge)
                                                      0.000     0.000 r  
                         clock source latency         2.194     2.194    
                         propagated clock network latency
                                                      3.103     5.297    
    SLICE_X30Y67         FDRE                         0.000     5.297 r  u_top/u_atomik/banks[142].bank_acc_reg[142][42]/C
    SLICE_X30Y67         FDRE (Prop_fdre_C_Q)         0.433     5.730 r  u_top/u_atomik/banks[142].bank_acc_reg[142][42]/Q
                         net (fo=3, routed)           1.036     6.765    u_top/u_atomik/banks[142].bank_acc_reg[142][63]_0[42]
    SLICE_X42Y67         LUT6 (Prop_lut6_I3_O)        0.105     6.870 f  u_top/u_atomik/core_resp_acc_zero_i_3249/O
                         net (fo=1, routed)           1.297     8.167    u_top/u_atomik/core_resp_acc_zero_i_3249_n_0
    SLICE_X50Y81         LUT6 (Prop_lut6_I3_O)        0.105     8.272 r  u_top/u_atomik/core_resp_acc_zero_i_1764/O
                         net (fo=1, routed)           0.664     8.936    u_top/u_atomik/core_resp_acc_zero_i_1764_n_0
    SLICE_X51Y81         LUT6 (Prop_lut6_I0_O)        0.105     9.041 r  u_top/u_atomik/core_resp_acc_zero_i_473/O
                         net (fo=1, routed)           1.121    10.161    u_top/u_atomik/core_resp_acc_zero_i_473_n_0
    SLICE_X66Y104        LUT6 (Prop_lut6_I3_O)        0.105    10.266 f  u_top/u_atomik/core_resp_acc_zero_i_125/O
                         net (fo=1, routed)           0.651    10.917    u_top/u_atomik/p_256_in[42]
    SLICE_X80Y105        LUT4 (Prop_lut4_I3_O)        0.105    11.022 f  u_top/u_atomik/core_resp_acc_zero_i_39/O
                         net (fo=1, routed)           0.658    11.680    u_top/u_atomik/core_resp_acc_zero_i_39_n_0
    SLICE_X80Y106        LUT6 (Prop_lut6_I5_O)        0.105    11.785 f  u_top/u_atomik/core_resp_acc_zero_i_7/O
                         net (fo=1, routed)           0.120    11.905    u_top/u_atomik/core_resp_acc_zero_i_7_n_0
    SLICE_X80Y106        LUT6 (Prop_lut6_I5_O)        0.105    12.010 r  u_top/u_atomik/core_resp_acc_zero_i_1/O
                         net (fo=1, routed)           0.000    12.010    u_top/u_cdc/acc_zero
    SLICE_X80Y106        FDCE                                         r  u_top/u_cdc/core_resp_acc_zero_reg/D
  -------------------------------------------------------------------    -------------------

                         (clock atomik_clk rise edge)
                                                      6.750     6.750 r  
                         clock source latency         1.951     8.701    
                         propagated clock network latency
                                                      2.979    11.681    
                         clock pessimism              0.405    12.085    
                         clock uncertainty           -0.070    12.016    
    SLICE_X80Y106        FDCE (Setup_fdce_C_D)        0.032    12.048    u_top/u_cdc/core_resp_acc_zero_reg
  -------------------------------------------------------------------
                         required time                         12.048    
                         arrival time                         -12.010    
  -------------------------------------------------------------------
                         slack                                  0.038    

Slack (MET) :             0.038ns  (required time - arrival time)
  Source:                 u_top/u_atomik/banks[142].bank_acc_reg[142][42]/C
                            (rising edge-triggered cell FDRE clocked by atomik_clk  {rise@0.000ns fall@3.375ns period=6.750ns})
  Destination:            u_top/u_cdc/core_resp_acc_zero_reg/D
                            (rising edge-triggered cell FDCE clocked by atomik_clk  {rise@0.000ns fall@3.375ns period=6.750ns})
  Path Group:             atomik_clk
  Path Type:              Setup (Max at Slow Process Corner)
  Requirement:            6.750ns  (atomik_clk rise@6.750ns - atomik_clk rise@0.000ns)
  Data Path Delay:        6.713ns  (logic 1.168ns (17.399%)  route 5.545ns (82.601%))
  Logic Levels:           7  (LUT4=1 LUT6=6)
  Clock Path Skew:        0.039ns (DCD - SCD + CPR)
    Destination Clock Delay (DCD):    4.931ns = ( 11.681 - 6.750 ) 
    Source Clock Delay      (SCD):    5.297ns
    Clock Pessimism Removal (CPR):    0.405ns
  Clock Uncertainty:      0.070ns  ((TSJ^2 + DJ^2)^1/2) / 2 + PE
    Total System Jitter     (TSJ):    0.071ns
    Discrete Jitter          (DJ):    0.120ns
    Phase Error              (PE):    0.000ns

    Location             Delay type                Incr(ns)  Path(ns)    Netlist Resource(s)
  -------------------------------------------------------------------    -------------------
                         (clock atomik_clk rise edge)
                                                      0.000     0.000 r  
                         clock source latency         2.194     2.194    
                         propagated clock network latency
                                                      3.103     5.297    
    SLICE_X30Y67         FDRE                         0.000     5.297 r  u_top/u_atomik/banks[142].bank_acc_reg[142][42]/C
    SLICE_X30Y67         FDRE (Prop_fdre_C_Q)         0.433     5.730 r  u_top/u_atomik/banks[142].bank_acc_reg[142][42]/Q
                         net (fo=3, routed)           1.036     6.765    u_top/u_atomik/banks[142].bank_acc_reg[142][63]_0[42]
    SLICE_X42Y67         LUT6 (Prop_lut6_I3_O)        0.105     6.870 r  u_top/u_atomik/core_resp_acc_zero_i_3249/O
                         net (fo=1, routed)           1.297     8.167    u_top/u_atomik/core_resp_acc_zero_i_3249_n_0
    SLICE_X50Y81         LUT6 (Prop_lut6_I3_O)        0.105     8.272 r  u_top/u_atomik/core_resp_acc_zero_i_1764/O
                         net (fo=1, routed)           0.664     8.936    u_top/u_atomik/core_resp_acc_zero_i_1764_n_0
    SLICE_X51Y81         LUT6 (Prop_lut6_I0_O)        0.105     9.041 f  u_top/u_atomik/core_resp_acc_zero_i_473/O
                         net (fo=1, routed)           1.121    10.161    u_top/u_atomik/core_resp_acc_zero_i_473_n_0
    SLICE_X66Y104        LUT6 (Prop_lut6_I3_O)        0.105    10.266 f  u_top/u_atomik/core_resp_acc_zero_i_125/O
                         net (fo=1, routed)           0.651    10.917    u_top/u_atomik/p_256_in[42]
    SLICE_X80Y105        LUT4 (Prop_lut4_I3_O)        0.105    11.022 f  u_top/u_atomik/core_resp_acc_zero_i_39/O
                         net (fo=1, routed)           0.658    11.680    u_top/u_atomik/core_resp_acc_zero_i_39_n_0
    SLICE_X80Y106        LUT6 (Prop_lut6_I5_O)        0.105    11.785 f  u_top/u_atomik/core_resp_acc_zero_i_7/O
                         net (fo=1, routed)           0.120    11.905    u_top/u_atomik/core_resp_acc_zero_i_7_n_0
    SLICE_X80Y106        LUT6 (Prop_lut6_I5_O)        0.105    12.010 r  u_top/u_atomik/core_resp_acc_zero_i_1/O
                         net (fo=1, routed)           0.000    12.010    u_top/u_cdc/acc_zero
    SLICE_X80Y106        FDCE                                         r  u_top/u_cdc/core_resp_acc_zero_reg/D
  -------------------------------------------------------------------    -------------------

                         (clock atomik_clk rise edge)
                                                      6.750     6.750 r  
                         clock source latency         1.951     8.701    
                         propagated clock network latency
                                                      2.979    11.681    
                         clock pessimism              0.405    12.085    
                         clock uncertainty           -0.070    12.016    
    SLICE_X80Y106        FDCE (Setup_fdce_C_D)        0.032    12.048    u_top/u_cdc/core_resp_acc_zero_reg
  -------------------------------------------------------------------
                         required time                         12.048    
                         arrival time                         -12.010    
  -------------------------------------------------------------------
                         slack                                  0.038    

Slack (MET) :             0.038ns  (required time - arrival time)
  Source:                 u_top/u_atomik/banks[142].bank_acc_reg[142][42]/C
                            (rising edge-triggered cell FDRE clocked by atomik_clk  {rise@0.000ns fall@3.375ns period=6.750ns})
  Destination:            u_top/u_cdc/core_resp_acc_zero_reg/D
                            (rising edge-triggered cell FDCE clocked by atomik_clk  {rise@0.000ns fall@3.375ns period=6.750ns})
  Path Group:             atomik_clk
  Path Type:              Setup (Max at Slow Process Corner)
  Requirement:            6.750ns  (atomik_clk rise@6.750ns - atomik_clk rise@0.000ns)
  Data Path Delay:        6.713ns  (logic 1.168ns (17.399%)  route 5.545ns (82.601%))
  Logic Levels:           7  (LUT4=1 LUT6=6)
  Clock Path Skew:        0.039ns (DCD - SCD + CPR)
    Destination Clock Delay (DCD):    4.931ns = ( 11.681 - 6.750 ) 
    Source Clock Delay      (SCD):    5.297ns
    Clock Pessimism Removal (CPR):    0.405ns
  Clock Uncertainty:      0.070ns  ((TSJ^2 + DJ^2)^1/2) / 2 + PE
    Total System Jitter     (TSJ):    0.071ns
    Discrete Jitter          (DJ):    0.120ns
    Phase Error              (PE):    0.000ns

    Location             Delay type                Incr(ns)  Path(ns)    Netlist Resource(s)
  -------------------------------------------------------------------    -------------------
                         (clock atomik_clk rise edge)
                                                      0.000     0.000 r  
                         clock source latency         2.194     2.194    
                         propagated clock network latency
                                                      3.103     5.297    
    SLICE_X30Y67         FDRE                         0.000     5.297 r  u_top/u_atomik/banks[142].bank_acc_reg[142][42]/C
    SLICE_X30Y67         FDRE (Prop_fdre_C_Q)         0.433     5.730 f  u_top/u_atomik/banks[142].bank_acc_reg[142][42]/Q
                         net (fo=3, routed)           1.036     6.765    u_top/u_atomik/banks[142].bank_acc_reg[142][63]_0[42]
    SLICE_X42Y67         LUT6 (Prop_lut6_I3_O)        0.105     6.870 r  u_top/u_atomik/core_resp_acc_zero_i_3249/O
                         net (fo=1, routed)           1.297     8.167    u_top/u_atomik/core_resp_acc_zero_i_3249_n_0
    SLICE_X50Y81         LUT6 (Prop_lut6_I3_O)        0.105     8.272 r  u_top/u_atomik/core_resp_acc_zero_i_1764/O
                         net (fo=1, routed)           0.664     8.936    u_top/u_atomik/core_resp_acc_zero_i_1764_n_0
    SLICE_X51Y81         LUT6 (Prop_lut6_I0_O)        0.105     9.041 f  u_top/u_atomik/core_resp_acc_zero_i_473/O
                         net (fo=1, routed)           1.121    10.161    u_top/u_atomik/core_resp_acc_zero_i_473_n_0
    SLICE_X66Y104        LUT6 (Prop_lut6_I3_O)        0.105    10.266 f  u_top/u_atomik/core_resp_acc_zero_i_125/O
                         net (fo=1, routed)           0.651    10.917    u_top/u_atomik/p_256_in[42]
    SLICE_X80Y105        LUT4 (Prop_lut4_I3_O)        0.105    11.022 f  u_top/u_atomik/core_resp_acc_zero_i_39/O
                         net (fo=1, routed)           0.658    11.680    u_top/u_atomik/core_resp_acc_zero_i_39_n_0
    SLICE_X80Y106        LUT6 (Prop_lut6_I5_O)        0.105    11.785 f  u_top/u_atomik/core_resp_acc_zero_i_7/O
                         net (fo=1, routed)           0.120    11.905    u_top/u_atomik/core_resp_acc_zero_i_7_n_0
    SLICE_X80Y106        LUT6 (Prop_lut6_I5_O)        0.105    12.010 r  u_top/u_atomik/core_resp_acc_zero_i_1/O
                         net (fo=1, routed)           0.000    12.010    u_top/u_cdc/acc_zero
    SLICE_X80Y106        FDCE                                         r  u_top/u_cdc/core_resp_acc_zero_reg/D
  -------------------------------------------------------------------    -------------------

                         (clock atomik_clk rise edge)
                                                      6.750     6.750 r  
                         clock source latency         1.951     8.701    
                         propagated clock network latency
                                                      2.979    11.681    
                         clock pessimism              0.405    12.085    
                         clock uncertainty           -0.070    12.016    
    SLICE_X80Y106        FDCE (Setup_fdce_C_D)        0.032    12.048    u_top/u_cdc/core_resp_acc_zero_reg
  -------------------------------------------------------------------
                         required time                         12.048    
                         arrival time                         -12.010    
  -------------------------------------------------------------------
                         slack                                  0.038    




