Copyright 1986-2022 Xilinx, Inc. All Rights Reserved. Copyright 2022-2025 Advanced Micro Devices, Inc. All Rights Reserved.
--------------------------------------------------------------------------------------------------------------------------------------------------------
| Tool Version : Vivado v.2025.2 (lin64) Build 6299465 Fri Nov 14 12:34:56 MST 2025
| Date         : Fri Mar 13 14:21:35 2026
| Host         : Jarvis running 64-bit Ubuntu 24.04.4 LTS
| Command      : report_timing -nworst 5 -path_type full -file /home/mattrock/Projects/ATOMiK/hardware/zynq/sweep/reports/crit_path_N16_F275p9_area.rpt
| Design       : sweep_top_N16_F275p9_area
| Device       : 7z020-clg400
| Speed File   : -2  PRODUCTION 1.12 2019-11-22
| Design State : Routed
--------------------------------------------------------------------------------------------------------------------------------------------------------

Timing Report

Slack (VIOLATED) :        -0.147ns  (required time - arrival time)
  Source:                 u_top/u_atomik/banks[15].bank_acc_reg[15][23]/C
                            (rising edge-triggered cell FDRE clocked by atomik_clk  {rise@0.000ns fall@1.812ns period=3.625ns})
  Destination:            u_top/u_cdc/core_resp_acc_zero_reg/D
                            (rising edge-triggered cell FDCE clocked by atomik_clk  {rise@0.000ns fall@1.812ns period=3.625ns})
  Path Group:             atomik_clk
  Path Type:              Setup (Max at Slow Process Corner)
  Requirement:            3.625ns  (atomik_clk rise@3.625ns - atomik_clk rise@0.000ns)
  Data Path Delay:        3.679ns  (logic 1.063ns (28.893%)  route 2.616ns (71.107%))
  Logic Levels:           6  (LUT4=3 LUT6=3)
  Clock Path Skew:        -0.062ns (DCD - SCD + CPR)
    Destination Clock Delay (DCD):    4.984ns = ( 8.609 - 3.625 ) 
    Source Clock Delay      (SCD):    5.550ns
    Clock Pessimism Removal (CPR):    0.504ns
  Clock Uncertainty:      0.064ns  ((TSJ^2 + DJ^2)^1/2) / 2 + PE
    Total System Jitter     (TSJ):    0.071ns
    Discrete Jitter          (DJ):    0.106ns
    Phase Error              (PE):    0.000ns

    Location             Delay type                Incr(ns)  Path(ns)    Netlist Resource(s)
  -------------------------------------------------------------------    -------------------
                         (clock atomik_clk rise edge)
                                                      0.000     0.000 r  
                         clock source latency         2.194     2.194    
                         propagated clock network latency
                                                      3.356     5.550    
    SLICE_X92Y107        FDRE                         0.000     5.550 r  u_top/u_atomik/banks[15].bank_acc_reg[15][23]/C
    SLICE_X92Y107        FDRE (Prop_fdre_C_Q)         0.433     5.983 r  u_top/u_atomik/banks[15].bank_acc_reg[15][23]/Q
                         net (fo=2, routed)           0.660     6.643    u_top/u_atomik/banks[15].bank_acc_reg[15][63]_0[23]
    SLICE_X92Y106        LUT6 (Prop_lut6_I3_O)        0.105     6.748 r  u_top/u_atomik/atomik_core_zyn_LUT6_6/O
                         net (fo=1, routed)           0.121     6.869    u_top/u_atomik/atomik_core_zyn_net_4
    SLICE_X92Y106        LUT6 (Prop_lut6_I5_O)        0.105     6.974 r  u_top/u_atomik/atomik_core_zyn_LUT6_7/O
                         net (fo=1, routed)           0.346     7.320    u_top/u_atomik/atomik_core_zyn_net_5
    SLICE_X93Y107        LUT6 (Prop_lut6_I5_O)        0.105     7.425 f  u_top/u_atomik/atomik_core_zyn_LUT6_8/O
                         net (fo=2, routed)           0.611     8.037    u_top/u_atomik/p_16_in[23]
    SLICE_X94Y106        LUT4 (Prop_lut4_I2_O)        0.105     8.142 f  u_top/u_atomik/core_resp_acc_zero_i_6/O
                         net (fo=1, routed)           0.371     8.513    u_top/u_atomik/core_resp_acc_zero_i_6_n_0
    SLICE_X94Y106        LUT4 (Prop_lut4_I0_O)        0.105     8.618 f  u_top/u_atomik/atomik_core_zyn_LUT4_2/O
                         net (fo=1, routed)           0.506     9.124    u_top/u_atomik_n_1090
    SLICE_X95Y105        LUT4 (Prop_lut4_I0_O)        0.105     9.229 r  u_top/core_resp_acc_zero_i_1/O
                         net (fo=1, routed)           0.000     9.229    u_top/u_cdc/core_acc_zero
    SLICE_X95Y105        FDCE                                         r  u_top/u_cdc/core_resp_acc_zero_reg/D
  -------------------------------------------------------------------    -------------------

                         (clock atomik_clk rise edge)
                                                      3.625     3.625 r  
                         clock source latency         1.951     5.576    
                         propagated clock network latency
                                                      3.032     8.609    
                         clock pessimism              0.504     9.113    
                         clock uncertainty           -0.064     9.049    
    SLICE_X95Y105        FDCE (Setup_fdce_C_D)        0.033     9.082    u_top/u_cdc/core_resp_acc_zero_reg
  -------------------------------------------------------------------
                         required time                          9.082    
                         arrival time                          -9.229    
  -------------------------------------------------------------------
                         slack                                 -0.147    

Slack (VIOLATED) :        -0.147ns  (required time - arrival time)
  Source:                 u_top/u_atomik/banks[15].bank_acc_reg[15][23]/C
                            (rising edge-triggered cell FDRE clocked by atomik_clk  {rise@0.000ns fall@1.812ns period=3.625ns})
  Destination:            u_top/u_cdc/core_resp_acc_zero_reg/D
                            (rising edge-triggered cell FDCE clocked by atomik_clk  {rise@0.000ns fall@1.812ns period=3.625ns})
  Path Group:             atomik_clk
  Path Type:              Setup (Max at Slow Process Corner)
  Requirement:            3.625ns  (atomik_clk rise@3.625ns - atomik_clk rise@0.000ns)
  Data Path Delay:        3.679ns  (logic 1.063ns (28.893%)  route 2.616ns (71.107%))
  Logic Levels:           6  (LUT4=3 LUT6=3)
  Clock Path Skew:        -0.062ns (DCD - SCD + CPR)
    Destination Clock Delay (DCD):    4.984ns = ( 8.609 - 3.625 ) 
    Source Clock Delay      (SCD):    5.550ns
    Clock Pessimism Removal (CPR):    0.504ns
  Clock Uncertainty:      0.064ns  ((TSJ^2 + DJ^2)^1/2) / 2 + PE
    Total System Jitter     (TSJ):    0.071ns
    Discrete Jitter          (DJ):    0.106ns
    Phase Error              (PE):    0.000ns

    Location             Delay type                Incr(ns)  Path(ns)    Netlist Resource(s)
  -------------------------------------------------------------------    -------------------
                         (clock atomik_clk rise edge)
                                                      0.000     0.000 r  
                         clock source latency         2.194     2.194    
                         propagated clock network latency
                                                      3.356     5.550    
    SLICE_X92Y107        FDRE                         0.000     5.550 r  u_top/u_atomik/banks[15].bank_acc_reg[15][23]/C
    SLICE_X92Y107        FDRE (Prop_fdre_C_Q)         0.433     5.983 f  u_top/u_atomik/banks[15].bank_acc_reg[15][23]/Q
                         net (fo=2, routed)           0.660     6.643    u_top/u_atomik/banks[15].bank_acc_reg[15][63]_0[23]
    SLICE_X92Y106        LUT6 (Prop_lut6_I3_O)        0.105     6.748 r  u_top/u_atomik/atomik_core_zyn_LUT6_6/O
                         net (fo=1, routed)           0.121     6.869    u_top/u_atomik/atomik_core_zyn_net_4
    SLICE_X92Y106        LUT6 (Prop_lut6_I5_O)        0.105     6.974 r  u_top/u_atomik/atomik_core_zyn_LUT6_7/O
                         net (fo=1, routed)           0.346     7.320    u_top/u_atomik/atomik_core_zyn_net_5
    SLICE_X93Y107        LUT6 (Prop_lut6_I5_O)        0.105     7.425 f  u_top/u_atomik/atomik_core_zyn_LUT6_8/O
                         net (fo=2, routed)           0.611     8.037    u_top/u_atomik/p_16_in[23]
    SLICE_X94Y106        LUT4 (Prop_lut4_I2_O)        0.105     8.142 f  u_top/u_atomik/core_resp_acc_zero_i_6/O
                         net (fo=1, routed)           0.371     8.513    u_top/u_atomik/core_resp_acc_zero_i_6_n_0
    SLICE_X94Y106        LUT4 (Prop_lut4_I0_O)        0.105     8.618 f  u_top/u_atomik/atomik_core_zyn_LUT4_2/O
                         net (fo=1, routed)           0.506     9.124    u_top/u_atomik_n_1090
    SLICE_X95Y105        LUT4 (Prop_lut4_I0_O)        0.105     9.229 r  u_top/core_resp_acc_zero_i_1/O
                         net (fo=1, routed)           0.000     9.229    u_top/u_cdc/core_acc_zero
    SLICE_X95Y105        FDCE                                         r  u_top/u_cdc/core_resp_acc_zero_reg/D
  -------------------------------------------------------------------    -------------------

                         (clock atomik_clk rise edge)
                                                      3.625     3.625 r  
                         clock source latency         1.951     5.576    
                         propagated clock network latency
                                                      3.032     8.609    
                         clock pessimism              0.504     9.113    
                         clock uncertainty           -0.064     9.049    
    SLICE_X95Y105        FDCE (Setup_fdce_C_D)        0.033     9.082    u_top/u_cdc/core_resp_acc_zero_reg
  -------------------------------------------------------------------
                         required time                          9.082    
                         arrival time                          -9.229    
  -------------------------------------------------------------------
                         slack                                 -0.147    

Slack (VIOLATED) :        -0.147ns  (required time - arrival time)
  Source:                 u_top/u_atomik/banks[15].bank_acc_reg[15][23]/C
                            (rising edge-triggered cell FDRE clocked by atomik_clk  {rise@0.000ns fall@1.812ns period=3.625ns})
  Destination:            u_top/u_cdc/core_resp_acc_zero_reg/D
                            (rising edge-triggered cell FDCE clocked by atomik_clk  {rise@0.000ns fall@1.812ns period=3.625ns})
  Path Group:             atomik_clk
  Path Type:              Setup (Max at Slow Process Corner)
  Requirement:            3.625ns  (atomik_clk rise@3.625ns - atomik_clk rise@0.000ns)
  Data Path Delay:        3.679ns  (logic 1.063ns (28.893%)  route 2.616ns (71.107%))
  Logic Levels:           6  (LUT4=3 LUT6=3)
  Clock Path Skew:        -0.062ns (DCD - SCD + CPR)
    Destination Clock Delay (DCD):    4.984ns = ( 8.609 - 3.625 ) 
    Source Clock Delay      (SCD):    5.550ns
    Clock Pessimism Removal (CPR):    0.504ns
  Clock Uncertainty:      0.064ns  ((TSJ^2 + DJ^2)^1/2) / 2 + PE
    Total System Jitter     (TSJ):    0.071ns
    Discrete Jitter          (DJ):    0.106ns
    Phase Error              (PE):    0.000ns

    Location             Delay type                Incr(ns)  Path(ns)    Netlist Resource(s)
  -------------------------------------------------------------------    -------------------
                         (clock atomik_clk rise edge)
                                                      0.000     0.000 r  
                         clock source latency         2.194     2.194    
                         propagated clock network latency
                                                      3.356     5.550    
    SLICE_X92Y107        FDRE                         0.000     5.550 r  u_top/u_atomik/banks[15].bank_acc_reg[15][23]/C
    SLICE_X92Y107        FDRE (Prop_fdre_C_Q)         0.433     5.983 r  u_top/u_atomik/banks[15].bank_acc_reg[15][23]/Q
                         net (fo=2, routed)           0.660     6.643    u_top/u_atomik/banks[15].bank_acc_reg[15][63]_0[23]
    SLICE_X92Y106        LUT6 (Prop_lut6_I3_O)        0.105     6.748 f  u_top/u_atomik/atomik_core_zyn_LUT6_6/O
                         net (fo=1, routed)           0.121     6.869    u_top/u_atomik/atomik_core_zyn_net_4
    SLICE_X92Y106        LUT6 (Prop_lut6_I5_O)        0.105     6.974 r  u_top/u_atomik/atomik_core_zyn_LUT6_7/O
                         net (fo=1, routed)           0.346     7.320    u_top/u_atomik/atomik_core_zyn_net_5
    SLICE_X93Y107        LUT6 (Prop_lut6_I5_O)        0.105     7.425 f  u_top/u_atomik/atomik_core_zyn_LUT6_8/O
                         net (fo=2, routed)           0.611     8.037    u_top/u_atomik/p_16_in[23]
    SLICE_X94Y106        LUT4 (Prop_lut4_I2_O)        0.105     8.142 f  u_top/u_atomik/core_resp_acc_zero_i_6/O
                         net (fo=1, routed)           0.371     8.513    u_top/u_atomik/core_resp_acc_zero_i_6_n_0
    SLICE_X94Y106        LUT4 (Prop_lut4_I0_O)        0.105     8.618 f  u_top/u_atomik/atomik_core_zyn_LUT4_2/O
                         net (fo=1, routed)           0.506     9.124    u_top/u_atomik_n_1090
    SLICE_X95Y105        LUT4 (Prop_lut4_I0_O)        0.105     9.229 r  u_top/core_resp_acc_zero_i_1/O
                         net (fo=1, routed)           0.000     9.229    u_top/u_cdc/core_acc_zero
    SLICE_X95Y105        FDCE                                         r  u_top/u_cdc/core_resp_acc_zero_reg/D
  -------------------------------------------------------------------    -------------------

                         (clock atomik_clk rise edge)
                                                      3.625     3.625 r  
                         clock source latency         1.951     5.576    
                         propagated clock network latency
                                                      3.032     8.609    
                         clock pessimism              0.504     9.113    
                         clock uncertainty           -0.064     9.049    
    SLICE_X95Y105        FDCE (Setup_fdce_C_D)        0.033     9.082    u_top/u_cdc/core_resp_acc_zero_reg
  -------------------------------------------------------------------
                         required time                          9.082    
                         arrival time                          -9.229    
  -------------------------------------------------------------------
                         slack                                 -0.147    

Slack (VIOLATED) :        -0.147ns  (required time - arrival time)
  Source:                 u_top/u_atomik/banks[15].bank_acc_reg[15][23]/C
                            (rising edge-triggered cell FDRE clocked by atomik_clk  {rise@0.000ns fall@1.812ns period=3.625ns})
  Destination:            u_top/u_cdc/core_resp_acc_zero_reg/D
                            (rising edge-triggered cell FDCE clocked by atomik_clk  {rise@0.000ns fall@1.812ns period=3.625ns})
  Path Group:             atomik_clk
  Path Type:              Setup (Max at Slow Process Corner)
  Requirement:            3.625ns  (atomik_clk rise@3.625ns - atomik_clk rise@0.000ns)
  Data Path Delay:        3.679ns  (logic 1.063ns (28.893%)  route 2.616ns (71.107%))
  Logic Levels:           6  (LUT4=3 LUT6=3)
  Clock Path Skew:        -0.062ns (DCD - SCD + CPR)
    Destination Clock Delay (DCD):    4.984ns = ( 8.609 - 3.625 ) 
    Source Clock Delay      (SCD):    5.550ns
    Clock Pessimism Removal (CPR):    0.504ns
  Clock Uncertainty:      0.064ns  ((TSJ^2 + DJ^2)^1/2) / 2 + PE
    Total System Jitter     (TSJ):    0.071ns
    Discrete Jitter          (DJ):    0.106ns
    Phase Error              (PE):    0.000ns

    Location             Delay type                Incr(ns)  Path(ns)    Netlist Resource(s)
  -------------------------------------------------------------------    -------------------
                         (clock atomik_clk rise edge)
                                                      0.000     0.000 r  
                         clock source latency         2.194     2.194    
                         propagated clock network latency
                                                      3.356     5.550    
    SLICE_X92Y107        FDRE                         0.000     5.550 r  u_top/u_atomik/banks[15].bank_acc_reg[15][23]/C
    SLICE_X92Y107        FDRE (Prop_fdre_C_Q)         0.433     5.983 f  u_top/u_atomik/banks[15].bank_acc_reg[15][23]/Q
                         net (fo=2, routed)           0.660     6.643    u_top/u_atomik/banks[15].bank_acc_reg[15][63]_0[23]
    SLICE_X92Y106        LUT6 (Prop_lut6_I3_O)        0.105     6.748 f  u_top/u_atomik/atomik_core_zyn_LUT6_6/O
                         net (fo=1, routed)           0.121     6.869    u_top/u_atomik/atomik_core_zyn_net_4
    SLICE_X92Y106        LUT6 (Prop_lut6_I5_O)        0.105     6.974 r  u_top/u_atomik/atomik_core_zyn_LUT6_7/O
                         net (fo=1, routed)           0.346     7.320    u_top/u_atomik/atomik_core_zyn_net_5
    SLICE_X93Y107        LUT6 (Prop_lut6_I5_O)        0.105     7.425 f  u_top/u_atomik/atomik_core_zyn_LUT6_8/O
                         net (fo=2, routed)           0.611     8.037    u_top/u_atomik/p_16_in[23]
    SLICE_X94Y106        LUT4 (Prop_lut4_I2_O)        0.105     8.142 f  u_top/u_atomik/core_resp_acc_zero_i_6/O
                         net (fo=1, routed)           0.371     8.513    u_top/u_atomik/core_resp_acc_zero_i_6_n_0
    SLICE_X94Y106        LUT4 (Prop_lut4_I0_O)        0.105     8.618 f  u_top/u_atomik/atomik_core_zyn_LUT4_2/O
                         net (fo=1, routed)           0.506     9.124    u_top/u_atomik_n_1090
    SLICE_X95Y105        LUT4 (Prop_lut4_I0_O)        0.105     9.229 r  u_top/core_resp_acc_zero_i_1/O
                         net (fo=1, routed)           0.000     9.229    u_top/u_cdc/core_acc_zero
    SLICE_X95Y105        FDCE                                         r  u_top/u_cdc/core_resp_acc_zero_reg/D
  -------------------------------------------------------------------    -------------------

                         (clock atomik_clk rise edge)
                                                      3.625     3.625 r  
                         clock source latency         1.951     5.576    
                         propagated clock network latency
                                                      3.032     8.609    
                         clock pessimism              0.504     9.113    
                         clock uncertainty           -0.064     9.049    
    SLICE_X95Y105        FDCE (Setup_fdce_C_D)        0.033     9.082    u_top/u_cdc/core_resp_acc_zero_reg
  -------------------------------------------------------------------
                         required time                          9.082    
                         arrival time                          -9.229    
  -------------------------------------------------------------------
                         slack                                 -0.147    

Slack (VIOLATED) :        -0.147ns  (required time - arrival time)
  Source:                 u_top/u_atomik/banks[15].bank_acc_reg[15][23]/C
                            (rising edge-triggered cell FDRE clocked by atomik_clk  {rise@0.000ns fall@1.812ns period=3.625ns})
  Destination:            u_top/u_cdc/core_resp_acc_zero_reg/D
                            (rising edge-triggered cell FDCE clocked by atomik_clk  {rise@0.000ns fall@1.812ns period=3.625ns})
  Path Group:             atomik_clk
  Path Type:              Setup (Max at Slow Process Corner)
  Requirement:            3.625ns  (atomik_clk rise@3.625ns - atomik_clk rise@0.000ns)
  Data Path Delay:        3.679ns  (logic 1.063ns (28.893%)  route 2.616ns (71.107%))
  Logic Levels:           6  (LUT4=3 LUT6=3)
  Clock Path Skew:        -0.062ns (DCD - SCD + CPR)
    Destination Clock Delay (DCD):    4.984ns = ( 8.609 - 3.625 ) 
    Source Clock Delay      (SCD):    5.550ns
    Clock Pessimism Removal (CPR):    0.504ns
  Clock Uncertainty:      0.064ns  ((TSJ^2 + DJ^2)^1/2) / 2 + PE
    Total System Jitter     (TSJ):    0.071ns
    Discrete Jitter          (DJ):    0.106ns
    Phase Error              (PE):    0.000ns

    Location             Delay type                Incr(ns)  Path(ns)    Netlist Resource(s)
  -------------------------------------------------------------------    -------------------
                         (clock atomik_clk rise edge)
                                                      0.000     0.000 r  
                         clock source latency         2.194     2.194    
                         propagated clock network latency
                                                      3.356     5.550    
    SLICE_X92Y107        FDRE                         0.000     5.550 r  u_top/u_atomik/banks[15].bank_acc_reg[15][23]/C
    SLICE_X92Y107        FDRE (Prop_fdre_C_Q)         0.433     5.983 r  u_top/u_atomik/banks[15].bank_acc_reg[15][23]/Q
                         net (fo=2, routed)           0.660     6.643    u_top/u_atomik/banks[15].bank_acc_reg[15][63]_0[23]
    SLICE_X92Y106        LUT6 (Prop_lut6_I3_O)        0.105     6.748 r  u_top/u_atomik/atomik_core_zyn_LUT6_6/O
                         net (fo=1, routed)           0.121     6.869    u_top/u_atomik/atomik_core_zyn_net_4
    SLICE_X92Y106        LUT6 (Prop_lut6_I5_O)        0.105     6.974 f  u_top/u_atomik/atomik_core_zyn_LUT6_7/O
                         net (fo=1, routed)           0.346     7.320    u_top/u_atomik/atomik_core_zyn_net_5
    SLICE_X93Y107        LUT6 (Prop_lut6_I5_O)        0.105     7.425 f  u_top/u_atomik/atomik_core_zyn_LUT6_8/O
                         net (fo=2, routed)           0.611     8.037    u_top/u_atomik/p_16_in[23]
    SLICE_X94Y106        LUT4 (Prop_lut4_I2_O)        0.105     8.142 f  u_top/u_atomik/core_resp_acc_zero_i_6/O
                         net (fo=1, routed)           0.371     8.513    u_top/u_atomik/core_resp_acc_zero_i_6_n_0
    SLICE_X94Y106        LUT4 (Prop_lut4_I0_O)        0.105     8.618 f  u_top/u_atomik/atomik_core_zyn_LUT4_2/O
                         net (fo=1, routed)           0.506     9.124    u_top/u_atomik_n_1090
    SLICE_X95Y105        LUT4 (Prop_lut4_I0_O)        0.105     9.229 r  u_top/core_resp_acc_zero_i_1/O
                         net (fo=1, routed)           0.000     9.229    u_top/u_cdc/core_acc_zero
    SLICE_X95Y105        FDCE                                         r  u_top/u_cdc/core_resp_acc_zero_reg/D
  -------------------------------------------------------------------    -------------------

                         (clock atomik_clk rise edge)
                                                      3.625     3.625 r  
                         clock source latency         1.951     5.576    
                         propagated clock network latency
                                                      3.032     8.609    
                         clock pessimism              0.504     9.113    
                         clock uncertainty           -0.064     9.049    
    SLICE_X95Y105        FDCE (Setup_fdce_C_D)        0.033     9.082    u_top/u_cdc/core_resp_acc_zero_reg
  -------------------------------------------------------------------
                         required time                          9.082    
                         arrival time                          -9.229    
  -------------------------------------------------------------------
                         slack                                 -0.147    




