Copyright 1986-2022 Xilinx, Inc. All Rights Reserved. Copyright 2022-2025 Advanced Micro Devices, Inc. All Rights Reserved.
------------------------------------------------------------------------------------------------------------------------------------------------------------
| Tool Version : Vivado v.2025.2 (lin64) Build 6299465 Fri Nov 14 12:34:56 MST 2025
| Date         : Sat Mar 14 10:13:55 2026
| Host         : Jarvis running 64-bit Ubuntu 24.04.4 LTS
| Command      : report_timing -nworst 5 -path_type full -file /home/mattrock/Projects/ATOMiK/hardware/zynq/sweep/reports/crit_path_N512_F135p6_maximum.rpt
| Design       : sweep_top_N512_F135p6_maximum
| Device       : 7z020-clg400
| Speed File   : -2  PRODUCTION 1.12 2019-11-22
| Design State : Routed
------------------------------------------------------------------------------------------------------------------------------------------------------------

Timing Report

Slack (VIOLATED) :        -0.296ns  (required time - arrival time)
  Source:                 u_top/u_atomik/banks[134].bank_acc_reg[134][20]/C
                            (rising edge-triggered cell FDRE clocked by atomik_clk  {rise@0.000ns fall@3.688ns period=7.375ns})
  Destination:            u_top/u_cdc/core_resp_acc_zero_reg/D
                            (rising edge-triggered cell FDCE clocked by atomik_clk  {rise@0.000ns fall@3.688ns period=7.375ns})
  Path Group:             atomik_clk
  Path Type:              Setup (Max at Slow Process Corner)
  Requirement:            7.375ns  (atomik_clk rise@7.375ns - atomik_clk rise@0.000ns)
  Data Path Delay:        7.326ns  (logic 1.168ns (15.943%)  route 6.158ns (84.057%))
  Logic Levels:           7  (LUT4=1 LUT5=1 LUT6=5)
  Clock Path Skew:        -0.305ns (DCD - SCD + CPR)
    Destination Clock Delay (DCD):    4.722ns = ( 12.097 - 7.375 ) 
    Source Clock Delay      (SCD):    5.417ns
    Clock Pessimism Removal (CPR):    0.391ns
  Clock Uncertainty:      0.070ns  ((TSJ^2 + DJ^2)^1/2) / 2 + PE
    Total System Jitter     (TSJ):    0.071ns
    Discrete Jitter          (DJ):    0.122ns
    Phase Error              (PE):    0.000ns

    Location             Delay type                Incr(ns)  Path(ns)    Netlist Resource(s)
  -------------------------------------------------------------------    -------------------
                         (clock atomik_clk rise edge)
                                                      0.000     0.000 r  
                         clock source latency         2.177     2.177    
                         propagated clock network latency
                                                      3.240     5.417    
    SLICE_X108Y6         FDRE                         0.000     5.417 r  u_top/u_atomik/banks[134].bank_acc_reg[134][20]/C
    SLICE_X108Y6         FDRE (Prop_fdre_C_Q)         0.433     5.850 r  u_top/u_atomik/banks[134].bank_acc_reg[134][20]/Q
                         net (fo=2, routed)           1.179     7.029    u_top/u_atomik/banks[134].bank_acc_reg[134][63]_0[20]
    SLICE_X107Y16        LUT6 (Prop_lut6_I3_O)        0.105     7.134 r  u_top/u_atomik/core_resp_state[20]_i_58/O
                         net (fo=1, routed)           1.036     8.170    u_top/u_atomik/core_resp_state[20]_i_58_n_0
    SLICE_X105Y29        LUT6 (Prop_lut6_I1_O)        0.105     8.275 r  u_top/u_atomik/core_resp_state[20]_i_13/O
                         net (fo=1, routed)           0.940     9.215    u_top/u_atomik/core_resp_state[20]_i_13_n_0
    SLICE_X95Y29         LUT6 (Prop_lut6_I4_O)        0.105     9.320 r  u_top/u_atomik/core_resp_state[20]_i_4/O
                         net (fo=1, routed)           1.279    10.599    u_top/u_atomik/core_resp_state[20]_i_4_n_0
    SLICE_X84Y64         LUT5 (Prop_lut5_I1_O)        0.105    10.704 f  u_top/u_atomik/core_resp_state[20]_i_2/O
                         net (fo=2, routed)           0.714    11.418    u_top/u_atomik/p_512_in[20]
    SLICE_X63Y65         LUT6 (Prop_lut6_I5_O)        0.105    11.523 r  u_top/u_atomik/core_resp_acc_zero_i_12/O
                         net (fo=1, routed)           0.784    12.307    u_top/u_atomik/core_resp_acc_zero_i_12_n_0
    SLICE_X61Y64         LUT6 (Prop_lut6_I4_O)        0.105    12.412 r  u_top/u_atomik/core_resp_acc_zero_i_5/O
                         net (fo=1, routed)           0.226    12.638    u_top/u_atomik/core_resp_acc_zero_i_5_n_0
    SLICE_X63Y64         LUT4 (Prop_lut4_I3_O)        0.105    12.743 r  u_top/u_atomik/core_resp_acc_zero_i_1/O
                         net (fo=1, routed)           0.000    12.743    u_top/u_cdc/core_acc_zero
    SLICE_X63Y64         FDCE                                         r  u_top/u_cdc/core_resp_acc_zero_reg/D
  -------------------------------------------------------------------    -------------------

                         (clock atomik_clk rise edge)
                                                      7.375     7.375 r  
                         clock source latency         1.935     9.310    
                         propagated clock network latency
                                                      2.787    12.097    
                         clock pessimism              0.391    12.488    
                         clock uncertainty           -0.070    12.417    
    SLICE_X63Y64         FDCE (Setup_fdce_C_D)        0.030    12.447    u_top/u_cdc/core_resp_acc_zero_reg
  -------------------------------------------------------------------
                         required time                         12.447    
                         arrival time                         -12.743    
  -------------------------------------------------------------------
                         slack                                 -0.296    

Slack (VIOLATED) :        -0.296ns  (required time - arrival time)
  Source:                 u_top/u_atomik/banks[134].bank_acc_reg[134][20]/C
                            (rising edge-triggered cell FDRE clocked by atomik_clk  {rise@0.000ns fall@3.688ns period=7.375ns})
  Destination:            u_top/u_cdc/core_resp_acc_zero_reg/D
                            (rising edge-triggered cell FDCE clocked by atomik_clk  {rise@0.000ns fall@3.688ns period=7.375ns})
  Path Group:             atomik_clk
  Path Type:              Setup (Max at Slow Process Corner)
  Requirement:            7.375ns  (atomik_clk rise@7.375ns - atomik_clk rise@0.000ns)
  Data Path Delay:        7.326ns  (logic 1.168ns (15.943%)  route 6.158ns (84.057%))
  Logic Levels:           7  (LUT4=1 LUT5=1 LUT6=5)
  Clock Path Skew:        -0.305ns (DCD - SCD + CPR)
    Destination Clock Delay (DCD):    4.722ns = ( 12.097 - 7.375 ) 
    Source Clock Delay      (SCD):    5.417ns
    Clock Pessimism Removal (CPR):    0.391ns
  Clock Uncertainty:      0.070ns  ((TSJ^2 + DJ^2)^1/2) / 2 + PE
    Total System Jitter     (TSJ):    0.071ns
    Discrete Jitter          (DJ):    0.122ns
    Phase Error              (PE):    0.000ns

    Location             Delay type                Incr(ns)  Path(ns)    Netlist Resource(s)
  -------------------------------------------------------------------    -------------------
                         (clock atomik_clk rise edge)
                                                      0.000     0.000 r  
                         clock source latency         2.177     2.177    
                         propagated clock network latency
                                                      3.240     5.417    
    SLICE_X108Y6         FDRE                         0.000     5.417 r  u_top/u_atomik/banks[134].bank_acc_reg[134][20]/C
    SLICE_X108Y6         FDRE (Prop_fdre_C_Q)         0.433     5.850 r  u_top/u_atomik/banks[134].bank_acc_reg[134][20]/Q
                         net (fo=2, routed)           1.179     7.029    u_top/u_atomik/banks[134].bank_acc_reg[134][63]_0[20]
    SLICE_X107Y16        LUT6 (Prop_lut6_I3_O)        0.105     7.134 f  u_top/u_atomik/core_resp_state[20]_i_58/O
                         net (fo=1, routed)           1.036     8.170    u_top/u_atomik/core_resp_state[20]_i_58_n_0
    SLICE_X105Y29        LUT6 (Prop_lut6_I1_O)        0.105     8.275 r  u_top/u_atomik/core_resp_state[20]_i_13/O
                         net (fo=1, routed)           0.940     9.215    u_top/u_atomik/core_resp_state[20]_i_13_n_0
    SLICE_X95Y29         LUT6 (Prop_lut6_I4_O)        0.105     9.320 r  u_top/u_atomik/core_resp_state[20]_i_4/O
                         net (fo=1, routed)           1.279    10.599    u_top/u_atomik/core_resp_state[20]_i_4_n_0
    SLICE_X84Y64         LUT5 (Prop_lut5_I1_O)        0.105    10.704 f  u_top/u_atomik/core_resp_state[20]_i_2/O
                         net (fo=2, routed)           0.714    11.418    u_top/u_atomik/p_512_in[20]
    SLICE_X63Y65         LUT6 (Prop_lut6_I5_O)        0.105    11.523 r  u_top/u_atomik/core_resp_acc_zero_i_12/O
                         net (fo=1, routed)           0.784    12.307    u_top/u_atomik/core_resp_acc_zero_i_12_n_0
    SLICE_X61Y64         LUT6 (Prop_lut6_I4_O)        0.105    12.412 r  u_top/u_atomik/core_resp_acc_zero_i_5/O
                         net (fo=1, routed)           0.226    12.638    u_top/u_atomik/core_resp_acc_zero_i_5_n_0
    SLICE_X63Y64         LUT4 (Prop_lut4_I3_O)        0.105    12.743 r  u_top/u_atomik/core_resp_acc_zero_i_1/O
                         net (fo=1, routed)           0.000    12.743    u_top/u_cdc/core_acc_zero
    SLICE_X63Y64         FDCE                                         r  u_top/u_cdc/core_resp_acc_zero_reg/D
  -------------------------------------------------------------------    -------------------

                         (clock atomik_clk rise edge)
                                                      7.375     7.375 r  
                         clock source latency         1.935     9.310    
                         propagated clock network latency
                                                      2.787    12.097    
                         clock pessimism              0.391    12.488    
                         clock uncertainty           -0.070    12.417    
    SLICE_X63Y64         FDCE (Setup_fdce_C_D)        0.030    12.447    u_top/u_cdc/core_resp_acc_zero_reg
  -------------------------------------------------------------------
                         required time                         12.447    
                         arrival time                         -12.743    
  -------------------------------------------------------------------
                         slack                                 -0.296    

Slack (VIOLATED) :        -0.296ns  (required time - arrival time)
  Source:                 u_top/u_atomik/banks[134].bank_acc_reg[134][20]/C
                            (rising edge-triggered cell FDRE clocked by atomik_clk  {rise@0.000ns fall@3.688ns period=7.375ns})
  Destination:            u_top/u_cdc/core_resp_acc_zero_reg/D
                            (rising edge-triggered cell FDCE clocked by atomik_clk  {rise@0.000ns fall@3.688ns period=7.375ns})
  Path Group:             atomik_clk
  Path Type:              Setup (Max at Slow Process Corner)
  Requirement:            7.375ns  (atomik_clk rise@7.375ns - atomik_clk rise@0.000ns)
  Data Path Delay:        7.326ns  (logic 1.168ns (15.943%)  route 6.158ns (84.057%))
  Logic Levels:           7  (LUT4=1 LUT5=1 LUT6=5)
  Clock Path Skew:        -0.305ns (DCD - SCD + CPR)
    Destination Clock Delay (DCD):    4.722ns = ( 12.097 - 7.375 ) 
    Source Clock Delay      (SCD):    5.417ns
    Clock Pessimism Removal (CPR):    0.391ns
  Clock Uncertainty:      0.070ns  ((TSJ^2 + DJ^2)^1/2) / 2 + PE
    Total System Jitter     (TSJ):    0.071ns
    Discrete Jitter          (DJ):    0.122ns
    Phase Error              (PE):    0.000ns

    Location             Delay type                Incr(ns)  Path(ns)    Netlist Resource(s)
  -------------------------------------------------------------------    -------------------
                         (clock atomik_clk rise edge)
                                                      0.000     0.000 r  
                         clock source latency         2.177     2.177    
                         propagated clock network latency
                                                      3.240     5.417    
    SLICE_X108Y6         FDRE                         0.000     5.417 r  u_top/u_atomik/banks[134].bank_acc_reg[134][20]/C
    SLICE_X108Y6         FDRE (Prop_fdre_C_Q)         0.433     5.850 r  u_top/u_atomik/banks[134].bank_acc_reg[134][20]/Q
                         net (fo=2, routed)           1.179     7.029    u_top/u_atomik/banks[134].bank_acc_reg[134][63]_0[20]
    SLICE_X107Y16        LUT6 (Prop_lut6_I3_O)        0.105     7.134 r  u_top/u_atomik/core_resp_state[20]_i_58/O
                         net (fo=1, routed)           1.036     8.170    u_top/u_atomik/core_resp_state[20]_i_58_n_0
    SLICE_X105Y29        LUT6 (Prop_lut6_I1_O)        0.105     8.275 r  u_top/u_atomik/core_resp_state[20]_i_13/O
                         net (fo=1, routed)           0.940     9.215    u_top/u_atomik/core_resp_state[20]_i_13_n_0
    SLICE_X95Y29         LUT6 (Prop_lut6_I4_O)        0.105     9.320 f  u_top/u_atomik/core_resp_state[20]_i_4/O
                         net (fo=1, routed)           1.279    10.599    u_top/u_atomik/core_resp_state[20]_i_4_n_0
    SLICE_X84Y64         LUT5 (Prop_lut5_I1_O)        0.105    10.704 f  u_top/u_atomik/core_resp_state[20]_i_2/O
                         net (fo=2, routed)           0.714    11.418    u_top/u_atomik/p_512_in[20]
    SLICE_X63Y65         LUT6 (Prop_lut6_I5_O)        0.105    11.523 r  u_top/u_atomik/core_resp_acc_zero_i_12/O
                         net (fo=1, routed)           0.784    12.307    u_top/u_atomik/core_resp_acc_zero_i_12_n_0
    SLICE_X61Y64         LUT6 (Prop_lut6_I4_O)        0.105    12.412 r  u_top/u_atomik/core_resp_acc_zero_i_5/O
                         net (fo=1, routed)           0.226    12.638    u_top/u_atomik/core_resp_acc_zero_i_5_n_0
    SLICE_X63Y64         LUT4 (Prop_lut4_I3_O)        0.105    12.743 r  u_top/u_atomik/core_resp_acc_zero_i_1/O
                         net (fo=1, routed)           0.000    12.743    u_top/u_cdc/core_acc_zero
    SLICE_X63Y64         FDCE                                         r  u_top/u_cdc/core_resp_acc_zero_reg/D
  -------------------------------------------------------------------    -------------------

                         (clock atomik_clk rise edge)
                                                      7.375     7.375 r  
                         clock source latency         1.935     9.310    
                         propagated clock network latency
                                                      2.787    12.097    
                         clock pessimism              0.391    12.488    
                         clock uncertainty           -0.070    12.417    
    SLICE_X63Y64         FDCE (Setup_fdce_C_D)        0.030    12.447    u_top/u_cdc/core_resp_acc_zero_reg
  -------------------------------------------------------------------
                         required time                         12.447    
                         arrival time                         -12.743    
  -------------------------------------------------------------------
                         slack                                 -0.296    

Slack (VIOLATED) :        -0.296ns  (required time - arrival time)
  Source:                 u_top/u_atomik/banks[134].bank_acc_reg[134][20]/C
                            (rising edge-triggered cell FDRE clocked by atomik_clk  {rise@0.000ns fall@3.688ns period=7.375ns})
  Destination:            u_top/u_cdc/core_resp_acc_zero_reg/D
                            (rising edge-triggered cell FDCE clocked by atomik_clk  {rise@0.000ns fall@3.688ns period=7.375ns})
  Path Group:             atomik_clk
  Path Type:              Setup (Max at Slow Process Corner)
  Requirement:            7.375ns  (atomik_clk rise@7.375ns - atomik_clk rise@0.000ns)
  Data Path Delay:        7.326ns  (logic 1.168ns (15.943%)  route 6.158ns (84.057%))
  Logic Levels:           7  (LUT4=1 LUT5=1 LUT6=5)
  Clock Path Skew:        -0.305ns (DCD - SCD + CPR)
    Destination Clock Delay (DCD):    4.722ns = ( 12.097 - 7.375 ) 
    Source Clock Delay      (SCD):    5.417ns
    Clock Pessimism Removal (CPR):    0.391ns
  Clock Uncertainty:      0.070ns  ((TSJ^2 + DJ^2)^1/2) / 2 + PE
    Total System Jitter     (TSJ):    0.071ns
    Discrete Jitter          (DJ):    0.122ns
    Phase Error              (PE):    0.000ns

    Location             Delay type                Incr(ns)  Path(ns)    Netlist Resource(s)
  -------------------------------------------------------------------    -------------------
                         (clock atomik_clk rise edge)
                                                      0.000     0.000 r  
                         clock source latency         2.177     2.177    
                         propagated clock network latency
                                                      3.240     5.417    
    SLICE_X108Y6         FDRE                         0.000     5.417 r  u_top/u_atomik/banks[134].bank_acc_reg[134][20]/C
    SLICE_X108Y6         FDRE (Prop_fdre_C_Q)         0.433     5.850 r  u_top/u_atomik/banks[134].bank_acc_reg[134][20]/Q
                         net (fo=2, routed)           1.179     7.029    u_top/u_atomik/banks[134].bank_acc_reg[134][63]_0[20]
    SLICE_X107Y16        LUT6 (Prop_lut6_I3_O)        0.105     7.134 f  u_top/u_atomik/core_resp_state[20]_i_58/O
                         net (fo=1, routed)           1.036     8.170    u_top/u_atomik/core_resp_state[20]_i_58_n_0
    SLICE_X105Y29        LUT6 (Prop_lut6_I1_O)        0.105     8.275 r  u_top/u_atomik/core_resp_state[20]_i_13/O
                         net (fo=1, routed)           0.940     9.215    u_top/u_atomik/core_resp_state[20]_i_13_n_0
    SLICE_X95Y29         LUT6 (Prop_lut6_I4_O)        0.105     9.320 f  u_top/u_atomik/core_resp_state[20]_i_4/O
                         net (fo=1, routed)           1.279    10.599    u_top/u_atomik/core_resp_state[20]_i_4_n_0
    SLICE_X84Y64         LUT5 (Prop_lut5_I1_O)        0.105    10.704 f  u_top/u_atomik/core_resp_state[20]_i_2/O
                         net (fo=2, routed)           0.714    11.418    u_top/u_atomik/p_512_in[20]
    SLICE_X63Y65         LUT6 (Prop_lut6_I5_O)        0.105    11.523 r  u_top/u_atomik/core_resp_acc_zero_i_12/O
                         net (fo=1, routed)           0.784    12.307    u_top/u_atomik/core_resp_acc_zero_i_12_n_0
    SLICE_X61Y64         LUT6 (Prop_lut6_I4_O)        0.105    12.412 r  u_top/u_atomik/core_resp_acc_zero_i_5/O
                         net (fo=1, routed)           0.226    12.638    u_top/u_atomik/core_resp_acc_zero_i_5_n_0
    SLICE_X63Y64         LUT4 (Prop_lut4_I3_O)        0.105    12.743 r  u_top/u_atomik/core_resp_acc_zero_i_1/O
                         net (fo=1, routed)           0.000    12.743    u_top/u_cdc/core_acc_zero
    SLICE_X63Y64         FDCE                                         r  u_top/u_cdc/core_resp_acc_zero_reg/D
  -------------------------------------------------------------------    -------------------

                         (clock atomik_clk rise edge)
                                                      7.375     7.375 r  
                         clock source latency         1.935     9.310    
                         propagated clock network latency
                                                      2.787    12.097    
                         clock pessimism              0.391    12.488    
                         clock uncertainty           -0.070    12.417    
    SLICE_X63Y64         FDCE (Setup_fdce_C_D)        0.030    12.447    u_top/u_cdc/core_resp_acc_zero_reg
  -------------------------------------------------------------------
                         required time                         12.447    
                         arrival time                         -12.743    
  -------------------------------------------------------------------
                         slack                                 -0.296    

Slack (VIOLATED) :        -0.296ns  (required time - arrival time)
  Source:                 u_top/u_atomik/banks[134].bank_acc_reg[134][20]/C
                            (rising edge-triggered cell FDRE clocked by atomik_clk  {rise@0.000ns fall@3.688ns period=7.375ns})
  Destination:            u_top/u_cdc/core_resp_acc_zero_reg/D
                            (rising edge-triggered cell FDCE clocked by atomik_clk  {rise@0.000ns fall@3.688ns period=7.375ns})
  Path Group:             atomik_clk
  Path Type:              Setup (Max at Slow Process Corner)
  Requirement:            7.375ns  (atomik_clk rise@7.375ns - atomik_clk rise@0.000ns)
  Data Path Delay:        7.326ns  (logic 1.168ns (15.943%)  route 6.158ns (84.057%))
  Logic Levels:           7  (LUT4=1 LUT5=1 LUT6=5)
  Clock Path Skew:        -0.305ns (DCD - SCD + CPR)
    Destination Clock Delay (DCD):    4.722ns = ( 12.097 - 7.375 ) 
    Source Clock Delay      (SCD):    5.417ns
    Clock Pessimism Removal (CPR):    0.391ns
  Clock Uncertainty:      0.070ns  ((TSJ^2 + DJ^2)^1/2) / 2 + PE
    Total System Jitter     (TSJ):    0.071ns
    Discrete Jitter          (DJ):    0.122ns
    Phase Error              (PE):    0.000ns

    Location             Delay type                Incr(ns)  Path(ns)    Netlist Resource(s)
  -------------------------------------------------------------------    -------------------
                         (clock atomik_clk rise edge)
                                                      0.000     0.000 r  
                         clock source latency         2.177     2.177    
                         propagated clock network latency
                                                      3.240     5.417    
    SLICE_X108Y6         FDRE                         0.000     5.417 r  u_top/u_atomik/banks[134].bank_acc_reg[134][20]/C
    SLICE_X108Y6         FDRE (Prop_fdre_C_Q)         0.433     5.850 r  u_top/u_atomik/banks[134].bank_acc_reg[134][20]/Q
                         net (fo=2, routed)           1.179     7.029    u_top/u_atomik/banks[134].bank_acc_reg[134][63]_0[20]
    SLICE_X107Y16        LUT6 (Prop_lut6_I3_O)        0.105     7.134 r  u_top/u_atomik/core_resp_state[20]_i_58/O
                         net (fo=1, routed)           1.036     8.170    u_top/u_atomik/core_resp_state[20]_i_58_n_0
    SLICE_X105Y29        LUT6 (Prop_lut6_I1_O)        0.105     8.275 f  u_top/u_atomik/core_resp_state[20]_i_13/O
                         net (fo=1, routed)           0.940     9.215    u_top/u_atomik/core_resp_state[20]_i_13_n_0
    SLICE_X95Y29         LUT6 (Prop_lut6_I4_O)        0.105     9.320 f  u_top/u_atomik/core_resp_state[20]_i_4/O
                         net (fo=1, routed)           1.279    10.599    u_top/u_atomik/core_resp_state[20]_i_4_n_0
    SLICE_X84Y64         LUT5 (Prop_lut5_I1_O)        0.105    10.704 f  u_top/u_atomik/core_resp_state[20]_i_2/O
                         net (fo=2, routed)           0.714    11.418    u_top/u_atomik/p_512_in[20]
    SLICE_X63Y65         LUT6 (Prop_lut6_I5_O)        0.105    11.523 r  u_top/u_atomik/core_resp_acc_zero_i_12/O
                         net (fo=1, routed)           0.784    12.307    u_top/u_atomik/core_resp_acc_zero_i_12_n_0
    SLICE_X61Y64         LUT6 (Prop_lut6_I4_O)        0.105    12.412 r  u_top/u_atomik/core_resp_acc_zero_i_5/O
                         net (fo=1, routed)           0.226    12.638    u_top/u_atomik/core_resp_acc_zero_i_5_n_0
    SLICE_X63Y64         LUT4 (Prop_lut4_I3_O)        0.105    12.743 r  u_top/u_atomik/core_resp_acc_zero_i_1/O
                         net (fo=1, routed)           0.000    12.743    u_top/u_cdc/core_acc_zero
    SLICE_X63Y64         FDCE                                         r  u_top/u_cdc/core_resp_acc_zero_reg/D
  -------------------------------------------------------------------    -------------------

                         (clock atomik_clk rise edge)
                                                      7.375     7.375 r  
                         clock source latency         1.935     9.310    
                         propagated clock network latency
                                                      2.787    12.097    
                         clock pessimism              0.391    12.488    
                         clock uncertainty           -0.070    12.417    
    SLICE_X63Y64         FDCE (Setup_fdce_C_D)        0.030    12.447    u_top/u_cdc/core_resp_acc_zero_reg
  -------------------------------------------------------------------
                         required time                         12.447    
                         arrival time                         -12.743    
  -------------------------------------------------------------------
                         slack                                 -0.296    




