Copyright 1986-2022 Xilinx, Inc. All Rights Reserved. Copyright 2022-2025 Advanced Micro Devices, Inc. All Rights Reserved.
-----------------------------------------------------------------------------------------------------------------------------------------------------------
| Tool Version : Vivado v.2025.2 (lin64) Build 6299465 Fri Nov 14 12:34:56 MST 2025
| Date         : Fri Mar 13 15:18:29 2026
| Host         : Jarvis running 64-bit Ubuntu 24.04.4 LTS
| Command      : report_timing -nworst 5 -path_type full -file /home/mattrock/Projects/ATOMiK/hardware/zynq/sweep/reports/crit_path_N64_F216p2_maximum.rpt
| Design       : sweep_top_N64_F216p2_maximum
| Device       : 7z020-clg400
| Speed File   : -2  PRODUCTION 1.12 2019-11-22
| Design State : Routed
-----------------------------------------------------------------------------------------------------------------------------------------------------------

Timing Report

Slack (VIOLATED) :        -0.174ns  (required time - arrival time)
  Source:                 u_top/u_atomik/banks[6].bank_acc_reg[6][10]/C
                            (rising edge-triggered cell FDRE clocked by atomik_clk  {rise@0.000ns fall@2.312ns period=4.625ns})
  Destination:            u_top/u_cdc/core_resp_acc_zero_reg/D
                            (rising edge-triggered cell FDCE clocked by atomik_clk  {rise@0.000ns fall@2.312ns period=4.625ns})
  Path Group:             atomik_clk
  Path Type:              Setup (Max at Slow Process Corner)
  Requirement:            4.625ns  (atomik_clk rise@4.625ns - atomik_clk rise@0.000ns)
  Data Path Delay:        4.764ns  (logic 1.063ns (22.313%)  route 3.701ns (77.687%))
  Logic Levels:           6  (LUT4=1 LUT5=2 LUT6=3)
  Clock Path Skew:        0.001ns (DCD - SCD + CPR)
    Destination Clock Delay (DCD):    4.978ns = ( 9.603 - 4.625 ) 
    Source Clock Delay      (SCD):    5.481ns
    Clock Pessimism Removal (CPR):    0.504ns
  Clock Uncertainty:      0.066ns  ((TSJ^2 + DJ^2)^1/2) / 2 + PE
    Total System Jitter     (TSJ):    0.071ns
    Discrete Jitter          (DJ):    0.111ns
    Phase Error              (PE):    0.000ns

    Location             Delay type                Incr(ns)  Path(ns)    Netlist Resource(s)
  -------------------------------------------------------------------    -------------------
                         (clock atomik_clk rise edge)
                                                      0.000     0.000 r  
                         clock source latency         2.194     2.194    
                         propagated clock network latency
                                                      3.287     5.481    
    SLICE_X82Y127        FDRE                         0.000     5.481 r  u_top/u_atomik/banks[6].bank_acc_reg[6][10]/C
    SLICE_X82Y127        FDRE (Prop_fdre_C_Q)         0.433     5.914 r  u_top/u_atomik/banks[6].bank_acc_reg[6][10]/Q
                         net (fo=2, routed)           0.890     6.803    u_top/u_atomik/banks[6].bank_acc_reg[6][63]_0[10]
    SLICE_X90Y126        LUT6 (Prop_lut6_I1_O)        0.105     6.908 r  u_top/u_atomik/i_12_LOPT_REMAP_47/O
                         net (fo=1, routed)           0.377     7.285    u_top/u_atomik/i_12/O_n_47
    SLICE_X91Y124        LUT5 (Prop_lut5_I4_O)        0.105     7.390 r  u_top/u_atomik/i_11_LOPT_REMAP_47/O
                         net (fo=1, routed)           0.703     8.093    u_top/u_atomik/i_11/O_n_47
    SLICE_X93Y125        LUT5 (Prop_lut5_I0_O)        0.105     8.198 f  u_top/u_atomik/i_0_LOPT_REMAP_47/O
                         net (fo=2, routed)           1.027     9.225    u_top/u_atomik/p_64_in[10]
    SLICE_X92Y119        LUT6 (Prop_lut6_I2_O)        0.105     9.330 r  u_top/u_atomik/core_resp_acc_zero_i_7/O
                         net (fo=1, routed)           0.368     9.699    u_top/u_atomik/core_resp_acc_zero_i_7_n_0
    SLICE_X92Y115        LUT6 (Prop_lut6_I5_O)        0.105     9.804 r  u_top/u_atomik/core_resp_acc_zero_i_2/O
                         net (fo=1, routed)           0.336    10.140    u_top/u_atomik/core_resp_acc_zero_i_2_n_0
    SLICE_X95Y115        LUT4 (Prop_lut4_I0_O)        0.105    10.245 r  u_top/u_atomik/core_resp_acc_zero_i_1/O
                         net (fo=1, routed)           0.000    10.245    u_top/u_cdc/acc_zero
    SLICE_X95Y115        FDCE                                         r  u_top/u_cdc/core_resp_acc_zero_reg/D
  -------------------------------------------------------------------    -------------------

                         (clock atomik_clk rise edge)
                                                      4.625     4.625 r  
                         clock source latency         1.951     6.576    
                         propagated clock network latency
                                                      3.026     9.603    
                         clock pessimism              0.504    10.107    
                         clock uncertainty           -0.066    10.041    
    SLICE_X95Y115        FDCE (Setup_fdce_C_D)        0.030    10.071    u_top/u_cdc/core_resp_acc_zero_reg
  -------------------------------------------------------------------
                         required time                         10.071    
                         arrival time                         -10.245    
  -------------------------------------------------------------------
                         slack                                 -0.174    

Slack (VIOLATED) :        -0.174ns  (required time - arrival time)
  Source:                 u_top/u_atomik/banks[6].bank_acc_reg[6][10]/C
                            (rising edge-triggered cell FDRE clocked by atomik_clk  {rise@0.000ns fall@2.312ns period=4.625ns})
  Destination:            u_top/u_cdc/core_resp_acc_zero_reg/D
                            (rising edge-triggered cell FDCE clocked by atomik_clk  {rise@0.000ns fall@2.312ns period=4.625ns})
  Path Group:             atomik_clk
  Path Type:              Setup (Max at Slow Process Corner)
  Requirement:            4.625ns  (atomik_clk rise@4.625ns - atomik_clk rise@0.000ns)
  Data Path Delay:        4.764ns  (logic 1.063ns (22.313%)  route 3.701ns (77.687%))
  Logic Levels:           6  (LUT4=1 LUT5=2 LUT6=3)
  Clock Path Skew:        0.001ns (DCD - SCD + CPR)
    Destination Clock Delay (DCD):    4.978ns = ( 9.603 - 4.625 ) 
    Source Clock Delay      (SCD):    5.481ns
    Clock Pessimism Removal (CPR):    0.504ns
  Clock Uncertainty:      0.066ns  ((TSJ^2 + DJ^2)^1/2) / 2 + PE
    Total System Jitter     (TSJ):    0.071ns
    Discrete Jitter          (DJ):    0.111ns
    Phase Error              (PE):    0.000ns

    Location             Delay type                Incr(ns)  Path(ns)    Netlist Resource(s)
  -------------------------------------------------------------------    -------------------
                         (clock atomik_clk rise edge)
                                                      0.000     0.000 r  
                         clock source latency         2.194     2.194    
                         propagated clock network latency
                                                      3.287     5.481    
    SLICE_X82Y127        FDRE                         0.000     5.481 r  u_top/u_atomik/banks[6].bank_acc_reg[6][10]/C
    SLICE_X82Y127        FDRE (Prop_fdre_C_Q)         0.433     5.914 r  u_top/u_atomik/banks[6].bank_acc_reg[6][10]/Q
                         net (fo=2, routed)           0.890     6.803    u_top/u_atomik/banks[6].bank_acc_reg[6][63]_0[10]
    SLICE_X90Y126        LUT6 (Prop_lut6_I1_O)        0.105     6.908 f  u_top/u_atomik/i_12_LOPT_REMAP_47/O
                         net (fo=1, routed)           0.377     7.285    u_top/u_atomik/i_12/O_n_47
    SLICE_X91Y124        LUT5 (Prop_lut5_I4_O)        0.105     7.390 r  u_top/u_atomik/i_11_LOPT_REMAP_47/O
                         net (fo=1, routed)           0.703     8.093    u_top/u_atomik/i_11/O_n_47
    SLICE_X93Y125        LUT5 (Prop_lut5_I0_O)        0.105     8.198 f  u_top/u_atomik/i_0_LOPT_REMAP_47/O
                         net (fo=2, routed)           1.027     9.225    u_top/u_atomik/p_64_in[10]
    SLICE_X92Y119        LUT6 (Prop_lut6_I2_O)        0.105     9.330 r  u_top/u_atomik/core_resp_acc_zero_i_7/O
                         net (fo=1, routed)           0.368     9.699    u_top/u_atomik/core_resp_acc_zero_i_7_n_0
    SLICE_X92Y115        LUT6 (Prop_lut6_I5_O)        0.105     9.804 r  u_top/u_atomik/core_resp_acc_zero_i_2/O
                         net (fo=1, routed)           0.336    10.140    u_top/u_atomik/core_resp_acc_zero_i_2_n_0
    SLICE_X95Y115        LUT4 (Prop_lut4_I0_O)        0.105    10.245 r  u_top/u_atomik/core_resp_acc_zero_i_1/O
                         net (fo=1, routed)           0.000    10.245    u_top/u_cdc/acc_zero
    SLICE_X95Y115        FDCE                                         r  u_top/u_cdc/core_resp_acc_zero_reg/D
  -------------------------------------------------------------------    -------------------

                         (clock atomik_clk rise edge)
                                                      4.625     4.625 r  
                         clock source latency         1.951     6.576    
                         propagated clock network latency
                                                      3.026     9.603    
                         clock pessimism              0.504    10.107    
                         clock uncertainty           -0.066    10.041    
    SLICE_X95Y115        FDCE (Setup_fdce_C_D)        0.030    10.071    u_top/u_cdc/core_resp_acc_zero_reg
  -------------------------------------------------------------------
                         required time                         10.071    
                         arrival time                         -10.245    
  -------------------------------------------------------------------
                         slack                                 -0.174    

Slack (VIOLATED) :        -0.174ns  (required time - arrival time)
  Source:                 u_top/u_atomik/banks[6].bank_acc_reg[6][10]/C
                            (rising edge-triggered cell FDRE clocked by atomik_clk  {rise@0.000ns fall@2.312ns period=4.625ns})
  Destination:            u_top/u_cdc/core_resp_acc_zero_reg/D
                            (rising edge-triggered cell FDCE clocked by atomik_clk  {rise@0.000ns fall@2.312ns period=4.625ns})
  Path Group:             atomik_clk
  Path Type:              Setup (Max at Slow Process Corner)
  Requirement:            4.625ns  (atomik_clk rise@4.625ns - atomik_clk rise@0.000ns)
  Data Path Delay:        4.764ns  (logic 1.063ns (22.313%)  route 3.701ns (77.687%))
  Logic Levels:           6  (LUT4=1 LUT5=2 LUT6=3)
  Clock Path Skew:        0.001ns (DCD - SCD + CPR)
    Destination Clock Delay (DCD):    4.978ns = ( 9.603 - 4.625 ) 
    Source Clock Delay      (SCD):    5.481ns
    Clock Pessimism Removal (CPR):    0.504ns
  Clock Uncertainty:      0.066ns  ((TSJ^2 + DJ^2)^1/2) / 2 + PE
    Total System Jitter     (TSJ):    0.071ns
    Discrete Jitter          (DJ):    0.111ns
    Phase Error              (PE):    0.000ns

    Location             Delay type                Incr(ns)  Path(ns)    Netlist Resource(s)
  -------------------------------------------------------------------    -------------------
                         (clock atomik_clk rise edge)
                                                      0.000     0.000 r  
                         clock source latency         2.194     2.194    
                         propagated clock network latency
                                                      3.287     5.481    
    SLICE_X82Y127        FDRE                         0.000     5.481 r  u_top/u_atomik/banks[6].bank_acc_reg[6][10]/C
    SLICE_X82Y127        FDRE (Prop_fdre_C_Q)         0.433     5.914 r  u_top/u_atomik/banks[6].bank_acc_reg[6][10]/Q
                         net (fo=2, routed)           0.890     6.803    u_top/u_atomik/banks[6].bank_acc_reg[6][63]_0[10]
    SLICE_X90Y126        LUT6 (Prop_lut6_I1_O)        0.105     6.908 r  u_top/u_atomik/i_12_LOPT_REMAP_47/O
                         net (fo=1, routed)           0.377     7.285    u_top/u_atomik/i_12/O_n_47
    SLICE_X91Y124        LUT5 (Prop_lut5_I4_O)        0.105     7.390 f  u_top/u_atomik/i_11_LOPT_REMAP_47/O
                         net (fo=1, routed)           0.703     8.093    u_top/u_atomik/i_11/O_n_47
    SLICE_X93Y125        LUT5 (Prop_lut5_I0_O)        0.105     8.198 f  u_top/u_atomik/i_0_LOPT_REMAP_47/O
                         net (fo=2, routed)           1.027     9.225    u_top/u_atomik/p_64_in[10]
    SLICE_X92Y119        LUT6 (Prop_lut6_I2_O)        0.105     9.330 r  u_top/u_atomik/core_resp_acc_zero_i_7/O
                         net (fo=1, routed)           0.368     9.699    u_top/u_atomik/core_resp_acc_zero_i_7_n_0
    SLICE_X92Y115        LUT6 (Prop_lut6_I5_O)        0.105     9.804 r  u_top/u_atomik/core_resp_acc_zero_i_2/O
                         net (fo=1, routed)           0.336    10.140    u_top/u_atomik/core_resp_acc_zero_i_2_n_0
    SLICE_X95Y115        LUT4 (Prop_lut4_I0_O)        0.105    10.245 r  u_top/u_atomik/core_resp_acc_zero_i_1/O
                         net (fo=1, routed)           0.000    10.245    u_top/u_cdc/acc_zero
    SLICE_X95Y115        FDCE                                         r  u_top/u_cdc/core_resp_acc_zero_reg/D
  -------------------------------------------------------------------    -------------------

                         (clock atomik_clk rise edge)
                                                      4.625     4.625 r  
                         clock source latency         1.951     6.576    
                         propagated clock network latency
                                                      3.026     9.603    
                         clock pessimism              0.504    10.107    
                         clock uncertainty           -0.066    10.041    
    SLICE_X95Y115        FDCE (Setup_fdce_C_D)        0.030    10.071    u_top/u_cdc/core_resp_acc_zero_reg
  -------------------------------------------------------------------
                         required time                         10.071    
                         arrival time                         -10.245    
  -------------------------------------------------------------------
                         slack                                 -0.174    

Slack (VIOLATED) :        -0.174ns  (required time - arrival time)
  Source:                 u_top/u_atomik/banks[6].bank_acc_reg[6][10]/C
                            (rising edge-triggered cell FDRE clocked by atomik_clk  {rise@0.000ns fall@2.312ns period=4.625ns})
  Destination:            u_top/u_cdc/core_resp_acc_zero_reg/D
                            (rising edge-triggered cell FDCE clocked by atomik_clk  {rise@0.000ns fall@2.312ns period=4.625ns})
  Path Group:             atomik_clk
  Path Type:              Setup (Max at Slow Process Corner)
  Requirement:            4.625ns  (atomik_clk rise@4.625ns - atomik_clk rise@0.000ns)
  Data Path Delay:        4.764ns  (logic 1.063ns (22.313%)  route 3.701ns (77.687%))
  Logic Levels:           6  (LUT4=1 LUT5=2 LUT6=3)
  Clock Path Skew:        0.001ns (DCD - SCD + CPR)
    Destination Clock Delay (DCD):    4.978ns = ( 9.603 - 4.625 ) 
    Source Clock Delay      (SCD):    5.481ns
    Clock Pessimism Removal (CPR):    0.504ns
  Clock Uncertainty:      0.066ns  ((TSJ^2 + DJ^2)^1/2) / 2 + PE
    Total System Jitter     (TSJ):    0.071ns
    Discrete Jitter          (DJ):    0.111ns
    Phase Error              (PE):    0.000ns

    Location             Delay type                Incr(ns)  Path(ns)    Netlist Resource(s)
  -------------------------------------------------------------------    -------------------
                         (clock atomik_clk rise edge)
                                                      0.000     0.000 r  
                         clock source latency         2.194     2.194    
                         propagated clock network latency
                                                      3.287     5.481    
    SLICE_X82Y127        FDRE                         0.000     5.481 r  u_top/u_atomik/banks[6].bank_acc_reg[6][10]/C
    SLICE_X82Y127        FDRE (Prop_fdre_C_Q)         0.433     5.914 f  u_top/u_atomik/banks[6].bank_acc_reg[6][10]/Q
                         net (fo=2, routed)           0.890     6.803    u_top/u_atomik/banks[6].bank_acc_reg[6][63]_0[10]
    SLICE_X90Y126        LUT6 (Prop_lut6_I1_O)        0.105     6.908 r  u_top/u_atomik/i_12_LOPT_REMAP_47/O
                         net (fo=1, routed)           0.377     7.285    u_top/u_atomik/i_12/O_n_47
    SLICE_X91Y124        LUT5 (Prop_lut5_I4_O)        0.105     7.390 f  u_top/u_atomik/i_11_LOPT_REMAP_47/O
                         net (fo=1, routed)           0.703     8.093    u_top/u_atomik/i_11/O_n_47
    SLICE_X93Y125        LUT5 (Prop_lut5_I0_O)        0.105     8.198 f  u_top/u_atomik/i_0_LOPT_REMAP_47/O
                         net (fo=2, routed)           1.027     9.225    u_top/u_atomik/p_64_in[10]
    SLICE_X92Y119        LUT6 (Prop_lut6_I2_O)        0.105     9.330 r  u_top/u_atomik/core_resp_acc_zero_i_7/O
                         net (fo=1, routed)           0.368     9.699    u_top/u_atomik/core_resp_acc_zero_i_7_n_0
    SLICE_X92Y115        LUT6 (Prop_lut6_I5_O)        0.105     9.804 r  u_top/u_atomik/core_resp_acc_zero_i_2/O
                         net (fo=1, routed)           0.336    10.140    u_top/u_atomik/core_resp_acc_zero_i_2_n_0
    SLICE_X95Y115        LUT4 (Prop_lut4_I0_O)        0.105    10.245 r  u_top/u_atomik/core_resp_acc_zero_i_1/O
                         net (fo=1, routed)           0.000    10.245    u_top/u_cdc/acc_zero
    SLICE_X95Y115        FDCE                                         r  u_top/u_cdc/core_resp_acc_zero_reg/D
  -------------------------------------------------------------------    -------------------

                         (clock atomik_clk rise edge)
                                                      4.625     4.625 r  
                         clock source latency         1.951     6.576    
                         propagated clock network latency
                                                      3.026     9.603    
                         clock pessimism              0.504    10.107    
                         clock uncertainty           -0.066    10.041    
    SLICE_X95Y115        FDCE (Setup_fdce_C_D)        0.030    10.071    u_top/u_cdc/core_resp_acc_zero_reg
  -------------------------------------------------------------------
                         required time                         10.071    
                         arrival time                         -10.245    
  -------------------------------------------------------------------
                         slack                                 -0.174    

Slack (VIOLATED) :        -0.174ns  (required time - arrival time)
  Source:                 u_top/u_atomik/banks[6].bank_acc_reg[6][10]/C
                            (rising edge-triggered cell FDRE clocked by atomik_clk  {rise@0.000ns fall@2.312ns period=4.625ns})
  Destination:            u_top/u_cdc/core_resp_acc_zero_reg/D
                            (rising edge-triggered cell FDCE clocked by atomik_clk  {rise@0.000ns fall@2.312ns period=4.625ns})
  Path Group:             atomik_clk
  Path Type:              Setup (Max at Slow Process Corner)
  Requirement:            4.625ns  (atomik_clk rise@4.625ns - atomik_clk rise@0.000ns)
  Data Path Delay:        4.764ns  (logic 1.063ns (22.313%)  route 3.701ns (77.687%))
  Logic Levels:           6  (LUT4=1 LUT5=2 LUT6=3)
  Clock Path Skew:        0.001ns (DCD - SCD + CPR)
    Destination Clock Delay (DCD):    4.978ns = ( 9.603 - 4.625 ) 
    Source Clock Delay      (SCD):    5.481ns
    Clock Pessimism Removal (CPR):    0.504ns
  Clock Uncertainty:      0.066ns  ((TSJ^2 + DJ^2)^1/2) / 2 + PE
    Total System Jitter     (TSJ):    0.071ns
    Discrete Jitter          (DJ):    0.111ns
    Phase Error              (PE):    0.000ns

    Location             Delay type                Incr(ns)  Path(ns)    Netlist Resource(s)
  -------------------------------------------------------------------    -------------------
                         (clock atomik_clk rise edge)
                                                      0.000     0.000 r  
                         clock source latency         2.194     2.194    
                         propagated clock network latency
                                                      3.287     5.481    
    SLICE_X82Y127        FDRE                         0.000     5.481 r  u_top/u_atomik/banks[6].bank_acc_reg[6][10]/C
    SLICE_X82Y127        FDRE (Prop_fdre_C_Q)         0.433     5.914 r  u_top/u_atomik/banks[6].bank_acc_reg[6][10]/Q
                         net (fo=2, routed)           0.890     6.803    u_top/u_atomik/banks[6].bank_acc_reg[6][63]_0[10]
    SLICE_X90Y126        LUT6 (Prop_lut6_I1_O)        0.105     6.908 f  u_top/u_atomik/i_12_LOPT_REMAP_47/O
                         net (fo=1, routed)           0.377     7.285    u_top/u_atomik/i_12/O_n_47
    SLICE_X91Y124        LUT5 (Prop_lut5_I4_O)        0.105     7.390 f  u_top/u_atomik/i_11_LOPT_REMAP_47/O
                         net (fo=1, routed)           0.703     8.093    u_top/u_atomik/i_11/O_n_47
    SLICE_X93Y125        LUT5 (Prop_lut5_I0_O)        0.105     8.198 f  u_top/u_atomik/i_0_LOPT_REMAP_47/O
                         net (fo=2, routed)           1.027     9.225    u_top/u_atomik/p_64_in[10]
    SLICE_X92Y119        LUT6 (Prop_lut6_I2_O)        0.105     9.330 r  u_top/u_atomik/core_resp_acc_zero_i_7/O
                         net (fo=1, routed)           0.368     9.699    u_top/u_atomik/core_resp_acc_zero_i_7_n_0
    SLICE_X92Y115        LUT6 (Prop_lut6_I5_O)        0.105     9.804 r  u_top/u_atomik/core_resp_acc_zero_i_2/O
                         net (fo=1, routed)           0.336    10.140    u_top/u_atomik/core_resp_acc_zero_i_2_n_0
    SLICE_X95Y115        LUT4 (Prop_lut4_I0_O)        0.105    10.245 r  u_top/u_atomik/core_resp_acc_zero_i_1/O
                         net (fo=1, routed)           0.000    10.245    u_top/u_cdc/acc_zero
    SLICE_X95Y115        FDCE                                         r  u_top/u_cdc/core_resp_acc_zero_reg/D
  -------------------------------------------------------------------    -------------------

                         (clock atomik_clk rise edge)
                                                      4.625     4.625 r  
                         clock source latency         1.951     6.576    
                         propagated clock network latency
                                                      3.026     9.603    
                         clock pessimism              0.504    10.107    
                         clock uncertainty           -0.066    10.041    
    SLICE_X95Y115        FDCE (Setup_fdce_C_D)        0.030    10.071    u_top/u_cdc/core_resp_acc_zero_reg
  -------------------------------------------------------------------
                         required time                         10.071    
                         arrival time                         -10.245    
  -------------------------------------------------------------------
                         slack                                 -0.174    




