Copyright 1986-2022 Xilinx, Inc. All Rights Reserved. Copyright 2022-2025 Advanced Micro Devices, Inc. All Rights Reserved.
----------------------------------------------------------------------------------------------------------------------------------------------------
| Tool Version : Vivado v.2025.2 (lin64) Build 6299465 Fri Nov 14 12:34:56 MST 2025
| Date         : Fri Mar 13 19:39:34 2026
| Host         : Jarvis running 64-bit Ubuntu 24.04.4 LTS
| Command      : report_timing -nworst 5 -path_type full -file /home/mattrock/Projects/ATOMiK/hardware/zynq/sweep/reports/crit_path_N256_F150p9.rpt
| Design       : sweep_top_N256_F150p9
| Device       : 7z020-clg400
| Speed File   : -2  PRODUCTION 1.12 2019-11-22
| Design State : Routed
----------------------------------------------------------------------------------------------------------------------------------------------------

Timing Report

Slack (VIOLATED) :        -0.331ns  (required time - arrival time)
  Source:                 u_top/u_atomik/banks[207].bank_acc_reg[207][51]/C
                            (rising edge-triggered cell FDRE clocked by atomik_clk  {rise@0.000ns fall@3.312ns period=6.625ns})
  Destination:            u_top/u_cdc/core_resp_acc_zero_reg/D
                            (rising edge-triggered cell FDCE clocked by atomik_clk  {rise@0.000ns fall@3.312ns period=6.625ns})
  Path Group:             atomik_clk
  Path Type:              Setup (Max at Slow Process Corner)
  Requirement:            6.625ns  (atomik_clk rise@6.625ns - atomik_clk rise@0.000ns)
  Data Path Delay:        6.833ns  (logic 1.114ns (16.304%)  route 5.719ns (83.696%))
  Logic Levels:           7  (LUT6=7)
  Clock Path Skew:        -0.084ns (DCD - SCD + CPR)
    Destination Clock Delay (DCD):    4.772ns = ( 11.397 - 6.625 ) 
    Source Clock Delay      (SCD):    5.261ns
    Clock Pessimism Removal (CPR):    0.405ns
  Clock Uncertainty:      0.069ns  ((TSJ^2 + DJ^2)^1/2) / 2 + PE
    Total System Jitter     (TSJ):    0.071ns
    Discrete Jitter          (DJ):    0.119ns
    Phase Error              (PE):    0.000ns

    Location             Delay type                Incr(ns)  Path(ns)    Netlist Resource(s)
  -------------------------------------------------------------------    -------------------
                         (clock atomik_clk rise edge)
                                                      0.000     0.000 r  
                         clock source latency         2.194     2.194    
                         propagated clock network latency
                                                      3.067     5.261    
    SLICE_X43Y86         FDRE                         0.000     5.261 r  u_top/u_atomik/banks[207].bank_acc_reg[207][51]/C
    SLICE_X43Y86         FDRE (Prop_fdre_C_Q)         0.379     5.640 r  u_top/u_atomik/banks[207].bank_acc_reg[207][51]/Q
                         net (fo=3, routed)           0.951     6.591    u_top/u_atomik/banks[207].bank_acc_reg[207][63]_0[51]
    SLICE_X40Y87         LUT6 (Prop_lut6_I1_O)        0.105     6.696 r  u_top/u_atomik/core_resp_acc_zero_i_2496/O
                         net (fo=1, routed)           0.895     7.590    u_top/u_atomik/core_resp_acc_zero_i_2496_n_0
    SLICE_X38Y86         LUT6 (Prop_lut6_I0_O)        0.105     7.695 r  u_top/u_atomik/core_resp_acc_zero_i_1405/O
                         net (fo=1, routed)           1.327     9.022    u_top/u_atomik/core_resp_acc_zero_i_1405_n_0
    SLICE_X55Y77         LUT6 (Prop_lut6_I1_O)        0.105     9.127 r  u_top/u_atomik/core_resp_acc_zero_i_395/O
                         net (fo=1, routed)           0.246     9.373    u_top/u_atomik/core_resp_acc_zero_i_395_n_0
    SLICE_X56Y77         LUT6 (Prop_lut6_I3_O)        0.105     9.478 f  u_top/u_atomik/core_resp_acc_zero_i_98/O
                         net (fo=1, routed)           1.049    10.527    u_top/u_atomik/p_256_in[51]
    SLICE_X58Y53         LUT6 (Prop_lut6_I5_O)        0.105    10.632 f  u_top/u_atomik/core_resp_acc_zero_i_31/O
                         net (fo=1, routed)           0.797    11.429    u_top/u_atomik/core_resp_acc_zero_i_31_n_0
    SLICE_X64Y52         LUT6 (Prop_lut6_I3_O)        0.105    11.534 f  u_top/u_atomik/core_resp_acc_zero_i_6/O
                         net (fo=1, routed)           0.454    11.988    u_top/u_atomik/core_resp_acc_zero_i_6_n_0
    SLICE_X67Y53         LUT6 (Prop_lut6_I4_O)        0.105    12.093 r  u_top/u_atomik/core_resp_acc_zero_i_1/O
                         net (fo=1, routed)           0.000    12.093    u_top/u_cdc/acc_zero
    SLICE_X67Y53         FDCE                                         r  u_top/u_cdc/core_resp_acc_zero_reg/D
  -------------------------------------------------------------------    -------------------

                         (clock atomik_clk rise edge)
                                                      6.625     6.625 r  
                         clock source latency         1.951     8.576    
                         propagated clock network latency
                                                      2.821    11.397    
                         clock pessimism              0.405    11.802    
                         clock uncertainty           -0.069    11.732    
    SLICE_X67Y53         FDCE (Setup_fdce_C_D)        0.030    11.762    u_top/u_cdc/core_resp_acc_zero_reg
  -------------------------------------------------------------------
                         required time                         11.762    
                         arrival time                         -12.093    
  -------------------------------------------------------------------
                         slack                                 -0.331    

Slack (VIOLATED) :        -0.331ns  (required time - arrival time)
  Source:                 u_top/u_atomik/banks[207].bank_acc_reg[207][51]/C
                            (rising edge-triggered cell FDRE clocked by atomik_clk  {rise@0.000ns fall@3.312ns period=6.625ns})
  Destination:            u_top/u_cdc/core_resp_acc_zero_reg/D
                            (rising edge-triggered cell FDCE clocked by atomik_clk  {rise@0.000ns fall@3.312ns period=6.625ns})
  Path Group:             atomik_clk
  Path Type:              Setup (Max at Slow Process Corner)
  Requirement:            6.625ns  (atomik_clk rise@6.625ns - atomik_clk rise@0.000ns)
  Data Path Delay:        6.833ns  (logic 1.114ns (16.304%)  route 5.719ns (83.696%))
  Logic Levels:           7  (LUT6=7)
  Clock Path Skew:        -0.084ns (DCD - SCD + CPR)
    Destination Clock Delay (DCD):    4.772ns = ( 11.397 - 6.625 ) 
    Source Clock Delay      (SCD):    5.261ns
    Clock Pessimism Removal (CPR):    0.405ns
  Clock Uncertainty:      0.069ns  ((TSJ^2 + DJ^2)^1/2) / 2 + PE
    Total System Jitter     (TSJ):    0.071ns
    Discrete Jitter          (DJ):    0.119ns
    Phase Error              (PE):    0.000ns

    Location             Delay type                Incr(ns)  Path(ns)    Netlist Resource(s)
  -------------------------------------------------------------------    -------------------
                         (clock atomik_clk rise edge)
                                                      0.000     0.000 r  
                         clock source latency         2.194     2.194    
                         propagated clock network latency
                                                      3.067     5.261    
    SLICE_X43Y86         FDRE                         0.000     5.261 r  u_top/u_atomik/banks[207].bank_acc_reg[207][51]/C
    SLICE_X43Y86         FDRE (Prop_fdre_C_Q)         0.379     5.640 f  u_top/u_atomik/banks[207].bank_acc_reg[207][51]/Q
                         net (fo=3, routed)           0.951     6.591    u_top/u_atomik/banks[207].bank_acc_reg[207][63]_0[51]
    SLICE_X40Y87         LUT6 (Prop_lut6_I1_O)        0.105     6.696 r  u_top/u_atomik/core_resp_acc_zero_i_2496/O
                         net (fo=1, routed)           0.895     7.590    u_top/u_atomik/core_resp_acc_zero_i_2496_n_0
    SLICE_X38Y86         LUT6 (Prop_lut6_I0_O)        0.105     7.695 r  u_top/u_atomik/core_resp_acc_zero_i_1405/O
                         net (fo=1, routed)           1.327     9.022    u_top/u_atomik/core_resp_acc_zero_i_1405_n_0
    SLICE_X55Y77         LUT6 (Prop_lut6_I1_O)        0.105     9.127 r  u_top/u_atomik/core_resp_acc_zero_i_395/O
                         net (fo=1, routed)           0.246     9.373    u_top/u_atomik/core_resp_acc_zero_i_395_n_0
    SLICE_X56Y77         LUT6 (Prop_lut6_I3_O)        0.105     9.478 f  u_top/u_atomik/core_resp_acc_zero_i_98/O
                         net (fo=1, routed)           1.049    10.527    u_top/u_atomik/p_256_in[51]
    SLICE_X58Y53         LUT6 (Prop_lut6_I5_O)        0.105    10.632 f  u_top/u_atomik/core_resp_acc_zero_i_31/O
                         net (fo=1, routed)           0.797    11.429    u_top/u_atomik/core_resp_acc_zero_i_31_n_0
    SLICE_X64Y52         LUT6 (Prop_lut6_I3_O)        0.105    11.534 f  u_top/u_atomik/core_resp_acc_zero_i_6/O
                         net (fo=1, routed)           0.454    11.988    u_top/u_atomik/core_resp_acc_zero_i_6_n_0
    SLICE_X67Y53         LUT6 (Prop_lut6_I4_O)        0.105    12.093 r  u_top/u_atomik/core_resp_acc_zero_i_1/O
                         net (fo=1, routed)           0.000    12.093    u_top/u_cdc/acc_zero
    SLICE_X67Y53         FDCE                                         r  u_top/u_cdc/core_resp_acc_zero_reg/D
  -------------------------------------------------------------------    -------------------

                         (clock atomik_clk rise edge)
                                                      6.625     6.625 r  
                         clock source latency         1.951     8.576    
                         propagated clock network latency
                                                      2.821    11.397    
                         clock pessimism              0.405    11.802    
                         clock uncertainty           -0.069    11.732    
    SLICE_X67Y53         FDCE (Setup_fdce_C_D)        0.030    11.762    u_top/u_cdc/core_resp_acc_zero_reg
  -------------------------------------------------------------------
                         required time                         11.762    
                         arrival time                         -12.093    
  -------------------------------------------------------------------
                         slack                                 -0.331    

Slack (VIOLATED) :        -0.331ns  (required time - arrival time)
  Source:                 u_top/u_atomik/banks[207].bank_acc_reg[207][51]/C
                            (rising edge-triggered cell FDRE clocked by atomik_clk  {rise@0.000ns fall@3.312ns period=6.625ns})
  Destination:            u_top/u_cdc/core_resp_acc_zero_reg/D
                            (rising edge-triggered cell FDCE clocked by atomik_clk  {rise@0.000ns fall@3.312ns period=6.625ns})
  Path Group:             atomik_clk
  Path Type:              Setup (Max at Slow Process Corner)
  Requirement:            6.625ns  (atomik_clk rise@6.625ns - atomik_clk rise@0.000ns)
  Data Path Delay:        6.833ns  (logic 1.114ns (16.304%)  route 5.719ns (83.696%))
  Logic Levels:           7  (LUT6=7)
  Clock Path Skew:        -0.084ns (DCD - SCD + CPR)
    Destination Clock Delay (DCD):    4.772ns = ( 11.397 - 6.625 ) 
    Source Clock Delay      (SCD):    5.261ns
    Clock Pessimism Removal (CPR):    0.405ns
  Clock Uncertainty:      0.069ns  ((TSJ^2 + DJ^2)^1/2) / 2 + PE
    Total System Jitter     (TSJ):    0.071ns
    Discrete Jitter          (DJ):    0.119ns
    Phase Error              (PE):    0.000ns

    Location             Delay type                Incr(ns)  Path(ns)    Netlist Resource(s)
  -------------------------------------------------------------------    -------------------
                         (clock atomik_clk rise edge)
                                                      0.000     0.000 r  
                         clock source latency         2.194     2.194    
                         propagated clock network latency
                                                      3.067     5.261    
    SLICE_X43Y86         FDRE                         0.000     5.261 r  u_top/u_atomik/banks[207].bank_acc_reg[207][51]/C
    SLICE_X43Y86         FDRE (Prop_fdre_C_Q)         0.379     5.640 r  u_top/u_atomik/banks[207].bank_acc_reg[207][51]/Q
                         net (fo=3, routed)           0.951     6.591    u_top/u_atomik/banks[207].bank_acc_reg[207][63]_0[51]
    SLICE_X40Y87         LUT6 (Prop_lut6_I1_O)        0.105     6.696 f  u_top/u_atomik/core_resp_acc_zero_i_2496/O
                         net (fo=1, routed)           0.895     7.590    u_top/u_atomik/core_resp_acc_zero_i_2496_n_0
    SLICE_X38Y86         LUT6 (Prop_lut6_I0_O)        0.105     7.695 r  u_top/u_atomik/core_resp_acc_zero_i_1405/O
                         net (fo=1, routed)           1.327     9.022    u_top/u_atomik/core_resp_acc_zero_i_1405_n_0
    SLICE_X55Y77         LUT6 (Prop_lut6_I1_O)        0.105     9.127 r  u_top/u_atomik/core_resp_acc_zero_i_395/O
                         net (fo=1, routed)           0.246     9.373    u_top/u_atomik/core_resp_acc_zero_i_395_n_0
    SLICE_X56Y77         LUT6 (Prop_lut6_I3_O)        0.105     9.478 f  u_top/u_atomik/core_resp_acc_zero_i_98/O
                         net (fo=1, routed)           1.049    10.527    u_top/u_atomik/p_256_in[51]
    SLICE_X58Y53         LUT6 (Prop_lut6_I5_O)        0.105    10.632 f  u_top/u_atomik/core_resp_acc_zero_i_31/O
                         net (fo=1, routed)           0.797    11.429    u_top/u_atomik/core_resp_acc_zero_i_31_n_0
    SLICE_X64Y52         LUT6 (Prop_lut6_I3_O)        0.105    11.534 f  u_top/u_atomik/core_resp_acc_zero_i_6/O
                         net (fo=1, routed)           0.454    11.988    u_top/u_atomik/core_resp_acc_zero_i_6_n_0
    SLICE_X67Y53         LUT6 (Prop_lut6_I4_O)        0.105    12.093 r  u_top/u_atomik/core_resp_acc_zero_i_1/O
                         net (fo=1, routed)           0.000    12.093    u_top/u_cdc/acc_zero
    SLICE_X67Y53         FDCE                                         r  u_top/u_cdc/core_resp_acc_zero_reg/D
  -------------------------------------------------------------------    -------------------

                         (clock atomik_clk rise edge)
                                                      6.625     6.625 r  
                         clock source latency         1.951     8.576    
                         propagated clock network latency
                                                      2.821    11.397    
                         clock pessimism              0.405    11.802    
                         clock uncertainty           -0.069    11.732    
    SLICE_X67Y53         FDCE (Setup_fdce_C_D)        0.030    11.762    u_top/u_cdc/core_resp_acc_zero_reg
  -------------------------------------------------------------------
                         required time                         11.762    
                         arrival time                         -12.093    
  -------------------------------------------------------------------
                         slack                                 -0.331    

Slack (VIOLATED) :        -0.331ns  (required time - arrival time)
  Source:                 u_top/u_atomik/banks[207].bank_acc_reg[207][51]/C
                            (rising edge-triggered cell FDRE clocked by atomik_clk  {rise@0.000ns fall@3.312ns period=6.625ns})
  Destination:            u_top/u_cdc/core_resp_acc_zero_reg/D
                            (rising edge-triggered cell FDCE clocked by atomik_clk  {rise@0.000ns fall@3.312ns period=6.625ns})
  Path Group:             atomik_clk
  Path Type:              Setup (Max at Slow Process Corner)
  Requirement:            6.625ns  (atomik_clk rise@6.625ns - atomik_clk rise@0.000ns)
  Data Path Delay:        6.833ns  (logic 1.114ns (16.304%)  route 5.719ns (83.696%))
  Logic Levels:           7  (LUT6=7)
  Clock Path Skew:        -0.084ns (DCD - SCD + CPR)
    Destination Clock Delay (DCD):    4.772ns = ( 11.397 - 6.625 ) 
    Source Clock Delay      (SCD):    5.261ns
    Clock Pessimism Removal (CPR):    0.405ns
  Clock Uncertainty:      0.069ns  ((TSJ^2 + DJ^2)^1/2) / 2 + PE
    Total System Jitter     (TSJ):    0.071ns
    Discrete Jitter          (DJ):    0.119ns
    Phase Error              (PE):    0.000ns

    Location             Delay type                Incr(ns)  Path(ns)    Netlist Resource(s)
  -------------------------------------------------------------------    -------------------
                         (clock atomik_clk rise edge)
                                                      0.000     0.000 r  
                         clock source latency         2.194     2.194    
                         propagated clock network latency
                                                      3.067     5.261    
    SLICE_X43Y86         FDRE                         0.000     5.261 r  u_top/u_atomik/banks[207].bank_acc_reg[207][51]/C
    SLICE_X43Y86         FDRE (Prop_fdre_C_Q)         0.379     5.640 r  u_top/u_atomik/banks[207].bank_acc_reg[207][51]/Q
                         net (fo=3, routed)           0.951     6.591    u_top/u_atomik/banks[207].bank_acc_reg[207][63]_0[51]
    SLICE_X40Y87         LUT6 (Prop_lut6_I1_O)        0.105     6.696 r  u_top/u_atomik/core_resp_acc_zero_i_2496/O
                         net (fo=1, routed)           0.895     7.590    u_top/u_atomik/core_resp_acc_zero_i_2496_n_0
    SLICE_X38Y86         LUT6 (Prop_lut6_I0_O)        0.105     7.695 r  u_top/u_atomik/core_resp_acc_zero_i_1405/O
                         net (fo=1, routed)           1.327     9.022    u_top/u_atomik/core_resp_acc_zero_i_1405_n_0
    SLICE_X55Y77         LUT6 (Prop_lut6_I1_O)        0.105     9.127 f  u_top/u_atomik/core_resp_acc_zero_i_395/O
                         net (fo=1, routed)           0.246     9.373    u_top/u_atomik/core_resp_acc_zero_i_395_n_0
    SLICE_X56Y77         LUT6 (Prop_lut6_I3_O)        0.105     9.478 f  u_top/u_atomik/core_resp_acc_zero_i_98/O
                         net (fo=1, routed)           1.049    10.527    u_top/u_atomik/p_256_in[51]
    SLICE_X58Y53         LUT6 (Prop_lut6_I5_O)        0.105    10.632 f  u_top/u_atomik/core_resp_acc_zero_i_31/O
                         net (fo=1, routed)           0.797    11.429    u_top/u_atomik/core_resp_acc_zero_i_31_n_0
    SLICE_X64Y52         LUT6 (Prop_lut6_I3_O)        0.105    11.534 f  u_top/u_atomik/core_resp_acc_zero_i_6/O
                         net (fo=1, routed)           0.454    11.988    u_top/u_atomik/core_resp_acc_zero_i_6_n_0
    SLICE_X67Y53         LUT6 (Prop_lut6_I4_O)        0.105    12.093 r  u_top/u_atomik/core_resp_acc_zero_i_1/O
                         net (fo=1, routed)           0.000    12.093    u_top/u_cdc/acc_zero
    SLICE_X67Y53         FDCE                                         r  u_top/u_cdc/core_resp_acc_zero_reg/D
  -------------------------------------------------------------------    -------------------

                         (clock atomik_clk rise edge)
                                                      6.625     6.625 r  
                         clock source latency         1.951     8.576    
                         propagated clock network latency
                                                      2.821    11.397    
                         clock pessimism              0.405    11.802    
                         clock uncertainty           -0.069    11.732    
    SLICE_X67Y53         FDCE (Setup_fdce_C_D)        0.030    11.762    u_top/u_cdc/core_resp_acc_zero_reg
  -------------------------------------------------------------------
                         required time                         11.762    
                         arrival time                         -12.093    
  -------------------------------------------------------------------
                         slack                                 -0.331    

Slack (VIOLATED) :        -0.331ns  (required time - arrival time)
  Source:                 u_top/u_atomik/banks[207].bank_acc_reg[207][51]/C
                            (rising edge-triggered cell FDRE clocked by atomik_clk  {rise@0.000ns fall@3.312ns period=6.625ns})
  Destination:            u_top/u_cdc/core_resp_acc_zero_reg/D
                            (rising edge-triggered cell FDCE clocked by atomik_clk  {rise@0.000ns fall@3.312ns period=6.625ns})
  Path Group:             atomik_clk
  Path Type:              Setup (Max at Slow Process Corner)
  Requirement:            6.625ns  (atomik_clk rise@6.625ns - atomik_clk rise@0.000ns)
  Data Path Delay:        6.833ns  (logic 1.114ns (16.304%)  route 5.719ns (83.696%))
  Logic Levels:           7  (LUT6=7)
  Clock Path Skew:        -0.084ns (DCD - SCD + CPR)
    Destination Clock Delay (DCD):    4.772ns = ( 11.397 - 6.625 ) 
    Source Clock Delay      (SCD):    5.261ns
    Clock Pessimism Removal (CPR):    0.405ns
  Clock Uncertainty:      0.069ns  ((TSJ^2 + DJ^2)^1/2) / 2 + PE
    Total System Jitter     (TSJ):    0.071ns
    Discrete Jitter          (DJ):    0.119ns
    Phase Error              (PE):    0.000ns

    Location             Delay type                Incr(ns)  Path(ns)    Netlist Resource(s)
  -------------------------------------------------------------------    -------------------
                         (clock atomik_clk rise edge)
                                                      0.000     0.000 r  
                         clock source latency         2.194     2.194    
                         propagated clock network latency
                                                      3.067     5.261    
    SLICE_X43Y86         FDRE                         0.000     5.261 r  u_top/u_atomik/banks[207].bank_acc_reg[207][51]/C
    SLICE_X43Y86         FDRE (Prop_fdre_C_Q)         0.379     5.640 f  u_top/u_atomik/banks[207].bank_acc_reg[207][51]/Q
                         net (fo=3, routed)           0.951     6.591    u_top/u_atomik/banks[207].bank_acc_reg[207][63]_0[51]
    SLICE_X40Y87         LUT6 (Prop_lut6_I1_O)        0.105     6.696 r  u_top/u_atomik/core_resp_acc_zero_i_2496/O
                         net (fo=1, routed)           0.895     7.590    u_top/u_atomik/core_resp_acc_zero_i_2496_n_0
    SLICE_X38Y86         LUT6 (Prop_lut6_I0_O)        0.105     7.695 r  u_top/u_atomik/core_resp_acc_zero_i_1405/O
                         net (fo=1, routed)           1.327     9.022    u_top/u_atomik/core_resp_acc_zero_i_1405_n_0
    SLICE_X55Y77         LUT6 (Prop_lut6_I1_O)        0.105     9.127 f  u_top/u_atomik/core_resp_acc_zero_i_395/O
                         net (fo=1, routed)           0.246     9.373    u_top/u_atomik/core_resp_acc_zero_i_395_n_0
    SLICE_X56Y77         LUT6 (Prop_lut6_I3_O)        0.105     9.478 f  u_top/u_atomik/core_resp_acc_zero_i_98/O
                         net (fo=1, routed)           1.049    10.527    u_top/u_atomik/p_256_in[51]
    SLICE_X58Y53         LUT6 (Prop_lut6_I5_O)        0.105    10.632 f  u_top/u_atomik/core_resp_acc_zero_i_31/O
                         net (fo=1, routed)           0.797    11.429    u_top/u_atomik/core_resp_acc_zero_i_31_n_0
    SLICE_X64Y52         LUT6 (Prop_lut6_I3_O)        0.105    11.534 f  u_top/u_atomik/core_resp_acc_zero_i_6/O
                         net (fo=1, routed)           0.454    11.988    u_top/u_atomik/core_resp_acc_zero_i_6_n_0
    SLICE_X67Y53         LUT6 (Prop_lut6_I4_O)        0.105    12.093 r  u_top/u_atomik/core_resp_acc_zero_i_1/O
                         net (fo=1, routed)           0.000    12.093    u_top/u_cdc/acc_zero
    SLICE_X67Y53         FDCE                                         r  u_top/u_cdc/core_resp_acc_zero_reg/D
  -------------------------------------------------------------------    -------------------

                         (clock atomik_clk rise edge)
                                                      6.625     6.625 r  
                         clock source latency         1.951     8.576    
                         propagated clock network latency
                                                      2.821    11.397    
                         clock pessimism              0.405    11.802    
                         clock uncertainty           -0.069    11.732    
    SLICE_X67Y53         FDCE (Setup_fdce_C_D)        0.030    11.762    u_top/u_cdc/core_resp_acc_zero_reg
  -------------------------------------------------------------------
                         required time                         11.762    
                         arrival time                         -12.093    
  -------------------------------------------------------------------
                         slack                                 -0.331    




