Copyright 1986-2022 Xilinx, Inc. All Rights Reserved. Copyright 2022-2025 Advanced Micro Devices, Inc. All Rights Reserved.
------------------------------------------------------------------------------------------------------------------------------------------------------------
| Tool Version : Vivado v.2025.2 (lin64) Build 6299465 Fri Nov 14 12:34:56 MST 2025
| Date         : Fri Mar 13 15:24:28 2026
| Host         : Jarvis running 64-bit Ubuntu 24.04.4 LTS
| Command      : report_timing -nworst 5 -path_type full -file /home/mattrock/Projects/ATOMiK/hardware/zynq/sweep/reports/crit_path_N64_F210p5_baseline.rpt
| Design       : sweep_top_N64_F210p5_baseline
| Device       : 7z020-clg400
| Speed File   : -2  PRODUCTION 1.12 2019-11-22
| Design State : Routed
------------------------------------------------------------------------------------------------------------------------------------------------------------

Timing Report

Slack (VIOLATED) :        -0.193ns  (required time - arrival time)
  Source:                 u_top/u_atomik/banks[10].bank_acc_reg[10][18]/C
                            (rising edge-triggered cell FDRE clocked by atomik_clk  {rise@0.000ns fall@2.375ns period=4.750ns})
  Destination:            u_top/u_cdc/core_resp_acc_zero_reg/D
                            (rising edge-triggered cell FDCE clocked by atomik_clk  {rise@0.000ns fall@2.375ns period=4.750ns})
  Path Group:             atomik_clk
  Path Type:              Setup (Max at Slow Process Corner)
  Requirement:            4.750ns  (atomik_clk rise@4.750ns - atomik_clk rise@0.000ns)
  Data Path Delay:        4.890ns  (logic 1.063ns (21.736%)  route 3.827ns (78.264%))
  Logic Levels:           6  (LUT4=2 LUT6=4)
  Clock Path Skew:        -0.016ns (DCD - SCD + CPR)
    Destination Clock Delay (DCD):    4.978ns = ( 9.728 - 4.750 ) 
    Source Clock Delay      (SCD):    5.498ns
    Clock Pessimism Removal (CPR):    0.504ns
  Clock Uncertainty:      0.066ns  ((TSJ^2 + DJ^2)^1/2) / 2 + PE
    Total System Jitter     (TSJ):    0.071ns
    Discrete Jitter          (DJ):    0.112ns
    Phase Error              (PE):    0.000ns

    Location             Delay type                Incr(ns)  Path(ns)    Netlist Resource(s)
  -------------------------------------------------------------------    -------------------
                         (clock atomik_clk rise edge)
                                                      0.000     0.000 r  
                         clock source latency         2.194     2.194    
                         propagated clock network latency
                                                      3.304     5.498    
    SLICE_X86Y102        FDRE                         0.000     5.498 r  u_top/u_atomik/banks[10].bank_acc_reg[10][18]/C
    SLICE_X86Y102        FDRE (Prop_fdre_C_Q)         0.433     5.931 r  u_top/u_atomik/banks[10].bank_acc_reg[10][18]/Q
                         net (fo=2, routed)           0.708     6.638    u_top/u_atomik/banks[10].bank_acc_reg[10][63]_0[18]
    SLICE_X86Y105        LUT4 (Prop_lut4_I2_O)        0.105     6.743 r  u_top/u_atomik/swap_data[18]_i_14/O
                         net (fo=1, routed)           0.848     7.591    u_top/u_atomik/swap_data[18]_i_14_n_0
    SLICE_X90Y107        LUT4 (Prop_lut4_I1_O)        0.105     7.696 r  u_top/u_atomik/swap_data[18]_i_7/O
                         net (fo=1, routed)           0.643     8.339    u_top/u_atomik/swap_data[18]_i_7_n_0
    SLICE_X90Y108        LUT6 (Prop_lut6_I4_O)        0.105     8.444 f  u_top/u_atomik/swap_data[18]_i_2/O
                         net (fo=2, routed)           0.846     9.290    u_top/u_atomik/p_64_in[18]
    SLICE_X95Y115        LUT6 (Prop_lut6_I0_O)        0.105     9.395 r  u_top/u_atomik/core_resp_acc_zero_i_12/O
                         net (fo=1, routed)           0.667    10.062    u_top/u_atomik/core_resp_acc_zero_i_12_n_0
    SLICE_X97Y116        LUT6 (Prop_lut6_I4_O)        0.105    10.167 r  u_top/u_atomik/core_resp_acc_zero_i_5/O
                         net (fo=1, routed)           0.116    10.283    u_top/u_atomik/core_resp_acc_zero_i_5_n_0
    SLICE_X97Y116        LUT6 (Prop_lut6_I3_O)        0.105    10.388 r  u_top/u_atomik/core_resp_acc_zero_i_1_comp/O
                         net (fo=1, routed)           0.000    10.388    u_top/u_cdc/acc_zero
    SLICE_X97Y116        FDCE                                         r  u_top/u_cdc/core_resp_acc_zero_reg/D
  -------------------------------------------------------------------    -------------------

                         (clock atomik_clk rise edge)
                                                      4.750     4.750 r  
                         clock source latency         1.951     6.701    
                         propagated clock network latency
                                                      3.026     9.728    
                         clock pessimism              0.504    10.232    
                         clock uncertainty           -0.066    10.165    
    SLICE_X97Y116        FDCE (Setup_fdce_C_D)        0.030    10.195    u_top/u_cdc/core_resp_acc_zero_reg
  -------------------------------------------------------------------
                         required time                         10.195    
                         arrival time                         -10.388    
  -------------------------------------------------------------------
                         slack                                 -0.193    

Slack (VIOLATED) :        -0.193ns  (required time - arrival time)
  Source:                 u_top/u_atomik/banks[10].bank_acc_reg[10][18]/C
                            (rising edge-triggered cell FDRE clocked by atomik_clk  {rise@0.000ns fall@2.375ns period=4.750ns})
  Destination:            u_top/u_cdc/core_resp_acc_zero_reg/D
                            (rising edge-triggered cell FDCE clocked by atomik_clk  {rise@0.000ns fall@2.375ns period=4.750ns})
  Path Group:             atomik_clk
  Path Type:              Setup (Max at Slow Process Corner)
  Requirement:            4.750ns  (atomik_clk rise@4.750ns - atomik_clk rise@0.000ns)
  Data Path Delay:        4.890ns  (logic 1.063ns (21.736%)  route 3.827ns (78.264%))
  Logic Levels:           6  (LUT4=2 LUT6=4)
  Clock Path Skew:        -0.016ns (DCD - SCD + CPR)
    Destination Clock Delay (DCD):    4.978ns = ( 9.728 - 4.750 ) 
    Source Clock Delay      (SCD):    5.498ns
    Clock Pessimism Removal (CPR):    0.504ns
  Clock Uncertainty:      0.066ns  ((TSJ^2 + DJ^2)^1/2) / 2 + PE
    Total System Jitter     (TSJ):    0.071ns
    Discrete Jitter          (DJ):    0.112ns
    Phase Error              (PE):    0.000ns

    Location             Delay type                Incr(ns)  Path(ns)    Netlist Resource(s)
  -------------------------------------------------------------------    -------------------
                         (clock atomik_clk rise edge)
                                                      0.000     0.000 r  
                         clock source latency         2.194     2.194    
                         propagated clock network latency
                                                      3.304     5.498    
    SLICE_X86Y102        FDRE                         0.000     5.498 r  u_top/u_atomik/banks[10].bank_acc_reg[10][18]/C
    SLICE_X86Y102        FDRE (Prop_fdre_C_Q)         0.433     5.931 f  u_top/u_atomik/banks[10].bank_acc_reg[10][18]/Q
                         net (fo=2, routed)           0.708     6.638    u_top/u_atomik/banks[10].bank_acc_reg[10][63]_0[18]
    SLICE_X86Y105        LUT4 (Prop_lut4_I2_O)        0.105     6.743 r  u_top/u_atomik/swap_data[18]_i_14/O
                         net (fo=1, routed)           0.848     7.591    u_top/u_atomik/swap_data[18]_i_14_n_0
    SLICE_X90Y107        LUT4 (Prop_lut4_I1_O)        0.105     7.696 r  u_top/u_atomik/swap_data[18]_i_7/O
                         net (fo=1, routed)           0.643     8.339    u_top/u_atomik/swap_data[18]_i_7_n_0
    SLICE_X90Y108        LUT6 (Prop_lut6_I4_O)        0.105     8.444 f  u_top/u_atomik/swap_data[18]_i_2/O
                         net (fo=2, routed)           0.846     9.290    u_top/u_atomik/p_64_in[18]
    SLICE_X95Y115        LUT6 (Prop_lut6_I0_O)        0.105     9.395 r  u_top/u_atomik/core_resp_acc_zero_i_12/O
                         net (fo=1, routed)           0.667    10.062    u_top/u_atomik/core_resp_acc_zero_i_12_n_0
    SLICE_X97Y116        LUT6 (Prop_lut6_I4_O)        0.105    10.167 r  u_top/u_atomik/core_resp_acc_zero_i_5/O
                         net (fo=1, routed)           0.116    10.283    u_top/u_atomik/core_resp_acc_zero_i_5_n_0
    SLICE_X97Y116        LUT6 (Prop_lut6_I3_O)        0.105    10.388 r  u_top/u_atomik/core_resp_acc_zero_i_1_comp/O
                         net (fo=1, routed)           0.000    10.388    u_top/u_cdc/acc_zero
    SLICE_X97Y116        FDCE                                         r  u_top/u_cdc/core_resp_acc_zero_reg/D
  -------------------------------------------------------------------    -------------------

                         (clock atomik_clk rise edge)
                                                      4.750     4.750 r  
                         clock source latency         1.951     6.701    
                         propagated clock network latency
                                                      3.026     9.728    
                         clock pessimism              0.504    10.232    
                         clock uncertainty           -0.066    10.165    
    SLICE_X97Y116        FDCE (Setup_fdce_C_D)        0.030    10.195    u_top/u_cdc/core_resp_acc_zero_reg
  -------------------------------------------------------------------
                         required time                         10.195    
                         arrival time                         -10.388    
  -------------------------------------------------------------------
                         slack                                 -0.193    

Slack (VIOLATED) :        -0.193ns  (required time - arrival time)
  Source:                 u_top/u_atomik/banks[10].bank_acc_reg[10][18]/C
                            (rising edge-triggered cell FDRE clocked by atomik_clk  {rise@0.000ns fall@2.375ns period=4.750ns})
  Destination:            u_top/u_cdc/core_resp_acc_zero_reg/D
                            (rising edge-triggered cell FDCE clocked by atomik_clk  {rise@0.000ns fall@2.375ns period=4.750ns})
  Path Group:             atomik_clk
  Path Type:              Setup (Max at Slow Process Corner)
  Requirement:            4.750ns  (atomik_clk rise@4.750ns - atomik_clk rise@0.000ns)
  Data Path Delay:        4.890ns  (logic 1.063ns (21.736%)  route 3.827ns (78.264%))
  Logic Levels:           6  (LUT4=2 LUT6=4)
  Clock Path Skew:        -0.016ns (DCD - SCD + CPR)
    Destination Clock Delay (DCD):    4.978ns = ( 9.728 - 4.750 ) 
    Source Clock Delay      (SCD):    5.498ns
    Clock Pessimism Removal (CPR):    0.504ns
  Clock Uncertainty:      0.066ns  ((TSJ^2 + DJ^2)^1/2) / 2 + PE
    Total System Jitter     (TSJ):    0.071ns
    Discrete Jitter          (DJ):    0.112ns
    Phase Error              (PE):    0.000ns

    Location             Delay type                Incr(ns)  Path(ns)    Netlist Resource(s)
  -------------------------------------------------------------------    -------------------
                         (clock atomik_clk rise edge)
                                                      0.000     0.000 r  
                         clock source latency         2.194     2.194    
                         propagated clock network latency
                                                      3.304     5.498    
    SLICE_X86Y102        FDRE                         0.000     5.498 r  u_top/u_atomik/banks[10].bank_acc_reg[10][18]/C
    SLICE_X86Y102        FDRE (Prop_fdre_C_Q)         0.433     5.931 r  u_top/u_atomik/banks[10].bank_acc_reg[10][18]/Q
                         net (fo=2, routed)           0.708     6.638    u_top/u_atomik/banks[10].bank_acc_reg[10][63]_0[18]
    SLICE_X86Y105        LUT4 (Prop_lut4_I2_O)        0.105     6.743 r  u_top/u_atomik/swap_data[18]_i_14/O
                         net (fo=1, routed)           0.848     7.591    u_top/u_atomik/swap_data[18]_i_14_n_0
    SLICE_X90Y107        LUT4 (Prop_lut4_I1_O)        0.105     7.696 f  u_top/u_atomik/swap_data[18]_i_7/O
                         net (fo=1, routed)           0.643     8.339    u_top/u_atomik/swap_data[18]_i_7_n_0
    SLICE_X90Y108        LUT6 (Prop_lut6_I4_O)        0.105     8.444 f  u_top/u_atomik/swap_data[18]_i_2/O
                         net (fo=2, routed)           0.846     9.290    u_top/u_atomik/p_64_in[18]
    SLICE_X95Y115        LUT6 (Prop_lut6_I0_O)        0.105     9.395 r  u_top/u_atomik/core_resp_acc_zero_i_12/O
                         net (fo=1, routed)           0.667    10.062    u_top/u_atomik/core_resp_acc_zero_i_12_n_0
    SLICE_X97Y116        LUT6 (Prop_lut6_I4_O)        0.105    10.167 r  u_top/u_atomik/core_resp_acc_zero_i_5/O
                         net (fo=1, routed)           0.116    10.283    u_top/u_atomik/core_resp_acc_zero_i_5_n_0
    SLICE_X97Y116        LUT6 (Prop_lut6_I3_O)        0.105    10.388 r  u_top/u_atomik/core_resp_acc_zero_i_1_comp/O
                         net (fo=1, routed)           0.000    10.388    u_top/u_cdc/acc_zero
    SLICE_X97Y116        FDCE                                         r  u_top/u_cdc/core_resp_acc_zero_reg/D
  -------------------------------------------------------------------    -------------------

                         (clock atomik_clk rise edge)
                                                      4.750     4.750 r  
                         clock source latency         1.951     6.701    
                         propagated clock network latency
                                                      3.026     9.728    
                         clock pessimism              0.504    10.232    
                         clock uncertainty           -0.066    10.165    
    SLICE_X97Y116        FDCE (Setup_fdce_C_D)        0.030    10.195    u_top/u_cdc/core_resp_acc_zero_reg
  -------------------------------------------------------------------
                         required time                         10.195    
                         arrival time                         -10.388    
  -------------------------------------------------------------------
                         slack                                 -0.193    

Slack (VIOLATED) :        -0.193ns  (required time - arrival time)
  Source:                 u_top/u_atomik/banks[10].bank_acc_reg[10][18]/C
                            (rising edge-triggered cell FDRE clocked by atomik_clk  {rise@0.000ns fall@2.375ns period=4.750ns})
  Destination:            u_top/u_cdc/core_resp_acc_zero_reg/D
                            (rising edge-triggered cell FDCE clocked by atomik_clk  {rise@0.000ns fall@2.375ns period=4.750ns})
  Path Group:             atomik_clk
  Path Type:              Setup (Max at Slow Process Corner)
  Requirement:            4.750ns  (atomik_clk rise@4.750ns - atomik_clk rise@0.000ns)
  Data Path Delay:        4.890ns  (logic 1.063ns (21.736%)  route 3.827ns (78.264%))
  Logic Levels:           6  (LUT4=2 LUT6=4)
  Clock Path Skew:        -0.016ns (DCD - SCD + CPR)
    Destination Clock Delay (DCD):    4.978ns = ( 9.728 - 4.750 ) 
    Source Clock Delay      (SCD):    5.498ns
    Clock Pessimism Removal (CPR):    0.504ns
  Clock Uncertainty:      0.066ns  ((TSJ^2 + DJ^2)^1/2) / 2 + PE
    Total System Jitter     (TSJ):    0.071ns
    Discrete Jitter          (DJ):    0.112ns
    Phase Error              (PE):    0.000ns

    Location             Delay type                Incr(ns)  Path(ns)    Netlist Resource(s)
  -------------------------------------------------------------------    -------------------
                         (clock atomik_clk rise edge)
                                                      0.000     0.000 r  
                         clock source latency         2.194     2.194    
                         propagated clock network latency
                                                      3.304     5.498    
    SLICE_X86Y102        FDRE                         0.000     5.498 r  u_top/u_atomik/banks[10].bank_acc_reg[10][18]/C
    SLICE_X86Y102        FDRE (Prop_fdre_C_Q)         0.433     5.931 f  u_top/u_atomik/banks[10].bank_acc_reg[10][18]/Q
                         net (fo=2, routed)           0.708     6.638    u_top/u_atomik/banks[10].bank_acc_reg[10][63]_0[18]
    SLICE_X86Y105        LUT4 (Prop_lut4_I2_O)        0.105     6.743 r  u_top/u_atomik/swap_data[18]_i_14/O
                         net (fo=1, routed)           0.848     7.591    u_top/u_atomik/swap_data[18]_i_14_n_0
    SLICE_X90Y107        LUT4 (Prop_lut4_I1_O)        0.105     7.696 f  u_top/u_atomik/swap_data[18]_i_7/O
                         net (fo=1, routed)           0.643     8.339    u_top/u_atomik/swap_data[18]_i_7_n_0
    SLICE_X90Y108        LUT6 (Prop_lut6_I4_O)        0.105     8.444 f  u_top/u_atomik/swap_data[18]_i_2/O
                         net (fo=2, routed)           0.846     9.290    u_top/u_atomik/p_64_in[18]
    SLICE_X95Y115        LUT6 (Prop_lut6_I0_O)        0.105     9.395 r  u_top/u_atomik/core_resp_acc_zero_i_12/O
                         net (fo=1, routed)           0.667    10.062    u_top/u_atomik/core_resp_acc_zero_i_12_n_0
    SLICE_X97Y116        LUT6 (Prop_lut6_I4_O)        0.105    10.167 r  u_top/u_atomik/core_resp_acc_zero_i_5/O
                         net (fo=1, routed)           0.116    10.283    u_top/u_atomik/core_resp_acc_zero_i_5_n_0
    SLICE_X97Y116        LUT6 (Prop_lut6_I3_O)        0.105    10.388 r  u_top/u_atomik/core_resp_acc_zero_i_1_comp/O
                         net (fo=1, routed)           0.000    10.388    u_top/u_cdc/acc_zero
    SLICE_X97Y116        FDCE                                         r  u_top/u_cdc/core_resp_acc_zero_reg/D
  -------------------------------------------------------------------    -------------------

                         (clock atomik_clk rise edge)
                                                      4.750     4.750 r  
                         clock source latency         1.951     6.701    
                         propagated clock network latency
                                                      3.026     9.728    
                         clock pessimism              0.504    10.232    
                         clock uncertainty           -0.066    10.165    
    SLICE_X97Y116        FDCE (Setup_fdce_C_D)        0.030    10.195    u_top/u_cdc/core_resp_acc_zero_reg
  -------------------------------------------------------------------
                         required time                         10.195    
                         arrival time                         -10.388    
  -------------------------------------------------------------------
                         slack                                 -0.193    

Slack (VIOLATED) :        -0.193ns  (required time - arrival time)
  Source:                 u_top/u_atomik/banks[10].bank_acc_reg[10][18]/C
                            (rising edge-triggered cell FDRE clocked by atomik_clk  {rise@0.000ns fall@2.375ns period=4.750ns})
  Destination:            u_top/u_cdc/core_resp_acc_zero_reg/D
                            (rising edge-triggered cell FDCE clocked by atomik_clk  {rise@0.000ns fall@2.375ns period=4.750ns})
  Path Group:             atomik_clk
  Path Type:              Setup (Max at Slow Process Corner)
  Requirement:            4.750ns  (atomik_clk rise@4.750ns - atomik_clk rise@0.000ns)
  Data Path Delay:        4.890ns  (logic 1.063ns (21.736%)  route 3.827ns (78.264%))
  Logic Levels:           6  (LUT4=2 LUT6=4)
  Clock Path Skew:        -0.016ns (DCD - SCD + CPR)
    Destination Clock Delay (DCD):    4.978ns = ( 9.728 - 4.750 ) 
    Source Clock Delay      (SCD):    5.498ns
    Clock Pessimism Removal (CPR):    0.504ns
  Clock Uncertainty:      0.066ns  ((TSJ^2 + DJ^2)^1/2) / 2 + PE
    Total System Jitter     (TSJ):    0.071ns
    Discrete Jitter          (DJ):    0.112ns
    Phase Error              (PE):    0.000ns

    Location             Delay type                Incr(ns)  Path(ns)    Netlist Resource(s)
  -------------------------------------------------------------------    -------------------
                         (clock atomik_clk rise edge)
                                                      0.000     0.000 r  
                         clock source latency         2.194     2.194    
                         propagated clock network latency
                                                      3.304     5.498    
    SLICE_X86Y102        FDRE                         0.000     5.498 r  u_top/u_atomik/banks[10].bank_acc_reg[10][18]/C
    SLICE_X86Y102        FDRE (Prop_fdre_C_Q)         0.433     5.931 r  u_top/u_atomik/banks[10].bank_acc_reg[10][18]/Q
                         net (fo=2, routed)           0.708     6.638    u_top/u_atomik/banks[10].bank_acc_reg[10][63]_0[18]
    SLICE_X86Y105        LUT4 (Prop_lut4_I2_O)        0.105     6.743 f  u_top/u_atomik/swap_data[18]_i_14/O
                         net (fo=1, routed)           0.848     7.591    u_top/u_atomik/swap_data[18]_i_14_n_0
    SLICE_X90Y107        LUT4 (Prop_lut4_I1_O)        0.105     7.696 f  u_top/u_atomik/swap_data[18]_i_7/O
                         net (fo=1, routed)           0.643     8.339    u_top/u_atomik/swap_data[18]_i_7_n_0
    SLICE_X90Y108        LUT6 (Prop_lut6_I4_O)        0.105     8.444 f  u_top/u_atomik/swap_data[18]_i_2/O
                         net (fo=2, routed)           0.846     9.290    u_top/u_atomik/p_64_in[18]
    SLICE_X95Y115        LUT6 (Prop_lut6_I0_O)        0.105     9.395 r  u_top/u_atomik/core_resp_acc_zero_i_12/O
                         net (fo=1, routed)           0.667    10.062    u_top/u_atomik/core_resp_acc_zero_i_12_n_0
    SLICE_X97Y116        LUT6 (Prop_lut6_I4_O)        0.105    10.167 r  u_top/u_atomik/core_resp_acc_zero_i_5/O
                         net (fo=1, routed)           0.116    10.283    u_top/u_atomik/core_resp_acc_zero_i_5_n_0
    SLICE_X97Y116        LUT6 (Prop_lut6_I3_O)        0.105    10.388 r  u_top/u_atomik/core_resp_acc_zero_i_1_comp/O
                         net (fo=1, routed)           0.000    10.388    u_top/u_cdc/acc_zero
    SLICE_X97Y116        FDCE                                         r  u_top/u_cdc/core_resp_acc_zero_reg/D
  -------------------------------------------------------------------    -------------------

                         (clock atomik_clk rise edge)
                                                      4.750     4.750 r  
                         clock source latency         1.951     6.701    
                         propagated clock network latency
                                                      3.026     9.728    
                         clock pessimism              0.504    10.232    
                         clock uncertainty           -0.066    10.165    
    SLICE_X97Y116        FDCE (Setup_fdce_C_D)        0.030    10.195    u_top/u_cdc/core_resp_acc_zero_reg
  -------------------------------------------------------------------
                         required time                         10.195    
                         arrival time                         -10.388    
  -------------------------------------------------------------------
                         slack                                 -0.193    




