Copyright 1986-2022 Xilinx, Inc. All Rights Reserved. Copyright 2022-2025 Advanced Micro Devices, Inc. All Rights Reserved.
----------------------------------------------------------------------------------------------------------------------------------------------------------
| Tool Version : Vivado v.2025.2 (lin64) Build 6299465 Fri Nov 14 12:34:56 MST 2025
| Date         : Fri Mar 13 09:06:49 2026
| Host         : Jarvis running 64-bit Ubuntu 24.04.4 LTS
| Command      : report_timing -nworst 5 -path_type full -file /home/mattrock/Projects/ATOMiK/hardware/zynq/sweep/reports/crit_path_N1_F380p9_maximum.rpt
| Design       : sweep_top_N1_F380p9_maximum
| Device       : 7z020-clg400
| Speed File   : -2  PRODUCTION 1.12 2019-11-22
| Design State : Routed
----------------------------------------------------------------------------------------------------------------------------------------------------------

Timing Report

Slack (MET) :             0.023ns  (required time - arrival time)
  Source:                 u_top/u_cdc/core_load_en_reg/C
                            (rising edge-triggered cell FDCE clocked by atomik_clk  {rise@0.000ns fall@1.312ns period=2.625ns})
  Destination:            u_top/u_atomik/u_state_bram/xpm_memory_base_inst/gen_wr_a.gen_word_narrow.mem_reg/WEBWE[0]
                            (rising edge-triggered cell RAMB36E1 clocked by atomik_clk  {rise@0.000ns fall@1.312ns period=2.625ns})
  Path Group:             atomik_clk
  Path Type:              Setup (Max at Slow Process Corner)
  Requirement:            2.625ns  (atomik_clk rise@2.625ns - atomik_clk rise@0.000ns)
  Data Path Delay:        1.806ns  (logic 0.487ns (26.973%)  route 1.319ns (73.027%))
  Logic Levels:           1  (LUT2=1)
  Clock Path Skew:        -0.089ns (DCD - SCD + CPR)
    Destination Clock Delay (DCD):    4.983ns = ( 7.608 - 2.625 ) 
    Source Clock Delay      (SCD):    5.574ns
    Clock Pessimism Removal (CPR):    0.502ns
  Clock Uncertainty:      0.061ns  ((TSJ^2 + DJ^2)^1/2) / 2 + PE
    Total System Jitter     (TSJ):    0.071ns
    Discrete Jitter          (DJ):    0.100ns
    Phase Error              (PE):    0.000ns

    Location             Delay type                Incr(ns)  Path(ns)    Netlist Resource(s)
  -------------------------------------------------------------------    -------------------
                         (clock atomik_clk rise edge)
                                                      0.000     0.000 r  
                         clock source latency         2.177     2.177    
                         propagated clock network latency
                                                      3.397     5.574    
    SLICE_X107Y105       FDCE                         0.000     5.574 r  u_top/u_cdc/core_load_en_reg/C
    SLICE_X107Y105       FDCE (Prop_fdce_C_Q)         0.379     5.953 r  u_top/u_cdc/core_load_en_reg/Q
                         net (fo=75, routed)          0.720     6.673    u_top/u_atomik/core_load_en
    SLICE_X107Y101       LUT2 (Prop_lut2_I1_O)        0.108     6.781 r  u_top/u_atomik/u_state_bram_i_1/O
                         net (fo=8, routed)           0.599     7.380    u_top/u_atomik/u_state_bram/xpm_memory_base_inst/ena
    RAMB36_X5Y20         RAMB36E1                                     r  u_top/u_atomik/u_state_bram/xpm_memory_base_inst/gen_wr_a.gen_word_narrow.mem_reg/WEBWE[0]
  -------------------------------------------------------------------    -------------------

                         (clock atomik_clk rise edge)
                                                      2.625     2.625 r  
                         clock source latency         1.935     4.560    
                         propagated clock network latency
                                                      3.048     7.608    
                         clock pessimism              0.502     8.110    
                         clock uncertainty           -0.061     8.049    
    RAMB36_X5Y20         RAMB36E1 (Setup_ramb36e1_CLKBWRCLK_WEBWE[0])
                                                     -0.646     7.403    u_top/u_atomik/u_state_bram/xpm_memory_base_inst/gen_wr_a.gen_word_narrow.mem_reg
  -------------------------------------------------------------------
                         required time                          7.403    
                         arrival time                          -7.380    
  -------------------------------------------------------------------
                         slack                                  0.023    

Slack (MET) :             0.023ns  (required time - arrival time)
  Source:                 u_top/u_cdc/core_load_en_reg/C
                            (rising edge-triggered cell FDCE clocked by atomik_clk  {rise@0.000ns fall@1.312ns period=2.625ns})
  Destination:            u_top/u_atomik/u_state_bram/xpm_memory_base_inst/gen_wr_a.gen_word_narrow.mem_reg/WEBWE[0]
                            (rising edge-triggered cell RAMB36E1 clocked by atomik_clk  {rise@0.000ns fall@1.312ns period=2.625ns})
  Path Group:             atomik_clk
  Path Type:              Setup (Max at Slow Process Corner)
  Requirement:            2.625ns  (atomik_clk rise@2.625ns - atomik_clk rise@0.000ns)
  Data Path Delay:        1.806ns  (logic 0.487ns (26.973%)  route 1.319ns (73.027%))
  Logic Levels:           1  (LUT2=1)
  Clock Path Skew:        -0.089ns (DCD - SCD + CPR)
    Destination Clock Delay (DCD):    4.983ns = ( 7.608 - 2.625 ) 
    Source Clock Delay      (SCD):    5.574ns
    Clock Pessimism Removal (CPR):    0.502ns
  Clock Uncertainty:      0.061ns  ((TSJ^2 + DJ^2)^1/2) / 2 + PE
    Total System Jitter     (TSJ):    0.071ns
    Discrete Jitter          (DJ):    0.100ns
    Phase Error              (PE):    0.000ns

    Location             Delay type                Incr(ns)  Path(ns)    Netlist Resource(s)
  -------------------------------------------------------------------    -------------------
                         (clock atomik_clk rise edge)
                                                      0.000     0.000 r  
                         clock source latency         2.177     2.177    
                         propagated clock network latency
                                                      3.397     5.574    
    SLICE_X107Y105       FDCE                         0.000     5.574 r  u_top/u_cdc/core_load_en_reg/C
    SLICE_X107Y105       FDCE (Prop_fdce_C_Q)         0.379     5.953 f  u_top/u_cdc/core_load_en_reg/Q
                         net (fo=75, routed)          0.720     6.673    u_top/u_atomik/core_load_en
    SLICE_X107Y101       LUT2 (Prop_lut2_I1_O)        0.108     6.781 f  u_top/u_atomik/u_state_bram_i_1/O
                         net (fo=8, routed)           0.599     7.380    u_top/u_atomik/u_state_bram/xpm_memory_base_inst/ena
    RAMB36_X5Y20         RAMB36E1                                     f  u_top/u_atomik/u_state_bram/xpm_memory_base_inst/gen_wr_a.gen_word_narrow.mem_reg/WEBWE[0]
  -------------------------------------------------------------------    -------------------

                         (clock atomik_clk rise edge)
                                                      2.625     2.625 r  
                         clock source latency         1.935     4.560    
                         propagated clock network latency
                                                      3.048     7.608    
                         clock pessimism              0.502     8.110    
                         clock uncertainty           -0.061     8.049    
    RAMB36_X5Y20         RAMB36E1 (Setup_ramb36e1_CLKBWRCLK_WEBWE[0])
                                                     -0.646     7.403    u_top/u_atomik/u_state_bram/xpm_memory_base_inst/gen_wr_a.gen_word_narrow.mem_reg
  -------------------------------------------------------------------
                         required time                          7.403    
                         arrival time                          -7.380    
  -------------------------------------------------------------------
                         slack                                  0.023    

Slack (MET) :             0.023ns  (required time - arrival time)
  Source:                 u_top/u_cdc/core_load_en_reg/C
                            (rising edge-triggered cell FDCE clocked by atomik_clk  {rise@0.000ns fall@1.312ns period=2.625ns})
  Destination:            u_top/u_atomik/u_state_bram/xpm_memory_base_inst/gen_wr_a.gen_word_narrow.mem_reg/WEBWE[3]
                            (rising edge-triggered cell RAMB36E1 clocked by atomik_clk  {rise@0.000ns fall@1.312ns period=2.625ns})
  Path Group:             atomik_clk
  Path Type:              Setup (Max at Slow Process Corner)
  Requirement:            2.625ns  (atomik_clk rise@2.625ns - atomik_clk rise@0.000ns)
  Data Path Delay:        1.806ns  (logic 0.487ns (26.973%)  route 1.319ns (73.027%))
  Logic Levels:           1  (LUT2=1)
  Clock Path Skew:        -0.089ns (DCD - SCD + CPR)
    Destination Clock Delay (DCD):    4.983ns = ( 7.608 - 2.625 ) 
    Source Clock Delay      (SCD):    5.574ns
    Clock Pessimism Removal (CPR):    0.502ns
  Clock Uncertainty:      0.061ns  ((TSJ^2 + DJ^2)^1/2) / 2 + PE
    Total System Jitter     (TSJ):    0.071ns
    Discrete Jitter          (DJ):    0.100ns
    Phase Error              (PE):    0.000ns

    Location             Delay type                Incr(ns)  Path(ns)    Netlist Resource(s)
  -------------------------------------------------------------------    -------------------
                         (clock atomik_clk rise edge)
                                                      0.000     0.000 r  
                         clock source latency         2.177     2.177    
                         propagated clock network latency
                                                      3.397     5.574    
    SLICE_X107Y105       FDCE                         0.000     5.574 r  u_top/u_cdc/core_load_en_reg/C
    SLICE_X107Y105       FDCE (Prop_fdce_C_Q)         0.379     5.953 r  u_top/u_cdc/core_load_en_reg/Q
                         net (fo=75, routed)          0.720     6.673    u_top/u_atomik/core_load_en
    SLICE_X107Y101       LUT2 (Prop_lut2_I1_O)        0.108     6.781 r  u_top/u_atomik/u_state_bram_i_1/O
                         net (fo=8, routed)           0.599     7.380    u_top/u_atomik/u_state_bram/xpm_memory_base_inst/ena
    RAMB36_X5Y20         RAMB36E1                                     r  u_top/u_atomik/u_state_bram/xpm_memory_base_inst/gen_wr_a.gen_word_narrow.mem_reg/WEBWE[3]
  -------------------------------------------------------------------    -------------------

                         (clock atomik_clk rise edge)
                                                      2.625     2.625 r  
                         clock source latency         1.935     4.560    
                         propagated clock network latency
                                                      3.048     7.608    
                         clock pessimism              0.502     8.110    
                         clock uncertainty           -0.061     8.049    
    RAMB36_X5Y20         RAMB36E1 (Setup_ramb36e1_CLKBWRCLK_WEBWE[3])
                                                     -0.646     7.403    u_top/u_atomik/u_state_bram/xpm_memory_base_inst/gen_wr_a.gen_word_narrow.mem_reg
  -------------------------------------------------------------------
                         required time                          7.403    
                         arrival time                          -7.380    
  -------------------------------------------------------------------
                         slack                                  0.023    

Slack (MET) :             0.023ns  (required time - arrival time)
  Source:                 u_top/u_cdc/core_load_en_reg/C
                            (rising edge-triggered cell FDCE clocked by atomik_clk  {rise@0.000ns fall@1.312ns period=2.625ns})
  Destination:            u_top/u_atomik/u_state_bram/xpm_memory_base_inst/gen_wr_a.gen_word_narrow.mem_reg/WEBWE[3]
                            (rising edge-triggered cell RAMB36E1 clocked by atomik_clk  {rise@0.000ns fall@1.312ns period=2.625ns})
  Path Group:             atomik_clk
  Path Type:              Setup (Max at Slow Process Corner)
  Requirement:            2.625ns  (atomik_clk rise@2.625ns - atomik_clk rise@0.000ns)
  Data Path Delay:        1.806ns  (logic 0.487ns (26.973%)  route 1.319ns (73.027%))
  Logic Levels:           1  (LUT2=1)
  Clock Path Skew:        -0.089ns (DCD - SCD + CPR)
    Destination Clock Delay (DCD):    4.983ns = ( 7.608 - 2.625 ) 
    Source Clock Delay      (SCD):    5.574ns
    Clock Pessimism Removal (CPR):    0.502ns
  Clock Uncertainty:      0.061ns  ((TSJ^2 + DJ^2)^1/2) / 2 + PE
    Total System Jitter     (TSJ):    0.071ns
    Discrete Jitter          (DJ):    0.100ns
    Phase Error              (PE):    0.000ns

    Location             Delay type                Incr(ns)  Path(ns)    Netlist Resource(s)
  -------------------------------------------------------------------    -------------------
                         (clock atomik_clk rise edge)
                                                      0.000     0.000 r  
                         clock source latency         2.177     2.177    
                         propagated clock network latency
                                                      3.397     5.574    
    SLICE_X107Y105       FDCE                         0.000     5.574 r  u_top/u_cdc/core_load_en_reg/C
    SLICE_X107Y105       FDCE (Prop_fdce_C_Q)         0.379     5.953 f  u_top/u_cdc/core_load_en_reg/Q
                         net (fo=75, routed)          0.720     6.673    u_top/u_atomik/core_load_en
    SLICE_X107Y101       LUT2 (Prop_lut2_I1_O)        0.108     6.781 f  u_top/u_atomik/u_state_bram_i_1/O
                         net (fo=8, routed)           0.599     7.380    u_top/u_atomik/u_state_bram/xpm_memory_base_inst/ena
    RAMB36_X5Y20         RAMB36E1                                     f  u_top/u_atomik/u_state_bram/xpm_memory_base_inst/gen_wr_a.gen_word_narrow.mem_reg/WEBWE[3]
  -------------------------------------------------------------------    -------------------

                         (clock atomik_clk rise edge)
                                                      2.625     2.625 r  
                         clock source latency         1.935     4.560    
                         propagated clock network latency
                                                      3.048     7.608    
                         clock pessimism              0.502     8.110    
                         clock uncertainty           -0.061     8.049    
    RAMB36_X5Y20         RAMB36E1 (Setup_ramb36e1_CLKBWRCLK_WEBWE[3])
                                                     -0.646     7.403    u_top/u_atomik/u_state_bram/xpm_memory_base_inst/gen_wr_a.gen_word_narrow.mem_reg
  -------------------------------------------------------------------
                         required time                          7.403    
                         arrival time                          -7.380    
  -------------------------------------------------------------------
                         slack                                  0.023    

Slack (MET) :             0.023ns  (required time - arrival time)
  Source:                 u_top/u_cdc/core_load_en_reg/C
                            (rising edge-triggered cell FDCE clocked by atomik_clk  {rise@0.000ns fall@1.312ns period=2.625ns})
  Destination:            u_top/u_atomik/u_state_bram/xpm_memory_base_inst/gen_wr_a.gen_word_narrow.mem_reg/WEBWE[4]
                            (rising edge-triggered cell RAMB36E1 clocked by atomik_clk  {rise@0.000ns fall@1.312ns period=2.625ns})
  Path Group:             atomik_clk
  Path Type:              Setup (Max at Slow Process Corner)
  Requirement:            2.625ns  (atomik_clk rise@2.625ns - atomik_clk rise@0.000ns)
  Data Path Delay:        1.806ns  (logic 0.487ns (26.973%)  route 1.319ns (73.027%))
  Logic Levels:           1  (LUT2=1)
  Clock Path Skew:        -0.089ns (DCD - SCD + CPR)
    Destination Clock Delay (DCD):    4.983ns = ( 7.608 - 2.625 ) 
    Source Clock Delay      (SCD):    5.574ns
    Clock Pessimism Removal (CPR):    0.502ns
  Clock Uncertainty:      0.061ns  ((TSJ^2 + DJ^2)^1/2) / 2 + PE
    Total System Jitter     (TSJ):    0.071ns
    Discrete Jitter          (DJ):    0.100ns
    Phase Error              (PE):    0.000ns

    Location             Delay type                Incr(ns)  Path(ns)    Netlist Resource(s)
  -------------------------------------------------------------------    -------------------
                         (clock atomik_clk rise edge)
                                                      0.000     0.000 r  
                         clock source latency         2.177     2.177    
                         propagated clock network latency
                                                      3.397     5.574    
    SLICE_X107Y105       FDCE                         0.000     5.574 r  u_top/u_cdc/core_load_en_reg/C
    SLICE_X107Y105       FDCE (Prop_fdce_C_Q)         0.379     5.953 r  u_top/u_cdc/core_load_en_reg/Q
                         net (fo=75, routed)          0.720     6.673    u_top/u_atomik/core_load_en
    SLICE_X107Y101       LUT2 (Prop_lut2_I1_O)        0.108     6.781 r  u_top/u_atomik/u_state_bram_i_1/O
                         net (fo=8, routed)           0.599     7.380    u_top/u_atomik/u_state_bram/xpm_memory_base_inst/ena
    RAMB36_X5Y20         RAMB36E1                                     r  u_top/u_atomik/u_state_bram/xpm_memory_base_inst/gen_wr_a.gen_word_narrow.mem_reg/WEBWE[4]
  -------------------------------------------------------------------    -------------------

                         (clock atomik_clk rise edge)
                                                      2.625     2.625 r  
                         clock source latency         1.935     4.560    
                         propagated clock network latency
                                                      3.048     7.608    
                         clock pessimism              0.502     8.110    
                         clock uncertainty           -0.061     8.049    
    RAMB36_X5Y20         RAMB36E1 (Setup_ramb36e1_CLKBWRCLK_WEBWE[4])
                                                     -0.646     7.403    u_top/u_atomik/u_state_bram/xpm_memory_base_inst/gen_wr_a.gen_word_narrow.mem_reg
  -------------------------------------------------------------------
                         required time                          7.403    
                         arrival time                          -7.380    
  -------------------------------------------------------------------
                         slack                                  0.023    




