Copyright 1986-2022 Xilinx, Inc. All Rights Reserved. Copyright 2022-2025 Advanced Micro Devices, Inc. All Rights Reserved.
----------------------------------------------------------------------------------------------------------------------------------------------------
| Tool Version : Vivado v.2025.2 (lin64) Build 6299465 Fri Nov 14 12:34:56 MST 2025
| Date         : Fri Mar 13 23:27:15 2026
| Host         : Jarvis running 64-bit Ubuntu 24.04.4 LTS
| Command      : report_timing -nworst 5 -path_type full -file /home/mattrock/Projects/ATOMiK/hardware/zynq/sweep/reports/crit_path_N512_F121p2.rpt
| Design       : sweep_top_N512_F121p2
| Device       : 7z020-clg400
| Speed File   : -2  PRODUCTION 1.12 2019-11-22
| Design State : Routed
----------------------------------------------------------------------------------------------------------------------------------------------------

Timing Report

Slack (MET) :             0.425ns  (required time - arrival time)
  Source:                 u_top/u_atomik/banks[275].bank_acc_reg[275][8]/C
                            (rising edge-triggered cell FDRE clocked by atomik_clk  {rise@0.000ns fall@4.125ns period=8.250ns})
  Destination:            u_top/u_cdc/core_resp_acc_zero_reg/D
                            (rising edge-triggered cell FDCE clocked by atomik_clk  {rise@0.000ns fall@4.125ns period=8.250ns})
  Path Group:             atomik_clk
  Path Type:              Setup (Max at Slow Process Corner)
  Requirement:            8.250ns  (atomik_clk rise@8.250ns - atomik_clk rise@0.000ns)
  Data Path Delay:        7.473ns  (logic 1.114ns (14.908%)  route 6.359ns (85.093%))
  Logic Levels:           7  (LUT4=1 LUT5=1 LUT6=5)
  Clock Path Skew:        -0.311ns (DCD - SCD + CPR)
    Destination Clock Delay (DCD):    4.719ns = ( 12.969 - 8.250 ) 
    Source Clock Delay      (SCD):    5.432ns
    Clock Pessimism Removal (CPR):    0.403ns
  Clock Uncertainty:      0.072ns  ((TSJ^2 + DJ^2)^1/2) / 2 + PE
    Total System Jitter     (TSJ):    0.071ns
    Discrete Jitter          (DJ):    0.124ns
    Phase Error              (PE):    0.000ns

    Location             Delay type                Incr(ns)  Path(ns)    Netlist Resource(s)
  -------------------------------------------------------------------    -------------------
                         (clock atomik_clk rise edge)
                                                      0.000     0.000 r  
                         clock source latency         2.177     2.177    
                         propagated clock network latency
                                                      3.255     5.432    
    SLICE_X29Y144        FDRE                         0.000     5.432 r  u_top/u_atomik/banks[275].bank_acc_reg[275][8]/C
    SLICE_X29Y144        FDRE (Prop_fdre_C_Q)         0.379     5.811 r  u_top/u_atomik/banks[275].bank_acc_reg[275][8]/Q
                         net (fo=2, routed)           1.011     6.823    u_top/u_atomik/banks[275].bank_acc_reg[275][63]_0[8]
    SLICE_X32Y144        LUT6 (Prop_lut6_I0_O)        0.105     6.928 r  u_top/u_atomik/core_resp_state[8]_i_81/O
                         net (fo=1, routed)           0.942     7.870    u_top/u_atomik/core_resp_state[8]_i_81_n_0
    SLICE_X36Y143        LUT6 (Prop_lut6_I0_O)        0.105     7.975 r  u_top/u_atomik/core_resp_state[8]_i_17/O
                         net (fo=1, routed)           1.486     9.461    u_top/u_atomik/core_resp_state[8]_i_17_n_0
    SLICE_X58Y132        LUT6 (Prop_lut6_I2_O)        0.105     9.566 r  u_top/u_atomik/core_resp_state[8]_i_5/O
                         net (fo=1, routed)           1.573    11.138    u_top/u_atomik/core_resp_state[8]_i_5_n_0
    SLICE_X58Y65         LUT5 (Prop_lut5_I2_O)        0.105    11.243 f  u_top/u_atomik/core_resp_state[8]_i_2/O
                         net (fo=2, routed)           0.461    11.704    u_top/u_atomik/p_512_in[8]
    SLICE_X59Y66         LUT6 (Prop_lut6_I5_O)        0.105    11.809 r  u_top/u_atomik/core_resp_acc_zero_i_6/O
                         net (fo=1, routed)           0.462    12.271    u_top/u_atomik/core_resp_acc_zero_i_6_n_0
    SLICE_X59Y65         LUT6 (Prop_lut6_I0_O)        0.105    12.376 r  u_top/u_atomik/core_resp_acc_zero_i_2/O
                         net (fo=1, routed)           0.424    12.800    u_top/u_atomik/core_resp_acc_zero_i_2_n_0
    SLICE_X57Y67         LUT4 (Prop_lut4_I0_O)        0.105    12.905 r  u_top/u_atomik/core_resp_acc_zero_i_1/O
                         net (fo=1, routed)           0.000    12.905    u_top/u_cdc/core_acc_zero
    SLICE_X57Y67         FDCE                                         r  u_top/u_cdc/core_resp_acc_zero_reg/D
  -------------------------------------------------------------------    -------------------

                         (clock atomik_clk rise edge)
                                                      8.250     8.250 r  
                         clock source latency         1.935    10.185    
                         propagated clock network latency
                                                      2.784    12.969    
                         clock pessimism              0.403    13.372    
                         clock uncertainty           -0.072    13.300    
    SLICE_X57Y67         FDCE (Setup_fdce_C_D)        0.030    13.330    u_top/u_cdc/core_resp_acc_zero_reg
  -------------------------------------------------------------------
                         required time                         13.330    
                         arrival time                         -12.905    
  -------------------------------------------------------------------
                         slack                                  0.425    

Slack (MET) :             0.425ns  (required time - arrival time)
  Source:                 u_top/u_atomik/banks[275].bank_acc_reg[275][8]/C
                            (rising edge-triggered cell FDRE clocked by atomik_clk  {rise@0.000ns fall@4.125ns period=8.250ns})
  Destination:            u_top/u_cdc/core_resp_acc_zero_reg/D
                            (rising edge-triggered cell FDCE clocked by atomik_clk  {rise@0.000ns fall@4.125ns period=8.250ns})
  Path Group:             atomik_clk
  Path Type:              Setup (Max at Slow Process Corner)
  Requirement:            8.250ns  (atomik_clk rise@8.250ns - atomik_clk rise@0.000ns)
  Data Path Delay:        7.473ns  (logic 1.114ns (14.908%)  route 6.359ns (85.093%))
  Logic Levels:           7  (LUT4=1 LUT5=1 LUT6=5)
  Clock Path Skew:        -0.311ns (DCD - SCD + CPR)
    Destination Clock Delay (DCD):    4.719ns = ( 12.969 - 8.250 ) 
    Source Clock Delay      (SCD):    5.432ns
    Clock Pessimism Removal (CPR):    0.403ns
  Clock Uncertainty:      0.072ns  ((TSJ^2 + DJ^2)^1/2) / 2 + PE
    Total System Jitter     (TSJ):    0.071ns
    Discrete Jitter          (DJ):    0.124ns
    Phase Error              (PE):    0.000ns

    Location             Delay type                Incr(ns)  Path(ns)    Netlist Resource(s)
  -------------------------------------------------------------------    -------------------
                         (clock atomik_clk rise edge)
                                                      0.000     0.000 r  
                         clock source latency         2.177     2.177    
                         propagated clock network latency
                                                      3.255     5.432    
    SLICE_X29Y144        FDRE                         0.000     5.432 r  u_top/u_atomik/banks[275].bank_acc_reg[275][8]/C
    SLICE_X29Y144        FDRE (Prop_fdre_C_Q)         0.379     5.811 r  u_top/u_atomik/banks[275].bank_acc_reg[275][8]/Q
                         net (fo=2, routed)           1.011     6.823    u_top/u_atomik/banks[275].bank_acc_reg[275][63]_0[8]
    SLICE_X32Y144        LUT6 (Prop_lut6_I0_O)        0.105     6.928 f  u_top/u_atomik/core_resp_state[8]_i_81/O
                         net (fo=1, routed)           0.942     7.870    u_top/u_atomik/core_resp_state[8]_i_81_n_0
    SLICE_X36Y143        LUT6 (Prop_lut6_I0_O)        0.105     7.975 r  u_top/u_atomik/core_resp_state[8]_i_17/O
                         net (fo=1, routed)           1.486     9.461    u_top/u_atomik/core_resp_state[8]_i_17_n_0
    SLICE_X58Y132        LUT6 (Prop_lut6_I2_O)        0.105     9.566 r  u_top/u_atomik/core_resp_state[8]_i_5/O
                         net (fo=1, routed)           1.573    11.138    u_top/u_atomik/core_resp_state[8]_i_5_n_0
    SLICE_X58Y65         LUT5 (Prop_lut5_I2_O)        0.105    11.243 f  u_top/u_atomik/core_resp_state[8]_i_2/O
                         net (fo=2, routed)           0.461    11.704    u_top/u_atomik/p_512_in[8]
    SLICE_X59Y66         LUT6 (Prop_lut6_I5_O)        0.105    11.809 r  u_top/u_atomik/core_resp_acc_zero_i_6/O
                         net (fo=1, routed)           0.462    12.271    u_top/u_atomik/core_resp_acc_zero_i_6_n_0
    SLICE_X59Y65         LUT6 (Prop_lut6_I0_O)        0.105    12.376 r  u_top/u_atomik/core_resp_acc_zero_i_2/O
                         net (fo=1, routed)           0.424    12.800    u_top/u_atomik/core_resp_acc_zero_i_2_n_0
    SLICE_X57Y67         LUT4 (Prop_lut4_I0_O)        0.105    12.905 r  u_top/u_atomik/core_resp_acc_zero_i_1/O
                         net (fo=1, routed)           0.000    12.905    u_top/u_cdc/core_acc_zero
    SLICE_X57Y67         FDCE                                         r  u_top/u_cdc/core_resp_acc_zero_reg/D
  -------------------------------------------------------------------    -------------------

                         (clock atomik_clk rise edge)
                                                      8.250     8.250 r  
                         clock source latency         1.935    10.185    
                         propagated clock network latency
                                                      2.784    12.969    
                         clock pessimism              0.403    13.372    
                         clock uncertainty           -0.072    13.300    
    SLICE_X57Y67         FDCE (Setup_fdce_C_D)        0.030    13.330    u_top/u_cdc/core_resp_acc_zero_reg
  -------------------------------------------------------------------
                         required time                         13.330    
                         arrival time                         -12.905    
  -------------------------------------------------------------------
                         slack                                  0.425    

Slack (MET) :             0.425ns  (required time - arrival time)
  Source:                 u_top/u_atomik/banks[275].bank_acc_reg[275][8]/C
                            (rising edge-triggered cell FDRE clocked by atomik_clk  {rise@0.000ns fall@4.125ns period=8.250ns})
  Destination:            u_top/u_cdc/core_resp_acc_zero_reg/D
                            (rising edge-triggered cell FDCE clocked by atomik_clk  {rise@0.000ns fall@4.125ns period=8.250ns})
  Path Group:             atomik_clk
  Path Type:              Setup (Max at Slow Process Corner)
  Requirement:            8.250ns  (atomik_clk rise@8.250ns - atomik_clk rise@0.000ns)
  Data Path Delay:        7.473ns  (logic 1.114ns (14.908%)  route 6.359ns (85.093%))
  Logic Levels:           7  (LUT4=1 LUT5=1 LUT6=5)
  Clock Path Skew:        -0.311ns (DCD - SCD + CPR)
    Destination Clock Delay (DCD):    4.719ns = ( 12.969 - 8.250 ) 
    Source Clock Delay      (SCD):    5.432ns
    Clock Pessimism Removal (CPR):    0.403ns
  Clock Uncertainty:      0.072ns  ((TSJ^2 + DJ^2)^1/2) / 2 + PE
    Total System Jitter     (TSJ):    0.071ns
    Discrete Jitter          (DJ):    0.124ns
    Phase Error              (PE):    0.000ns

    Location             Delay type                Incr(ns)  Path(ns)    Netlist Resource(s)
  -------------------------------------------------------------------    -------------------
                         (clock atomik_clk rise edge)
                                                      0.000     0.000 r  
                         clock source latency         2.177     2.177    
                         propagated clock network latency
                                                      3.255     5.432    
    SLICE_X29Y144        FDRE                         0.000     5.432 r  u_top/u_atomik/banks[275].bank_acc_reg[275][8]/C
    SLICE_X29Y144        FDRE (Prop_fdre_C_Q)         0.379     5.811 r  u_top/u_atomik/banks[275].bank_acc_reg[275][8]/Q
                         net (fo=2, routed)           1.011     6.823    u_top/u_atomik/banks[275].bank_acc_reg[275][63]_0[8]
    SLICE_X32Y144        LUT6 (Prop_lut6_I0_O)        0.105     6.928 r  u_top/u_atomik/core_resp_state[8]_i_81/O
                         net (fo=1, routed)           0.942     7.870    u_top/u_atomik/core_resp_state[8]_i_81_n_0
    SLICE_X36Y143        LUT6 (Prop_lut6_I0_O)        0.105     7.975 f  u_top/u_atomik/core_resp_state[8]_i_17/O
                         net (fo=1, routed)           1.486     9.461    u_top/u_atomik/core_resp_state[8]_i_17_n_0
    SLICE_X58Y132        LUT6 (Prop_lut6_I2_O)        0.105     9.566 r  u_top/u_atomik/core_resp_state[8]_i_5/O
                         net (fo=1, routed)           1.573    11.138    u_top/u_atomik/core_resp_state[8]_i_5_n_0
    SLICE_X58Y65         LUT5 (Prop_lut5_I2_O)        0.105    11.243 f  u_top/u_atomik/core_resp_state[8]_i_2/O
                         net (fo=2, routed)           0.461    11.704    u_top/u_atomik/p_512_in[8]
    SLICE_X59Y66         LUT6 (Prop_lut6_I5_O)        0.105    11.809 r  u_top/u_atomik/core_resp_acc_zero_i_6/O
                         net (fo=1, routed)           0.462    12.271    u_top/u_atomik/core_resp_acc_zero_i_6_n_0
    SLICE_X59Y65         LUT6 (Prop_lut6_I0_O)        0.105    12.376 r  u_top/u_atomik/core_resp_acc_zero_i_2/O
                         net (fo=1, routed)           0.424    12.800    u_top/u_atomik/core_resp_acc_zero_i_2_n_0
    SLICE_X57Y67         LUT4 (Prop_lut4_I0_O)        0.105    12.905 r  u_top/u_atomik/core_resp_acc_zero_i_1/O
                         net (fo=1, routed)           0.000    12.905    u_top/u_cdc/core_acc_zero
    SLICE_X57Y67         FDCE                                         r  u_top/u_cdc/core_resp_acc_zero_reg/D
  -------------------------------------------------------------------    -------------------

                         (clock atomik_clk rise edge)
                                                      8.250     8.250 r  
                         clock source latency         1.935    10.185    
                         propagated clock network latency
                                                      2.784    12.969    
                         clock pessimism              0.403    13.372    
                         clock uncertainty           -0.072    13.300    
    SLICE_X57Y67         FDCE (Setup_fdce_C_D)        0.030    13.330    u_top/u_cdc/core_resp_acc_zero_reg
  -------------------------------------------------------------------
                         required time                         13.330    
                         arrival time                         -12.905    
  -------------------------------------------------------------------
                         slack                                  0.425    

Slack (MET) :             0.425ns  (required time - arrival time)
  Source:                 u_top/u_atomik/banks[275].bank_acc_reg[275][8]/C
                            (rising edge-triggered cell FDRE clocked by atomik_clk  {rise@0.000ns fall@4.125ns period=8.250ns})
  Destination:            u_top/u_cdc/core_resp_acc_zero_reg/D
                            (rising edge-triggered cell FDCE clocked by atomik_clk  {rise@0.000ns fall@4.125ns period=8.250ns})
  Path Group:             atomik_clk
  Path Type:              Setup (Max at Slow Process Corner)
  Requirement:            8.250ns  (atomik_clk rise@8.250ns - atomik_clk rise@0.000ns)
  Data Path Delay:        7.473ns  (logic 1.114ns (14.908%)  route 6.359ns (85.093%))
  Logic Levels:           7  (LUT4=1 LUT5=1 LUT6=5)
  Clock Path Skew:        -0.311ns (DCD - SCD + CPR)
    Destination Clock Delay (DCD):    4.719ns = ( 12.969 - 8.250 ) 
    Source Clock Delay      (SCD):    5.432ns
    Clock Pessimism Removal (CPR):    0.403ns
  Clock Uncertainty:      0.072ns  ((TSJ^2 + DJ^2)^1/2) / 2 + PE
    Total System Jitter     (TSJ):    0.071ns
    Discrete Jitter          (DJ):    0.124ns
    Phase Error              (PE):    0.000ns

    Location             Delay type                Incr(ns)  Path(ns)    Netlist Resource(s)
  -------------------------------------------------------------------    -------------------
                         (clock atomik_clk rise edge)
                                                      0.000     0.000 r  
                         clock source latency         2.177     2.177    
                         propagated clock network latency
                                                      3.255     5.432    
    SLICE_X29Y144        FDRE                         0.000     5.432 r  u_top/u_atomik/banks[275].bank_acc_reg[275][8]/C
    SLICE_X29Y144        FDRE (Prop_fdre_C_Q)         0.379     5.811 r  u_top/u_atomik/banks[275].bank_acc_reg[275][8]/Q
                         net (fo=2, routed)           1.011     6.823    u_top/u_atomik/banks[275].bank_acc_reg[275][63]_0[8]
    SLICE_X32Y144        LUT6 (Prop_lut6_I0_O)        0.105     6.928 r  u_top/u_atomik/core_resp_state[8]_i_81/O
                         net (fo=1, routed)           0.942     7.870    u_top/u_atomik/core_resp_state[8]_i_81_n_0
    SLICE_X36Y143        LUT6 (Prop_lut6_I0_O)        0.105     7.975 r  u_top/u_atomik/core_resp_state[8]_i_17/O
                         net (fo=1, routed)           1.486     9.461    u_top/u_atomik/core_resp_state[8]_i_17_n_0
    SLICE_X58Y132        LUT6 (Prop_lut6_I2_O)        0.105     9.566 f  u_top/u_atomik/core_resp_state[8]_i_5/O
                         net (fo=1, routed)           1.573    11.138    u_top/u_atomik/core_resp_state[8]_i_5_n_0
    SLICE_X58Y65         LUT5 (Prop_lut5_I2_O)        0.105    11.243 f  u_top/u_atomik/core_resp_state[8]_i_2/O
                         net (fo=2, routed)           0.461    11.704    u_top/u_atomik/p_512_in[8]
    SLICE_X59Y66         LUT6 (Prop_lut6_I5_O)        0.105    11.809 r  u_top/u_atomik/core_resp_acc_zero_i_6/O
                         net (fo=1, routed)           0.462    12.271    u_top/u_atomik/core_resp_acc_zero_i_6_n_0
    SLICE_X59Y65         LUT6 (Prop_lut6_I0_O)        0.105    12.376 r  u_top/u_atomik/core_resp_acc_zero_i_2/O
                         net (fo=1, routed)           0.424    12.800    u_top/u_atomik/core_resp_acc_zero_i_2_n_0
    SLICE_X57Y67         LUT4 (Prop_lut4_I0_O)        0.105    12.905 r  u_top/u_atomik/core_resp_acc_zero_i_1/O
                         net (fo=1, routed)           0.000    12.905    u_top/u_cdc/core_acc_zero
    SLICE_X57Y67         FDCE                                         r  u_top/u_cdc/core_resp_acc_zero_reg/D
  -------------------------------------------------------------------    -------------------

                         (clock atomik_clk rise edge)
                                                      8.250     8.250 r  
                         clock source latency         1.935    10.185    
                         propagated clock network latency
                                                      2.784    12.969    
                         clock pessimism              0.403    13.372    
                         clock uncertainty           -0.072    13.300    
    SLICE_X57Y67         FDCE (Setup_fdce_C_D)        0.030    13.330    u_top/u_cdc/core_resp_acc_zero_reg
  -------------------------------------------------------------------
                         required time                         13.330    
                         arrival time                         -12.905    
  -------------------------------------------------------------------
                         slack                                  0.425    

Slack (MET) :             0.425ns  (required time - arrival time)
  Source:                 u_top/u_atomik/banks[275].bank_acc_reg[275][8]/C
                            (rising edge-triggered cell FDRE clocked by atomik_clk  {rise@0.000ns fall@4.125ns period=8.250ns})
  Destination:            u_top/u_cdc/core_resp_acc_zero_reg/D
                            (rising edge-triggered cell FDCE clocked by atomik_clk  {rise@0.000ns fall@4.125ns period=8.250ns})
  Path Group:             atomik_clk
  Path Type:              Setup (Max at Slow Process Corner)
  Requirement:            8.250ns  (atomik_clk rise@8.250ns - atomik_clk rise@0.000ns)
  Data Path Delay:        7.473ns  (logic 1.114ns (14.908%)  route 6.359ns (85.093%))
  Logic Levels:           7  (LUT4=1 LUT5=1 LUT6=5)
  Clock Path Skew:        -0.311ns (DCD - SCD + CPR)
    Destination Clock Delay (DCD):    4.719ns = ( 12.969 - 8.250 ) 
    Source Clock Delay      (SCD):    5.432ns
    Clock Pessimism Removal (CPR):    0.403ns
  Clock Uncertainty:      0.072ns  ((TSJ^2 + DJ^2)^1/2) / 2 + PE
    Total System Jitter     (TSJ):    0.071ns
    Discrete Jitter          (DJ):    0.124ns
    Phase Error              (PE):    0.000ns

    Location             Delay type                Incr(ns)  Path(ns)    Netlist Resource(s)
  -------------------------------------------------------------------    -------------------
                         (clock atomik_clk rise edge)
                                                      0.000     0.000 r  
                         clock source latency         2.177     2.177    
                         propagated clock network latency
                                                      3.255     5.432    
    SLICE_X29Y144        FDRE                         0.000     5.432 r  u_top/u_atomik/banks[275].bank_acc_reg[275][8]/C
    SLICE_X29Y144        FDRE (Prop_fdre_C_Q)         0.379     5.811 r  u_top/u_atomik/banks[275].bank_acc_reg[275][8]/Q
                         net (fo=2, routed)           1.011     6.823    u_top/u_atomik/banks[275].bank_acc_reg[275][63]_0[8]
    SLICE_X32Y144        LUT6 (Prop_lut6_I0_O)        0.105     6.928 f  u_top/u_atomik/core_resp_state[8]_i_81/O
                         net (fo=1, routed)           0.942     7.870    u_top/u_atomik/core_resp_state[8]_i_81_n_0
    SLICE_X36Y143        LUT6 (Prop_lut6_I0_O)        0.105     7.975 r  u_top/u_atomik/core_resp_state[8]_i_17/O
                         net (fo=1, routed)           1.486     9.461    u_top/u_atomik/core_resp_state[8]_i_17_n_0
    SLICE_X58Y132        LUT6 (Prop_lut6_I2_O)        0.105     9.566 f  u_top/u_atomik/core_resp_state[8]_i_5/O
                         net (fo=1, routed)           1.573    11.138    u_top/u_atomik/core_resp_state[8]_i_5_n_0
    SLICE_X58Y65         LUT5 (Prop_lut5_I2_O)        0.105    11.243 f  u_top/u_atomik/core_resp_state[8]_i_2/O
                         net (fo=2, routed)           0.461    11.704    u_top/u_atomik/p_512_in[8]
    SLICE_X59Y66         LUT6 (Prop_lut6_I5_O)        0.105    11.809 r  u_top/u_atomik/core_resp_acc_zero_i_6/O
                         net (fo=1, routed)           0.462    12.271    u_top/u_atomik/core_resp_acc_zero_i_6_n_0
    SLICE_X59Y65         LUT6 (Prop_lut6_I0_O)        0.105    12.376 r  u_top/u_atomik/core_resp_acc_zero_i_2/O
                         net (fo=1, routed)           0.424    12.800    u_top/u_atomik/core_resp_acc_zero_i_2_n_0
    SLICE_X57Y67         LUT4 (Prop_lut4_I0_O)        0.105    12.905 r  u_top/u_atomik/core_resp_acc_zero_i_1/O
                         net (fo=1, routed)           0.000    12.905    u_top/u_cdc/core_acc_zero
    SLICE_X57Y67         FDCE                                         r  u_top/u_cdc/core_resp_acc_zero_reg/D
  -------------------------------------------------------------------    -------------------

                         (clock atomik_clk rise edge)
                                                      8.250     8.250 r  
                         clock source latency         1.935    10.185    
                         propagated clock network latency
                                                      2.784    12.969    
                         clock pessimism              0.403    13.372    
                         clock uncertainty           -0.072    13.300    
    SLICE_X57Y67         FDCE (Setup_fdce_C_D)        0.030    13.330    u_top/u_cdc/core_resp_acc_zero_reg
  -------------------------------------------------------------------
                         required time                         13.330    
                         arrival time                         -12.905    
  -------------------------------------------------------------------
                         slack                                  0.425    




