Copyright 1986-2022 Xilinx, Inc. All Rights Reserved. Copyright 2022-2025 Advanced Micro Devices, Inc. All Rights Reserved.
--------------------------------------------------------------------------------------------------------------------------------------------------
| Tool Version : Vivado v.2025.2 (lin64) Build 6299465 Fri Nov 14 12:34:56 MST 2025
| Date         : Fri Mar 13 11:04:44 2026
| Host         : Jarvis running 64-bit Ubuntu 24.04.4 LTS
| Command      : report_timing -nworst 5 -path_type full -file /home/mattrock/Projects/ATOMiK/hardware/zynq/sweep/reports/crit_path_N1_F444p4.rpt
| Design       : sweep_top_N1_F444p4
| Device       : 7z020-clg400
| Speed File   : -2  PRODUCTION 1.12 2019-11-22
| Design State : Routed
--------------------------------------------------------------------------------------------------------------------------------------------------

Timing Report

Slack (MET) :             0.009ns  (required time - arrival time)
  Source:                 u_top/u_cdc/core_load_en_reg_replica/C
                            (rising edge-triggered cell FDCE clocked by atomik_clk  {rise@0.000ns fall@1.125ns period=2.250ns})
  Destination:            u_top/u_atomik/u_state_bram/xpm_memory_base_inst/gen_wr_a.gen_word_narrow.mem_reg/ADDRBWRADDR[11]
                            (rising edge-triggered cell RAMB36E1 clocked by atomik_clk  {rise@0.000ns fall@1.125ns period=2.250ns})
  Path Group:             atomik_clk
  Path Type:              Setup (Max at Slow Process Corner)
  Requirement:            2.250ns  (atomik_clk rise@2.250ns - atomik_clk rise@0.000ns)
  Data Path Delay:        1.600ns  (logic 0.484ns (30.249%)  route 1.116ns (69.751%))
  Logic Levels:           1  (LUT3=1)
  Clock Path Skew:        -0.091ns (DCD - SCD + CPR)
    Destination Clock Delay (DCD):    4.815ns = ( 7.065 - 2.250 ) 
    Source Clock Delay      (SCD):    5.392ns
    Clock Pessimism Removal (CPR):    0.487ns
  Clock Uncertainty:      0.060ns  ((TSJ^2 + DJ^2)^1/2) / 2 + PE
    Total System Jitter     (TSJ):    0.071ns
    Discrete Jitter          (DJ):    0.097ns
    Phase Error              (PE):    0.000ns

    Location             Delay type                Incr(ns)  Path(ns)    Netlist Resource(s)
  -------------------------------------------------------------------    -------------------
                         (clock atomik_clk rise edge)
                                                      0.000     0.000 r  
                         clock source latency         2.177     2.177    
                         propagated clock network latency
                                                      3.215     5.392    
    SLICE_X111Y78        FDCE                         0.000     5.392 r  u_top/u_cdc/core_load_en_reg_replica/C
    SLICE_X111Y78        FDCE (Prop_fdce_C_Q)         0.379     5.771 r  u_top/u_cdc/core_load_en_reg_replica/Q
                         net (fo=53, routed)          0.449     6.221    u_top/u_cdc/core_load_en_repN
    SLICE_X109Y77        LUT3 (Prop_lut3_I1_O)        0.105     6.326 r  u_top/u_cdc/u_state_bram_i_4/O
                         net (fo=1, routed)           0.667     6.993    u_top/u_atomik/u_state_bram/xpm_memory_base_inst/addra[5]
    RAMB36_X5Y15         RAMB36E1                                     r  u_top/u_atomik/u_state_bram/xpm_memory_base_inst/gen_wr_a.gen_word_narrow.mem_reg/ADDRBWRADDR[11]
  -------------------------------------------------------------------    -------------------

                         (clock atomik_clk rise edge)
                                                      2.250     2.250 r  
                         clock source latency         1.935     4.185    
                         propagated clock network latency
                                                      2.879     7.065    
                         clock pessimism              0.487     7.551    
                         clock uncertainty           -0.060     7.491    
    RAMB36_X5Y15         RAMB36E1 (Setup_ramb36e1_CLKBWRCLK_ADDRBWRADDR[11])
                                                     -0.490     7.001    u_top/u_atomik/u_state_bram/xpm_memory_base_inst/gen_wr_a.gen_word_narrow.mem_reg
  -------------------------------------------------------------------
                         required time                          7.001    
                         arrival time                          -6.993    
  -------------------------------------------------------------------
                         slack                                  0.009    

Slack (MET) :             0.009ns  (required time - arrival time)
  Source:                 u_top/u_cdc/core_load_en_reg_replica/C
                            (rising edge-triggered cell FDCE clocked by atomik_clk  {rise@0.000ns fall@1.125ns period=2.250ns})
  Destination:            u_top/u_atomik/u_state_bram/xpm_memory_base_inst/gen_wr_a.gen_word_narrow.mem_reg/ADDRBWRADDR[11]
                            (rising edge-triggered cell RAMB36E1 clocked by atomik_clk  {rise@0.000ns fall@1.125ns period=2.250ns})
  Path Group:             atomik_clk
  Path Type:              Setup (Max at Slow Process Corner)
  Requirement:            2.250ns  (atomik_clk rise@2.250ns - atomik_clk rise@0.000ns)
  Data Path Delay:        1.600ns  (logic 0.484ns (30.249%)  route 1.116ns (69.751%))
  Logic Levels:           1  (LUT3=1)
  Clock Path Skew:        -0.091ns (DCD - SCD + CPR)
    Destination Clock Delay (DCD):    4.815ns = ( 7.065 - 2.250 ) 
    Source Clock Delay      (SCD):    5.392ns
    Clock Pessimism Removal (CPR):    0.487ns
  Clock Uncertainty:      0.060ns  ((TSJ^2 + DJ^2)^1/2) / 2 + PE
    Total System Jitter     (TSJ):    0.071ns
    Discrete Jitter          (DJ):    0.097ns
    Phase Error              (PE):    0.000ns

    Location             Delay type                Incr(ns)  Path(ns)    Netlist Resource(s)
  -------------------------------------------------------------------    -------------------
                         (clock atomik_clk rise edge)
                                                      0.000     0.000 r  
                         clock source latency         2.177     2.177    
                         propagated clock network latency
                                                      3.215     5.392    
    SLICE_X111Y78        FDCE                         0.000     5.392 r  u_top/u_cdc/core_load_en_reg_replica/C
    SLICE_X111Y78        FDCE (Prop_fdce_C_Q)         0.379     5.771 f  u_top/u_cdc/core_load_en_reg_replica/Q
                         net (fo=53, routed)          0.449     6.221    u_top/u_cdc/core_load_en_repN
    SLICE_X109Y77        LUT3 (Prop_lut3_I1_O)        0.105     6.326 r  u_top/u_cdc/u_state_bram_i_4/O
                         net (fo=1, routed)           0.667     6.993    u_top/u_atomik/u_state_bram/xpm_memory_base_inst/addra[5]
    RAMB36_X5Y15         RAMB36E1                                     r  u_top/u_atomik/u_state_bram/xpm_memory_base_inst/gen_wr_a.gen_word_narrow.mem_reg/ADDRBWRADDR[11]
  -------------------------------------------------------------------    -------------------

                         (clock atomik_clk rise edge)
                                                      2.250     2.250 r  
                         clock source latency         1.935     4.185    
                         propagated clock network latency
                                                      2.879     7.065    
                         clock pessimism              0.487     7.551    
                         clock uncertainty           -0.060     7.491    
    RAMB36_X5Y15         RAMB36E1 (Setup_ramb36e1_CLKBWRCLK_ADDRBWRADDR[11])
                                                     -0.490     7.001    u_top/u_atomik/u_state_bram/xpm_memory_base_inst/gen_wr_a.gen_word_narrow.mem_reg
  -------------------------------------------------------------------
                         required time                          7.001    
                         arrival time                          -6.993    
  -------------------------------------------------------------------
                         slack                                  0.009    

Slack (MET) :             0.009ns  (required time - arrival time)
  Source:                 u_top/u_cdc/core_load_en_reg_replica/C
                            (rising edge-triggered cell FDCE clocked by atomik_clk  {rise@0.000ns fall@1.125ns period=2.250ns})
  Destination:            u_top/u_atomik/u_state_bram/xpm_memory_base_inst/gen_wr_a.gen_word_narrow.mem_reg/ADDRBWRADDR[11]
                            (rising edge-triggered cell RAMB36E1 clocked by atomik_clk  {rise@0.000ns fall@1.125ns period=2.250ns})
  Path Group:             atomik_clk
  Path Type:              Setup (Max at Slow Process Corner)
  Requirement:            2.250ns  (atomik_clk rise@2.250ns - atomik_clk rise@0.000ns)
  Data Path Delay:        1.600ns  (logic 0.484ns (30.249%)  route 1.116ns (69.751%))
  Logic Levels:           1  (LUT3=1)
  Clock Path Skew:        -0.091ns (DCD - SCD + CPR)
    Destination Clock Delay (DCD):    4.815ns = ( 7.065 - 2.250 ) 
    Source Clock Delay      (SCD):    5.392ns
    Clock Pessimism Removal (CPR):    0.487ns
  Clock Uncertainty:      0.060ns  ((TSJ^2 + DJ^2)^1/2) / 2 + PE
    Total System Jitter     (TSJ):    0.071ns
    Discrete Jitter          (DJ):    0.097ns
    Phase Error              (PE):    0.000ns

    Location             Delay type                Incr(ns)  Path(ns)    Netlist Resource(s)
  -------------------------------------------------------------------    -------------------
                         (clock atomik_clk rise edge)
                                                      0.000     0.000 r  
                         clock source latency         2.177     2.177    
                         propagated clock network latency
                                                      3.215     5.392    
    SLICE_X111Y78        FDCE                         0.000     5.392 r  u_top/u_cdc/core_load_en_reg_replica/C
    SLICE_X111Y78        FDCE (Prop_fdce_C_Q)         0.379     5.771 r  u_top/u_cdc/core_load_en_reg_replica/Q
                         net (fo=53, routed)          0.449     6.221    u_top/u_cdc/core_load_en_repN
    SLICE_X109Y77        LUT3 (Prop_lut3_I1_O)        0.105     6.326 f  u_top/u_cdc/u_state_bram_i_4/O
                         net (fo=1, routed)           0.667     6.993    u_top/u_atomik/u_state_bram/xpm_memory_base_inst/addra[5]
    RAMB36_X5Y15         RAMB36E1                                     f  u_top/u_atomik/u_state_bram/xpm_memory_base_inst/gen_wr_a.gen_word_narrow.mem_reg/ADDRBWRADDR[11]
  -------------------------------------------------------------------    -------------------

                         (clock atomik_clk rise edge)
                                                      2.250     2.250 r  
                         clock source latency         1.935     4.185    
                         propagated clock network latency
                                                      2.879     7.065    
                         clock pessimism              0.487     7.551    
                         clock uncertainty           -0.060     7.491    
    RAMB36_X5Y15         RAMB36E1 (Setup_ramb36e1_CLKBWRCLK_ADDRBWRADDR[11])
                                                     -0.490     7.001    u_top/u_atomik/u_state_bram/xpm_memory_base_inst/gen_wr_a.gen_word_narrow.mem_reg
  -------------------------------------------------------------------
                         required time                          7.001    
                         arrival time                          -6.993    
  -------------------------------------------------------------------
                         slack                                  0.009    

Slack (MET) :             0.009ns  (required time - arrival time)
  Source:                 u_top/u_cdc/core_load_en_reg_replica/C
                            (rising edge-triggered cell FDCE clocked by atomik_clk  {rise@0.000ns fall@1.125ns period=2.250ns})
  Destination:            u_top/u_atomik/u_state_bram/xpm_memory_base_inst/gen_wr_a.gen_word_narrow.mem_reg/ADDRBWRADDR[11]
                            (rising edge-triggered cell RAMB36E1 clocked by atomik_clk  {rise@0.000ns fall@1.125ns period=2.250ns})
  Path Group:             atomik_clk
  Path Type:              Setup (Max at Slow Process Corner)
  Requirement:            2.250ns  (atomik_clk rise@2.250ns - atomik_clk rise@0.000ns)
  Data Path Delay:        1.600ns  (logic 0.484ns (30.249%)  route 1.116ns (69.751%))
  Logic Levels:           1  (LUT3=1)
  Clock Path Skew:        -0.091ns (DCD - SCD + CPR)
    Destination Clock Delay (DCD):    4.815ns = ( 7.065 - 2.250 ) 
    Source Clock Delay      (SCD):    5.392ns
    Clock Pessimism Removal (CPR):    0.487ns
  Clock Uncertainty:      0.060ns  ((TSJ^2 + DJ^2)^1/2) / 2 + PE
    Total System Jitter     (TSJ):    0.071ns
    Discrete Jitter          (DJ):    0.097ns
    Phase Error              (PE):    0.000ns

    Location             Delay type                Incr(ns)  Path(ns)    Netlist Resource(s)
  -------------------------------------------------------------------    -------------------
                         (clock atomik_clk rise edge)
                                                      0.000     0.000 r  
                         clock source latency         2.177     2.177    
                         propagated clock network latency
                                                      3.215     5.392    
    SLICE_X111Y78        FDCE                         0.000     5.392 r  u_top/u_cdc/core_load_en_reg_replica/C
    SLICE_X111Y78        FDCE (Prop_fdce_C_Q)         0.379     5.771 f  u_top/u_cdc/core_load_en_reg_replica/Q
                         net (fo=53, routed)          0.449     6.221    u_top/u_cdc/core_load_en_repN
    SLICE_X109Y77        LUT3 (Prop_lut3_I1_O)        0.105     6.326 f  u_top/u_cdc/u_state_bram_i_4/O
                         net (fo=1, routed)           0.667     6.993    u_top/u_atomik/u_state_bram/xpm_memory_base_inst/addra[5]
    RAMB36_X5Y15         RAMB36E1                                     f  u_top/u_atomik/u_state_bram/xpm_memory_base_inst/gen_wr_a.gen_word_narrow.mem_reg/ADDRBWRADDR[11]
  -------------------------------------------------------------------    -------------------

                         (clock atomik_clk rise edge)
                                                      2.250     2.250 r  
                         clock source latency         1.935     4.185    
                         propagated clock network latency
                                                      2.879     7.065    
                         clock pessimism              0.487     7.551    
                         clock uncertainty           -0.060     7.491    
    RAMB36_X5Y15         RAMB36E1 (Setup_ramb36e1_CLKBWRCLK_ADDRBWRADDR[11])
                                                     -0.490     7.001    u_top/u_atomik/u_state_bram/xpm_memory_base_inst/gen_wr_a.gen_word_narrow.mem_reg
  -------------------------------------------------------------------
                         required time                          7.001    
                         arrival time                          -6.993    
  -------------------------------------------------------------------
                         slack                                  0.009    

Slack (MET) :             0.013ns  (required time - arrival time)
  Source:                 u_top/u_atomik/banks[0].bank_acc_reg[0][25]/C
                            (rising edge-triggered cell FDRE clocked by atomik_clk  {rise@0.000ns fall@1.125ns period=2.250ns})
  Destination:            u_top/u_cdc/core_resp_acc_zero_reg/D
                            (rising edge-triggered cell FDCE clocked by atomik_clk  {rise@0.000ns fall@1.125ns period=2.250ns})
  Path Group:             atomik_clk
  Path Type:              Setup (Max at Slow Process Corner)
  Requirement:            2.250ns  (atomik_clk rise@2.250ns - atomik_clk rise@0.000ns)
  Data Path Delay:        2.183ns  (logic 0.694ns (31.796%)  route 1.489ns (68.204%))
  Logic Levels:           3  (LUT4=1 LUT6=2)
  Clock Path Skew:        -0.026ns (DCD - SCD + CPR)
    Destination Clock Delay (DCD):    4.849ns = ( 7.099 - 2.250 ) 
    Source Clock Delay      (SCD):    5.398ns
    Clock Pessimism Removal (CPR):    0.524ns
  Clock Uncertainty:      0.060ns  ((TSJ^2 + DJ^2)^1/2) / 2 + PE
    Total System Jitter     (TSJ):    0.071ns
    Discrete Jitter          (DJ):    0.097ns
    Phase Error              (PE):    0.000ns

    Location             Delay type                Incr(ns)  Path(ns)    Netlist Resource(s)
  -------------------------------------------------------------------    -------------------
                         (clock atomik_clk rise edge)
                                                      0.000     0.000 r  
                         clock source latency         2.177     2.177    
                         propagated clock network latency
                                                      3.221     5.398    
    SLICE_X110Y83        FDRE                         0.000     5.398 r  u_top/u_atomik/banks[0].bank_acc_reg[0][25]/C
    SLICE_X110Y83        FDRE (Prop_fdre_C_Q)         0.379     5.777 f  u_top/u_atomik/banks[0].bank_acc_reg[0][25]/Q
                         net (fo=3, routed)           0.861     6.639    u_top/u_atomik/Q[25]
    SLICE_X109Y82        LUT6 (Prop_lut6_I1_O)        0.105     6.744 r  u_top/u_atomik/core_resp_acc_zero_i_13/O
                         net (fo=1, routed)           0.515     7.258    u_top/u_atomik/core_resp_acc_zero_i_13_n_0
    SLICE_X113Y82        LUT6 (Prop_lut6_I5_O)        0.105     7.363 r  u_top/u_atomik/core_resp_acc_zero_i_5/O
                         net (fo=1, routed)           0.113     7.476    u_top/u_atomik/core_resp_acc_zero_i_5_n_0
    SLICE_X113Y82        LUT4 (Prop_lut4_I3_O)        0.105     7.581 r  u_top/u_atomik/core_resp_acc_zero_i_1/O
                         net (fo=1, routed)           0.000     7.581    u_top/u_cdc/acc_zero
    SLICE_X113Y82        FDCE                                         r  u_top/u_cdc/core_resp_acc_zero_reg/D
  -------------------------------------------------------------------    -------------------

                         (clock atomik_clk rise edge)
                                                      2.250     2.250 r  
                         clock source latency         1.935     4.185    
                         propagated clock network latency
                                                      2.914     7.099    
                         clock pessimism              0.524     7.622    
                         clock uncertainty           -0.060     7.562    
    SLICE_X113Y82        FDCE (Setup_fdce_C_D)        0.032     7.594    u_top/u_cdc/core_resp_acc_zero_reg
  -------------------------------------------------------------------
                         required time                          7.594    
                         arrival time                          -7.581    
  -------------------------------------------------------------------
                         slack                                  0.013    




