Copyright 1986-2022 Xilinx, Inc. All Rights Reserved. Copyright 2022-2025 Advanced Micro Devices, Inc. All Rights Reserved.
-----------------------------------------------------------------------------------------------------------------------------------------------------------
| Tool Version : Vivado v.2025.2 (lin64) Build 6299465 Fri Nov 14 12:34:56 MST 2025
| Date         : Fri Mar 13 14:51:27 2026
| Host         : Jarvis running 64-bit Ubuntu 24.04.4 LTS
| Command      : report_timing -nworst 5 -path_type full -file /home/mattrock/Projects/ATOMiK/hardware/zynq/sweep/reports/crit_path_N64_F205p1_maximum.rpt
| Design       : sweep_top_N64_F205p1_maximum
| Device       : 7z020-clg400
| Speed File   : -2  PRODUCTION 1.12 2019-11-22
| Design State : Routed
-----------------------------------------------------------------------------------------------------------------------------------------------------------

Timing Report

Slack (MET) :             0.100ns  (required time - arrival time)
  Source:                 u_top/u_atomik/banks[47].bank_acc_reg[47][8]/C
                            (rising edge-triggered cell FDRE clocked by atomik_clk  {rise@0.000ns fall@2.438ns period=4.875ns})
  Destination:            u_top/u_cdc/core_resp_acc_zero_reg/D
                            (rising edge-triggered cell FDCE clocked by atomik_clk  {rise@0.000ns fall@2.438ns period=4.875ns})
  Path Group:             atomik_clk
  Path Type:              Setup (Max at Slow Process Corner)
  Requirement:            4.875ns  (atomik_clk rise@4.875ns - atomik_clk rise@0.000ns)
  Data Path Delay:        4.732ns  (logic 1.063ns (22.463%)  route 3.669ns (77.537%))
  Logic Levels:           6  (LUT4=1 LUT5=1 LUT6=4)
  Clock Path Skew:        -0.006ns (DCD - SCD + CPR)
    Destination Clock Delay (DCD):    4.970ns = ( 9.845 - 4.875 ) 
    Source Clock Delay      (SCD):    5.480ns
    Clock Pessimism Removal (CPR):    0.504ns
  Clock Uncertainty:      0.066ns  ((TSJ^2 + DJ^2)^1/2) / 2 + PE
    Total System Jitter     (TSJ):    0.071ns
    Discrete Jitter          (DJ):    0.113ns
    Phase Error              (PE):    0.000ns

    Location             Delay type                Incr(ns)  Path(ns)    Netlist Resource(s)
  -------------------------------------------------------------------    -------------------
                         (clock atomik_clk rise edge)
                                                      0.000     0.000 r  
                         clock source latency         2.194     2.194    
                         propagated clock network latency
                                                      3.286     5.480    
    SLICE_X86Y126        FDRE                         0.000     5.480 r  u_top/u_atomik/banks[47].bank_acc_reg[47][8]/C
    SLICE_X86Y126        FDRE (Prop_fdre_C_Q)         0.433     5.913 r  u_top/u_atomik/banks[47].bank_acc_reg[47][8]/Q
                         net (fo=2, routed)           1.011     6.923    u_top/u_atomik/banks[47].bank_acc_reg[47][63]_0[8]
    SLICE_X86Y130        LUT6 (Prop_lut6_I0_O)        0.105     7.028 r  u_top/u_atomik/i_6_LOPT_REMAP_21/O
                         net (fo=1, routed)           0.859     7.888    u_top/u_atomik/i_6/O_n_21
    SLICE_X90Y130        LUT6 (Prop_lut6_I0_O)        0.105     7.993 r  u_top/u_atomik/i_1_LOPT_REMAP_21/O
                         net (fo=1, routed)           0.347     8.340    u_top/u_atomik/i_1/O_n_21
    SLICE_X91Y130        LUT5 (Prop_lut5_I2_O)        0.105     8.445 f  u_top/u_atomik/i_0_LOPT_REMAP_21/O
                         net (fo=2, routed)           0.792     9.237    u_top/u_atomik/p_64_in[8]
    SLICE_X92Y124        LUT6 (Prop_lut6_I5_O)        0.105     9.342 r  u_top/u_atomik/core_resp_acc_zero_i_6/O
                         net (fo=1, routed)           0.324     9.666    u_top/u_atomik/core_resp_acc_zero_i_6_n_0
    SLICE_X92Y123        LUT6 (Prop_lut6_I0_O)        0.105     9.771 r  u_top/u_atomik/core_resp_acc_zero_i_2/O
                         net (fo=1, routed)           0.336    10.107    u_top/u_atomik/core_resp_acc_zero_i_2_n_0
    SLICE_X95Y123        LUT4 (Prop_lut4_I0_O)        0.105    10.212 r  u_top/u_atomik/core_resp_acc_zero_i_1/O
                         net (fo=1, routed)           0.000    10.212    u_top/u_cdc/acc_zero
    SLICE_X95Y123        FDCE                                         r  u_top/u_cdc/core_resp_acc_zero_reg/D
  -------------------------------------------------------------------    -------------------

                         (clock atomik_clk rise edge)
                                                      4.875     4.875 r  
                         clock source latency         1.951     6.826    
                         propagated clock network latency
                                                      3.018     9.845    
                         clock pessimism              0.504    10.349    
                         clock uncertainty           -0.066    10.282    
    SLICE_X95Y123        FDCE (Setup_fdce_C_D)        0.030    10.312    u_top/u_cdc/core_resp_acc_zero_reg
  -------------------------------------------------------------------
                         required time                         10.312    
                         arrival time                         -10.212    
  -------------------------------------------------------------------
                         slack                                  0.100    

Slack (MET) :             0.100ns  (required time - arrival time)
  Source:                 u_top/u_atomik/banks[47].bank_acc_reg[47][8]/C
                            (rising edge-triggered cell FDRE clocked by atomik_clk  {rise@0.000ns fall@2.438ns period=4.875ns})
  Destination:            u_top/u_cdc/core_resp_acc_zero_reg/D
                            (rising edge-triggered cell FDCE clocked by atomik_clk  {rise@0.000ns fall@2.438ns period=4.875ns})
  Path Group:             atomik_clk
  Path Type:              Setup (Max at Slow Process Corner)
  Requirement:            4.875ns  (atomik_clk rise@4.875ns - atomik_clk rise@0.000ns)
  Data Path Delay:        4.732ns  (logic 1.063ns (22.463%)  route 3.669ns (77.537%))
  Logic Levels:           6  (LUT4=1 LUT5=1 LUT6=4)
  Clock Path Skew:        -0.006ns (DCD - SCD + CPR)
    Destination Clock Delay (DCD):    4.970ns = ( 9.845 - 4.875 ) 
    Source Clock Delay      (SCD):    5.480ns
    Clock Pessimism Removal (CPR):    0.504ns
  Clock Uncertainty:      0.066ns  ((TSJ^2 + DJ^2)^1/2) / 2 + PE
    Total System Jitter     (TSJ):    0.071ns
    Discrete Jitter          (DJ):    0.113ns
    Phase Error              (PE):    0.000ns

    Location             Delay type                Incr(ns)  Path(ns)    Netlist Resource(s)
  -------------------------------------------------------------------    -------------------
                         (clock atomik_clk rise edge)
                                                      0.000     0.000 r  
                         clock source latency         2.194     2.194    
                         propagated clock network latency
                                                      3.286     5.480    
    SLICE_X86Y126        FDRE                         0.000     5.480 r  u_top/u_atomik/banks[47].bank_acc_reg[47][8]/C
    SLICE_X86Y126        FDRE (Prop_fdre_C_Q)         0.433     5.913 f  u_top/u_atomik/banks[47].bank_acc_reg[47][8]/Q
                         net (fo=2, routed)           1.011     6.923    u_top/u_atomik/banks[47].bank_acc_reg[47][63]_0[8]
    SLICE_X86Y130        LUT6 (Prop_lut6_I0_O)        0.105     7.028 r  u_top/u_atomik/i_6_LOPT_REMAP_21/O
                         net (fo=1, routed)           0.859     7.888    u_top/u_atomik/i_6/O_n_21
    SLICE_X90Y130        LUT6 (Prop_lut6_I0_O)        0.105     7.993 r  u_top/u_atomik/i_1_LOPT_REMAP_21/O
                         net (fo=1, routed)           0.347     8.340    u_top/u_atomik/i_1/O_n_21
    SLICE_X91Y130        LUT5 (Prop_lut5_I2_O)        0.105     8.445 f  u_top/u_atomik/i_0_LOPT_REMAP_21/O
                         net (fo=2, routed)           0.792     9.237    u_top/u_atomik/p_64_in[8]
    SLICE_X92Y124        LUT6 (Prop_lut6_I5_O)        0.105     9.342 r  u_top/u_atomik/core_resp_acc_zero_i_6/O
                         net (fo=1, routed)           0.324     9.666    u_top/u_atomik/core_resp_acc_zero_i_6_n_0
    SLICE_X92Y123        LUT6 (Prop_lut6_I0_O)        0.105     9.771 r  u_top/u_atomik/core_resp_acc_zero_i_2/O
                         net (fo=1, routed)           0.336    10.107    u_top/u_atomik/core_resp_acc_zero_i_2_n_0
    SLICE_X95Y123        LUT4 (Prop_lut4_I0_O)        0.105    10.212 r  u_top/u_atomik/core_resp_acc_zero_i_1/O
                         net (fo=1, routed)           0.000    10.212    u_top/u_cdc/acc_zero
    SLICE_X95Y123        FDCE                                         r  u_top/u_cdc/core_resp_acc_zero_reg/D
  -------------------------------------------------------------------    -------------------

                         (clock atomik_clk rise edge)
                                                      4.875     4.875 r  
                         clock source latency         1.951     6.826    
                         propagated clock network latency
                                                      3.018     9.845    
                         clock pessimism              0.504    10.349    
                         clock uncertainty           -0.066    10.282    
    SLICE_X95Y123        FDCE (Setup_fdce_C_D)        0.030    10.312    u_top/u_cdc/core_resp_acc_zero_reg
  -------------------------------------------------------------------
                         required time                         10.312    
                         arrival time                         -10.212    
  -------------------------------------------------------------------
                         slack                                  0.100    

Slack (MET) :             0.100ns  (required time - arrival time)
  Source:                 u_top/u_atomik/banks[47].bank_acc_reg[47][8]/C
                            (rising edge-triggered cell FDRE clocked by atomik_clk  {rise@0.000ns fall@2.438ns period=4.875ns})
  Destination:            u_top/u_cdc/core_resp_acc_zero_reg/D
                            (rising edge-triggered cell FDCE clocked by atomik_clk  {rise@0.000ns fall@2.438ns period=4.875ns})
  Path Group:             atomik_clk
  Path Type:              Setup (Max at Slow Process Corner)
  Requirement:            4.875ns  (atomik_clk rise@4.875ns - atomik_clk rise@0.000ns)
  Data Path Delay:        4.732ns  (logic 1.063ns (22.463%)  route 3.669ns (77.537%))
  Logic Levels:           6  (LUT4=1 LUT5=1 LUT6=4)
  Clock Path Skew:        -0.006ns (DCD - SCD + CPR)
    Destination Clock Delay (DCD):    4.970ns = ( 9.845 - 4.875 ) 
    Source Clock Delay      (SCD):    5.480ns
    Clock Pessimism Removal (CPR):    0.504ns
  Clock Uncertainty:      0.066ns  ((TSJ^2 + DJ^2)^1/2) / 2 + PE
    Total System Jitter     (TSJ):    0.071ns
    Discrete Jitter          (DJ):    0.113ns
    Phase Error              (PE):    0.000ns

    Location             Delay type                Incr(ns)  Path(ns)    Netlist Resource(s)
  -------------------------------------------------------------------    -------------------
                         (clock atomik_clk rise edge)
                                                      0.000     0.000 r  
                         clock source latency         2.194     2.194    
                         propagated clock network latency
                                                      3.286     5.480    
    SLICE_X86Y126        FDRE                         0.000     5.480 r  u_top/u_atomik/banks[47].bank_acc_reg[47][8]/C
    SLICE_X86Y126        FDRE (Prop_fdre_C_Q)         0.433     5.913 r  u_top/u_atomik/banks[47].bank_acc_reg[47][8]/Q
                         net (fo=2, routed)           1.011     6.923    u_top/u_atomik/banks[47].bank_acc_reg[47][63]_0[8]
    SLICE_X86Y130        LUT6 (Prop_lut6_I0_O)        0.105     7.028 f  u_top/u_atomik/i_6_LOPT_REMAP_21/O
                         net (fo=1, routed)           0.859     7.888    u_top/u_atomik/i_6/O_n_21
    SLICE_X90Y130        LUT6 (Prop_lut6_I0_O)        0.105     7.993 r  u_top/u_atomik/i_1_LOPT_REMAP_21/O
                         net (fo=1, routed)           0.347     8.340    u_top/u_atomik/i_1/O_n_21
    SLICE_X91Y130        LUT5 (Prop_lut5_I2_O)        0.105     8.445 f  u_top/u_atomik/i_0_LOPT_REMAP_21/O
                         net (fo=2, routed)           0.792     9.237    u_top/u_atomik/p_64_in[8]
    SLICE_X92Y124        LUT6 (Prop_lut6_I5_O)        0.105     9.342 r  u_top/u_atomik/core_resp_acc_zero_i_6/O
                         net (fo=1, routed)           0.324     9.666    u_top/u_atomik/core_resp_acc_zero_i_6_n_0
    SLICE_X92Y123        LUT6 (Prop_lut6_I0_O)        0.105     9.771 r  u_top/u_atomik/core_resp_acc_zero_i_2/O
                         net (fo=1, routed)           0.336    10.107    u_top/u_atomik/core_resp_acc_zero_i_2_n_0
    SLICE_X95Y123        LUT4 (Prop_lut4_I0_O)        0.105    10.212 r  u_top/u_atomik/core_resp_acc_zero_i_1/O
                         net (fo=1, routed)           0.000    10.212    u_top/u_cdc/acc_zero
    SLICE_X95Y123        FDCE                                         r  u_top/u_cdc/core_resp_acc_zero_reg/D
  -------------------------------------------------------------------    -------------------

                         (clock atomik_clk rise edge)
                                                      4.875     4.875 r  
                         clock source latency         1.951     6.826    
                         propagated clock network latency
                                                      3.018     9.845    
                         clock pessimism              0.504    10.349    
                         clock uncertainty           -0.066    10.282    
    SLICE_X95Y123        FDCE (Setup_fdce_C_D)        0.030    10.312    u_top/u_cdc/core_resp_acc_zero_reg
  -------------------------------------------------------------------
                         required time                         10.312    
                         arrival time                         -10.212    
  -------------------------------------------------------------------
                         slack                                  0.100    

Slack (MET) :             0.100ns  (required time - arrival time)
  Source:                 u_top/u_atomik/banks[47].bank_acc_reg[47][8]/C
                            (rising edge-triggered cell FDRE clocked by atomik_clk  {rise@0.000ns fall@2.438ns period=4.875ns})
  Destination:            u_top/u_cdc/core_resp_acc_zero_reg/D
                            (rising edge-triggered cell FDCE clocked by atomik_clk  {rise@0.000ns fall@2.438ns period=4.875ns})
  Path Group:             atomik_clk
  Path Type:              Setup (Max at Slow Process Corner)
  Requirement:            4.875ns  (atomik_clk rise@4.875ns - atomik_clk rise@0.000ns)
  Data Path Delay:        4.732ns  (logic 1.063ns (22.463%)  route 3.669ns (77.537%))
  Logic Levels:           6  (LUT4=1 LUT5=1 LUT6=4)
  Clock Path Skew:        -0.006ns (DCD - SCD + CPR)
    Destination Clock Delay (DCD):    4.970ns = ( 9.845 - 4.875 ) 
    Source Clock Delay      (SCD):    5.480ns
    Clock Pessimism Removal (CPR):    0.504ns
  Clock Uncertainty:      0.066ns  ((TSJ^2 + DJ^2)^1/2) / 2 + PE
    Total System Jitter     (TSJ):    0.071ns
    Discrete Jitter          (DJ):    0.113ns
    Phase Error              (PE):    0.000ns

    Location             Delay type                Incr(ns)  Path(ns)    Netlist Resource(s)
  -------------------------------------------------------------------    -------------------
                         (clock atomik_clk rise edge)
                                                      0.000     0.000 r  
                         clock source latency         2.194     2.194    
                         propagated clock network latency
                                                      3.286     5.480    
    SLICE_X86Y126        FDRE                         0.000     5.480 r  u_top/u_atomik/banks[47].bank_acc_reg[47][8]/C
    SLICE_X86Y126        FDRE (Prop_fdre_C_Q)         0.433     5.913 r  u_top/u_atomik/banks[47].bank_acc_reg[47][8]/Q
                         net (fo=2, routed)           1.011     6.923    u_top/u_atomik/banks[47].bank_acc_reg[47][63]_0[8]
    SLICE_X86Y130        LUT6 (Prop_lut6_I0_O)        0.105     7.028 r  u_top/u_atomik/i_6_LOPT_REMAP_21/O
                         net (fo=1, routed)           0.859     7.888    u_top/u_atomik/i_6/O_n_21
    SLICE_X90Y130        LUT6 (Prop_lut6_I0_O)        0.105     7.993 f  u_top/u_atomik/i_1_LOPT_REMAP_21/O
                         net (fo=1, routed)           0.347     8.340    u_top/u_atomik/i_1/O_n_21
    SLICE_X91Y130        LUT5 (Prop_lut5_I2_O)        0.105     8.445 f  u_top/u_atomik/i_0_LOPT_REMAP_21/O
                         net (fo=2, routed)           0.792     9.237    u_top/u_atomik/p_64_in[8]
    SLICE_X92Y124        LUT6 (Prop_lut6_I5_O)        0.105     9.342 r  u_top/u_atomik/core_resp_acc_zero_i_6/O
                         net (fo=1, routed)           0.324     9.666    u_top/u_atomik/core_resp_acc_zero_i_6_n_0
    SLICE_X92Y123        LUT6 (Prop_lut6_I0_O)        0.105     9.771 r  u_top/u_atomik/core_resp_acc_zero_i_2/O
                         net (fo=1, routed)           0.336    10.107    u_top/u_atomik/core_resp_acc_zero_i_2_n_0
    SLICE_X95Y123        LUT4 (Prop_lut4_I0_O)        0.105    10.212 r  u_top/u_atomik/core_resp_acc_zero_i_1/O
                         net (fo=1, routed)           0.000    10.212    u_top/u_cdc/acc_zero
    SLICE_X95Y123        FDCE                                         r  u_top/u_cdc/core_resp_acc_zero_reg/D
  -------------------------------------------------------------------    -------------------

                         (clock atomik_clk rise edge)
                                                      4.875     4.875 r  
                         clock source latency         1.951     6.826    
                         propagated clock network latency
                                                      3.018     9.845    
                         clock pessimism              0.504    10.349    
                         clock uncertainty           -0.066    10.282    
    SLICE_X95Y123        FDCE (Setup_fdce_C_D)        0.030    10.312    u_top/u_cdc/core_resp_acc_zero_reg
  -------------------------------------------------------------------
                         required time                         10.312    
                         arrival time                         -10.212    
  -------------------------------------------------------------------
                         slack                                  0.100    

Slack (MET) :             0.100ns  (required time - arrival time)
  Source:                 u_top/u_atomik/banks[47].bank_acc_reg[47][8]/C
                            (rising edge-triggered cell FDRE clocked by atomik_clk  {rise@0.000ns fall@2.438ns period=4.875ns})
  Destination:            u_top/u_cdc/core_resp_acc_zero_reg/D
                            (rising edge-triggered cell FDCE clocked by atomik_clk  {rise@0.000ns fall@2.438ns period=4.875ns})
  Path Group:             atomik_clk
  Path Type:              Setup (Max at Slow Process Corner)
  Requirement:            4.875ns  (atomik_clk rise@4.875ns - atomik_clk rise@0.000ns)
  Data Path Delay:        4.732ns  (logic 1.063ns (22.463%)  route 3.669ns (77.537%))
  Logic Levels:           6  (LUT4=1 LUT5=1 LUT6=4)
  Clock Path Skew:        -0.006ns (DCD - SCD + CPR)
    Destination Clock Delay (DCD):    4.970ns = ( 9.845 - 4.875 ) 
    Source Clock Delay      (SCD):    5.480ns
    Clock Pessimism Removal (CPR):    0.504ns
  Clock Uncertainty:      0.066ns  ((TSJ^2 + DJ^2)^1/2) / 2 + PE
    Total System Jitter     (TSJ):    0.071ns
    Discrete Jitter          (DJ):    0.113ns
    Phase Error              (PE):    0.000ns

    Location             Delay type                Incr(ns)  Path(ns)    Netlist Resource(s)
  -------------------------------------------------------------------    -------------------
                         (clock atomik_clk rise edge)
                                                      0.000     0.000 r  
                         clock source latency         2.194     2.194    
                         propagated clock network latency
                                                      3.286     5.480    
    SLICE_X86Y126        FDRE                         0.000     5.480 r  u_top/u_atomik/banks[47].bank_acc_reg[47][8]/C
    SLICE_X86Y126        FDRE (Prop_fdre_C_Q)         0.433     5.913 f  u_top/u_atomik/banks[47].bank_acc_reg[47][8]/Q
                         net (fo=2, routed)           1.011     6.923    u_top/u_atomik/banks[47].bank_acc_reg[47][63]_0[8]
    SLICE_X86Y130        LUT6 (Prop_lut6_I0_O)        0.105     7.028 r  u_top/u_atomik/i_6_LOPT_REMAP_21/O
                         net (fo=1, routed)           0.859     7.888    u_top/u_atomik/i_6/O_n_21
    SLICE_X90Y130        LUT6 (Prop_lut6_I0_O)        0.105     7.993 f  u_top/u_atomik/i_1_LOPT_REMAP_21/O
                         net (fo=1, routed)           0.347     8.340    u_top/u_atomik/i_1/O_n_21
    SLICE_X91Y130        LUT5 (Prop_lut5_I2_O)        0.105     8.445 f  u_top/u_atomik/i_0_LOPT_REMAP_21/O
                         net (fo=2, routed)           0.792     9.237    u_top/u_atomik/p_64_in[8]
    SLICE_X92Y124        LUT6 (Prop_lut6_I5_O)        0.105     9.342 r  u_top/u_atomik/core_resp_acc_zero_i_6/O
                         net (fo=1, routed)           0.324     9.666    u_top/u_atomik/core_resp_acc_zero_i_6_n_0
    SLICE_X92Y123        LUT6 (Prop_lut6_I0_O)        0.105     9.771 r  u_top/u_atomik/core_resp_acc_zero_i_2/O
                         net (fo=1, routed)           0.336    10.107    u_top/u_atomik/core_resp_acc_zero_i_2_n_0
    SLICE_X95Y123        LUT4 (Prop_lut4_I0_O)        0.105    10.212 r  u_top/u_atomik/core_resp_acc_zero_i_1/O
                         net (fo=1, routed)           0.000    10.212    u_top/u_cdc/acc_zero
    SLICE_X95Y123        FDCE                                         r  u_top/u_cdc/core_resp_acc_zero_reg/D
  -------------------------------------------------------------------    -------------------

                         (clock atomik_clk rise edge)
                                                      4.875     4.875 r  
                         clock source latency         1.951     6.826    
                         propagated clock network latency
                                                      3.018     9.845    
                         clock pessimism              0.504    10.349    
                         clock uncertainty           -0.066    10.282    
    SLICE_X95Y123        FDCE (Setup_fdce_C_D)        0.030    10.312    u_top/u_cdc/core_resp_acc_zero_reg
  -------------------------------------------------------------------
                         required time                         10.312    
                         arrival time                         -10.212    
  -------------------------------------------------------------------
                         slack                                  0.100    




