Copyright 1986-2022 Xilinx, Inc. All Rights Reserved. Copyright 2022-2025 Advanced Micro Devices, Inc. All Rights Reserved.
---------------------------------------------------------------------------------------------------------------------------------------------------
| Tool Version : Vivado v.2025.2 (lin64) Build 6299465 Fri Nov 14 12:34:56 MST 2025
| Date         : Fri Mar 13 14:11:19 2026
| Host         : Jarvis running 64-bit Ubuntu 24.04.4 LTS
| Command      : report_timing -nworst 5 -path_type full -file /home/mattrock/Projects/ATOMiK/hardware/zynq/sweep/reports/crit_path_N16_F275p9.rpt
| Design       : sweep_top_N16_F275p9
| Device       : 7z020-clg400
| Speed File   : -2  PRODUCTION 1.12 2019-11-22
| Design State : Routed
---------------------------------------------------------------------------------------------------------------------------------------------------

Timing Report

Slack (VIOLATED) :        -0.130ns  (required time - arrival time)
  Source:                 u_top/u_atomik/banks[3].bank_acc_reg[3][33]/C
                            (rising edge-triggered cell FDRE clocked by atomik_clk  {rise@0.000ns fall@1.812ns period=3.625ns})
  Destination:            u_top/u_cdc/core_resp_acc_zero_reg/D
                            (rising edge-triggered cell FDCE clocked by atomik_clk  {rise@0.000ns fall@1.812ns period=3.625ns})
  Path Group:             atomik_clk
  Path Type:              Setup (Max at Slow Process Corner)
  Requirement:            3.625ns  (atomik_clk rise@3.625ns - atomik_clk rise@0.000ns)
  Data Path Delay:        3.658ns  (logic 1.010ns (27.613%)  route 2.648ns (72.388%))
  Logic Levels:           5  (LUT4=2 LUT6=3)
  Clock Path Skew:        -0.066ns (DCD - SCD + CPR)
    Destination Clock Delay (DCD):    4.929ns = ( 8.554 - 3.625 ) 
    Source Clock Delay      (SCD):    5.496ns
    Clock Pessimism Removal (CPR):    0.502ns
  Clock Uncertainty:      0.064ns  ((TSJ^2 + DJ^2)^1/2) / 2 + PE
    Total System Jitter     (TSJ):    0.071ns
    Discrete Jitter          (DJ):    0.106ns
    Phase Error              (PE):    0.000ns

    Location             Delay type                Incr(ns)  Path(ns)    Netlist Resource(s)
  -------------------------------------------------------------------    -------------------
                         (clock atomik_clk rise edge)
                                                      0.000     0.000 r  
                         clock source latency         2.177     2.177    
                         propagated clock network latency
                                                      3.319     5.496    
    SLICE_X97Y118        FDRE                         0.000     5.496 r  u_top/u_atomik/banks[3].bank_acc_reg[3][33]/C
    SLICE_X97Y118        FDRE (Prop_fdre_C_Q)         0.348     5.844 r  u_top/u_atomik/banks[3].bank_acc_reg[3][33]/Q
                         net (fo=2, routed)           0.837     6.681    u_top/u_atomik/banks[3].bank_acc_reg[3][63]_0[33]
    SLICE_X102Y123       LUT4 (Prop_lut4_I3_O)        0.242     6.923 r  u_top/u_atomik/swap_data[33]_i_6/O
                         net (fo=1, routed)           0.508     7.431    u_top/u_atomik/swap_data[33]_i_6_n_0
    SLICE_X102Y125       LUT4 (Prop_lut4_I3_O)        0.105     7.536 f  u_top/u_atomik/swap_data[33]_i_2/O
                         net (fo=2, routed)           0.525     8.061    u_top/u_atomik/p_16_in[33]
    SLICE_X103Y126       LUT6 (Prop_lut6_I4_O)        0.105     8.166 r  u_top/u_atomik/core_resp_acc_zero_i_9/O
                         net (fo=1, routed)           0.663     8.829    u_top/u_atomik/core_resp_acc_zero_i_9_n_0
    SLICE_X103Y125       LUT6 (Prop_lut6_I1_O)        0.105     8.934 r  u_top/u_atomik/core_resp_acc_zero_i_5/O
                         net (fo=1, routed)           0.116     9.049    u_top/u_atomik/core_resp_acc_zero_i_5_n_0
    SLICE_X103Y125       LUT6 (Prop_lut6_I5_O)        0.105     9.154 r  u_top/u_atomik/core_resp_acc_zero_i_1_rewire_rewire/O
                         net (fo=1, routed)           0.000     9.154    u_top/u_cdc/core_acc_zero
    SLICE_X103Y125       FDCE                                         r  u_top/u_cdc/core_resp_acc_zero_reg/D
  -------------------------------------------------------------------    -------------------

                         (clock atomik_clk rise edge)
                                                      3.625     3.625 r  
                         clock source latency         1.935     5.560    
                         propagated clock network latency
                                                      2.993     8.554    
                         clock pessimism              0.502     9.055    
                         clock uncertainty           -0.064     8.992    
    SLICE_X103Y125       FDCE (Setup_fdce_C_D)        0.033     9.025    u_top/u_cdc/core_resp_acc_zero_reg
  -------------------------------------------------------------------
                         required time                          9.025    
                         arrival time                          -9.154    
  -------------------------------------------------------------------
                         slack                                 -0.130    

Slack (VIOLATED) :        -0.130ns  (required time - arrival time)
  Source:                 u_top/u_atomik/banks[3].bank_acc_reg[3][33]/C
                            (rising edge-triggered cell FDRE clocked by atomik_clk  {rise@0.000ns fall@1.812ns period=3.625ns})
  Destination:            u_top/u_cdc/core_resp_acc_zero_reg/D
                            (rising edge-triggered cell FDCE clocked by atomik_clk  {rise@0.000ns fall@1.812ns period=3.625ns})
  Path Group:             atomik_clk
  Path Type:              Setup (Max at Slow Process Corner)
  Requirement:            3.625ns  (atomik_clk rise@3.625ns - atomik_clk rise@0.000ns)
  Data Path Delay:        3.658ns  (logic 1.010ns (27.613%)  route 2.648ns (72.388%))
  Logic Levels:           5  (LUT4=2 LUT6=3)
  Clock Path Skew:        -0.066ns (DCD - SCD + CPR)
    Destination Clock Delay (DCD):    4.929ns = ( 8.554 - 3.625 ) 
    Source Clock Delay      (SCD):    5.496ns
    Clock Pessimism Removal (CPR):    0.502ns
  Clock Uncertainty:      0.064ns  ((TSJ^2 + DJ^2)^1/2) / 2 + PE
    Total System Jitter     (TSJ):    0.071ns
    Discrete Jitter          (DJ):    0.106ns
    Phase Error              (PE):    0.000ns

    Location             Delay type                Incr(ns)  Path(ns)    Netlist Resource(s)
  -------------------------------------------------------------------    -------------------
                         (clock atomik_clk rise edge)
                                                      0.000     0.000 r  
                         clock source latency         2.177     2.177    
                         propagated clock network latency
                                                      3.319     5.496    
    SLICE_X97Y118        FDRE                         0.000     5.496 r  u_top/u_atomik/banks[3].bank_acc_reg[3][33]/C
    SLICE_X97Y118        FDRE (Prop_fdre_C_Q)         0.348     5.844 f  u_top/u_atomik/banks[3].bank_acc_reg[3][33]/Q
                         net (fo=2, routed)           0.837     6.681    u_top/u_atomik/banks[3].bank_acc_reg[3][63]_0[33]
    SLICE_X102Y123       LUT4 (Prop_lut4_I3_O)        0.242     6.923 r  u_top/u_atomik/swap_data[33]_i_6/O
                         net (fo=1, routed)           0.508     7.431    u_top/u_atomik/swap_data[33]_i_6_n_0
    SLICE_X102Y125       LUT4 (Prop_lut4_I3_O)        0.105     7.536 f  u_top/u_atomik/swap_data[33]_i_2/O
                         net (fo=2, routed)           0.525     8.061    u_top/u_atomik/p_16_in[33]
    SLICE_X103Y126       LUT6 (Prop_lut6_I4_O)        0.105     8.166 r  u_top/u_atomik/core_resp_acc_zero_i_9/O
                         net (fo=1, routed)           0.663     8.829    u_top/u_atomik/core_resp_acc_zero_i_9_n_0
    SLICE_X103Y125       LUT6 (Prop_lut6_I1_O)        0.105     8.934 r  u_top/u_atomik/core_resp_acc_zero_i_5/O
                         net (fo=1, routed)           0.116     9.049    u_top/u_atomik/core_resp_acc_zero_i_5_n_0
    SLICE_X103Y125       LUT6 (Prop_lut6_I5_O)        0.105     9.154 r  u_top/u_atomik/core_resp_acc_zero_i_1_rewire_rewire/O
                         net (fo=1, routed)           0.000     9.154    u_top/u_cdc/core_acc_zero
    SLICE_X103Y125       FDCE                                         r  u_top/u_cdc/core_resp_acc_zero_reg/D
  -------------------------------------------------------------------    -------------------

                         (clock atomik_clk rise edge)
                                                      3.625     3.625 r  
                         clock source latency         1.935     5.560    
                         propagated clock network latency
                                                      2.993     8.554    
                         clock pessimism              0.502     9.055    
                         clock uncertainty           -0.064     8.992    
    SLICE_X103Y125       FDCE (Setup_fdce_C_D)        0.033     9.025    u_top/u_cdc/core_resp_acc_zero_reg
  -------------------------------------------------------------------
                         required time                          9.025    
                         arrival time                          -9.154    
  -------------------------------------------------------------------
                         slack                                 -0.130    

Slack (VIOLATED) :        -0.130ns  (required time - arrival time)
  Source:                 u_top/u_atomik/banks[3].bank_acc_reg[3][33]/C
                            (rising edge-triggered cell FDRE clocked by atomik_clk  {rise@0.000ns fall@1.812ns period=3.625ns})
  Destination:            u_top/u_cdc/core_resp_acc_zero_reg/D
                            (rising edge-triggered cell FDCE clocked by atomik_clk  {rise@0.000ns fall@1.812ns period=3.625ns})
  Path Group:             atomik_clk
  Path Type:              Setup (Max at Slow Process Corner)
  Requirement:            3.625ns  (atomik_clk rise@3.625ns - atomik_clk rise@0.000ns)
  Data Path Delay:        3.658ns  (logic 1.010ns (27.613%)  route 2.648ns (72.388%))
  Logic Levels:           5  (LUT4=2 LUT6=3)
  Clock Path Skew:        -0.066ns (DCD - SCD + CPR)
    Destination Clock Delay (DCD):    4.929ns = ( 8.554 - 3.625 ) 
    Source Clock Delay      (SCD):    5.496ns
    Clock Pessimism Removal (CPR):    0.502ns
  Clock Uncertainty:      0.064ns  ((TSJ^2 + DJ^2)^1/2) / 2 + PE
    Total System Jitter     (TSJ):    0.071ns
    Discrete Jitter          (DJ):    0.106ns
    Phase Error              (PE):    0.000ns

    Location             Delay type                Incr(ns)  Path(ns)    Netlist Resource(s)
  -------------------------------------------------------------------    -------------------
                         (clock atomik_clk rise edge)
                                                      0.000     0.000 r  
                         clock source latency         2.177     2.177    
                         propagated clock network latency
                                                      3.319     5.496    
    SLICE_X97Y118        FDRE                         0.000     5.496 r  u_top/u_atomik/banks[3].bank_acc_reg[3][33]/C
    SLICE_X97Y118        FDRE (Prop_fdre_C_Q)         0.348     5.844 r  u_top/u_atomik/banks[3].bank_acc_reg[3][33]/Q
                         net (fo=2, routed)           0.837     6.681    u_top/u_atomik/banks[3].bank_acc_reg[3][63]_0[33]
    SLICE_X102Y123       LUT4 (Prop_lut4_I3_O)        0.242     6.923 f  u_top/u_atomik/swap_data[33]_i_6/O
                         net (fo=1, routed)           0.508     7.431    u_top/u_atomik/swap_data[33]_i_6_n_0
    SLICE_X102Y125       LUT4 (Prop_lut4_I3_O)        0.105     7.536 f  u_top/u_atomik/swap_data[33]_i_2/O
                         net (fo=2, routed)           0.525     8.061    u_top/u_atomik/p_16_in[33]
    SLICE_X103Y126       LUT6 (Prop_lut6_I4_O)        0.105     8.166 r  u_top/u_atomik/core_resp_acc_zero_i_9/O
                         net (fo=1, routed)           0.663     8.829    u_top/u_atomik/core_resp_acc_zero_i_9_n_0
    SLICE_X103Y125       LUT6 (Prop_lut6_I1_O)        0.105     8.934 r  u_top/u_atomik/core_resp_acc_zero_i_5/O
                         net (fo=1, routed)           0.116     9.049    u_top/u_atomik/core_resp_acc_zero_i_5_n_0
    SLICE_X103Y125       LUT6 (Prop_lut6_I5_O)        0.105     9.154 r  u_top/u_atomik/core_resp_acc_zero_i_1_rewire_rewire/O
                         net (fo=1, routed)           0.000     9.154    u_top/u_cdc/core_acc_zero
    SLICE_X103Y125       FDCE                                         r  u_top/u_cdc/core_resp_acc_zero_reg/D
  -------------------------------------------------------------------    -------------------

                         (clock atomik_clk rise edge)
                                                      3.625     3.625 r  
                         clock source latency         1.935     5.560    
                         propagated clock network latency
                                                      2.993     8.554    
                         clock pessimism              0.502     9.055    
                         clock uncertainty           -0.064     8.992    
    SLICE_X103Y125       FDCE (Setup_fdce_C_D)        0.033     9.025    u_top/u_cdc/core_resp_acc_zero_reg
  -------------------------------------------------------------------
                         required time                          9.025    
                         arrival time                          -9.154    
  -------------------------------------------------------------------
                         slack                                 -0.130    

Slack (VIOLATED) :        -0.130ns  (required time - arrival time)
  Source:                 u_top/u_atomik/banks[3].bank_acc_reg[3][33]/C
                            (rising edge-triggered cell FDRE clocked by atomik_clk  {rise@0.000ns fall@1.812ns period=3.625ns})
  Destination:            u_top/u_cdc/core_resp_acc_zero_reg/D
                            (rising edge-triggered cell FDCE clocked by atomik_clk  {rise@0.000ns fall@1.812ns period=3.625ns})
  Path Group:             atomik_clk
  Path Type:              Setup (Max at Slow Process Corner)
  Requirement:            3.625ns  (atomik_clk rise@3.625ns - atomik_clk rise@0.000ns)
  Data Path Delay:        3.658ns  (logic 1.010ns (27.613%)  route 2.648ns (72.388%))
  Logic Levels:           5  (LUT4=2 LUT6=3)
  Clock Path Skew:        -0.066ns (DCD - SCD + CPR)
    Destination Clock Delay (DCD):    4.929ns = ( 8.554 - 3.625 ) 
    Source Clock Delay      (SCD):    5.496ns
    Clock Pessimism Removal (CPR):    0.502ns
  Clock Uncertainty:      0.064ns  ((TSJ^2 + DJ^2)^1/2) / 2 + PE
    Total System Jitter     (TSJ):    0.071ns
    Discrete Jitter          (DJ):    0.106ns
    Phase Error              (PE):    0.000ns

    Location             Delay type                Incr(ns)  Path(ns)    Netlist Resource(s)
  -------------------------------------------------------------------    -------------------
                         (clock atomik_clk rise edge)
                                                      0.000     0.000 r  
                         clock source latency         2.177     2.177    
                         propagated clock network latency
                                                      3.319     5.496    
    SLICE_X97Y118        FDRE                         0.000     5.496 r  u_top/u_atomik/banks[3].bank_acc_reg[3][33]/C
    SLICE_X97Y118        FDRE (Prop_fdre_C_Q)         0.348     5.844 f  u_top/u_atomik/banks[3].bank_acc_reg[3][33]/Q
                         net (fo=2, routed)           0.837     6.681    u_top/u_atomik/banks[3].bank_acc_reg[3][63]_0[33]
    SLICE_X102Y123       LUT4 (Prop_lut4_I3_O)        0.242     6.923 f  u_top/u_atomik/swap_data[33]_i_6/O
                         net (fo=1, routed)           0.508     7.431    u_top/u_atomik/swap_data[33]_i_6_n_0
    SLICE_X102Y125       LUT4 (Prop_lut4_I3_O)        0.105     7.536 f  u_top/u_atomik/swap_data[33]_i_2/O
                         net (fo=2, routed)           0.525     8.061    u_top/u_atomik/p_16_in[33]
    SLICE_X103Y126       LUT6 (Prop_lut6_I4_O)        0.105     8.166 r  u_top/u_atomik/core_resp_acc_zero_i_9/O
                         net (fo=1, routed)           0.663     8.829    u_top/u_atomik/core_resp_acc_zero_i_9_n_0
    SLICE_X103Y125       LUT6 (Prop_lut6_I1_O)        0.105     8.934 r  u_top/u_atomik/core_resp_acc_zero_i_5/O
                         net (fo=1, routed)           0.116     9.049    u_top/u_atomik/core_resp_acc_zero_i_5_n_0
    SLICE_X103Y125       LUT6 (Prop_lut6_I5_O)        0.105     9.154 r  u_top/u_atomik/core_resp_acc_zero_i_1_rewire_rewire/O
                         net (fo=1, routed)           0.000     9.154    u_top/u_cdc/core_acc_zero
    SLICE_X103Y125       FDCE                                         r  u_top/u_cdc/core_resp_acc_zero_reg/D
  -------------------------------------------------------------------    -------------------

                         (clock atomik_clk rise edge)
                                                      3.625     3.625 r  
                         clock source latency         1.935     5.560    
                         propagated clock network latency
                                                      2.993     8.554    
                         clock pessimism              0.502     9.055    
                         clock uncertainty           -0.064     8.992    
    SLICE_X103Y125       FDCE (Setup_fdce_C_D)        0.033     9.025    u_top/u_cdc/core_resp_acc_zero_reg
  -------------------------------------------------------------------
                         required time                          9.025    
                         arrival time                          -9.154    
  -------------------------------------------------------------------
                         slack                                 -0.130    

Slack (VIOLATED) :        -0.130ns  (required time - arrival time)
  Source:                 u_top/u_atomik/banks[3].bank_acc_reg[3][33]/C
                            (rising edge-triggered cell FDRE clocked by atomik_clk  {rise@0.000ns fall@1.812ns period=3.625ns})
  Destination:            u_top/u_cdc/core_resp_acc_zero_reg/D
                            (rising edge-triggered cell FDCE clocked by atomik_clk  {rise@0.000ns fall@1.812ns period=3.625ns})
  Path Group:             atomik_clk
  Path Type:              Setup (Max at Slow Process Corner)
  Requirement:            3.625ns  (atomik_clk rise@3.625ns - atomik_clk rise@0.000ns)
  Data Path Delay:        3.658ns  (logic 1.010ns (27.613%)  route 2.648ns (72.388%))
  Logic Levels:           5  (LUT4=2 LUT6=3)
  Clock Path Skew:        -0.066ns (DCD - SCD + CPR)
    Destination Clock Delay (DCD):    4.929ns = ( 8.554 - 3.625 ) 
    Source Clock Delay      (SCD):    5.496ns
    Clock Pessimism Removal (CPR):    0.502ns
  Clock Uncertainty:      0.064ns  ((TSJ^2 + DJ^2)^1/2) / 2 + PE
    Total System Jitter     (TSJ):    0.071ns
    Discrete Jitter          (DJ):    0.106ns
    Phase Error              (PE):    0.000ns

    Location             Delay type                Incr(ns)  Path(ns)    Netlist Resource(s)
  -------------------------------------------------------------------    -------------------
                         (clock atomik_clk rise edge)
                                                      0.000     0.000 r  
                         clock source latency         2.177     2.177    
                         propagated clock network latency
                                                      3.319     5.496    
    SLICE_X97Y118        FDRE                         0.000     5.496 r  u_top/u_atomik/banks[3].bank_acc_reg[3][33]/C
    SLICE_X97Y118        FDRE (Prop_fdre_C_Q)         0.348     5.844 r  u_top/u_atomik/banks[3].bank_acc_reg[3][33]/Q
                         net (fo=2, routed)           0.837     6.681    u_top/u_atomik/banks[3].bank_acc_reg[3][63]_0[33]
    SLICE_X102Y123       LUT4 (Prop_lut4_I3_O)        0.242     6.923 r  u_top/u_atomik/swap_data[33]_i_6/O
                         net (fo=1, routed)           0.508     7.431    u_top/u_atomik/swap_data[33]_i_6_n_0
    SLICE_X102Y125       LUT4 (Prop_lut4_I3_O)        0.105     7.536 r  u_top/u_atomik/swap_data[33]_i_2/O
                         net (fo=2, routed)           0.525     8.061    u_top/u_atomik/p_16_in[33]
    SLICE_X103Y126       LUT6 (Prop_lut6_I4_O)        0.105     8.166 f  u_top/u_atomik/core_resp_acc_zero_i_9/O
                         net (fo=1, routed)           0.663     8.829    u_top/u_atomik/core_resp_acc_zero_i_9_n_0
    SLICE_X103Y125       LUT6 (Prop_lut6_I1_O)        0.105     8.934 f  u_top/u_atomik/core_resp_acc_zero_i_5/O
                         net (fo=1, routed)           0.116     9.049    u_top/u_atomik/core_resp_acc_zero_i_5_n_0
    SLICE_X103Y125       LUT6 (Prop_lut6_I5_O)        0.105     9.154 f  u_top/u_atomik/core_resp_acc_zero_i_1_rewire_rewire/O
                         net (fo=1, routed)           0.000     9.154    u_top/u_cdc/core_acc_zero
    SLICE_X103Y125       FDCE                                         f  u_top/u_cdc/core_resp_acc_zero_reg/D
  -------------------------------------------------------------------    -------------------

                         (clock atomik_clk rise edge)
                                                      3.625     3.625 r  
                         clock source latency         1.935     5.560    
                         propagated clock network latency
                                                      2.993     8.554    
                         clock pessimism              0.502     9.055    
                         clock uncertainty           -0.064     8.992    
    SLICE_X103Y125       FDCE (Setup_fdce_C_D)        0.033     9.025    u_top/u_cdc/core_resp_acc_zero_reg
  -------------------------------------------------------------------
                         required time                          9.025    
                         arrival time                          -9.154    
  -------------------------------------------------------------------
                         slack                                 -0.130    




