Copyright 1986-2022 Xilinx, Inc. All Rights Reserved. Copyright 2022-2025 Advanced Micro Devices, Inc. All Rights Reserved.
---------------------------------------------------------------------------------------------------------------------------------------------------
| Tool Version : Vivado v.2025.2 (lin64) Build 6299465 Fri Nov 14 12:34:56 MST 2025
| Date         : Fri Mar 13 16:03:54 2026
| Host         : Jarvis running 64-bit Ubuntu 24.04.4 LTS
| Command      : report_timing -nworst 5 -path_type full -file /home/mattrock/Projects/ATOMiK/hardware/zynq/sweep/reports/crit_path_N64_F205p1.rpt
| Design       : sweep_top_N64_F205p1
| Device       : 7z020-clg400
| Speed File   : -2  PRODUCTION 1.12 2019-11-22
| Design State : Routed
---------------------------------------------------------------------------------------------------------------------------------------------------

Timing Report

Slack (MET) :             0.111ns  (required time - arrival time)
  Source:                 u_top/u_atomik/banks[21].bank_acc_reg[21][54]/C
                            (rising edge-triggered cell FDRE clocked by atomik_clk  {rise@0.000ns fall@2.438ns period=4.875ns})
  Destination:            u_top/u_cdc/core_resp_acc_zero_reg/D
                            (rising edge-triggered cell FDCE clocked by atomik_clk  {rise@0.000ns fall@2.438ns period=4.875ns})
  Path Group:             atomik_clk
  Path Type:              Setup (Max at Slow Process Corner)
  Requirement:            4.875ns  (atomik_clk rise@4.875ns - atomik_clk rise@0.000ns)
  Data Path Delay:        4.719ns  (logic 0.904ns (19.159%)  route 3.815ns (80.842%))
  Logic Levels:           5  (LUT4=3 LUT6=2)
  Clock Path Skew:        -0.009ns (DCD - SCD + CPR)
    Destination Clock Delay (DCD):    4.972ns = ( 9.847 - 4.875 ) 
    Source Clock Delay      (SCD):    5.485ns
    Clock Pessimism Removal (CPR):    0.504ns
  Clock Uncertainty:      0.066ns  ((TSJ^2 + DJ^2)^1/2) / 2 + PE
    Total System Jitter     (TSJ):    0.071ns
    Discrete Jitter          (DJ):    0.113ns
    Phase Error              (PE):    0.000ns

    Location             Delay type                Incr(ns)  Path(ns)    Netlist Resource(s)
  -------------------------------------------------------------------    -------------------
                         (clock atomik_clk rise edge)
                                                      0.000     0.000 r  
                         clock source latency         2.194     2.194    
                         propagated clock network latency
                                                      3.291     5.485    
    SLICE_X55Y103        FDRE                         0.000     5.485 r  u_top/u_atomik/banks[21].bank_acc_reg[21][54]/C
    SLICE_X55Y103        FDRE (Prop_fdre_C_Q)         0.379     5.864 r  u_top/u_atomik/banks[21].bank_acc_reg[21][54]/Q
                         net (fo=2, routed)           0.999     6.862    u_top/u_atomik/banks[21].bank_acc_reg[21][63]_0[54]
    SLICE_X61Y115        LUT4 (Prop_lut4_I2_O)        0.105     6.967 r  u_top/u_atomik/swap_data[54]_i_13/O
                         net (fo=1, routed)           0.317     7.284    u_top/u_atomik/swap_data[54]_i_13_n_0
    SLICE_X61Y115        LUT6 (Prop_lut6_I0_O)        0.105     7.389 r  u_top/u_atomik/swap_data[54]_i_6/O
                         net (fo=1, routed)           1.159     8.548    u_top/u_atomik/swap_data[54]_i_6_n_0
    SLICE_X90Y120        LUT4 (Prop_lut4_I3_O)        0.105     8.653 f  u_top/u_atomik/swap_data[54]_i_2/O
                         net (fo=2, routed)           0.678     9.331    u_top/u_atomik/p_64_in[54]
    SLICE_X91Y121        LUT6 (Prop_lut6_I0_O)        0.105     9.436 r  u_top/u_atomik/core_resp_acc_zero_i_4/O
                         net (fo=1, routed)           0.662    10.098    u_top/u_atomik/core_resp_acc_zero_i_4_n_0
    SLICE_X95Y122        LUT4 (Prop_lut4_I2_O)        0.105    10.203 r  u_top/u_atomik/core_resp_acc_zero_i_1/O
                         net (fo=1, routed)           0.000    10.203    u_top/u_cdc/acc_zero
    SLICE_X95Y122        FDCE                                         r  u_top/u_cdc/core_resp_acc_zero_reg/D
  -------------------------------------------------------------------    -------------------

                         (clock atomik_clk rise edge)
                                                      4.875     4.875 r  
                         clock source latency         1.951     6.826    
                         propagated clock network latency
                                                      3.020     9.847    
                         clock pessimism              0.504    10.351    
                         clock uncertainty           -0.066    10.284    
    SLICE_X95Y122        FDCE (Setup_fdce_C_D)        0.030    10.314    u_top/u_cdc/core_resp_acc_zero_reg
  -------------------------------------------------------------------
                         required time                         10.314    
                         arrival time                         -10.203    
  -------------------------------------------------------------------
                         slack                                  0.111    

Slack (MET) :             0.111ns  (required time - arrival time)
  Source:                 u_top/u_atomik/banks[21].bank_acc_reg[21][54]/C
                            (rising edge-triggered cell FDRE clocked by atomik_clk  {rise@0.000ns fall@2.438ns period=4.875ns})
  Destination:            u_top/u_cdc/core_resp_acc_zero_reg/D
                            (rising edge-triggered cell FDCE clocked by atomik_clk  {rise@0.000ns fall@2.438ns period=4.875ns})
  Path Group:             atomik_clk
  Path Type:              Setup (Max at Slow Process Corner)
  Requirement:            4.875ns  (atomik_clk rise@4.875ns - atomik_clk rise@0.000ns)
  Data Path Delay:        4.719ns  (logic 0.904ns (19.159%)  route 3.815ns (80.842%))
  Logic Levels:           5  (LUT4=3 LUT6=2)
  Clock Path Skew:        -0.009ns (DCD - SCD + CPR)
    Destination Clock Delay (DCD):    4.972ns = ( 9.847 - 4.875 ) 
    Source Clock Delay      (SCD):    5.485ns
    Clock Pessimism Removal (CPR):    0.504ns
  Clock Uncertainty:      0.066ns  ((TSJ^2 + DJ^2)^1/2) / 2 + PE
    Total System Jitter     (TSJ):    0.071ns
    Discrete Jitter          (DJ):    0.113ns
    Phase Error              (PE):    0.000ns

    Location             Delay type                Incr(ns)  Path(ns)    Netlist Resource(s)
  -------------------------------------------------------------------    -------------------
                         (clock atomik_clk rise edge)
                                                      0.000     0.000 r  
                         clock source latency         2.194     2.194    
                         propagated clock network latency
                                                      3.291     5.485    
    SLICE_X55Y103        FDRE                         0.000     5.485 r  u_top/u_atomik/banks[21].bank_acc_reg[21][54]/C
    SLICE_X55Y103        FDRE (Prop_fdre_C_Q)         0.379     5.864 f  u_top/u_atomik/banks[21].bank_acc_reg[21][54]/Q
                         net (fo=2, routed)           0.999     6.862    u_top/u_atomik/banks[21].bank_acc_reg[21][63]_0[54]
    SLICE_X61Y115        LUT4 (Prop_lut4_I2_O)        0.105     6.967 r  u_top/u_atomik/swap_data[54]_i_13/O
                         net (fo=1, routed)           0.317     7.284    u_top/u_atomik/swap_data[54]_i_13_n_0
    SLICE_X61Y115        LUT6 (Prop_lut6_I0_O)        0.105     7.389 r  u_top/u_atomik/swap_data[54]_i_6/O
                         net (fo=1, routed)           1.159     8.548    u_top/u_atomik/swap_data[54]_i_6_n_0
    SLICE_X90Y120        LUT4 (Prop_lut4_I3_O)        0.105     8.653 f  u_top/u_atomik/swap_data[54]_i_2/O
                         net (fo=2, routed)           0.678     9.331    u_top/u_atomik/p_64_in[54]
    SLICE_X91Y121        LUT6 (Prop_lut6_I0_O)        0.105     9.436 r  u_top/u_atomik/core_resp_acc_zero_i_4/O
                         net (fo=1, routed)           0.662    10.098    u_top/u_atomik/core_resp_acc_zero_i_4_n_0
    SLICE_X95Y122        LUT4 (Prop_lut4_I2_O)        0.105    10.203 r  u_top/u_atomik/core_resp_acc_zero_i_1/O
                         net (fo=1, routed)           0.000    10.203    u_top/u_cdc/acc_zero
    SLICE_X95Y122        FDCE                                         r  u_top/u_cdc/core_resp_acc_zero_reg/D
  -------------------------------------------------------------------    -------------------

                         (clock atomik_clk rise edge)
                                                      4.875     4.875 r  
                         clock source latency         1.951     6.826    
                         propagated clock network latency
                                                      3.020     9.847    
                         clock pessimism              0.504    10.351    
                         clock uncertainty           -0.066    10.284    
    SLICE_X95Y122        FDCE (Setup_fdce_C_D)        0.030    10.314    u_top/u_cdc/core_resp_acc_zero_reg
  -------------------------------------------------------------------
                         required time                         10.314    
                         arrival time                         -10.203    
  -------------------------------------------------------------------
                         slack                                  0.111    

Slack (MET) :             0.111ns  (required time - arrival time)
  Source:                 u_top/u_atomik/banks[21].bank_acc_reg[21][54]/C
                            (rising edge-triggered cell FDRE clocked by atomik_clk  {rise@0.000ns fall@2.438ns period=4.875ns})
  Destination:            u_top/u_cdc/core_resp_acc_zero_reg/D
                            (rising edge-triggered cell FDCE clocked by atomik_clk  {rise@0.000ns fall@2.438ns period=4.875ns})
  Path Group:             atomik_clk
  Path Type:              Setup (Max at Slow Process Corner)
  Requirement:            4.875ns  (atomik_clk rise@4.875ns - atomik_clk rise@0.000ns)
  Data Path Delay:        4.719ns  (logic 0.904ns (19.159%)  route 3.815ns (80.842%))
  Logic Levels:           5  (LUT4=3 LUT6=2)
  Clock Path Skew:        -0.009ns (DCD - SCD + CPR)
    Destination Clock Delay (DCD):    4.972ns = ( 9.847 - 4.875 ) 
    Source Clock Delay      (SCD):    5.485ns
    Clock Pessimism Removal (CPR):    0.504ns
  Clock Uncertainty:      0.066ns  ((TSJ^2 + DJ^2)^1/2) / 2 + PE
    Total System Jitter     (TSJ):    0.071ns
    Discrete Jitter          (DJ):    0.113ns
    Phase Error              (PE):    0.000ns

    Location             Delay type                Incr(ns)  Path(ns)    Netlist Resource(s)
  -------------------------------------------------------------------    -------------------
                         (clock atomik_clk rise edge)
                                                      0.000     0.000 r  
                         clock source latency         2.194     2.194    
                         propagated clock network latency
                                                      3.291     5.485    
    SLICE_X55Y103        FDRE                         0.000     5.485 r  u_top/u_atomik/banks[21].bank_acc_reg[21][54]/C
    SLICE_X55Y103        FDRE (Prop_fdre_C_Q)         0.379     5.864 r  u_top/u_atomik/banks[21].bank_acc_reg[21][54]/Q
                         net (fo=2, routed)           0.999     6.862    u_top/u_atomik/banks[21].bank_acc_reg[21][63]_0[54]
    SLICE_X61Y115        LUT4 (Prop_lut4_I2_O)        0.105     6.967 r  u_top/u_atomik/swap_data[54]_i_13/O
                         net (fo=1, routed)           0.317     7.284    u_top/u_atomik/swap_data[54]_i_13_n_0
    SLICE_X61Y115        LUT6 (Prop_lut6_I0_O)        0.105     7.389 f  u_top/u_atomik/swap_data[54]_i_6/O
                         net (fo=1, routed)           1.159     8.548    u_top/u_atomik/swap_data[54]_i_6_n_0
    SLICE_X90Y120        LUT4 (Prop_lut4_I3_O)        0.105     8.653 f  u_top/u_atomik/swap_data[54]_i_2/O
                         net (fo=2, routed)           0.678     9.331    u_top/u_atomik/p_64_in[54]
    SLICE_X91Y121        LUT6 (Prop_lut6_I0_O)        0.105     9.436 r  u_top/u_atomik/core_resp_acc_zero_i_4/O
                         net (fo=1, routed)           0.662    10.098    u_top/u_atomik/core_resp_acc_zero_i_4_n_0
    SLICE_X95Y122        LUT4 (Prop_lut4_I2_O)        0.105    10.203 r  u_top/u_atomik/core_resp_acc_zero_i_1/O
                         net (fo=1, routed)           0.000    10.203    u_top/u_cdc/acc_zero
    SLICE_X95Y122        FDCE                                         r  u_top/u_cdc/core_resp_acc_zero_reg/D
  -------------------------------------------------------------------    -------------------

                         (clock atomik_clk rise edge)
                                                      4.875     4.875 r  
                         clock source latency         1.951     6.826    
                         propagated clock network latency
                                                      3.020     9.847    
                         clock pessimism              0.504    10.351    
                         clock uncertainty           -0.066    10.284    
    SLICE_X95Y122        FDCE (Setup_fdce_C_D)        0.030    10.314    u_top/u_cdc/core_resp_acc_zero_reg
  -------------------------------------------------------------------
                         required time                         10.314    
                         arrival time                         -10.203    
  -------------------------------------------------------------------
                         slack                                  0.111    

Slack (MET) :             0.111ns  (required time - arrival time)
  Source:                 u_top/u_atomik/banks[21].bank_acc_reg[21][54]/C
                            (rising edge-triggered cell FDRE clocked by atomik_clk  {rise@0.000ns fall@2.438ns period=4.875ns})
  Destination:            u_top/u_cdc/core_resp_acc_zero_reg/D
                            (rising edge-triggered cell FDCE clocked by atomik_clk  {rise@0.000ns fall@2.438ns period=4.875ns})
  Path Group:             atomik_clk
  Path Type:              Setup (Max at Slow Process Corner)
  Requirement:            4.875ns  (atomik_clk rise@4.875ns - atomik_clk rise@0.000ns)
  Data Path Delay:        4.719ns  (logic 0.904ns (19.159%)  route 3.815ns (80.842%))
  Logic Levels:           5  (LUT4=3 LUT6=2)
  Clock Path Skew:        -0.009ns (DCD - SCD + CPR)
    Destination Clock Delay (DCD):    4.972ns = ( 9.847 - 4.875 ) 
    Source Clock Delay      (SCD):    5.485ns
    Clock Pessimism Removal (CPR):    0.504ns
  Clock Uncertainty:      0.066ns  ((TSJ^2 + DJ^2)^1/2) / 2 + PE
    Total System Jitter     (TSJ):    0.071ns
    Discrete Jitter          (DJ):    0.113ns
    Phase Error              (PE):    0.000ns

    Location             Delay type                Incr(ns)  Path(ns)    Netlist Resource(s)
  -------------------------------------------------------------------    -------------------
                         (clock atomik_clk rise edge)
                                                      0.000     0.000 r  
                         clock source latency         2.194     2.194    
                         propagated clock network latency
                                                      3.291     5.485    
    SLICE_X55Y103        FDRE                         0.000     5.485 r  u_top/u_atomik/banks[21].bank_acc_reg[21][54]/C
    SLICE_X55Y103        FDRE (Prop_fdre_C_Q)         0.379     5.864 f  u_top/u_atomik/banks[21].bank_acc_reg[21][54]/Q
                         net (fo=2, routed)           0.999     6.862    u_top/u_atomik/banks[21].bank_acc_reg[21][63]_0[54]
    SLICE_X61Y115        LUT4 (Prop_lut4_I2_O)        0.105     6.967 r  u_top/u_atomik/swap_data[54]_i_13/O
                         net (fo=1, routed)           0.317     7.284    u_top/u_atomik/swap_data[54]_i_13_n_0
    SLICE_X61Y115        LUT6 (Prop_lut6_I0_O)        0.105     7.389 f  u_top/u_atomik/swap_data[54]_i_6/O
                         net (fo=1, routed)           1.159     8.548    u_top/u_atomik/swap_data[54]_i_6_n_0
    SLICE_X90Y120        LUT4 (Prop_lut4_I3_O)        0.105     8.653 f  u_top/u_atomik/swap_data[54]_i_2/O
                         net (fo=2, routed)           0.678     9.331    u_top/u_atomik/p_64_in[54]
    SLICE_X91Y121        LUT6 (Prop_lut6_I0_O)        0.105     9.436 r  u_top/u_atomik/core_resp_acc_zero_i_4/O
                         net (fo=1, routed)           0.662    10.098    u_top/u_atomik/core_resp_acc_zero_i_4_n_0
    SLICE_X95Y122        LUT4 (Prop_lut4_I2_O)        0.105    10.203 r  u_top/u_atomik/core_resp_acc_zero_i_1/O
                         net (fo=1, routed)           0.000    10.203    u_top/u_cdc/acc_zero
    SLICE_X95Y122        FDCE                                         r  u_top/u_cdc/core_resp_acc_zero_reg/D
  -------------------------------------------------------------------    -------------------

                         (clock atomik_clk rise edge)
                                                      4.875     4.875 r  
                         clock source latency         1.951     6.826    
                         propagated clock network latency
                                                      3.020     9.847    
                         clock pessimism              0.504    10.351    
                         clock uncertainty           -0.066    10.284    
    SLICE_X95Y122        FDCE (Setup_fdce_C_D)        0.030    10.314    u_top/u_cdc/core_resp_acc_zero_reg
  -------------------------------------------------------------------
                         required time                         10.314    
                         arrival time                         -10.203    
  -------------------------------------------------------------------
                         slack                                  0.111    

Slack (MET) :             0.111ns  (required time - arrival time)
  Source:                 u_top/u_atomik/banks[21].bank_acc_reg[21][54]/C
                            (rising edge-triggered cell FDRE clocked by atomik_clk  {rise@0.000ns fall@2.438ns period=4.875ns})
  Destination:            u_top/u_cdc/core_resp_acc_zero_reg/D
                            (rising edge-triggered cell FDCE clocked by atomik_clk  {rise@0.000ns fall@2.438ns period=4.875ns})
  Path Group:             atomik_clk
  Path Type:              Setup (Max at Slow Process Corner)
  Requirement:            4.875ns  (atomik_clk rise@4.875ns - atomik_clk rise@0.000ns)
  Data Path Delay:        4.719ns  (logic 0.904ns (19.159%)  route 3.815ns (80.842%))
  Logic Levels:           5  (LUT4=3 LUT6=2)
  Clock Path Skew:        -0.009ns (DCD - SCD + CPR)
    Destination Clock Delay (DCD):    4.972ns = ( 9.847 - 4.875 ) 
    Source Clock Delay      (SCD):    5.485ns
    Clock Pessimism Removal (CPR):    0.504ns
  Clock Uncertainty:      0.066ns  ((TSJ^2 + DJ^2)^1/2) / 2 + PE
    Total System Jitter     (TSJ):    0.071ns
    Discrete Jitter          (DJ):    0.113ns
    Phase Error              (PE):    0.000ns

    Location             Delay type                Incr(ns)  Path(ns)    Netlist Resource(s)
  -------------------------------------------------------------------    -------------------
                         (clock atomik_clk rise edge)
                                                      0.000     0.000 r  
                         clock source latency         2.194     2.194    
                         propagated clock network latency
                                                      3.291     5.485    
    SLICE_X55Y103        FDRE                         0.000     5.485 r  u_top/u_atomik/banks[21].bank_acc_reg[21][54]/C
    SLICE_X55Y103        FDRE (Prop_fdre_C_Q)         0.379     5.864 r  u_top/u_atomik/banks[21].bank_acc_reg[21][54]/Q
                         net (fo=2, routed)           0.999     6.862    u_top/u_atomik/banks[21].bank_acc_reg[21][63]_0[54]
    SLICE_X61Y115        LUT4 (Prop_lut4_I2_O)        0.105     6.967 f  u_top/u_atomik/swap_data[54]_i_13/O
                         net (fo=1, routed)           0.317     7.284    u_top/u_atomik/swap_data[54]_i_13_n_0
    SLICE_X61Y115        LUT6 (Prop_lut6_I0_O)        0.105     7.389 f  u_top/u_atomik/swap_data[54]_i_6/O
                         net (fo=1, routed)           1.159     8.548    u_top/u_atomik/swap_data[54]_i_6_n_0
    SLICE_X90Y120        LUT4 (Prop_lut4_I3_O)        0.105     8.653 f  u_top/u_atomik/swap_data[54]_i_2/O
                         net (fo=2, routed)           0.678     9.331    u_top/u_atomik/p_64_in[54]
    SLICE_X91Y121        LUT6 (Prop_lut6_I0_O)        0.105     9.436 r  u_top/u_atomik/core_resp_acc_zero_i_4/O
                         net (fo=1, routed)           0.662    10.098    u_top/u_atomik/core_resp_acc_zero_i_4_n_0
    SLICE_X95Y122        LUT4 (Prop_lut4_I2_O)        0.105    10.203 r  u_top/u_atomik/core_resp_acc_zero_i_1/O
                         net (fo=1, routed)           0.000    10.203    u_top/u_cdc/acc_zero
    SLICE_X95Y122        FDCE                                         r  u_top/u_cdc/core_resp_acc_zero_reg/D
  -------------------------------------------------------------------    -------------------

                         (clock atomik_clk rise edge)
                                                      4.875     4.875 r  
                         clock source latency         1.951     6.826    
                         propagated clock network latency
                                                      3.020     9.847    
                         clock pessimism              0.504    10.351    
                         clock uncertainty           -0.066    10.284    
    SLICE_X95Y122        FDCE (Setup_fdce_C_D)        0.030    10.314    u_top/u_cdc/core_resp_acc_zero_reg
  -------------------------------------------------------------------
                         required time                         10.314    
                         arrival time                         -10.203    
  -------------------------------------------------------------------
                         slack                                  0.111    




