Copyright 1986-2022 Xilinx, Inc. All Rights Reserved. Copyright 2022-2025 Advanced Micro Devices, Inc. All Rights Reserved.
--------------------------------------------------------------------------------------------------------------------------------------------------------
| Tool Version : Vivado v.2025.2 (lin64) Build 6299465 Fri Nov 14 12:34:56 MST 2025
| Date         : Fri Mar 13 16:18:06 2026
| Host         : Jarvis running 64-bit Ubuntu 24.04.4 LTS
| Command      : report_timing -nworst 5 -path_type full -file /home/mattrock/Projects/ATOMiK/hardware/zynq/sweep/reports/crit_path_N64_F205p1_area.rpt
| Design       : sweep_top_N64_F205p1_area
| Device       : 7z020-clg400
| Speed File   : -2  PRODUCTION 1.12 2019-11-22
| Design State : Routed
--------------------------------------------------------------------------------------------------------------------------------------------------------

Timing Report

Slack (VIOLATED) :        -0.074ns  (required time - arrival time)
  Source:                 u_top/u_atomik/banks[37].bank_acc_reg[37][51]/C
                            (rising edge-triggered cell FDRE clocked by atomik_clk  {rise@0.000ns fall@2.438ns period=4.875ns})
  Destination:            u_top/u_cdc/core_resp_acc_zero_reg/D
                            (rising edge-triggered cell FDCE clocked by atomik_clk  {rise@0.000ns fall@2.438ns period=4.875ns})
  Path Group:             atomik_clk
  Path Type:              Setup (Max at Slow Process Corner)
  Requirement:            4.875ns  (atomik_clk rise@4.875ns - atomik_clk rise@0.000ns)
  Data Path Delay:        4.854ns  (logic 1.219ns (25.116%)  route 3.635ns (74.884%))
  Logic Levels:           8  (LUT3=1 LUT4=1 LUT5=2 LUT6=4)
  Clock Path Skew:        -0.061ns (DCD - SCD + CPR)
    Destination Clock Delay (DCD):    4.983ns = ( 9.858 - 4.875 ) 
    Source Clock Delay      (SCD):    5.449ns
    Clock Pessimism Removal (CPR):    0.405ns
  Clock Uncertainty:      0.066ns  ((TSJ^2 + DJ^2)^1/2) / 2 + PE
    Total System Jitter     (TSJ):    0.071ns
    Discrete Jitter          (DJ):    0.113ns
    Phase Error              (PE):    0.000ns

    Location             Delay type                Incr(ns)  Path(ns)    Netlist Resource(s)
  -------------------------------------------------------------------    -------------------
                         (clock atomik_clk rise edge)
                                                      0.000     0.000 r  
                         clock source latency         2.194     2.194    
                         propagated clock network latency
                                                      3.255     5.449    
    SLICE_X106Y99        FDRE                         0.000     5.449 r  u_top/u_atomik/banks[37].bank_acc_reg[37][51]/C
    SLICE_X106Y99        FDRE (Prop_fdre_C_Q)         0.379     5.828 r  u_top/u_atomik/banks[37].bank_acc_reg[37][51]/Q
                         net (fo=2, routed)           0.673     6.501    u_top/u_atomik/banks[37].bank_acc_reg[37][63]_0[51]
    SLICE_X108Y103       LUT3 (Prop_lut3_I0_O)        0.105     6.606 r  u_top/u_atomik/atomik_core_zyn_LUT3_55/O
                         net (fo=1, routed)           0.232     6.837    u_top/u_atomik/atomik_core_zyn_net_585
    SLICE_X108Y104       LUT5 (Prop_lut5_I4_O)        0.105     6.942 r  u_top/u_atomik/atomik_core_zyn_LUT5_208/O
                         net (fo=1, routed)           0.315     7.258    u_top/u_atomik/atomik_core_zyn_net_586
    SLICE_X107Y104       LUT6 (Prop_lut6_I5_O)        0.105     7.363 r  u_top/u_atomik/atomik_core_zyn_LUT6_241/O
                         net (fo=1, routed)           0.237     7.600    u_top/u_atomik/atomik_core_zyn_net_588
    SLICE_X109Y103       LUT6 (Prop_lut6_I5_O)        0.105     7.705 r  u_top/u_atomik/atomik_core_zyn_LUT6_242/O
                         net (fo=1, routed)           0.798     8.503    u_top/u_atomik/atomik_core_zyn_net_592
    SLICE_X97Y104        LUT6 (Prop_lut6_I5_O)        0.105     8.608 r  u_top/u_atomik/atomik_core_zyn_LUT6_243/O
                         net (fo=2, routed)           0.215     8.822    u_top/u_atomik/atomik_core_zyn_net_611
    SLICE_X97Y104        LUT4 (Prop_lut4_I2_O)        0.105     8.927 r  u_top/u_atomik/atomik_core_zyn_LUT4_86/O
                         net (fo=1, routed)           0.316     9.243    u_top/u_atomik/atomik_core_zyn_net_618
    SLICE_X95Y104        LUT6 (Prop_lut6_I5_O)        0.105     9.348 r  u_top/u_atomik/atomik_core_zyn_LUT6_250/O
                         net (fo=1, routed)           0.849    10.197    u_top/u_atomik/atomik_core_zyn_net_1017
    SLICE_X91Y100        LUT5 (Prop_lut5_I0_O)        0.105    10.302 r  u_top/u_atomik/atomik_core_zyn_LUT5_335/O
                         net (fo=1, routed)           0.000    10.302    u_top/u_cdc/acc_zero
    SLICE_X91Y100        FDCE                                         r  u_top/u_cdc/core_resp_acc_zero_reg/D
  -------------------------------------------------------------------    -------------------

                         (clock atomik_clk rise edge)
                                                      4.875     4.875 r  
                         clock source latency         1.951     6.826    
                         propagated clock network latency
                                                      3.031     9.858    
                         clock pessimism              0.405    10.262    
                         clock uncertainty           -0.066    10.196    
    SLICE_X91Y100        FDCE (Setup_fdce_C_D)        0.032    10.228    u_top/u_cdc/core_resp_acc_zero_reg
  -------------------------------------------------------------------
                         required time                         10.228    
                         arrival time                         -10.302    
  -------------------------------------------------------------------
                         slack                                 -0.074    

Slack (VIOLATED) :        -0.074ns  (required time - arrival time)
  Source:                 u_top/u_atomik/banks[37].bank_acc_reg[37][51]/C
                            (rising edge-triggered cell FDRE clocked by atomik_clk  {rise@0.000ns fall@2.438ns period=4.875ns})
  Destination:            u_top/u_cdc/core_resp_acc_zero_reg/D
                            (rising edge-triggered cell FDCE clocked by atomik_clk  {rise@0.000ns fall@2.438ns period=4.875ns})
  Path Group:             atomik_clk
  Path Type:              Setup (Max at Slow Process Corner)
  Requirement:            4.875ns  (atomik_clk rise@4.875ns - atomik_clk rise@0.000ns)
  Data Path Delay:        4.854ns  (logic 1.219ns (25.116%)  route 3.635ns (74.884%))
  Logic Levels:           8  (LUT3=1 LUT4=1 LUT5=2 LUT6=4)
  Clock Path Skew:        -0.061ns (DCD - SCD + CPR)
    Destination Clock Delay (DCD):    4.983ns = ( 9.858 - 4.875 ) 
    Source Clock Delay      (SCD):    5.449ns
    Clock Pessimism Removal (CPR):    0.405ns
  Clock Uncertainty:      0.066ns  ((TSJ^2 + DJ^2)^1/2) / 2 + PE
    Total System Jitter     (TSJ):    0.071ns
    Discrete Jitter          (DJ):    0.113ns
    Phase Error              (PE):    0.000ns

    Location             Delay type                Incr(ns)  Path(ns)    Netlist Resource(s)
  -------------------------------------------------------------------    -------------------
                         (clock atomik_clk rise edge)
                                                      0.000     0.000 r  
                         clock source latency         2.194     2.194    
                         propagated clock network latency
                                                      3.255     5.449    
    SLICE_X106Y99        FDRE                         0.000     5.449 r  u_top/u_atomik/banks[37].bank_acc_reg[37][51]/C
    SLICE_X106Y99        FDRE (Prop_fdre_C_Q)         0.379     5.828 f  u_top/u_atomik/banks[37].bank_acc_reg[37][51]/Q
                         net (fo=2, routed)           0.673     6.501    u_top/u_atomik/banks[37].bank_acc_reg[37][63]_0[51]
    SLICE_X108Y103       LUT3 (Prop_lut3_I0_O)        0.105     6.606 r  u_top/u_atomik/atomik_core_zyn_LUT3_55/O
                         net (fo=1, routed)           0.232     6.837    u_top/u_atomik/atomik_core_zyn_net_585
    SLICE_X108Y104       LUT5 (Prop_lut5_I4_O)        0.105     6.942 r  u_top/u_atomik/atomik_core_zyn_LUT5_208/O
                         net (fo=1, routed)           0.315     7.258    u_top/u_atomik/atomik_core_zyn_net_586
    SLICE_X107Y104       LUT6 (Prop_lut6_I5_O)        0.105     7.363 r  u_top/u_atomik/atomik_core_zyn_LUT6_241/O
                         net (fo=1, routed)           0.237     7.600    u_top/u_atomik/atomik_core_zyn_net_588
    SLICE_X109Y103       LUT6 (Prop_lut6_I5_O)        0.105     7.705 r  u_top/u_atomik/atomik_core_zyn_LUT6_242/O
                         net (fo=1, routed)           0.798     8.503    u_top/u_atomik/atomik_core_zyn_net_592
    SLICE_X97Y104        LUT6 (Prop_lut6_I5_O)        0.105     8.608 r  u_top/u_atomik/atomik_core_zyn_LUT6_243/O
                         net (fo=2, routed)           0.215     8.822    u_top/u_atomik/atomik_core_zyn_net_611
    SLICE_X97Y104        LUT4 (Prop_lut4_I2_O)        0.105     8.927 r  u_top/u_atomik/atomik_core_zyn_LUT4_86/O
                         net (fo=1, routed)           0.316     9.243    u_top/u_atomik/atomik_core_zyn_net_618
    SLICE_X95Y104        LUT6 (Prop_lut6_I5_O)        0.105     9.348 r  u_top/u_atomik/atomik_core_zyn_LUT6_250/O
                         net (fo=1, routed)           0.849    10.197    u_top/u_atomik/atomik_core_zyn_net_1017
    SLICE_X91Y100        LUT5 (Prop_lut5_I0_O)        0.105    10.302 r  u_top/u_atomik/atomik_core_zyn_LUT5_335/O
                         net (fo=1, routed)           0.000    10.302    u_top/u_cdc/acc_zero
    SLICE_X91Y100        FDCE                                         r  u_top/u_cdc/core_resp_acc_zero_reg/D
  -------------------------------------------------------------------    -------------------

                         (clock atomik_clk rise edge)
                                                      4.875     4.875 r  
                         clock source latency         1.951     6.826    
                         propagated clock network latency
                                                      3.031     9.858    
                         clock pessimism              0.405    10.262    
                         clock uncertainty           -0.066    10.196    
    SLICE_X91Y100        FDCE (Setup_fdce_C_D)        0.032    10.228    u_top/u_cdc/core_resp_acc_zero_reg
  -------------------------------------------------------------------
                         required time                         10.228    
                         arrival time                         -10.302    
  -------------------------------------------------------------------
                         slack                                 -0.074    

Slack (VIOLATED) :        -0.074ns  (required time - arrival time)
  Source:                 u_top/u_atomik/banks[37].bank_acc_reg[37][51]/C
                            (rising edge-triggered cell FDRE clocked by atomik_clk  {rise@0.000ns fall@2.438ns period=4.875ns})
  Destination:            u_top/u_cdc/core_resp_acc_zero_reg/D
                            (rising edge-triggered cell FDCE clocked by atomik_clk  {rise@0.000ns fall@2.438ns period=4.875ns})
  Path Group:             atomik_clk
  Path Type:              Setup (Max at Slow Process Corner)
  Requirement:            4.875ns  (atomik_clk rise@4.875ns - atomik_clk rise@0.000ns)
  Data Path Delay:        4.854ns  (logic 1.219ns (25.116%)  route 3.635ns (74.884%))
  Logic Levels:           8  (LUT3=1 LUT4=1 LUT5=2 LUT6=4)
  Clock Path Skew:        -0.061ns (DCD - SCD + CPR)
    Destination Clock Delay (DCD):    4.983ns = ( 9.858 - 4.875 ) 
    Source Clock Delay      (SCD):    5.449ns
    Clock Pessimism Removal (CPR):    0.405ns
  Clock Uncertainty:      0.066ns  ((TSJ^2 + DJ^2)^1/2) / 2 + PE
    Total System Jitter     (TSJ):    0.071ns
    Discrete Jitter          (DJ):    0.113ns
    Phase Error              (PE):    0.000ns

    Location             Delay type                Incr(ns)  Path(ns)    Netlist Resource(s)
  -------------------------------------------------------------------    -------------------
                         (clock atomik_clk rise edge)
                                                      0.000     0.000 r  
                         clock source latency         2.194     2.194    
                         propagated clock network latency
                                                      3.255     5.449    
    SLICE_X106Y99        FDRE                         0.000     5.449 r  u_top/u_atomik/banks[37].bank_acc_reg[37][51]/C
    SLICE_X106Y99        FDRE (Prop_fdre_C_Q)         0.379     5.828 r  u_top/u_atomik/banks[37].bank_acc_reg[37][51]/Q
                         net (fo=2, routed)           0.673     6.501    u_top/u_atomik/banks[37].bank_acc_reg[37][63]_0[51]
    SLICE_X108Y103       LUT3 (Prop_lut3_I0_O)        0.105     6.606 r  u_top/u_atomik/atomik_core_zyn_LUT3_55/O
                         net (fo=1, routed)           0.232     6.837    u_top/u_atomik/atomik_core_zyn_net_585
    SLICE_X108Y104       LUT5 (Prop_lut5_I4_O)        0.105     6.942 f  u_top/u_atomik/atomik_core_zyn_LUT5_208/O
                         net (fo=1, routed)           0.315     7.258    u_top/u_atomik/atomik_core_zyn_net_586
    SLICE_X107Y104       LUT6 (Prop_lut6_I5_O)        0.105     7.363 r  u_top/u_atomik/atomik_core_zyn_LUT6_241/O
                         net (fo=1, routed)           0.237     7.600    u_top/u_atomik/atomik_core_zyn_net_588
    SLICE_X109Y103       LUT6 (Prop_lut6_I5_O)        0.105     7.705 r  u_top/u_atomik/atomik_core_zyn_LUT6_242/O
                         net (fo=1, routed)           0.798     8.503    u_top/u_atomik/atomik_core_zyn_net_592
    SLICE_X97Y104        LUT6 (Prop_lut6_I5_O)        0.105     8.608 r  u_top/u_atomik/atomik_core_zyn_LUT6_243/O
                         net (fo=2, routed)           0.215     8.822    u_top/u_atomik/atomik_core_zyn_net_611
    SLICE_X97Y104        LUT4 (Prop_lut4_I2_O)        0.105     8.927 r  u_top/u_atomik/atomik_core_zyn_LUT4_86/O
                         net (fo=1, routed)           0.316     9.243    u_top/u_atomik/atomik_core_zyn_net_618
    SLICE_X95Y104        LUT6 (Prop_lut6_I5_O)        0.105     9.348 r  u_top/u_atomik/atomik_core_zyn_LUT6_250/O
                         net (fo=1, routed)           0.849    10.197    u_top/u_atomik/atomik_core_zyn_net_1017
    SLICE_X91Y100        LUT5 (Prop_lut5_I0_O)        0.105    10.302 r  u_top/u_atomik/atomik_core_zyn_LUT5_335/O
                         net (fo=1, routed)           0.000    10.302    u_top/u_cdc/acc_zero
    SLICE_X91Y100        FDCE                                         r  u_top/u_cdc/core_resp_acc_zero_reg/D
  -------------------------------------------------------------------    -------------------

                         (clock atomik_clk rise edge)
                                                      4.875     4.875 r  
                         clock source latency         1.951     6.826    
                         propagated clock network latency
                                                      3.031     9.858    
                         clock pessimism              0.405    10.262    
                         clock uncertainty           -0.066    10.196    
    SLICE_X91Y100        FDCE (Setup_fdce_C_D)        0.032    10.228    u_top/u_cdc/core_resp_acc_zero_reg
  -------------------------------------------------------------------
                         required time                         10.228    
                         arrival time                         -10.302    
  -------------------------------------------------------------------
                         slack                                 -0.074    

Slack (VIOLATED) :        -0.074ns  (required time - arrival time)
  Source:                 u_top/u_atomik/banks[37].bank_acc_reg[37][51]/C
                            (rising edge-triggered cell FDRE clocked by atomik_clk  {rise@0.000ns fall@2.438ns period=4.875ns})
  Destination:            u_top/u_cdc/core_resp_acc_zero_reg/D
                            (rising edge-triggered cell FDCE clocked by atomik_clk  {rise@0.000ns fall@2.438ns period=4.875ns})
  Path Group:             atomik_clk
  Path Type:              Setup (Max at Slow Process Corner)
  Requirement:            4.875ns  (atomik_clk rise@4.875ns - atomik_clk rise@0.000ns)
  Data Path Delay:        4.854ns  (logic 1.219ns (25.116%)  route 3.635ns (74.884%))
  Logic Levels:           8  (LUT3=1 LUT4=1 LUT5=2 LUT6=4)
  Clock Path Skew:        -0.061ns (DCD - SCD + CPR)
    Destination Clock Delay (DCD):    4.983ns = ( 9.858 - 4.875 ) 
    Source Clock Delay      (SCD):    5.449ns
    Clock Pessimism Removal (CPR):    0.405ns
  Clock Uncertainty:      0.066ns  ((TSJ^2 + DJ^2)^1/2) / 2 + PE
    Total System Jitter     (TSJ):    0.071ns
    Discrete Jitter          (DJ):    0.113ns
    Phase Error              (PE):    0.000ns

    Location             Delay type                Incr(ns)  Path(ns)    Netlist Resource(s)
  -------------------------------------------------------------------    -------------------
                         (clock atomik_clk rise edge)
                                                      0.000     0.000 r  
                         clock source latency         2.194     2.194    
                         propagated clock network latency
                                                      3.255     5.449    
    SLICE_X106Y99        FDRE                         0.000     5.449 r  u_top/u_atomik/banks[37].bank_acc_reg[37][51]/C
    SLICE_X106Y99        FDRE (Prop_fdre_C_Q)         0.379     5.828 f  u_top/u_atomik/banks[37].bank_acc_reg[37][51]/Q
                         net (fo=2, routed)           0.673     6.501    u_top/u_atomik/banks[37].bank_acc_reg[37][63]_0[51]
    SLICE_X108Y103       LUT3 (Prop_lut3_I0_O)        0.105     6.606 r  u_top/u_atomik/atomik_core_zyn_LUT3_55/O
                         net (fo=1, routed)           0.232     6.837    u_top/u_atomik/atomik_core_zyn_net_585
    SLICE_X108Y104       LUT5 (Prop_lut5_I4_O)        0.105     6.942 f  u_top/u_atomik/atomik_core_zyn_LUT5_208/O
                         net (fo=1, routed)           0.315     7.258    u_top/u_atomik/atomik_core_zyn_net_586
    SLICE_X107Y104       LUT6 (Prop_lut6_I5_O)        0.105     7.363 r  u_top/u_atomik/atomik_core_zyn_LUT6_241/O
                         net (fo=1, routed)           0.237     7.600    u_top/u_atomik/atomik_core_zyn_net_588
    SLICE_X109Y103       LUT6 (Prop_lut6_I5_O)        0.105     7.705 r  u_top/u_atomik/atomik_core_zyn_LUT6_242/O
                         net (fo=1, routed)           0.798     8.503    u_top/u_atomik/atomik_core_zyn_net_592
    SLICE_X97Y104        LUT6 (Prop_lut6_I5_O)        0.105     8.608 r  u_top/u_atomik/atomik_core_zyn_LUT6_243/O
                         net (fo=2, routed)           0.215     8.822    u_top/u_atomik/atomik_core_zyn_net_611
    SLICE_X97Y104        LUT4 (Prop_lut4_I2_O)        0.105     8.927 r  u_top/u_atomik/atomik_core_zyn_LUT4_86/O
                         net (fo=1, routed)           0.316     9.243    u_top/u_atomik/atomik_core_zyn_net_618
    SLICE_X95Y104        LUT6 (Prop_lut6_I5_O)        0.105     9.348 r  u_top/u_atomik/atomik_core_zyn_LUT6_250/O
                         net (fo=1, routed)           0.849    10.197    u_top/u_atomik/atomik_core_zyn_net_1017
    SLICE_X91Y100        LUT5 (Prop_lut5_I0_O)        0.105    10.302 r  u_top/u_atomik/atomik_core_zyn_LUT5_335/O
                         net (fo=1, routed)           0.000    10.302    u_top/u_cdc/acc_zero
    SLICE_X91Y100        FDCE                                         r  u_top/u_cdc/core_resp_acc_zero_reg/D
  -------------------------------------------------------------------    -------------------

                         (clock atomik_clk rise edge)
                                                      4.875     4.875 r  
                         clock source latency         1.951     6.826    
                         propagated clock network latency
                                                      3.031     9.858    
                         clock pessimism              0.405    10.262    
                         clock uncertainty           -0.066    10.196    
    SLICE_X91Y100        FDCE (Setup_fdce_C_D)        0.032    10.228    u_top/u_cdc/core_resp_acc_zero_reg
  -------------------------------------------------------------------
                         required time                         10.228    
                         arrival time                         -10.302    
  -------------------------------------------------------------------
                         slack                                 -0.074    

Slack (VIOLATED) :        -0.074ns  (required time - arrival time)
  Source:                 u_top/u_atomik/banks[37].bank_acc_reg[37][51]/C
                            (rising edge-triggered cell FDRE clocked by atomik_clk  {rise@0.000ns fall@2.438ns period=4.875ns})
  Destination:            u_top/u_cdc/core_resp_acc_zero_reg/D
                            (rising edge-triggered cell FDCE clocked by atomik_clk  {rise@0.000ns fall@2.438ns period=4.875ns})
  Path Group:             atomik_clk
  Path Type:              Setup (Max at Slow Process Corner)
  Requirement:            4.875ns  (atomik_clk rise@4.875ns - atomik_clk rise@0.000ns)
  Data Path Delay:        4.854ns  (logic 1.219ns (25.116%)  route 3.635ns (74.884%))
  Logic Levels:           8  (LUT3=1 LUT4=1 LUT5=2 LUT6=4)
  Clock Path Skew:        -0.061ns (DCD - SCD + CPR)
    Destination Clock Delay (DCD):    4.983ns = ( 9.858 - 4.875 ) 
    Source Clock Delay      (SCD):    5.449ns
    Clock Pessimism Removal (CPR):    0.405ns
  Clock Uncertainty:      0.066ns  ((TSJ^2 + DJ^2)^1/2) / 2 + PE
    Total System Jitter     (TSJ):    0.071ns
    Discrete Jitter          (DJ):    0.113ns
    Phase Error              (PE):    0.000ns

    Location             Delay type                Incr(ns)  Path(ns)    Netlist Resource(s)
  -------------------------------------------------------------------    -------------------
                         (clock atomik_clk rise edge)
                                                      0.000     0.000 r  
                         clock source latency         2.194     2.194    
                         propagated clock network latency
                                                      3.255     5.449    
    SLICE_X106Y99        FDRE                         0.000     5.449 r  u_top/u_atomik/banks[37].bank_acc_reg[37][51]/C
    SLICE_X106Y99        FDRE (Prop_fdre_C_Q)         0.379     5.828 r  u_top/u_atomik/banks[37].bank_acc_reg[37][51]/Q
                         net (fo=2, routed)           0.673     6.501    u_top/u_atomik/banks[37].bank_acc_reg[37][63]_0[51]
    SLICE_X108Y103       LUT3 (Prop_lut3_I0_O)        0.105     6.606 r  u_top/u_atomik/atomik_core_zyn_LUT3_55/O
                         net (fo=1, routed)           0.232     6.837    u_top/u_atomik/atomik_core_zyn_net_585
    SLICE_X108Y104       LUT5 (Prop_lut5_I4_O)        0.105     6.942 r  u_top/u_atomik/atomik_core_zyn_LUT5_208/O
                         net (fo=1, routed)           0.315     7.258    u_top/u_atomik/atomik_core_zyn_net_586
    SLICE_X107Y104       LUT6 (Prop_lut6_I5_O)        0.105     7.363 f  u_top/u_atomik/atomik_core_zyn_LUT6_241/O
                         net (fo=1, routed)           0.237     7.600    u_top/u_atomik/atomik_core_zyn_net_588
    SLICE_X109Y103       LUT6 (Prop_lut6_I5_O)        0.105     7.705 r  u_top/u_atomik/atomik_core_zyn_LUT6_242/O
                         net (fo=1, routed)           0.798     8.503    u_top/u_atomik/atomik_core_zyn_net_592
    SLICE_X97Y104        LUT6 (Prop_lut6_I5_O)        0.105     8.608 r  u_top/u_atomik/atomik_core_zyn_LUT6_243/O
                         net (fo=2, routed)           0.215     8.822    u_top/u_atomik/atomik_core_zyn_net_611
    SLICE_X97Y104        LUT4 (Prop_lut4_I2_O)        0.105     8.927 r  u_top/u_atomik/atomik_core_zyn_LUT4_86/O
                         net (fo=1, routed)           0.316     9.243    u_top/u_atomik/atomik_core_zyn_net_618
    SLICE_X95Y104        LUT6 (Prop_lut6_I5_O)        0.105     9.348 r  u_top/u_atomik/atomik_core_zyn_LUT6_250/O
                         net (fo=1, routed)           0.849    10.197    u_top/u_atomik/atomik_core_zyn_net_1017
    SLICE_X91Y100        LUT5 (Prop_lut5_I0_O)        0.105    10.302 r  u_top/u_atomik/atomik_core_zyn_LUT5_335/O
                         net (fo=1, routed)           0.000    10.302    u_top/u_cdc/acc_zero
    SLICE_X91Y100        FDCE                                         r  u_top/u_cdc/core_resp_acc_zero_reg/D
  -------------------------------------------------------------------    -------------------

                         (clock atomik_clk rise edge)
                                                      4.875     4.875 r  
                         clock source latency         1.951     6.826    
                         propagated clock network latency
                                                      3.031     9.858    
                         clock pessimism              0.405    10.262    
                         clock uncertainty           -0.066    10.196    
    SLICE_X91Y100        FDCE (Setup_fdce_C_D)        0.032    10.228    u_top/u_cdc/core_resp_acc_zero_reg
  -------------------------------------------------------------------
                         required time                         10.228    
                         arrival time                         -10.302    
  -------------------------------------------------------------------
                         slack                                 -0.074    




