Copyright 1986-2022 Xilinx, Inc. All Rights Reserved. Copyright 2022-2025 Advanced Micro Devices, Inc. All Rights Reserved.
------------------------------------------------------------------------------------------------------------------------------------------------------------
| Tool Version : Vivado v.2025.2 (lin64) Build 6299465 Fri Nov 14 12:34:56 MST 2025
| Date         : Fri Mar 13 14:03:25 2026
| Host         : Jarvis running 64-bit Ubuntu 24.04.4 LTS
| Command      : report_timing -nworst 5 -path_type full -file /home/mattrock/Projects/ATOMiK/hardware/zynq/sweep/reports/crit_path_N16_F275p9_baseline.rpt
| Design       : sweep_top_N16_F275p9_baseline
| Device       : 7z020-clg400
| Speed File   : -2  PRODUCTION 1.12 2019-11-22
| Design State : Routed
------------------------------------------------------------------------------------------------------------------------------------------------------------

Timing Report

Slack (VIOLATED) :        -0.155ns  (required time - arrival time)
  Source:                 u_top/u_atomik/banks[4].bank_acc_reg[4][26]/C
                            (rising edge-triggered cell FDRE clocked by atomik_clk  {rise@0.000ns fall@1.812ns period=3.625ns})
  Destination:            u_top/u_cdc/core_resp_acc_zero_reg/D
                            (rising edge-triggered cell FDCE clocked by atomik_clk  {rise@0.000ns fall@1.812ns period=3.625ns})
  Path Group:             atomik_clk
  Path Type:              Setup (Max at Slow Process Corner)
  Requirement:            3.625ns  (atomik_clk rise@3.625ns - atomik_clk rise@0.000ns)
  Data Path Delay:        3.760ns  (logic 0.904ns (24.041%)  route 2.856ns (75.959%))
  Logic Levels:           5  (LUT4=2 LUT6=3)
  Clock Path Skew:        0.011ns (DCD - SCD + CPR)
    Destination Clock Delay (DCD):    4.945ns = ( 8.570 - 3.625 ) 
    Source Clock Delay      (SCD):    5.336ns
    Clock Pessimism Removal (CPR):    0.403ns
  Clock Uncertainty:      0.064ns  ((TSJ^2 + DJ^2)^1/2) / 2 + PE
    Total System Jitter     (TSJ):    0.071ns
    Discrete Jitter          (DJ):    0.106ns
    Phase Error              (PE):    0.000ns

    Location             Delay type                Incr(ns)  Path(ns)    Netlist Resource(s)
  -------------------------------------------------------------------    -------------------
                         (clock atomik_clk rise edge)
                                                      0.000     0.000 r  
                         clock source latency         2.177     2.177    
                         propagated clock network latency
                                                      3.159     5.336    
    SLICE_X93Y99         FDRE                         0.000     5.336 r  u_top/u_atomik/banks[4].bank_acc_reg[4][26]/C
    SLICE_X93Y99         FDRE (Prop_fdre_C_Q)         0.379     5.715 r  u_top/u_atomik/banks[4].bank_acc_reg[4][26]/Q
                         net (fo=2, routed)           0.642     6.358    u_top/u_atomik/Q[26]
    SLICE_X93Y101        LUT4 (Prop_lut4_I0_O)        0.105     6.463 r  u_top/u_atomik/swap_data[26]_i_5/O
                         net (fo=1, routed)           0.819     7.282    u_top/u_atomik/swap_data[26]_i_5_n_0
    SLICE_X99Y104        LUT4 (Prop_lut4_I2_O)        0.105     7.387 f  u_top/u_atomik/swap_data[26]_i_2/O
                         net (fo=2, routed)           0.809     8.196    u_top/u_atomik/p_16_in[26]
    SLICE_X99Y105        LUT6 (Prop_lut6_I5_O)        0.105     8.301 r  u_top/u_atomik/core_resp_acc_zero_i_13/O
                         net (fo=1, routed)           0.471     8.771    u_top/u_atomik/core_resp_acc_zero_i_13_n_0
    SLICE_X105Y106       LUT6 (Prop_lut6_I5_O)        0.105     8.876 r  u_top/u_atomik/core_resp_acc_zero_i_5/O
                         net (fo=1, routed)           0.116     8.992    u_top/u_atomik/core_resp_acc_zero_i_5_n_0
    SLICE_X105Y106       LUT6 (Prop_lut6_I2_O)        0.105     9.097 r  u_top/u_atomik/core_resp_acc_zero_i_1_comp/O
                         net (fo=1, routed)           0.000     9.097    u_top/u_cdc/core_acc_zero
    SLICE_X105Y106       FDCE                                         r  u_top/u_cdc/core_resp_acc_zero_reg/D
  -------------------------------------------------------------------    -------------------

                         (clock atomik_clk rise edge)
                                                      3.625     3.625 r  
                         clock source latency         1.935     5.560    
                         propagated clock network latency
                                                      3.009     8.570    
                         clock pessimism              0.403     8.972    
                         clock uncertainty           -0.064     8.908    
    SLICE_X105Y106       FDCE (Setup_fdce_C_D)        0.033     8.941    u_top/u_cdc/core_resp_acc_zero_reg
  -------------------------------------------------------------------
                         required time                          8.941    
                         arrival time                          -9.097    
  -------------------------------------------------------------------
                         slack                                 -0.155    

Slack (VIOLATED) :        -0.155ns  (required time - arrival time)
  Source:                 u_top/u_atomik/banks[4].bank_acc_reg[4][26]/C
                            (rising edge-triggered cell FDRE clocked by atomik_clk  {rise@0.000ns fall@1.812ns period=3.625ns})
  Destination:            u_top/u_cdc/core_resp_acc_zero_reg/D
                            (rising edge-triggered cell FDCE clocked by atomik_clk  {rise@0.000ns fall@1.812ns period=3.625ns})
  Path Group:             atomik_clk
  Path Type:              Setup (Max at Slow Process Corner)
  Requirement:            3.625ns  (atomik_clk rise@3.625ns - atomik_clk rise@0.000ns)
  Data Path Delay:        3.760ns  (logic 0.904ns (24.041%)  route 2.856ns (75.959%))
  Logic Levels:           5  (LUT4=2 LUT6=3)
  Clock Path Skew:        0.011ns (DCD - SCD + CPR)
    Destination Clock Delay (DCD):    4.945ns = ( 8.570 - 3.625 ) 
    Source Clock Delay      (SCD):    5.336ns
    Clock Pessimism Removal (CPR):    0.403ns
  Clock Uncertainty:      0.064ns  ((TSJ^2 + DJ^2)^1/2) / 2 + PE
    Total System Jitter     (TSJ):    0.071ns
    Discrete Jitter          (DJ):    0.106ns
    Phase Error              (PE):    0.000ns

    Location             Delay type                Incr(ns)  Path(ns)    Netlist Resource(s)
  -------------------------------------------------------------------    -------------------
                         (clock atomik_clk rise edge)
                                                      0.000     0.000 r  
                         clock source latency         2.177     2.177    
                         propagated clock network latency
                                                      3.159     5.336    
    SLICE_X93Y99         FDRE                         0.000     5.336 r  u_top/u_atomik/banks[4].bank_acc_reg[4][26]/C
    SLICE_X93Y99         FDRE (Prop_fdre_C_Q)         0.379     5.715 f  u_top/u_atomik/banks[4].bank_acc_reg[4][26]/Q
                         net (fo=2, routed)           0.642     6.358    u_top/u_atomik/Q[26]
    SLICE_X93Y101        LUT4 (Prop_lut4_I0_O)        0.105     6.463 r  u_top/u_atomik/swap_data[26]_i_5/O
                         net (fo=1, routed)           0.819     7.282    u_top/u_atomik/swap_data[26]_i_5_n_0
    SLICE_X99Y104        LUT4 (Prop_lut4_I2_O)        0.105     7.387 f  u_top/u_atomik/swap_data[26]_i_2/O
                         net (fo=2, routed)           0.809     8.196    u_top/u_atomik/p_16_in[26]
    SLICE_X99Y105        LUT6 (Prop_lut6_I5_O)        0.105     8.301 r  u_top/u_atomik/core_resp_acc_zero_i_13/O
                         net (fo=1, routed)           0.471     8.771    u_top/u_atomik/core_resp_acc_zero_i_13_n_0
    SLICE_X105Y106       LUT6 (Prop_lut6_I5_O)        0.105     8.876 r  u_top/u_atomik/core_resp_acc_zero_i_5/O
                         net (fo=1, routed)           0.116     8.992    u_top/u_atomik/core_resp_acc_zero_i_5_n_0
    SLICE_X105Y106       LUT6 (Prop_lut6_I2_O)        0.105     9.097 r  u_top/u_atomik/core_resp_acc_zero_i_1_comp/O
                         net (fo=1, routed)           0.000     9.097    u_top/u_cdc/core_acc_zero
    SLICE_X105Y106       FDCE                                         r  u_top/u_cdc/core_resp_acc_zero_reg/D
  -------------------------------------------------------------------    -------------------

                         (clock atomik_clk rise edge)
                                                      3.625     3.625 r  
                         clock source latency         1.935     5.560    
                         propagated clock network latency
                                                      3.009     8.570    
                         clock pessimism              0.403     8.972    
                         clock uncertainty           -0.064     8.908    
    SLICE_X105Y106       FDCE (Setup_fdce_C_D)        0.033     8.941    u_top/u_cdc/core_resp_acc_zero_reg
  -------------------------------------------------------------------
                         required time                          8.941    
                         arrival time                          -9.097    
  -------------------------------------------------------------------
                         slack                                 -0.155    

Slack (VIOLATED) :        -0.155ns  (required time - arrival time)
  Source:                 u_top/u_atomik/banks[4].bank_acc_reg[4][26]/C
                            (rising edge-triggered cell FDRE clocked by atomik_clk  {rise@0.000ns fall@1.812ns period=3.625ns})
  Destination:            u_top/u_cdc/core_resp_acc_zero_reg/D
                            (rising edge-triggered cell FDCE clocked by atomik_clk  {rise@0.000ns fall@1.812ns period=3.625ns})
  Path Group:             atomik_clk
  Path Type:              Setup (Max at Slow Process Corner)
  Requirement:            3.625ns  (atomik_clk rise@3.625ns - atomik_clk rise@0.000ns)
  Data Path Delay:        3.760ns  (logic 0.904ns (24.041%)  route 2.856ns (75.959%))
  Logic Levels:           5  (LUT4=2 LUT6=3)
  Clock Path Skew:        0.011ns (DCD - SCD + CPR)
    Destination Clock Delay (DCD):    4.945ns = ( 8.570 - 3.625 ) 
    Source Clock Delay      (SCD):    5.336ns
    Clock Pessimism Removal (CPR):    0.403ns
  Clock Uncertainty:      0.064ns  ((TSJ^2 + DJ^2)^1/2) / 2 + PE
    Total System Jitter     (TSJ):    0.071ns
    Discrete Jitter          (DJ):    0.106ns
    Phase Error              (PE):    0.000ns

    Location             Delay type                Incr(ns)  Path(ns)    Netlist Resource(s)
  -------------------------------------------------------------------    -------------------
                         (clock atomik_clk rise edge)
                                                      0.000     0.000 r  
                         clock source latency         2.177     2.177    
                         propagated clock network latency
                                                      3.159     5.336    
    SLICE_X93Y99         FDRE                         0.000     5.336 r  u_top/u_atomik/banks[4].bank_acc_reg[4][26]/C
    SLICE_X93Y99         FDRE (Prop_fdre_C_Q)         0.379     5.715 r  u_top/u_atomik/banks[4].bank_acc_reg[4][26]/Q
                         net (fo=2, routed)           0.642     6.358    u_top/u_atomik/Q[26]
    SLICE_X93Y101        LUT4 (Prop_lut4_I0_O)        0.105     6.463 f  u_top/u_atomik/swap_data[26]_i_5/O
                         net (fo=1, routed)           0.819     7.282    u_top/u_atomik/swap_data[26]_i_5_n_0
    SLICE_X99Y104        LUT4 (Prop_lut4_I2_O)        0.105     7.387 f  u_top/u_atomik/swap_data[26]_i_2/O
                         net (fo=2, routed)           0.809     8.196    u_top/u_atomik/p_16_in[26]
    SLICE_X99Y105        LUT6 (Prop_lut6_I5_O)        0.105     8.301 r  u_top/u_atomik/core_resp_acc_zero_i_13/O
                         net (fo=1, routed)           0.471     8.771    u_top/u_atomik/core_resp_acc_zero_i_13_n_0
    SLICE_X105Y106       LUT6 (Prop_lut6_I5_O)        0.105     8.876 r  u_top/u_atomik/core_resp_acc_zero_i_5/O
                         net (fo=1, routed)           0.116     8.992    u_top/u_atomik/core_resp_acc_zero_i_5_n_0
    SLICE_X105Y106       LUT6 (Prop_lut6_I2_O)        0.105     9.097 r  u_top/u_atomik/core_resp_acc_zero_i_1_comp/O
                         net (fo=1, routed)           0.000     9.097    u_top/u_cdc/core_acc_zero
    SLICE_X105Y106       FDCE                                         r  u_top/u_cdc/core_resp_acc_zero_reg/D
  -------------------------------------------------------------------    -------------------

                         (clock atomik_clk rise edge)
                                                      3.625     3.625 r  
                         clock source latency         1.935     5.560    
                         propagated clock network latency
                                                      3.009     8.570    
                         clock pessimism              0.403     8.972    
                         clock uncertainty           -0.064     8.908    
    SLICE_X105Y106       FDCE (Setup_fdce_C_D)        0.033     8.941    u_top/u_cdc/core_resp_acc_zero_reg
  -------------------------------------------------------------------
                         required time                          8.941    
                         arrival time                          -9.097    
  -------------------------------------------------------------------
                         slack                                 -0.155    

Slack (VIOLATED) :        -0.155ns  (required time - arrival time)
  Source:                 u_top/u_atomik/banks[4].bank_acc_reg[4][26]/C
                            (rising edge-triggered cell FDRE clocked by atomik_clk  {rise@0.000ns fall@1.812ns period=3.625ns})
  Destination:            u_top/u_cdc/core_resp_acc_zero_reg/D
                            (rising edge-triggered cell FDCE clocked by atomik_clk  {rise@0.000ns fall@1.812ns period=3.625ns})
  Path Group:             atomik_clk
  Path Type:              Setup (Max at Slow Process Corner)
  Requirement:            3.625ns  (atomik_clk rise@3.625ns - atomik_clk rise@0.000ns)
  Data Path Delay:        3.760ns  (logic 0.904ns (24.041%)  route 2.856ns (75.959%))
  Logic Levels:           5  (LUT4=2 LUT6=3)
  Clock Path Skew:        0.011ns (DCD - SCD + CPR)
    Destination Clock Delay (DCD):    4.945ns = ( 8.570 - 3.625 ) 
    Source Clock Delay      (SCD):    5.336ns
    Clock Pessimism Removal (CPR):    0.403ns
  Clock Uncertainty:      0.064ns  ((TSJ^2 + DJ^2)^1/2) / 2 + PE
    Total System Jitter     (TSJ):    0.071ns
    Discrete Jitter          (DJ):    0.106ns
    Phase Error              (PE):    0.000ns

    Location             Delay type                Incr(ns)  Path(ns)    Netlist Resource(s)
  -------------------------------------------------------------------    -------------------
                         (clock atomik_clk rise edge)
                                                      0.000     0.000 r  
                         clock source latency         2.177     2.177    
                         propagated clock network latency
                                                      3.159     5.336    
    SLICE_X93Y99         FDRE                         0.000     5.336 r  u_top/u_atomik/banks[4].bank_acc_reg[4][26]/C
    SLICE_X93Y99         FDRE (Prop_fdre_C_Q)         0.379     5.715 f  u_top/u_atomik/banks[4].bank_acc_reg[4][26]/Q
                         net (fo=2, routed)           0.642     6.358    u_top/u_atomik/Q[26]
    SLICE_X93Y101        LUT4 (Prop_lut4_I0_O)        0.105     6.463 f  u_top/u_atomik/swap_data[26]_i_5/O
                         net (fo=1, routed)           0.819     7.282    u_top/u_atomik/swap_data[26]_i_5_n_0
    SLICE_X99Y104        LUT4 (Prop_lut4_I2_O)        0.105     7.387 f  u_top/u_atomik/swap_data[26]_i_2/O
                         net (fo=2, routed)           0.809     8.196    u_top/u_atomik/p_16_in[26]
    SLICE_X99Y105        LUT6 (Prop_lut6_I5_O)        0.105     8.301 r  u_top/u_atomik/core_resp_acc_zero_i_13/O
                         net (fo=1, routed)           0.471     8.771    u_top/u_atomik/core_resp_acc_zero_i_13_n_0
    SLICE_X105Y106       LUT6 (Prop_lut6_I5_O)        0.105     8.876 r  u_top/u_atomik/core_resp_acc_zero_i_5/O
                         net (fo=1, routed)           0.116     8.992    u_top/u_atomik/core_resp_acc_zero_i_5_n_0
    SLICE_X105Y106       LUT6 (Prop_lut6_I2_O)        0.105     9.097 r  u_top/u_atomik/core_resp_acc_zero_i_1_comp/O
                         net (fo=1, routed)           0.000     9.097    u_top/u_cdc/core_acc_zero
    SLICE_X105Y106       FDCE                                         r  u_top/u_cdc/core_resp_acc_zero_reg/D
  -------------------------------------------------------------------    -------------------

                         (clock atomik_clk rise edge)
                                                      3.625     3.625 r  
                         clock source latency         1.935     5.560    
                         propagated clock network latency
                                                      3.009     8.570    
                         clock pessimism              0.403     8.972    
                         clock uncertainty           -0.064     8.908    
    SLICE_X105Y106       FDCE (Setup_fdce_C_D)        0.033     8.941    u_top/u_cdc/core_resp_acc_zero_reg
  -------------------------------------------------------------------
                         required time                          8.941    
                         arrival time                          -9.097    
  -------------------------------------------------------------------
                         slack                                 -0.155    

Slack (VIOLATED) :        -0.155ns  (required time - arrival time)
  Source:                 u_top/u_atomik/banks[4].bank_acc_reg[4][26]/C
                            (rising edge-triggered cell FDRE clocked by atomik_clk  {rise@0.000ns fall@1.812ns period=3.625ns})
  Destination:            u_top/u_cdc/core_resp_acc_zero_reg/D
                            (rising edge-triggered cell FDCE clocked by atomik_clk  {rise@0.000ns fall@1.812ns period=3.625ns})
  Path Group:             atomik_clk
  Path Type:              Setup (Max at Slow Process Corner)
  Requirement:            3.625ns  (atomik_clk rise@3.625ns - atomik_clk rise@0.000ns)
  Data Path Delay:        3.760ns  (logic 0.904ns (24.041%)  route 2.856ns (75.959%))
  Logic Levels:           5  (LUT4=2 LUT6=3)
  Clock Path Skew:        0.011ns (DCD - SCD + CPR)
    Destination Clock Delay (DCD):    4.945ns = ( 8.570 - 3.625 ) 
    Source Clock Delay      (SCD):    5.336ns
    Clock Pessimism Removal (CPR):    0.403ns
  Clock Uncertainty:      0.064ns  ((TSJ^2 + DJ^2)^1/2) / 2 + PE
    Total System Jitter     (TSJ):    0.071ns
    Discrete Jitter          (DJ):    0.106ns
    Phase Error              (PE):    0.000ns

    Location             Delay type                Incr(ns)  Path(ns)    Netlist Resource(s)
  -------------------------------------------------------------------    -------------------
                         (clock atomik_clk rise edge)
                                                      0.000     0.000 r  
                         clock source latency         2.177     2.177    
                         propagated clock network latency
                                                      3.159     5.336    
    SLICE_X93Y99         FDRE                         0.000     5.336 r  u_top/u_atomik/banks[4].bank_acc_reg[4][26]/C
    SLICE_X93Y99         FDRE (Prop_fdre_C_Q)         0.379     5.715 r  u_top/u_atomik/banks[4].bank_acc_reg[4][26]/Q
                         net (fo=2, routed)           0.642     6.358    u_top/u_atomik/Q[26]
    SLICE_X93Y101        LUT4 (Prop_lut4_I0_O)        0.105     6.463 r  u_top/u_atomik/swap_data[26]_i_5/O
                         net (fo=1, routed)           0.819     7.282    u_top/u_atomik/swap_data[26]_i_5_n_0
    SLICE_X99Y104        LUT4 (Prop_lut4_I2_O)        0.105     7.387 r  u_top/u_atomik/swap_data[26]_i_2/O
                         net (fo=2, routed)           0.809     8.196    u_top/u_atomik/p_16_in[26]
    SLICE_X99Y105        LUT6 (Prop_lut6_I5_O)        0.105     8.301 f  u_top/u_atomik/core_resp_acc_zero_i_13/O
                         net (fo=1, routed)           0.471     8.771    u_top/u_atomik/core_resp_acc_zero_i_13_n_0
    SLICE_X105Y106       LUT6 (Prop_lut6_I5_O)        0.105     8.876 f  u_top/u_atomik/core_resp_acc_zero_i_5/O
                         net (fo=1, routed)           0.116     8.992    u_top/u_atomik/core_resp_acc_zero_i_5_n_0
    SLICE_X105Y106       LUT6 (Prop_lut6_I2_O)        0.105     9.097 f  u_top/u_atomik/core_resp_acc_zero_i_1_comp/O
                         net (fo=1, routed)           0.000     9.097    u_top/u_cdc/core_acc_zero
    SLICE_X105Y106       FDCE                                         f  u_top/u_cdc/core_resp_acc_zero_reg/D
  -------------------------------------------------------------------    -------------------

                         (clock atomik_clk rise edge)
                                                      3.625     3.625 r  
                         clock source latency         1.935     5.560    
                         propagated clock network latency
                                                      3.009     8.570    
                         clock pessimism              0.403     8.972    
                         clock uncertainty           -0.064     8.908    
    SLICE_X105Y106       FDCE (Setup_fdce_C_D)        0.033     8.941    u_top/u_cdc/core_resp_acc_zero_reg
  -------------------------------------------------------------------
                         required time                          8.941    
                         arrival time                          -9.097    
  -------------------------------------------------------------------
                         slack                                 -0.155    




