Copyright 1986-2022 Xilinx, Inc. All Rights Reserved. Copyright 2022-2025 Advanced Micro Devices, Inc. All Rights Reserved.
--------------------------------------------------------------------------------------------------------------------------------------------------------
| Tool Version : Vivado v.2025.2 (lin64) Build 6299465 Fri Nov 14 12:34:56 MST 2025
| Date         : Fri Mar 13 09:18:04 2026
| Host         : Jarvis running 64-bit Ubuntu 24.04.4 LTS
| Command      : report_timing -nworst 5 -path_type full -file /home/mattrock/Projects/ATOMiK/hardware/zynq/sweep/reports/crit_path_N1_F400_maximum.rpt
| Design       : sweep_top_N1_F400_maximum
| Device       : 7z020-clg400
| Speed File   : -2  PRODUCTION 1.12 2019-11-22
| Design State : Routed
--------------------------------------------------------------------------------------------------------------------------------------------------------

Timing Report

Slack (MET) :             0.111ns  (required time - arrival time)
  Source:                 u_top/u_cdc/core_load_en_reg/C
                            (rising edge-triggered cell FDCE clocked by atomik_clk  {rise@0.000ns fall@1.250ns period=2.500ns})
  Destination:            u_top/u_atomik/u_state_bram/xpm_memory_base_inst/gen_wr_a.gen_word_narrow.mem_reg/DIBDI[23]
                            (rising edge-triggered cell RAMB36E1 clocked by atomik_clk  {rise@0.000ns fall@1.250ns period=2.500ns})
  Path Group:             atomik_clk
  Path Type:              Setup (Max at Slow Process Corner)
  Requirement:            2.500ns  (atomik_clk rise@2.500ns - atomik_clk rise@0.000ns)
  Data Path Delay:        1.925ns  (logic 0.543ns (28.207%)  route 1.382ns (71.793%))
  Logic Levels:           1  (LUT3=1)
  Clock Path Skew:        -0.026ns (DCD - SCD + CPR)
    Destination Clock Delay (DCD):    4.979ns = ( 7.479 - 2.500 ) 
    Source Clock Delay      (SCD):    5.507ns
    Clock Pessimism Removal (CPR):    0.502ns
  Clock Uncertainty:      0.061ns  ((TSJ^2 + DJ^2)^1/2) / 2 + PE
    Total System Jitter     (TSJ):    0.071ns
    Discrete Jitter          (DJ):    0.099ns
    Phase Error              (PE):    0.000ns

    Location             Delay type                Incr(ns)  Path(ns)    Netlist Resource(s)
  -------------------------------------------------------------------    -------------------
                         (clock atomik_clk rise edge)
                                                      0.000     0.000 r  
                         clock source latency         2.177     2.177    
                         propagated clock network latency
                                                      3.330     5.507    
    SLICE_X94Y101        FDCE                         0.000     5.507 r  u_top/u_cdc/core_load_en_reg/C
    SLICE_X94Y101        FDCE (Prop_fdce_C_Q)         0.433     5.940 r  u_top/u_cdc/core_load_en_reg/Q
                         net (fo=77, routed)          0.766     6.707    u_top/u_cdc/core_load_en
    SLICE_X93Y103        LUT3 (Prop_lut3_I1_O)        0.110     6.817 r  u_top/u_cdc/u_state_bram_i_18/O
                         net (fo=1, routed)           0.616     7.432    u_top/u_atomik/u_state_bram/xpm_memory_base_inst/dina[55]
    RAMB36_X4Y20         RAMB36E1                                     r  u_top/u_atomik/u_state_bram/xpm_memory_base_inst/gen_wr_a.gen_word_narrow.mem_reg/DIBDI[23]
  -------------------------------------------------------------------    -------------------

                         (clock atomik_clk rise edge)
                                                      2.500     2.500 r  
                         clock source latency         1.935     4.435    
                         propagated clock network latency
                                                      3.044     7.479    
                         clock pessimism              0.502     7.981    
                         clock uncertainty           -0.061     7.920    
    RAMB36_X4Y20         RAMB36E1 (Setup_ramb36e1_CLKBWRCLK_DIBDI[23])
                                                     -0.377     7.543    u_top/u_atomik/u_state_bram/xpm_memory_base_inst/gen_wr_a.gen_word_narrow.mem_reg
  -------------------------------------------------------------------
                         required time                          7.543    
                         arrival time                          -7.432    
  -------------------------------------------------------------------
                         slack                                  0.111    

Slack (MET) :             0.111ns  (required time - arrival time)
  Source:                 u_top/u_cdc/core_load_en_reg/C
                            (rising edge-triggered cell FDCE clocked by atomik_clk  {rise@0.000ns fall@1.250ns period=2.500ns})
  Destination:            u_top/u_atomik/u_state_bram/xpm_memory_base_inst/gen_wr_a.gen_word_narrow.mem_reg/DIBDI[23]
                            (rising edge-triggered cell RAMB36E1 clocked by atomik_clk  {rise@0.000ns fall@1.250ns period=2.500ns})
  Path Group:             atomik_clk
  Path Type:              Setup (Max at Slow Process Corner)
  Requirement:            2.500ns  (atomik_clk rise@2.500ns - atomik_clk rise@0.000ns)
  Data Path Delay:        1.925ns  (logic 0.543ns (28.207%)  route 1.382ns (71.793%))
  Logic Levels:           1  (LUT3=1)
  Clock Path Skew:        -0.026ns (DCD - SCD + CPR)
    Destination Clock Delay (DCD):    4.979ns = ( 7.479 - 2.500 ) 
    Source Clock Delay      (SCD):    5.507ns
    Clock Pessimism Removal (CPR):    0.502ns
  Clock Uncertainty:      0.061ns  ((TSJ^2 + DJ^2)^1/2) / 2 + PE
    Total System Jitter     (TSJ):    0.071ns
    Discrete Jitter          (DJ):    0.099ns
    Phase Error              (PE):    0.000ns

    Location             Delay type                Incr(ns)  Path(ns)    Netlist Resource(s)
  -------------------------------------------------------------------    -------------------
                         (clock atomik_clk rise edge)
                                                      0.000     0.000 r  
                         clock source latency         2.177     2.177    
                         propagated clock network latency
                                                      3.330     5.507    
    SLICE_X94Y101        FDCE                         0.000     5.507 r  u_top/u_cdc/core_load_en_reg/C
    SLICE_X94Y101        FDCE (Prop_fdce_C_Q)         0.433     5.940 f  u_top/u_cdc/core_load_en_reg/Q
                         net (fo=77, routed)          0.766     6.707    u_top/u_cdc/core_load_en
    SLICE_X93Y103        LUT3 (Prop_lut3_I1_O)        0.110     6.817 r  u_top/u_cdc/u_state_bram_i_18/O
                         net (fo=1, routed)           0.616     7.432    u_top/u_atomik/u_state_bram/xpm_memory_base_inst/dina[55]
    RAMB36_X4Y20         RAMB36E1                                     r  u_top/u_atomik/u_state_bram/xpm_memory_base_inst/gen_wr_a.gen_word_narrow.mem_reg/DIBDI[23]
  -------------------------------------------------------------------    -------------------

                         (clock atomik_clk rise edge)
                                                      2.500     2.500 r  
                         clock source latency         1.935     4.435    
                         propagated clock network latency
                                                      3.044     7.479    
                         clock pessimism              0.502     7.981    
                         clock uncertainty           -0.061     7.920    
    RAMB36_X4Y20         RAMB36E1 (Setup_ramb36e1_CLKBWRCLK_DIBDI[23])
                                                     -0.377     7.543    u_top/u_atomik/u_state_bram/xpm_memory_base_inst/gen_wr_a.gen_word_narrow.mem_reg
  -------------------------------------------------------------------
                         required time                          7.543    
                         arrival time                          -7.432    
  -------------------------------------------------------------------
                         slack                                  0.111    

Slack (MET) :             0.111ns  (required time - arrival time)
  Source:                 u_top/u_cdc/core_load_en_reg/C
                            (rising edge-triggered cell FDCE clocked by atomik_clk  {rise@0.000ns fall@1.250ns period=2.500ns})
  Destination:            u_top/u_atomik/u_state_bram/xpm_memory_base_inst/gen_wr_a.gen_word_narrow.mem_reg/DIBDI[23]
                            (rising edge-triggered cell RAMB36E1 clocked by atomik_clk  {rise@0.000ns fall@1.250ns period=2.500ns})
  Path Group:             atomik_clk
  Path Type:              Setup (Max at Slow Process Corner)
  Requirement:            2.500ns  (atomik_clk rise@2.500ns - atomik_clk rise@0.000ns)
  Data Path Delay:        1.925ns  (logic 0.543ns (28.207%)  route 1.382ns (71.793%))
  Logic Levels:           1  (LUT3=1)
  Clock Path Skew:        -0.026ns (DCD - SCD + CPR)
    Destination Clock Delay (DCD):    4.979ns = ( 7.479 - 2.500 ) 
    Source Clock Delay      (SCD):    5.507ns
    Clock Pessimism Removal (CPR):    0.502ns
  Clock Uncertainty:      0.061ns  ((TSJ^2 + DJ^2)^1/2) / 2 + PE
    Total System Jitter     (TSJ):    0.071ns
    Discrete Jitter          (DJ):    0.099ns
    Phase Error              (PE):    0.000ns

    Location             Delay type                Incr(ns)  Path(ns)    Netlist Resource(s)
  -------------------------------------------------------------------    -------------------
                         (clock atomik_clk rise edge)
                                                      0.000     0.000 r  
                         clock source latency         2.177     2.177    
                         propagated clock network latency
                                                      3.330     5.507    
    SLICE_X94Y101        FDCE                         0.000     5.507 r  u_top/u_cdc/core_load_en_reg/C
    SLICE_X94Y101        FDCE (Prop_fdce_C_Q)         0.433     5.940 r  u_top/u_cdc/core_load_en_reg/Q
                         net (fo=77, routed)          0.766     6.707    u_top/u_cdc/core_load_en
    SLICE_X93Y103        LUT3 (Prop_lut3_I1_O)        0.110     6.817 f  u_top/u_cdc/u_state_bram_i_18/O
                         net (fo=1, routed)           0.616     7.432    u_top/u_atomik/u_state_bram/xpm_memory_base_inst/dina[55]
    RAMB36_X4Y20         RAMB36E1                                     f  u_top/u_atomik/u_state_bram/xpm_memory_base_inst/gen_wr_a.gen_word_narrow.mem_reg/DIBDI[23]
  -------------------------------------------------------------------    -------------------

                         (clock atomik_clk rise edge)
                                                      2.500     2.500 r  
                         clock source latency         1.935     4.435    
                         propagated clock network latency
                                                      3.044     7.479    
                         clock pessimism              0.502     7.981    
                         clock uncertainty           -0.061     7.920    
    RAMB36_X4Y20         RAMB36E1 (Setup_ramb36e1_CLKBWRCLK_DIBDI[23])
                                                     -0.377     7.543    u_top/u_atomik/u_state_bram/xpm_memory_base_inst/gen_wr_a.gen_word_narrow.mem_reg
  -------------------------------------------------------------------
                         required time                          7.543    
                         arrival time                          -7.432    
  -------------------------------------------------------------------
                         slack                                  0.111    

Slack (MET) :             0.111ns  (required time - arrival time)
  Source:                 u_top/u_cdc/core_load_en_reg/C
                            (rising edge-triggered cell FDCE clocked by atomik_clk  {rise@0.000ns fall@1.250ns period=2.500ns})
  Destination:            u_top/u_atomik/u_state_bram/xpm_memory_base_inst/gen_wr_a.gen_word_narrow.mem_reg/DIBDI[23]
                            (rising edge-triggered cell RAMB36E1 clocked by atomik_clk  {rise@0.000ns fall@1.250ns period=2.500ns})
  Path Group:             atomik_clk
  Path Type:              Setup (Max at Slow Process Corner)
  Requirement:            2.500ns  (atomik_clk rise@2.500ns - atomik_clk rise@0.000ns)
  Data Path Delay:        1.925ns  (logic 0.543ns (28.207%)  route 1.382ns (71.793%))
  Logic Levels:           1  (LUT3=1)
  Clock Path Skew:        -0.026ns (DCD - SCD + CPR)
    Destination Clock Delay (DCD):    4.979ns = ( 7.479 - 2.500 ) 
    Source Clock Delay      (SCD):    5.507ns
    Clock Pessimism Removal (CPR):    0.502ns
  Clock Uncertainty:      0.061ns  ((TSJ^2 + DJ^2)^1/2) / 2 + PE
    Total System Jitter     (TSJ):    0.071ns
    Discrete Jitter          (DJ):    0.099ns
    Phase Error              (PE):    0.000ns

    Location             Delay type                Incr(ns)  Path(ns)    Netlist Resource(s)
  -------------------------------------------------------------------    -------------------
                         (clock atomik_clk rise edge)
                                                      0.000     0.000 r  
                         clock source latency         2.177     2.177    
                         propagated clock network latency
                                                      3.330     5.507    
    SLICE_X94Y101        FDCE                         0.000     5.507 r  u_top/u_cdc/core_load_en_reg/C
    SLICE_X94Y101        FDCE (Prop_fdce_C_Q)         0.433     5.940 f  u_top/u_cdc/core_load_en_reg/Q
                         net (fo=77, routed)          0.766     6.707    u_top/u_cdc/core_load_en
    SLICE_X93Y103        LUT3 (Prop_lut3_I1_O)        0.110     6.817 f  u_top/u_cdc/u_state_bram_i_18/O
                         net (fo=1, routed)           0.616     7.432    u_top/u_atomik/u_state_bram/xpm_memory_base_inst/dina[55]
    RAMB36_X4Y20         RAMB36E1                                     f  u_top/u_atomik/u_state_bram/xpm_memory_base_inst/gen_wr_a.gen_word_narrow.mem_reg/DIBDI[23]
  -------------------------------------------------------------------    -------------------

                         (clock atomik_clk rise edge)
                                                      2.500     2.500 r  
                         clock source latency         1.935     4.435    
                         propagated clock network latency
                                                      3.044     7.479    
                         clock pessimism              0.502     7.981    
                         clock uncertainty           -0.061     7.920    
    RAMB36_X4Y20         RAMB36E1 (Setup_ramb36e1_CLKBWRCLK_DIBDI[23])
                                                     -0.377     7.543    u_top/u_atomik/u_state_bram/xpm_memory_base_inst/gen_wr_a.gen_word_narrow.mem_reg
  -------------------------------------------------------------------
                         required time                          7.543    
                         arrival time                          -7.432    
  -------------------------------------------------------------------
                         slack                                  0.111    

Slack (MET) :             0.113ns  (required time - arrival time)
  Source:                 u_top/u_cdc/core_load_en_reg/C
                            (rising edge-triggered cell FDCE clocked by atomik_clk  {rise@0.000ns fall@1.250ns period=2.500ns})
  Destination:            u_top/u_atomik/u_state_bram/xpm_memory_base_inst/gen_wr_a.gen_word_narrow.mem_reg/WEBWE[0]
                            (rising edge-triggered cell RAMB36E1 clocked by atomik_clk  {rise@0.000ns fall@1.250ns period=2.500ns})
  Path Group:             atomik_clk
  Path Type:              Setup (Max at Slow Process Corner)
  Requirement:            2.500ns  (atomik_clk rise@2.500ns - atomik_clk rise@0.000ns)
  Data Path Delay:        1.824ns  (logic 0.538ns (29.492%)  route 1.286ns (70.508%))
  Logic Levels:           1  (LUT2=1)
  Clock Path Skew:        -0.026ns (DCD - SCD + CPR)
    Destination Clock Delay (DCD):    4.979ns = ( 7.479 - 2.500 ) 
    Source Clock Delay      (SCD):    5.507ns
    Clock Pessimism Removal (CPR):    0.502ns
  Clock Uncertainty:      0.061ns  ((TSJ^2 + DJ^2)^1/2) / 2 + PE
    Total System Jitter     (TSJ):    0.071ns
    Discrete Jitter          (DJ):    0.099ns
    Phase Error              (PE):    0.000ns

    Location             Delay type                Incr(ns)  Path(ns)    Netlist Resource(s)
  -------------------------------------------------------------------    -------------------
                         (clock atomik_clk rise edge)
                                                      0.000     0.000 r  
                         clock source latency         2.177     2.177    
                         propagated clock network latency
                                                      3.330     5.507    
    SLICE_X94Y101        FDCE                         0.000     5.507 r  u_top/u_cdc/core_load_en_reg/C
    SLICE_X94Y101        FDCE (Prop_fdce_C_Q)         0.433     5.940 r  u_top/u_cdc/core_load_en_reg/Q
                         net (fo=77, routed)          0.623     6.564    u_top/u_atomik/core_load_en
    SLICE_X96Y102        LUT2 (Prop_lut2_I1_O)        0.105     6.669 r  u_top/u_atomik/u_state_bram_i_1/O
                         net (fo=8, routed)           0.663     7.332    u_top/u_atomik/u_state_bram/xpm_memory_base_inst/ena
    RAMB36_X4Y20         RAMB36E1                                     r  u_top/u_atomik/u_state_bram/xpm_memory_base_inst/gen_wr_a.gen_word_narrow.mem_reg/WEBWE[0]
  -------------------------------------------------------------------    -------------------

                         (clock atomik_clk rise edge)
                                                      2.500     2.500 r  
                         clock source latency         1.935     4.435    
                         propagated clock network latency
                                                      3.044     7.479    
                         clock pessimism              0.502     7.981    
                         clock uncertainty           -0.061     7.920    
    RAMB36_X4Y20         RAMB36E1 (Setup_ramb36e1_CLKBWRCLK_WEBWE[0])
                                                     -0.476     7.444    u_top/u_atomik/u_state_bram/xpm_memory_base_inst/gen_wr_a.gen_word_narrow.mem_reg
  -------------------------------------------------------------------
                         required time                          7.444    
                         arrival time                          -7.332    
  -------------------------------------------------------------------
                         slack                                  0.113    




