Copyright 1986-2022 Xilinx, Inc. All Rights Reserved. Copyright 2022-2025 Advanced Micro Devices, Inc. All Rights Reserved.
----------------------------------------------------------------------------------------------------------------------------------------------------
| Tool Version : Vivado v.2025.2 (lin64) Build 6299465 Fri Nov 14 12:34:56 MST 2025
| Date         : Sat Mar 14 03:46:51 2026
| Host         : Jarvis running 64-bit Ubuntu 24.04.4 LTS
| Command      : report_timing -nworst 5 -path_type full -file /home/mattrock/Projects/ATOMiK/hardware/zynq/sweep/reports/crit_path_N512_F135p6.rpt
| Design       : sweep_top_N512_F135p6
| Device       : 7z020-clg400
| Speed File   : -2  PRODUCTION 1.12 2019-11-22
| Design State : Routed
----------------------------------------------------------------------------------------------------------------------------------------------------

Timing Report

Slack (MET) :             0.025ns  (required time - arrival time)
  Source:                 u_top/u_atomik/banks[14].bank_acc_reg[14][5]/C
                            (rising edge-triggered cell FDRE clocked by atomik_clk  {rise@0.000ns fall@3.688ns period=7.375ns})
  Destination:            u_top/u_cdc/core_resp_acc_zero_reg/D
                            (rising edge-triggered cell FDCE clocked by atomik_clk  {rise@0.000ns fall@3.688ns period=7.375ns})
  Path Group:             atomik_clk
  Path Type:              Setup (Max at Slow Process Corner)
  Requirement:            7.375ns  (atomik_clk rise@7.375ns - atomik_clk rise@0.000ns)
  Data Path Delay:        7.109ns  (logic 1.168ns (16.431%)  route 5.941ns (83.569%))
  Logic Levels:           7  (LUT4=1 LUT5=1 LUT6=5)
  Clock Path Skew:        -0.203ns (DCD - SCD + CPR)
    Destination Clock Delay (DCD):    4.719ns = ( 12.094 - 7.375 ) 
    Source Clock Delay      (SCD):    5.312ns
    Clock Pessimism Removal (CPR):    0.391ns
  Clock Uncertainty:      0.070ns  ((TSJ^2 + DJ^2)^1/2) / 2 + PE
    Total System Jitter     (TSJ):    0.071ns
    Discrete Jitter          (DJ):    0.122ns
    Phase Error              (PE):    0.000ns

    Location             Delay type                Incr(ns)  Path(ns)    Netlist Resource(s)
  -------------------------------------------------------------------    -------------------
                         (clock atomik_clk rise edge)
                                                      0.000     0.000 r  
                         clock source latency         2.177     2.177    
                         propagated clock network latency
                                                      3.135     5.312    
    SLICE_X8Y1           FDRE                         0.000     5.312 r  u_top/u_atomik/banks[14].bank_acc_reg[14][5]/C
    SLICE_X8Y1           FDRE (Prop_fdre_C_Q)         0.433     5.745 r  u_top/u_atomik/banks[14].bank_acc_reg[14][5]/Q
                         net (fo=2, routed)           1.050     6.795    u_top/u_atomik/banks[14].bank_acc_reg[14][63]_0[5]
    SLICE_X6Y5           LUT6 (Prop_lut6_I3_O)        0.105     6.900 r  u_top/u_atomik/core_resp_state[5]_i_55/O
                         net (fo=1, routed)           1.614     8.514    u_top/u_atomik/core_resp_state[5]_i_55_n_0
    SLICE_X37Y37         LUT6 (Prop_lut6_I4_O)        0.105     8.619 r  u_top/u_atomik/core_resp_state[5]_i_12/O
                         net (fo=1, routed)           0.824     9.443    u_top/u_atomik/core_resp_state[5]_i_12_n_0
    SLICE_X39Y44         LUT6 (Prop_lut6_I3_O)        0.105     9.548 r  u_top/u_atomik/core_resp_state[5]_i_4/O
                         net (fo=1, routed)           0.942    10.490    u_top/u_atomik/core_resp_state[5]_i_4_n_0
    SLICE_X48Y67         LUT5 (Prop_lut5_I1_O)        0.105    10.595 f  u_top/u_atomik/core_resp_state[5]_i_2/O
                         net (fo=2, routed)           0.638    11.232    u_top/u_atomik/p_512_in[5]
    SLICE_X53Y68         LUT6 (Prop_lut6_I3_O)        0.105    11.337 r  u_top/u_atomik/core_resp_acc_zero_i_6/O
                         net (fo=1, routed)           0.544    11.881    u_top/u_atomik/core_resp_acc_zero_i_6_n_0
    SLICE_X58Y67         LUT6 (Prop_lut6_I0_O)        0.105    11.986 r  u_top/u_atomik/core_resp_acc_zero_i_2/O
                         net (fo=1, routed)           0.330    12.316    u_top/u_atomik/core_resp_acc_zero_i_2_n_0
    SLICE_X56Y67         LUT4 (Prop_lut4_I0_O)        0.105    12.421 r  u_top/u_atomik/core_resp_acc_zero_i_1/O
                         net (fo=1, routed)           0.000    12.421    u_top/u_cdc/core_acc_zero
    SLICE_X56Y67         FDCE                                         r  u_top/u_cdc/core_resp_acc_zero_reg/D
  -------------------------------------------------------------------    -------------------

                         (clock atomik_clk rise edge)
                                                      7.375     7.375 r  
                         clock source latency         1.935     9.310    
                         propagated clock network latency
                                                      2.784    12.094    
                         clock pessimism              0.391    12.485    
                         clock uncertainty           -0.070    12.414    
    SLICE_X56Y67         FDCE (Setup_fdce_C_D)        0.032    12.446    u_top/u_cdc/core_resp_acc_zero_reg
  -------------------------------------------------------------------
                         required time                         12.446    
                         arrival time                         -12.421    
  -------------------------------------------------------------------
                         slack                                  0.025    

Slack (MET) :             0.025ns  (required time - arrival time)
  Source:                 u_top/u_atomik/banks[14].bank_acc_reg[14][5]/C
                            (rising edge-triggered cell FDRE clocked by atomik_clk  {rise@0.000ns fall@3.688ns period=7.375ns})
  Destination:            u_top/u_cdc/core_resp_acc_zero_reg/D
                            (rising edge-triggered cell FDCE clocked by atomik_clk  {rise@0.000ns fall@3.688ns period=7.375ns})
  Path Group:             atomik_clk
  Path Type:              Setup (Max at Slow Process Corner)
  Requirement:            7.375ns  (atomik_clk rise@7.375ns - atomik_clk rise@0.000ns)
  Data Path Delay:        7.109ns  (logic 1.168ns (16.431%)  route 5.941ns (83.569%))
  Logic Levels:           7  (LUT4=1 LUT5=1 LUT6=5)
  Clock Path Skew:        -0.203ns (DCD - SCD + CPR)
    Destination Clock Delay (DCD):    4.719ns = ( 12.094 - 7.375 ) 
    Source Clock Delay      (SCD):    5.312ns
    Clock Pessimism Removal (CPR):    0.391ns
  Clock Uncertainty:      0.070ns  ((TSJ^2 + DJ^2)^1/2) / 2 + PE
    Total System Jitter     (TSJ):    0.071ns
    Discrete Jitter          (DJ):    0.122ns
    Phase Error              (PE):    0.000ns

    Location             Delay type                Incr(ns)  Path(ns)    Netlist Resource(s)
  -------------------------------------------------------------------    -------------------
                         (clock atomik_clk rise edge)
                                                      0.000     0.000 r  
                         clock source latency         2.177     2.177    
                         propagated clock network latency
                                                      3.135     5.312    
    SLICE_X8Y1           FDRE                         0.000     5.312 r  u_top/u_atomik/banks[14].bank_acc_reg[14][5]/C
    SLICE_X8Y1           FDRE (Prop_fdre_C_Q)         0.433     5.745 r  u_top/u_atomik/banks[14].bank_acc_reg[14][5]/Q
                         net (fo=2, routed)           1.050     6.795    u_top/u_atomik/banks[14].bank_acc_reg[14][63]_0[5]
    SLICE_X6Y5           LUT6 (Prop_lut6_I3_O)        0.105     6.900 f  u_top/u_atomik/core_resp_state[5]_i_55/O
                         net (fo=1, routed)           1.614     8.514    u_top/u_atomik/core_resp_state[5]_i_55_n_0
    SLICE_X37Y37         LUT6 (Prop_lut6_I4_O)        0.105     8.619 r  u_top/u_atomik/core_resp_state[5]_i_12/O
                         net (fo=1, routed)           0.824     9.443    u_top/u_atomik/core_resp_state[5]_i_12_n_0
    SLICE_X39Y44         LUT6 (Prop_lut6_I3_O)        0.105     9.548 r  u_top/u_atomik/core_resp_state[5]_i_4/O
                         net (fo=1, routed)           0.942    10.490    u_top/u_atomik/core_resp_state[5]_i_4_n_0
    SLICE_X48Y67         LUT5 (Prop_lut5_I1_O)        0.105    10.595 f  u_top/u_atomik/core_resp_state[5]_i_2/O
                         net (fo=2, routed)           0.638    11.232    u_top/u_atomik/p_512_in[5]
    SLICE_X53Y68         LUT6 (Prop_lut6_I3_O)        0.105    11.337 r  u_top/u_atomik/core_resp_acc_zero_i_6/O
                         net (fo=1, routed)           0.544    11.881    u_top/u_atomik/core_resp_acc_zero_i_6_n_0
    SLICE_X58Y67         LUT6 (Prop_lut6_I0_O)        0.105    11.986 r  u_top/u_atomik/core_resp_acc_zero_i_2/O
                         net (fo=1, routed)           0.330    12.316    u_top/u_atomik/core_resp_acc_zero_i_2_n_0
    SLICE_X56Y67         LUT4 (Prop_lut4_I0_O)        0.105    12.421 r  u_top/u_atomik/core_resp_acc_zero_i_1/O
                         net (fo=1, routed)           0.000    12.421    u_top/u_cdc/core_acc_zero
    SLICE_X56Y67         FDCE                                         r  u_top/u_cdc/core_resp_acc_zero_reg/D
  -------------------------------------------------------------------    -------------------

                         (clock atomik_clk rise edge)
                                                      7.375     7.375 r  
                         clock source latency         1.935     9.310    
                         propagated clock network latency
                                                      2.784    12.094    
                         clock pessimism              0.391    12.485    
                         clock uncertainty           -0.070    12.414    
    SLICE_X56Y67         FDCE (Setup_fdce_C_D)        0.032    12.446    u_top/u_cdc/core_resp_acc_zero_reg
  -------------------------------------------------------------------
                         required time                         12.446    
                         arrival time                         -12.421    
  -------------------------------------------------------------------
                         slack                                  0.025    

Slack (MET) :             0.025ns  (required time - arrival time)
  Source:                 u_top/u_atomik/banks[14].bank_acc_reg[14][5]/C
                            (rising edge-triggered cell FDRE clocked by atomik_clk  {rise@0.000ns fall@3.688ns period=7.375ns})
  Destination:            u_top/u_cdc/core_resp_acc_zero_reg/D
                            (rising edge-triggered cell FDCE clocked by atomik_clk  {rise@0.000ns fall@3.688ns period=7.375ns})
  Path Group:             atomik_clk
  Path Type:              Setup (Max at Slow Process Corner)
  Requirement:            7.375ns  (atomik_clk rise@7.375ns - atomik_clk rise@0.000ns)
  Data Path Delay:        7.109ns  (logic 1.168ns (16.431%)  route 5.941ns (83.569%))
  Logic Levels:           7  (LUT4=1 LUT5=1 LUT6=5)
  Clock Path Skew:        -0.203ns (DCD - SCD + CPR)
    Destination Clock Delay (DCD):    4.719ns = ( 12.094 - 7.375 ) 
    Source Clock Delay      (SCD):    5.312ns
    Clock Pessimism Removal (CPR):    0.391ns
  Clock Uncertainty:      0.070ns  ((TSJ^2 + DJ^2)^1/2) / 2 + PE
    Total System Jitter     (TSJ):    0.071ns
    Discrete Jitter          (DJ):    0.122ns
    Phase Error              (PE):    0.000ns

    Location             Delay type                Incr(ns)  Path(ns)    Netlist Resource(s)
  -------------------------------------------------------------------    -------------------
                         (clock atomik_clk rise edge)
                                                      0.000     0.000 r  
                         clock source latency         2.177     2.177    
                         propagated clock network latency
                                                      3.135     5.312    
    SLICE_X8Y1           FDRE                         0.000     5.312 r  u_top/u_atomik/banks[14].bank_acc_reg[14][5]/C
    SLICE_X8Y1           FDRE (Prop_fdre_C_Q)         0.433     5.745 r  u_top/u_atomik/banks[14].bank_acc_reg[14][5]/Q
                         net (fo=2, routed)           1.050     6.795    u_top/u_atomik/banks[14].bank_acc_reg[14][63]_0[5]
    SLICE_X6Y5           LUT6 (Prop_lut6_I3_O)        0.105     6.900 r  u_top/u_atomik/core_resp_state[5]_i_55/O
                         net (fo=1, routed)           1.614     8.514    u_top/u_atomik/core_resp_state[5]_i_55_n_0
    SLICE_X37Y37         LUT6 (Prop_lut6_I4_O)        0.105     8.619 f  u_top/u_atomik/core_resp_state[5]_i_12/O
                         net (fo=1, routed)           0.824     9.443    u_top/u_atomik/core_resp_state[5]_i_12_n_0
    SLICE_X39Y44         LUT6 (Prop_lut6_I3_O)        0.105     9.548 r  u_top/u_atomik/core_resp_state[5]_i_4/O
                         net (fo=1, routed)           0.942    10.490    u_top/u_atomik/core_resp_state[5]_i_4_n_0
    SLICE_X48Y67         LUT5 (Prop_lut5_I1_O)        0.105    10.595 f  u_top/u_atomik/core_resp_state[5]_i_2/O
                         net (fo=2, routed)           0.638    11.232    u_top/u_atomik/p_512_in[5]
    SLICE_X53Y68         LUT6 (Prop_lut6_I3_O)        0.105    11.337 r  u_top/u_atomik/core_resp_acc_zero_i_6/O
                         net (fo=1, routed)           0.544    11.881    u_top/u_atomik/core_resp_acc_zero_i_6_n_0
    SLICE_X58Y67         LUT6 (Prop_lut6_I0_O)        0.105    11.986 r  u_top/u_atomik/core_resp_acc_zero_i_2/O
                         net (fo=1, routed)           0.330    12.316    u_top/u_atomik/core_resp_acc_zero_i_2_n_0
    SLICE_X56Y67         LUT4 (Prop_lut4_I0_O)        0.105    12.421 r  u_top/u_atomik/core_resp_acc_zero_i_1/O
                         net (fo=1, routed)           0.000    12.421    u_top/u_cdc/core_acc_zero
    SLICE_X56Y67         FDCE                                         r  u_top/u_cdc/core_resp_acc_zero_reg/D
  -------------------------------------------------------------------    -------------------

                         (clock atomik_clk rise edge)
                                                      7.375     7.375 r  
                         clock source latency         1.935     9.310    
                         propagated clock network latency
                                                      2.784    12.094    
                         clock pessimism              0.391    12.485    
                         clock uncertainty           -0.070    12.414    
    SLICE_X56Y67         FDCE (Setup_fdce_C_D)        0.032    12.446    u_top/u_cdc/core_resp_acc_zero_reg
  -------------------------------------------------------------------
                         required time                         12.446    
                         arrival time                         -12.421    
  -------------------------------------------------------------------
                         slack                                  0.025    

Slack (MET) :             0.025ns  (required time - arrival time)
  Source:                 u_top/u_atomik/banks[14].bank_acc_reg[14][5]/C
                            (rising edge-triggered cell FDRE clocked by atomik_clk  {rise@0.000ns fall@3.688ns period=7.375ns})
  Destination:            u_top/u_cdc/core_resp_acc_zero_reg/D
                            (rising edge-triggered cell FDCE clocked by atomik_clk  {rise@0.000ns fall@3.688ns period=7.375ns})
  Path Group:             atomik_clk
  Path Type:              Setup (Max at Slow Process Corner)
  Requirement:            7.375ns  (atomik_clk rise@7.375ns - atomik_clk rise@0.000ns)
  Data Path Delay:        7.109ns  (logic 1.168ns (16.431%)  route 5.941ns (83.569%))
  Logic Levels:           7  (LUT4=1 LUT5=1 LUT6=5)
  Clock Path Skew:        -0.203ns (DCD - SCD + CPR)
    Destination Clock Delay (DCD):    4.719ns = ( 12.094 - 7.375 ) 
    Source Clock Delay      (SCD):    5.312ns
    Clock Pessimism Removal (CPR):    0.391ns
  Clock Uncertainty:      0.070ns  ((TSJ^2 + DJ^2)^1/2) / 2 + PE
    Total System Jitter     (TSJ):    0.071ns
    Discrete Jitter          (DJ):    0.122ns
    Phase Error              (PE):    0.000ns

    Location             Delay type                Incr(ns)  Path(ns)    Netlist Resource(s)
  -------------------------------------------------------------------    -------------------
                         (clock atomik_clk rise edge)
                                                      0.000     0.000 r  
                         clock source latency         2.177     2.177    
                         propagated clock network latency
                                                      3.135     5.312    
    SLICE_X8Y1           FDRE                         0.000     5.312 r  u_top/u_atomik/banks[14].bank_acc_reg[14][5]/C
    SLICE_X8Y1           FDRE (Prop_fdre_C_Q)         0.433     5.745 r  u_top/u_atomik/banks[14].bank_acc_reg[14][5]/Q
                         net (fo=2, routed)           1.050     6.795    u_top/u_atomik/banks[14].bank_acc_reg[14][63]_0[5]
    SLICE_X6Y5           LUT6 (Prop_lut6_I3_O)        0.105     6.900 r  u_top/u_atomik/core_resp_state[5]_i_55/O
                         net (fo=1, routed)           1.614     8.514    u_top/u_atomik/core_resp_state[5]_i_55_n_0
    SLICE_X37Y37         LUT6 (Prop_lut6_I4_O)        0.105     8.619 r  u_top/u_atomik/core_resp_state[5]_i_12/O
                         net (fo=1, routed)           0.824     9.443    u_top/u_atomik/core_resp_state[5]_i_12_n_0
    SLICE_X39Y44         LUT6 (Prop_lut6_I3_O)        0.105     9.548 f  u_top/u_atomik/core_resp_state[5]_i_4/O
                         net (fo=1, routed)           0.942    10.490    u_top/u_atomik/core_resp_state[5]_i_4_n_0
    SLICE_X48Y67         LUT5 (Prop_lut5_I1_O)        0.105    10.595 f  u_top/u_atomik/core_resp_state[5]_i_2/O
                         net (fo=2, routed)           0.638    11.232    u_top/u_atomik/p_512_in[5]
    SLICE_X53Y68         LUT6 (Prop_lut6_I3_O)        0.105    11.337 r  u_top/u_atomik/core_resp_acc_zero_i_6/O
                         net (fo=1, routed)           0.544    11.881    u_top/u_atomik/core_resp_acc_zero_i_6_n_0
    SLICE_X58Y67         LUT6 (Prop_lut6_I0_O)        0.105    11.986 r  u_top/u_atomik/core_resp_acc_zero_i_2/O
                         net (fo=1, routed)           0.330    12.316    u_top/u_atomik/core_resp_acc_zero_i_2_n_0
    SLICE_X56Y67         LUT4 (Prop_lut4_I0_O)        0.105    12.421 r  u_top/u_atomik/core_resp_acc_zero_i_1/O
                         net (fo=1, routed)           0.000    12.421    u_top/u_cdc/core_acc_zero
    SLICE_X56Y67         FDCE                                         r  u_top/u_cdc/core_resp_acc_zero_reg/D
  -------------------------------------------------------------------    -------------------

                         (clock atomik_clk rise edge)
                                                      7.375     7.375 r  
                         clock source latency         1.935     9.310    
                         propagated clock network latency
                                                      2.784    12.094    
                         clock pessimism              0.391    12.485    
                         clock uncertainty           -0.070    12.414    
    SLICE_X56Y67         FDCE (Setup_fdce_C_D)        0.032    12.446    u_top/u_cdc/core_resp_acc_zero_reg
  -------------------------------------------------------------------
                         required time                         12.446    
                         arrival time                         -12.421    
  -------------------------------------------------------------------
                         slack                                  0.025    

Slack (MET) :             0.025ns  (required time - arrival time)
  Source:                 u_top/u_atomik/banks[14].bank_acc_reg[14][5]/C
                            (rising edge-triggered cell FDRE clocked by atomik_clk  {rise@0.000ns fall@3.688ns period=7.375ns})
  Destination:            u_top/u_cdc/core_resp_acc_zero_reg/D
                            (rising edge-triggered cell FDCE clocked by atomik_clk  {rise@0.000ns fall@3.688ns period=7.375ns})
  Path Group:             atomik_clk
  Path Type:              Setup (Max at Slow Process Corner)
  Requirement:            7.375ns  (atomik_clk rise@7.375ns - atomik_clk rise@0.000ns)
  Data Path Delay:        7.109ns  (logic 1.168ns (16.431%)  route 5.941ns (83.569%))
  Logic Levels:           7  (LUT4=1 LUT5=1 LUT6=5)
  Clock Path Skew:        -0.203ns (DCD - SCD + CPR)
    Destination Clock Delay (DCD):    4.719ns = ( 12.094 - 7.375 ) 
    Source Clock Delay      (SCD):    5.312ns
    Clock Pessimism Removal (CPR):    0.391ns
  Clock Uncertainty:      0.070ns  ((TSJ^2 + DJ^2)^1/2) / 2 + PE
    Total System Jitter     (TSJ):    0.071ns
    Discrete Jitter          (DJ):    0.122ns
    Phase Error              (PE):    0.000ns

    Location             Delay type                Incr(ns)  Path(ns)    Netlist Resource(s)
  -------------------------------------------------------------------    -------------------
                         (clock atomik_clk rise edge)
                                                      0.000     0.000 r  
                         clock source latency         2.177     2.177    
                         propagated clock network latency
                                                      3.135     5.312    
    SLICE_X8Y1           FDRE                         0.000     5.312 r  u_top/u_atomik/banks[14].bank_acc_reg[14][5]/C
    SLICE_X8Y1           FDRE (Prop_fdre_C_Q)         0.433     5.745 r  u_top/u_atomik/banks[14].bank_acc_reg[14][5]/Q
                         net (fo=2, routed)           1.050     6.795    u_top/u_atomik/banks[14].bank_acc_reg[14][63]_0[5]
    SLICE_X6Y5           LUT6 (Prop_lut6_I3_O)        0.105     6.900 f  u_top/u_atomik/core_resp_state[5]_i_55/O
                         net (fo=1, routed)           1.614     8.514    u_top/u_atomik/core_resp_state[5]_i_55_n_0
    SLICE_X37Y37         LUT6 (Prop_lut6_I4_O)        0.105     8.619 r  u_top/u_atomik/core_resp_state[5]_i_12/O
                         net (fo=1, routed)           0.824     9.443    u_top/u_atomik/core_resp_state[5]_i_12_n_0
    SLICE_X39Y44         LUT6 (Prop_lut6_I3_O)        0.105     9.548 f  u_top/u_atomik/core_resp_state[5]_i_4/O
                         net (fo=1, routed)           0.942    10.490    u_top/u_atomik/core_resp_state[5]_i_4_n_0
    SLICE_X48Y67         LUT5 (Prop_lut5_I1_O)        0.105    10.595 f  u_top/u_atomik/core_resp_state[5]_i_2/O
                         net (fo=2, routed)           0.638    11.232    u_top/u_atomik/p_512_in[5]
    SLICE_X53Y68         LUT6 (Prop_lut6_I3_O)        0.105    11.337 r  u_top/u_atomik/core_resp_acc_zero_i_6/O
                         net (fo=1, routed)           0.544    11.881    u_top/u_atomik/core_resp_acc_zero_i_6_n_0
    SLICE_X58Y67         LUT6 (Prop_lut6_I0_O)        0.105    11.986 r  u_top/u_atomik/core_resp_acc_zero_i_2/O
                         net (fo=1, routed)           0.330    12.316    u_top/u_atomik/core_resp_acc_zero_i_2_n_0
    SLICE_X56Y67         LUT4 (Prop_lut4_I0_O)        0.105    12.421 r  u_top/u_atomik/core_resp_acc_zero_i_1/O
                         net (fo=1, routed)           0.000    12.421    u_top/u_cdc/core_acc_zero
    SLICE_X56Y67         FDCE                                         r  u_top/u_cdc/core_resp_acc_zero_reg/D
  -------------------------------------------------------------------    -------------------

                         (clock atomik_clk rise edge)
                                                      7.375     7.375 r  
                         clock source latency         1.935     9.310    
                         propagated clock network latency
                                                      2.784    12.094    
                         clock pessimism              0.391    12.485    
                         clock uncertainty           -0.070    12.414    
    SLICE_X56Y67         FDCE (Setup_fdce_C_D)        0.032    12.446    u_top/u_cdc/core_resp_acc_zero_reg
  -------------------------------------------------------------------
                         required time                         12.446    
                         arrival time                         -12.421    
  -------------------------------------------------------------------
                         slack                                  0.025    




