Copyright 1986-2022 Xilinx, Inc. All Rights Reserved. Copyright 2022-2025 Advanced Micro Devices, Inc. All Rights Reserved.
----------------------------------------------------------------------------------------------------------------------------------------------------
| Tool Version : Vivado v.2025.2 (lin64) Build 6299465 Fri Nov 14 12:34:56 MST 2025
| Date         : Sat Mar 14 02:56:19 2026
| Host         : Jarvis running 64-bit Ubuntu 24.04.4 LTS
| Command      : report_timing -nworst 5 -path_type full -file /home/mattrock/Projects/ATOMiK/hardware/zynq/sweep/reports/crit_path_N512_F133p3.rpt
| Design       : sweep_top_N512_F133p3
| Device       : 7z020-clg400
| Speed File   : -2  PRODUCTION 1.12 2019-11-22
| Design State : Routed
----------------------------------------------------------------------------------------------------------------------------------------------------

Timing Report

Slack (VIOLATED) :        -0.174ns  (required time - arrival time)
  Source:                 u_top/u_atomik/banks[31].bank_acc_reg[31][9]/C
                            (rising edge-triggered cell FDRE clocked by atomik_clk  {rise@0.000ns fall@3.750ns period=7.500ns})
  Destination:            u_top/u_cdc/core_resp_acc_zero_reg/D
                            (rising edge-triggered cell FDCE clocked by atomik_clk  {rise@0.000ns fall@3.750ns period=7.500ns})
  Path Group:             atomik_clk
  Path Type:              Setup (Max at Slow Process Corner)
  Requirement:            7.500ns  (atomik_clk rise@7.500ns - atomik_clk rise@0.000ns)
  Data Path Delay:        7.537ns  (logic 1.134ns (15.045%)  route 6.403ns (84.955%))
  Logic Levels:           7  (LUT4=1 LUT5=1 LUT6=5)
  Clock Path Skew:        -0.172ns (DCD - SCD + CPR)
    Destination Clock Delay (DCD):    4.724ns = ( 12.224 - 7.500 ) 
    Source Clock Delay      (SCD):    5.286ns
    Clock Pessimism Removal (CPR):    0.391ns
  Clock Uncertainty:      0.071ns  ((TSJ^2 + DJ^2)^1/2) / 2 + PE
    Total System Jitter     (TSJ):    0.071ns
    Discrete Jitter          (DJ):    0.122ns
    Phase Error              (PE):    0.000ns

    Location             Delay type                Incr(ns)  Path(ns)    Netlist Resource(s)
  -------------------------------------------------------------------    -------------------
                         (clock atomik_clk rise edge)
                                                      0.000     0.000 r  
                         clock source latency         2.177     2.177    
                         propagated clock network latency
                                                      3.109     5.286    
    SLICE_X24Y24         FDRE                         0.000     5.286 r  u_top/u_atomik/banks[31].bank_acc_reg[31][9]/C
    SLICE_X24Y24         FDRE (Prop_fdre_C_Q)         0.379     5.665 r  u_top/u_atomik/banks[31].bank_acc_reg[31][9]/Q
                         net (fo=2, routed)           1.097     6.763    u_top/u_atomik/banks[31].bank_acc_reg[31][63]_0[9]
    SLICE_X18Y28         LUT6 (Prop_lut6_I1_O)        0.105     6.868 r  u_top/u_atomik/core_resp_state[9]_i_52/O
                         net (fo=1, routed)           0.952     7.820    u_top/u_atomik/core_resp_state[9]_i_52_n_0
    SLICE_X17Y37         LUT6 (Prop_lut6_I1_O)        0.105     7.925 r  u_top/u_atomik/core_resp_state[9]_i_12/O
                         net (fo=1, routed)           2.347    10.272    u_top/u_atomik/core_resp_state[9]_i_12_n_0
    SLICE_X60Y80         LUT6 (Prop_lut6_I3_O)        0.105    10.377 r  u_top/u_atomik/core_resp_state[9]_i_4/O
                         net (fo=1, routed)           0.314    10.691    u_top/u_atomik/core_resp_state[9]_i_4_n_0
    SLICE_X61Y81         LUT5 (Prop_lut5_I1_O)        0.105    10.796 f  u_top/u_atomik/core_resp_state[9]_i_2/O
                         net (fo=2, routed)           0.880    11.677    u_top/u_atomik/p_512_in[9]
    SLICE_X60Y64         LUT6 (Prop_lut6_I4_O)        0.105    11.782 r  u_top/u_atomik/core_resp_acc_zero_i_6/O
                         net (fo=1, routed)           0.342    12.124    u_top/u_atomik/core_resp_acc_zero_i_6_n_0
    SLICE_X62Y63         LUT6 (Prop_lut6_I0_O)        0.105    12.229 r  u_top/u_atomik/core_resp_acc_zero_i_2/O
                         net (fo=1, routed)           0.470    12.699    u_top/u_atomik/core_resp_acc_zero_i_2_n_0
    SLICE_X62Y62         LUT4 (Prop_lut4_I0_O)        0.125    12.824 r  u_top/u_atomik/core_resp_acc_zero_i_1/O
                         net (fo=1, routed)           0.000    12.824    u_top/u_cdc/core_acc_zero
    SLICE_X62Y62         FDCE                                         r  u_top/u_cdc/core_resp_acc_zero_reg/D
  -------------------------------------------------------------------    -------------------

                         (clock atomik_clk rise edge)
                                                      7.500     7.500 r  
                         clock source latency         1.935     9.435    
                         propagated clock network latency
                                                      2.789    12.224    
                         clock pessimism              0.391    12.615    
                         clock uncertainty           -0.071    12.544    
    SLICE_X62Y62         FDCE (Setup_fdce_C_D)        0.106    12.650    u_top/u_cdc/core_resp_acc_zero_reg
  -------------------------------------------------------------------
                         required time                         12.650    
                         arrival time                         -12.824    
  -------------------------------------------------------------------
                         slack                                 -0.174    

Slack (VIOLATED) :        -0.174ns  (required time - arrival time)
  Source:                 u_top/u_atomik/banks[31].bank_acc_reg[31][9]/C
                            (rising edge-triggered cell FDRE clocked by atomik_clk  {rise@0.000ns fall@3.750ns period=7.500ns})
  Destination:            u_top/u_cdc/core_resp_acc_zero_reg/D
                            (rising edge-triggered cell FDCE clocked by atomik_clk  {rise@0.000ns fall@3.750ns period=7.500ns})
  Path Group:             atomik_clk
  Path Type:              Setup (Max at Slow Process Corner)
  Requirement:            7.500ns  (atomik_clk rise@7.500ns - atomik_clk rise@0.000ns)
  Data Path Delay:        7.537ns  (logic 1.134ns (15.045%)  route 6.403ns (84.955%))
  Logic Levels:           7  (LUT4=1 LUT5=1 LUT6=5)
  Clock Path Skew:        -0.172ns (DCD - SCD + CPR)
    Destination Clock Delay (DCD):    4.724ns = ( 12.224 - 7.500 ) 
    Source Clock Delay      (SCD):    5.286ns
    Clock Pessimism Removal (CPR):    0.391ns
  Clock Uncertainty:      0.071ns  ((TSJ^2 + DJ^2)^1/2) / 2 + PE
    Total System Jitter     (TSJ):    0.071ns
    Discrete Jitter          (DJ):    0.122ns
    Phase Error              (PE):    0.000ns

    Location             Delay type                Incr(ns)  Path(ns)    Netlist Resource(s)
  -------------------------------------------------------------------    -------------------
                         (clock atomik_clk rise edge)
                                                      0.000     0.000 r  
                         clock source latency         2.177     2.177    
                         propagated clock network latency
                                                      3.109     5.286    
    SLICE_X24Y24         FDRE                         0.000     5.286 r  u_top/u_atomik/banks[31].bank_acc_reg[31][9]/C
    SLICE_X24Y24         FDRE (Prop_fdre_C_Q)         0.379     5.665 r  u_top/u_atomik/banks[31].bank_acc_reg[31][9]/Q
                         net (fo=2, routed)           1.097     6.763    u_top/u_atomik/banks[31].bank_acc_reg[31][63]_0[9]
    SLICE_X18Y28         LUT6 (Prop_lut6_I1_O)        0.105     6.868 f  u_top/u_atomik/core_resp_state[9]_i_52/O
                         net (fo=1, routed)           0.952     7.820    u_top/u_atomik/core_resp_state[9]_i_52_n_0
    SLICE_X17Y37         LUT6 (Prop_lut6_I1_O)        0.105     7.925 r  u_top/u_atomik/core_resp_state[9]_i_12/O
                         net (fo=1, routed)           2.347    10.272    u_top/u_atomik/core_resp_state[9]_i_12_n_0
    SLICE_X60Y80         LUT6 (Prop_lut6_I3_O)        0.105    10.377 r  u_top/u_atomik/core_resp_state[9]_i_4/O
                         net (fo=1, routed)           0.314    10.691    u_top/u_atomik/core_resp_state[9]_i_4_n_0
    SLICE_X61Y81         LUT5 (Prop_lut5_I1_O)        0.105    10.796 f  u_top/u_atomik/core_resp_state[9]_i_2/O
                         net (fo=2, routed)           0.880    11.677    u_top/u_atomik/p_512_in[9]
    SLICE_X60Y64         LUT6 (Prop_lut6_I4_O)        0.105    11.782 r  u_top/u_atomik/core_resp_acc_zero_i_6/O
                         net (fo=1, routed)           0.342    12.124    u_top/u_atomik/core_resp_acc_zero_i_6_n_0
    SLICE_X62Y63         LUT6 (Prop_lut6_I0_O)        0.105    12.229 r  u_top/u_atomik/core_resp_acc_zero_i_2/O
                         net (fo=1, routed)           0.470    12.699    u_top/u_atomik/core_resp_acc_zero_i_2_n_0
    SLICE_X62Y62         LUT4 (Prop_lut4_I0_O)        0.125    12.824 r  u_top/u_atomik/core_resp_acc_zero_i_1/O
                         net (fo=1, routed)           0.000    12.824    u_top/u_cdc/core_acc_zero
    SLICE_X62Y62         FDCE                                         r  u_top/u_cdc/core_resp_acc_zero_reg/D
  -------------------------------------------------------------------    -------------------

                         (clock atomik_clk rise edge)
                                                      7.500     7.500 r  
                         clock source latency         1.935     9.435    
                         propagated clock network latency
                                                      2.789    12.224    
                         clock pessimism              0.391    12.615    
                         clock uncertainty           -0.071    12.544    
    SLICE_X62Y62         FDCE (Setup_fdce_C_D)        0.106    12.650    u_top/u_cdc/core_resp_acc_zero_reg
  -------------------------------------------------------------------
                         required time                         12.650    
                         arrival time                         -12.824    
  -------------------------------------------------------------------
                         slack                                 -0.174    

Slack (VIOLATED) :        -0.174ns  (required time - arrival time)
  Source:                 u_top/u_atomik/banks[31].bank_acc_reg[31][9]/C
                            (rising edge-triggered cell FDRE clocked by atomik_clk  {rise@0.000ns fall@3.750ns period=7.500ns})
  Destination:            u_top/u_cdc/core_resp_acc_zero_reg/D
                            (rising edge-triggered cell FDCE clocked by atomik_clk  {rise@0.000ns fall@3.750ns period=7.500ns})
  Path Group:             atomik_clk
  Path Type:              Setup (Max at Slow Process Corner)
  Requirement:            7.500ns  (atomik_clk rise@7.500ns - atomik_clk rise@0.000ns)
  Data Path Delay:        7.537ns  (logic 1.134ns (15.045%)  route 6.403ns (84.955%))
  Logic Levels:           7  (LUT4=1 LUT5=1 LUT6=5)
  Clock Path Skew:        -0.172ns (DCD - SCD + CPR)
    Destination Clock Delay (DCD):    4.724ns = ( 12.224 - 7.500 ) 
    Source Clock Delay      (SCD):    5.286ns
    Clock Pessimism Removal (CPR):    0.391ns
  Clock Uncertainty:      0.071ns  ((TSJ^2 + DJ^2)^1/2) / 2 + PE
    Total System Jitter     (TSJ):    0.071ns
    Discrete Jitter          (DJ):    0.122ns
    Phase Error              (PE):    0.000ns

    Location             Delay type                Incr(ns)  Path(ns)    Netlist Resource(s)
  -------------------------------------------------------------------    -------------------
                         (clock atomik_clk rise edge)
                                                      0.000     0.000 r  
                         clock source latency         2.177     2.177    
                         propagated clock network latency
                                                      3.109     5.286    
    SLICE_X24Y24         FDRE                         0.000     5.286 r  u_top/u_atomik/banks[31].bank_acc_reg[31][9]/C
    SLICE_X24Y24         FDRE (Prop_fdre_C_Q)         0.379     5.665 r  u_top/u_atomik/banks[31].bank_acc_reg[31][9]/Q
                         net (fo=2, routed)           1.097     6.763    u_top/u_atomik/banks[31].bank_acc_reg[31][63]_0[9]
    SLICE_X18Y28         LUT6 (Prop_lut6_I1_O)        0.105     6.868 r  u_top/u_atomik/core_resp_state[9]_i_52/O
                         net (fo=1, routed)           0.952     7.820    u_top/u_atomik/core_resp_state[9]_i_52_n_0
    SLICE_X17Y37         LUT6 (Prop_lut6_I1_O)        0.105     7.925 r  u_top/u_atomik/core_resp_state[9]_i_12/O
                         net (fo=1, routed)           2.347    10.272    u_top/u_atomik/core_resp_state[9]_i_12_n_0
    SLICE_X60Y80         LUT6 (Prop_lut6_I3_O)        0.105    10.377 f  u_top/u_atomik/core_resp_state[9]_i_4/O
                         net (fo=1, routed)           0.314    10.691    u_top/u_atomik/core_resp_state[9]_i_4_n_0
    SLICE_X61Y81         LUT5 (Prop_lut5_I1_O)        0.105    10.796 f  u_top/u_atomik/core_resp_state[9]_i_2/O
                         net (fo=2, routed)           0.880    11.677    u_top/u_atomik/p_512_in[9]
    SLICE_X60Y64         LUT6 (Prop_lut6_I4_O)        0.105    11.782 r  u_top/u_atomik/core_resp_acc_zero_i_6/O
                         net (fo=1, routed)           0.342    12.124    u_top/u_atomik/core_resp_acc_zero_i_6_n_0
    SLICE_X62Y63         LUT6 (Prop_lut6_I0_O)        0.105    12.229 r  u_top/u_atomik/core_resp_acc_zero_i_2/O
                         net (fo=1, routed)           0.470    12.699    u_top/u_atomik/core_resp_acc_zero_i_2_n_0
    SLICE_X62Y62         LUT4 (Prop_lut4_I0_O)        0.125    12.824 r  u_top/u_atomik/core_resp_acc_zero_i_1/O
                         net (fo=1, routed)           0.000    12.824    u_top/u_cdc/core_acc_zero
    SLICE_X62Y62         FDCE                                         r  u_top/u_cdc/core_resp_acc_zero_reg/D
  -------------------------------------------------------------------    -------------------

                         (clock atomik_clk rise edge)
                                                      7.500     7.500 r  
                         clock source latency         1.935     9.435    
                         propagated clock network latency
                                                      2.789    12.224    
                         clock pessimism              0.391    12.615    
                         clock uncertainty           -0.071    12.544    
    SLICE_X62Y62         FDCE (Setup_fdce_C_D)        0.106    12.650    u_top/u_cdc/core_resp_acc_zero_reg
  -------------------------------------------------------------------
                         required time                         12.650    
                         arrival time                         -12.824    
  -------------------------------------------------------------------
                         slack                                 -0.174    

Slack (VIOLATED) :        -0.174ns  (required time - arrival time)
  Source:                 u_top/u_atomik/banks[31].bank_acc_reg[31][9]/C
                            (rising edge-triggered cell FDRE clocked by atomik_clk  {rise@0.000ns fall@3.750ns period=7.500ns})
  Destination:            u_top/u_cdc/core_resp_acc_zero_reg/D
                            (rising edge-triggered cell FDCE clocked by atomik_clk  {rise@0.000ns fall@3.750ns period=7.500ns})
  Path Group:             atomik_clk
  Path Type:              Setup (Max at Slow Process Corner)
  Requirement:            7.500ns  (atomik_clk rise@7.500ns - atomik_clk rise@0.000ns)
  Data Path Delay:        7.537ns  (logic 1.134ns (15.045%)  route 6.403ns (84.955%))
  Logic Levels:           7  (LUT4=1 LUT5=1 LUT6=5)
  Clock Path Skew:        -0.172ns (DCD - SCD + CPR)
    Destination Clock Delay (DCD):    4.724ns = ( 12.224 - 7.500 ) 
    Source Clock Delay      (SCD):    5.286ns
    Clock Pessimism Removal (CPR):    0.391ns
  Clock Uncertainty:      0.071ns  ((TSJ^2 + DJ^2)^1/2) / 2 + PE
    Total System Jitter     (TSJ):    0.071ns
    Discrete Jitter          (DJ):    0.122ns
    Phase Error              (PE):    0.000ns

    Location             Delay type                Incr(ns)  Path(ns)    Netlist Resource(s)
  -------------------------------------------------------------------    -------------------
                         (clock atomik_clk rise edge)
                                                      0.000     0.000 r  
                         clock source latency         2.177     2.177    
                         propagated clock network latency
                                                      3.109     5.286    
    SLICE_X24Y24         FDRE                         0.000     5.286 r  u_top/u_atomik/banks[31].bank_acc_reg[31][9]/C
    SLICE_X24Y24         FDRE (Prop_fdre_C_Q)         0.379     5.665 r  u_top/u_atomik/banks[31].bank_acc_reg[31][9]/Q
                         net (fo=2, routed)           1.097     6.763    u_top/u_atomik/banks[31].bank_acc_reg[31][63]_0[9]
    SLICE_X18Y28         LUT6 (Prop_lut6_I1_O)        0.105     6.868 f  u_top/u_atomik/core_resp_state[9]_i_52/O
                         net (fo=1, routed)           0.952     7.820    u_top/u_atomik/core_resp_state[9]_i_52_n_0
    SLICE_X17Y37         LUT6 (Prop_lut6_I1_O)        0.105     7.925 r  u_top/u_atomik/core_resp_state[9]_i_12/O
                         net (fo=1, routed)           2.347    10.272    u_top/u_atomik/core_resp_state[9]_i_12_n_0
    SLICE_X60Y80         LUT6 (Prop_lut6_I3_O)        0.105    10.377 f  u_top/u_atomik/core_resp_state[9]_i_4/O
                         net (fo=1, routed)           0.314    10.691    u_top/u_atomik/core_resp_state[9]_i_4_n_0
    SLICE_X61Y81         LUT5 (Prop_lut5_I1_O)        0.105    10.796 f  u_top/u_atomik/core_resp_state[9]_i_2/O
                         net (fo=2, routed)           0.880    11.677    u_top/u_atomik/p_512_in[9]
    SLICE_X60Y64         LUT6 (Prop_lut6_I4_O)        0.105    11.782 r  u_top/u_atomik/core_resp_acc_zero_i_6/O
                         net (fo=1, routed)           0.342    12.124    u_top/u_atomik/core_resp_acc_zero_i_6_n_0
    SLICE_X62Y63         LUT6 (Prop_lut6_I0_O)        0.105    12.229 r  u_top/u_atomik/core_resp_acc_zero_i_2/O
                         net (fo=1, routed)           0.470    12.699    u_top/u_atomik/core_resp_acc_zero_i_2_n_0
    SLICE_X62Y62         LUT4 (Prop_lut4_I0_O)        0.125    12.824 r  u_top/u_atomik/core_resp_acc_zero_i_1/O
                         net (fo=1, routed)           0.000    12.824    u_top/u_cdc/core_acc_zero
    SLICE_X62Y62         FDCE                                         r  u_top/u_cdc/core_resp_acc_zero_reg/D
  -------------------------------------------------------------------    -------------------

                         (clock atomik_clk rise edge)
                                                      7.500     7.500 r  
                         clock source latency         1.935     9.435    
                         propagated clock network latency
                                                      2.789    12.224    
                         clock pessimism              0.391    12.615    
                         clock uncertainty           -0.071    12.544    
    SLICE_X62Y62         FDCE (Setup_fdce_C_D)        0.106    12.650    u_top/u_cdc/core_resp_acc_zero_reg
  -------------------------------------------------------------------
                         required time                         12.650    
                         arrival time                         -12.824    
  -------------------------------------------------------------------
                         slack                                 -0.174    

Slack (VIOLATED) :        -0.174ns  (required time - arrival time)
  Source:                 u_top/u_atomik/banks[31].bank_acc_reg[31][9]/C
                            (rising edge-triggered cell FDRE clocked by atomik_clk  {rise@0.000ns fall@3.750ns period=7.500ns})
  Destination:            u_top/u_cdc/core_resp_acc_zero_reg/D
                            (rising edge-triggered cell FDCE clocked by atomik_clk  {rise@0.000ns fall@3.750ns period=7.500ns})
  Path Group:             atomik_clk
  Path Type:              Setup (Max at Slow Process Corner)
  Requirement:            7.500ns  (atomik_clk rise@7.500ns - atomik_clk rise@0.000ns)
  Data Path Delay:        7.537ns  (logic 1.134ns (15.045%)  route 6.403ns (84.955%))
  Logic Levels:           7  (LUT4=1 LUT5=1 LUT6=5)
  Clock Path Skew:        -0.172ns (DCD - SCD + CPR)
    Destination Clock Delay (DCD):    4.724ns = ( 12.224 - 7.500 ) 
    Source Clock Delay      (SCD):    5.286ns
    Clock Pessimism Removal (CPR):    0.391ns
  Clock Uncertainty:      0.071ns  ((TSJ^2 + DJ^2)^1/2) / 2 + PE
    Total System Jitter     (TSJ):    0.071ns
    Discrete Jitter          (DJ):    0.122ns
    Phase Error              (PE):    0.000ns

    Location             Delay type                Incr(ns)  Path(ns)    Netlist Resource(s)
  -------------------------------------------------------------------    -------------------
                         (clock atomik_clk rise edge)
                                                      0.000     0.000 r  
                         clock source latency         2.177     2.177    
                         propagated clock network latency
                                                      3.109     5.286    
    SLICE_X24Y24         FDRE                         0.000     5.286 r  u_top/u_atomik/banks[31].bank_acc_reg[31][9]/C
    SLICE_X24Y24         FDRE (Prop_fdre_C_Q)         0.379     5.665 r  u_top/u_atomik/banks[31].bank_acc_reg[31][9]/Q
                         net (fo=2, routed)           1.097     6.763    u_top/u_atomik/banks[31].bank_acc_reg[31][63]_0[9]
    SLICE_X18Y28         LUT6 (Prop_lut6_I1_O)        0.105     6.868 r  u_top/u_atomik/core_resp_state[9]_i_52/O
                         net (fo=1, routed)           0.952     7.820    u_top/u_atomik/core_resp_state[9]_i_52_n_0
    SLICE_X17Y37         LUT6 (Prop_lut6_I1_O)        0.105     7.925 f  u_top/u_atomik/core_resp_state[9]_i_12/O
                         net (fo=1, routed)           2.347    10.272    u_top/u_atomik/core_resp_state[9]_i_12_n_0
    SLICE_X60Y80         LUT6 (Prop_lut6_I3_O)        0.105    10.377 f  u_top/u_atomik/core_resp_state[9]_i_4/O
                         net (fo=1, routed)           0.314    10.691    u_top/u_atomik/core_resp_state[9]_i_4_n_0
    SLICE_X61Y81         LUT5 (Prop_lut5_I1_O)        0.105    10.796 f  u_top/u_atomik/core_resp_state[9]_i_2/O
                         net (fo=2, routed)           0.880    11.677    u_top/u_atomik/p_512_in[9]
    SLICE_X60Y64         LUT6 (Prop_lut6_I4_O)        0.105    11.782 r  u_top/u_atomik/core_resp_acc_zero_i_6/O
                         net (fo=1, routed)           0.342    12.124    u_top/u_atomik/core_resp_acc_zero_i_6_n_0
    SLICE_X62Y63         LUT6 (Prop_lut6_I0_O)        0.105    12.229 r  u_top/u_atomik/core_resp_acc_zero_i_2/O
                         net (fo=1, routed)           0.470    12.699    u_top/u_atomik/core_resp_acc_zero_i_2_n_0
    SLICE_X62Y62         LUT4 (Prop_lut4_I0_O)        0.125    12.824 r  u_top/u_atomik/core_resp_acc_zero_i_1/O
                         net (fo=1, routed)           0.000    12.824    u_top/u_cdc/core_acc_zero
    SLICE_X62Y62         FDCE                                         r  u_top/u_cdc/core_resp_acc_zero_reg/D
  -------------------------------------------------------------------    -------------------

                         (clock atomik_clk rise edge)
                                                      7.500     7.500 r  
                         clock source latency         1.935     9.435    
                         propagated clock network latency
                                                      2.789    12.224    
                         clock pessimism              0.391    12.615    
                         clock uncertainty           -0.071    12.544    
    SLICE_X62Y62         FDCE (Setup_fdce_C_D)        0.106    12.650    u_top/u_cdc/core_resp_acc_zero_reg
  -------------------------------------------------------------------
                         required time                         12.650    
                         arrival time                         -12.824    
  -------------------------------------------------------------------
                         slack                                 -0.174    




