Copyright 1986-2022 Xilinx, Inc. All Rights Reserved. Copyright 2022-2025 Advanced Micro Devices, Inc. All Rights Reserved.
----------------------------------------------------------------------------------------------------------------------------------------------------------
| Tool Version : Vivado v.2025.2 (lin64) Build 6299465 Fri Nov 14 12:34:56 MST 2025
| Date         : Fri Mar 13 11:58:40 2026
| Host         : Jarvis running 64-bit Ubuntu 24.04.4 LTS
| Command      : report_timing -nworst 5 -path_type full -file /home/mattrock/Projects/ATOMiK/hardware/zynq/sweep/reports/crit_path_N4_F333p3_maximum.rpt
| Design       : sweep_top_N4_F333p3_maximum
| Device       : 7z020-clg400
| Speed File   : -2  PRODUCTION 1.12 2019-11-22
| Design State : Routed
----------------------------------------------------------------------------------------------------------------------------------------------------------

Timing Report

Slack (MET) :             0.042ns  (required time - arrival time)
  Source:                 u_top/u_atomik/banks[3].bank_acc_reg[3][53]/C
                            (rising edge-triggered cell FDRE clocked by atomik_clk  {rise@0.000ns fall@1.500ns period=3.000ns})
  Destination:            u_top/u_cdc/core_resp_acc_zero_reg/D
                            (rising edge-triggered cell FDCE clocked by atomik_clk  {rise@0.000ns fall@1.500ns period=3.000ns})
  Path Group:             atomik_clk
  Path Type:              Setup (Max at Slow Process Corner)
  Requirement:            3.000ns  (atomik_clk rise@3.000ns - atomik_clk rise@0.000ns)
  Data Path Delay:        2.895ns  (logic 0.799ns (27.603%)  route 2.096ns (72.397%))
  Logic Levels:           4  (LUT4=1 LUT6=3)
  Clock Path Skew:        -0.031ns (DCD - SCD + CPR)
    Destination Clock Delay (DCD):    4.782ns = ( 7.782 - 3.000 ) 
    Source Clock Delay      (SCD):    5.334ns
    Clock Pessimism Removal (CPR):    0.522ns
  Clock Uncertainty:      0.062ns  ((TSJ^2 + DJ^2)^1/2) / 2 + PE
    Total System Jitter     (TSJ):    0.071ns
    Discrete Jitter          (DJ):    0.103ns
    Phase Error              (PE):    0.000ns

    Location             Delay type                Incr(ns)  Path(ns)    Netlist Resource(s)
  -------------------------------------------------------------------    -------------------
                         (clock atomik_clk rise edge)
                                                      0.000     0.000 r  
                         clock source latency         2.177     2.177    
                         propagated clock network latency
                                                      3.157     5.334    
    SLICE_X103Y88        FDRE                         0.000     5.334 r  u_top/u_atomik/banks[3].bank_acc_reg[3][53]/C
    SLICE_X103Y88        FDRE (Prop_fdre_C_Q)         0.379     5.713 r  u_top/u_atomik/banks[3].bank_acc_reg[3][53]/Q
                         net (fo=3, routed)           0.686     6.399    u_top/u_atomik/banks[3].bank_acc_reg[3][63]_0[53]
    SLICE_X103Y90        LUT4 (Prop_lut4_I1_O)        0.105     6.504 f  u_top/u_atomik/i_23_LOPT_REMAP/O
                         net (fo=1, routed)           0.340     6.844    u_top/u_atomik/i_23/O_n
    SLICE_X102Y89        LUT6 (Prop_lut6_I0_O)        0.105     6.949 f  u_top/u_atomik/i_21_LOPT_REMAP/O
                         net (fo=1, routed)           0.232     7.181    u_top/u_atomik/i_21/O_n
    SLICE_X102Y90        LUT6 (Prop_lut6_I1_O)        0.105     7.286 f  u_top/u_atomik/i_17_LOPT_REMAP/O
                         net (fo=1, routed)           0.838     8.124    u_top/u_atomik/i_17/O_n
    SLICE_X103Y82        LUT6 (Prop_lut6_I0_O)        0.105     8.229 r  u_top/u_atomik/i_0_LOPT_REMAP/O
                         net (fo=1, routed)           0.000     8.229    u_top/u_cdc/acc_zero
    SLICE_X103Y82        FDCE                                         r  u_top/u_cdc/core_resp_acc_zero_reg/D
  -------------------------------------------------------------------    -------------------

                         (clock atomik_clk rise edge)
                                                      3.000     3.000 r  
                         clock source latency         1.935     4.935    
                         propagated clock network latency
                                                      2.847     7.782    
                         clock pessimism              0.522     8.303    
                         clock uncertainty           -0.062     8.241    
    SLICE_X103Y82        FDCE (Setup_fdce_C_D)        0.030     8.271    u_top/u_cdc/core_resp_acc_zero_reg
  -------------------------------------------------------------------
                         required time                          8.271    
                         arrival time                          -8.229    
  -------------------------------------------------------------------
                         slack                                  0.042    

Slack (MET) :             0.042ns  (required time - arrival time)
  Source:                 u_top/u_atomik/banks[3].bank_acc_reg[3][53]/C
                            (rising edge-triggered cell FDRE clocked by atomik_clk  {rise@0.000ns fall@1.500ns period=3.000ns})
  Destination:            u_top/u_cdc/core_resp_acc_zero_reg/D
                            (rising edge-triggered cell FDCE clocked by atomik_clk  {rise@0.000ns fall@1.500ns period=3.000ns})
  Path Group:             atomik_clk
  Path Type:              Setup (Max at Slow Process Corner)
  Requirement:            3.000ns  (atomik_clk rise@3.000ns - atomik_clk rise@0.000ns)
  Data Path Delay:        2.895ns  (logic 0.799ns (27.603%)  route 2.096ns (72.397%))
  Logic Levels:           4  (LUT4=1 LUT6=3)
  Clock Path Skew:        -0.031ns (DCD - SCD + CPR)
    Destination Clock Delay (DCD):    4.782ns = ( 7.782 - 3.000 ) 
    Source Clock Delay      (SCD):    5.334ns
    Clock Pessimism Removal (CPR):    0.522ns
  Clock Uncertainty:      0.062ns  ((TSJ^2 + DJ^2)^1/2) / 2 + PE
    Total System Jitter     (TSJ):    0.071ns
    Discrete Jitter          (DJ):    0.103ns
    Phase Error              (PE):    0.000ns

    Location             Delay type                Incr(ns)  Path(ns)    Netlist Resource(s)
  -------------------------------------------------------------------    -------------------
                         (clock atomik_clk rise edge)
                                                      0.000     0.000 r  
                         clock source latency         2.177     2.177    
                         propagated clock network latency
                                                      3.157     5.334    
    SLICE_X103Y88        FDRE                         0.000     5.334 r  u_top/u_atomik/banks[3].bank_acc_reg[3][53]/C
    SLICE_X103Y88        FDRE (Prop_fdre_C_Q)         0.379     5.713 f  u_top/u_atomik/banks[3].bank_acc_reg[3][53]/Q
                         net (fo=3, routed)           0.686     6.399    u_top/u_atomik/banks[3].bank_acc_reg[3][63]_0[53]
    SLICE_X103Y90        LUT4 (Prop_lut4_I1_O)        0.105     6.504 f  u_top/u_atomik/i_23_LOPT_REMAP/O
                         net (fo=1, routed)           0.340     6.844    u_top/u_atomik/i_23/O_n
    SLICE_X102Y89        LUT6 (Prop_lut6_I0_O)        0.105     6.949 f  u_top/u_atomik/i_21_LOPT_REMAP/O
                         net (fo=1, routed)           0.232     7.181    u_top/u_atomik/i_21/O_n
    SLICE_X102Y90        LUT6 (Prop_lut6_I1_O)        0.105     7.286 f  u_top/u_atomik/i_17_LOPT_REMAP/O
                         net (fo=1, routed)           0.838     8.124    u_top/u_atomik/i_17/O_n
    SLICE_X103Y82        LUT6 (Prop_lut6_I0_O)        0.105     8.229 r  u_top/u_atomik/i_0_LOPT_REMAP/O
                         net (fo=1, routed)           0.000     8.229    u_top/u_cdc/acc_zero
    SLICE_X103Y82        FDCE                                         r  u_top/u_cdc/core_resp_acc_zero_reg/D
  -------------------------------------------------------------------    -------------------

                         (clock atomik_clk rise edge)
                                                      3.000     3.000 r  
                         clock source latency         1.935     4.935    
                         propagated clock network latency
                                                      2.847     7.782    
                         clock pessimism              0.522     8.303    
                         clock uncertainty           -0.062     8.241    
    SLICE_X103Y82        FDCE (Setup_fdce_C_D)        0.030     8.271    u_top/u_cdc/core_resp_acc_zero_reg
  -------------------------------------------------------------------
                         required time                          8.271    
                         arrival time                          -8.229    
  -------------------------------------------------------------------
                         slack                                  0.042    

Slack (MET) :             0.042ns  (required time - arrival time)
  Source:                 u_top/u_atomik/banks[3].bank_acc_reg[3][53]/C
                            (rising edge-triggered cell FDRE clocked by atomik_clk  {rise@0.000ns fall@1.500ns period=3.000ns})
  Destination:            u_top/u_cdc/core_resp_acc_zero_reg/D
                            (rising edge-triggered cell FDCE clocked by atomik_clk  {rise@0.000ns fall@1.500ns period=3.000ns})
  Path Group:             atomik_clk
  Path Type:              Setup (Max at Slow Process Corner)
  Requirement:            3.000ns  (atomik_clk rise@3.000ns - atomik_clk rise@0.000ns)
  Data Path Delay:        2.895ns  (logic 0.799ns (27.603%)  route 2.096ns (72.397%))
  Logic Levels:           4  (LUT4=1 LUT6=3)
  Clock Path Skew:        -0.031ns (DCD - SCD + CPR)
    Destination Clock Delay (DCD):    4.782ns = ( 7.782 - 3.000 ) 
    Source Clock Delay      (SCD):    5.334ns
    Clock Pessimism Removal (CPR):    0.522ns
  Clock Uncertainty:      0.062ns  ((TSJ^2 + DJ^2)^1/2) / 2 + PE
    Total System Jitter     (TSJ):    0.071ns
    Discrete Jitter          (DJ):    0.103ns
    Phase Error              (PE):    0.000ns

    Location             Delay type                Incr(ns)  Path(ns)    Netlist Resource(s)
  -------------------------------------------------------------------    -------------------
                         (clock atomik_clk rise edge)
                                                      0.000     0.000 r  
                         clock source latency         2.177     2.177    
                         propagated clock network latency
                                                      3.157     5.334    
    SLICE_X103Y88        FDRE                         0.000     5.334 r  u_top/u_atomik/banks[3].bank_acc_reg[3][53]/C
    SLICE_X103Y88        FDRE (Prop_fdre_C_Q)         0.379     5.713 r  u_top/u_atomik/banks[3].bank_acc_reg[3][53]/Q
                         net (fo=3, routed)           0.686     6.399    u_top/u_atomik/banks[3].bank_acc_reg[3][63]_0[53]
    SLICE_X103Y90        LUT4 (Prop_lut4_I1_O)        0.105     6.504 r  u_top/u_atomik/i_23_LOPT_REMAP/O
                         net (fo=1, routed)           0.340     6.844    u_top/u_atomik/i_23/O_n
    SLICE_X102Y89        LUT6 (Prop_lut6_I0_O)        0.105     6.949 r  u_top/u_atomik/i_21_LOPT_REMAP/O
                         net (fo=1, routed)           0.232     7.181    u_top/u_atomik/i_21/O_n
    SLICE_X102Y90        LUT6 (Prop_lut6_I1_O)        0.105     7.286 r  u_top/u_atomik/i_17_LOPT_REMAP/O
                         net (fo=1, routed)           0.838     8.124    u_top/u_atomik/i_17/O_n
    SLICE_X103Y82        LUT6 (Prop_lut6_I0_O)        0.105     8.229 f  u_top/u_atomik/i_0_LOPT_REMAP/O
                         net (fo=1, routed)           0.000     8.229    u_top/u_cdc/acc_zero
    SLICE_X103Y82        FDCE                                         f  u_top/u_cdc/core_resp_acc_zero_reg/D
  -------------------------------------------------------------------    -------------------

                         (clock atomik_clk rise edge)
                                                      3.000     3.000 r  
                         clock source latency         1.935     4.935    
                         propagated clock network latency
                                                      2.847     7.782    
                         clock pessimism              0.522     8.303    
                         clock uncertainty           -0.062     8.241    
    SLICE_X103Y82        FDCE (Setup_fdce_C_D)        0.030     8.271    u_top/u_cdc/core_resp_acc_zero_reg
  -------------------------------------------------------------------
                         required time                          8.271    
                         arrival time                          -8.229    
  -------------------------------------------------------------------
                         slack                                  0.042    

Slack (MET) :             0.042ns  (required time - arrival time)
  Source:                 u_top/u_atomik/banks[3].bank_acc_reg[3][53]/C
                            (rising edge-triggered cell FDRE clocked by atomik_clk  {rise@0.000ns fall@1.500ns period=3.000ns})
  Destination:            u_top/u_cdc/core_resp_acc_zero_reg/D
                            (rising edge-triggered cell FDCE clocked by atomik_clk  {rise@0.000ns fall@1.500ns period=3.000ns})
  Path Group:             atomik_clk
  Path Type:              Setup (Max at Slow Process Corner)
  Requirement:            3.000ns  (atomik_clk rise@3.000ns - atomik_clk rise@0.000ns)
  Data Path Delay:        2.895ns  (logic 0.799ns (27.603%)  route 2.096ns (72.397%))
  Logic Levels:           4  (LUT4=1 LUT6=3)
  Clock Path Skew:        -0.031ns (DCD - SCD + CPR)
    Destination Clock Delay (DCD):    4.782ns = ( 7.782 - 3.000 ) 
    Source Clock Delay      (SCD):    5.334ns
    Clock Pessimism Removal (CPR):    0.522ns
  Clock Uncertainty:      0.062ns  ((TSJ^2 + DJ^2)^1/2) / 2 + PE
    Total System Jitter     (TSJ):    0.071ns
    Discrete Jitter          (DJ):    0.103ns
    Phase Error              (PE):    0.000ns

    Location             Delay type                Incr(ns)  Path(ns)    Netlist Resource(s)
  -------------------------------------------------------------------    -------------------
                         (clock atomik_clk rise edge)
                                                      0.000     0.000 r  
                         clock source latency         2.177     2.177    
                         propagated clock network latency
                                                      3.157     5.334    
    SLICE_X103Y88        FDRE                         0.000     5.334 r  u_top/u_atomik/banks[3].bank_acc_reg[3][53]/C
    SLICE_X103Y88        FDRE (Prop_fdre_C_Q)         0.379     5.713 f  u_top/u_atomik/banks[3].bank_acc_reg[3][53]/Q
                         net (fo=3, routed)           0.686     6.399    u_top/u_atomik/banks[3].bank_acc_reg[3][63]_0[53]
    SLICE_X103Y90        LUT4 (Prop_lut4_I1_O)        0.105     6.504 r  u_top/u_atomik/i_23_LOPT_REMAP/O
                         net (fo=1, routed)           0.340     6.844    u_top/u_atomik/i_23/O_n
    SLICE_X102Y89        LUT6 (Prop_lut6_I0_O)        0.105     6.949 r  u_top/u_atomik/i_21_LOPT_REMAP/O
                         net (fo=1, routed)           0.232     7.181    u_top/u_atomik/i_21/O_n
    SLICE_X102Y90        LUT6 (Prop_lut6_I1_O)        0.105     7.286 r  u_top/u_atomik/i_17_LOPT_REMAP/O
                         net (fo=1, routed)           0.838     8.124    u_top/u_atomik/i_17/O_n
    SLICE_X103Y82        LUT6 (Prop_lut6_I0_O)        0.105     8.229 f  u_top/u_atomik/i_0_LOPT_REMAP/O
                         net (fo=1, routed)           0.000     8.229    u_top/u_cdc/acc_zero
    SLICE_X103Y82        FDCE                                         f  u_top/u_cdc/core_resp_acc_zero_reg/D
  -------------------------------------------------------------------    -------------------

                         (clock atomik_clk rise edge)
                                                      3.000     3.000 r  
                         clock source latency         1.935     4.935    
                         propagated clock network latency
                                                      2.847     7.782    
                         clock pessimism              0.522     8.303    
                         clock uncertainty           -0.062     8.241    
    SLICE_X103Y82        FDCE (Setup_fdce_C_D)        0.030     8.271    u_top/u_cdc/core_resp_acc_zero_reg
  -------------------------------------------------------------------
                         required time                          8.271    
                         arrival time                          -8.229    
  -------------------------------------------------------------------
                         slack                                  0.042    

Slack (MET) :             0.071ns  (required time - arrival time)
  Source:                 u_top/u_atomik/banks[1].bank_acc_reg[1][56]/C
                            (rising edge-triggered cell FDRE clocked by atomik_clk  {rise@0.000ns fall@1.500ns period=3.000ns})
  Destination:            u_top/u_cdc/core_resp_acc_zero_reg/D
                            (rising edge-triggered cell FDCE clocked by atomik_clk  {rise@0.000ns fall@1.500ns period=3.000ns})
  Path Group:             atomik_clk
  Path Type:              Setup (Max at Slow Process Corner)
  Requirement:            3.000ns  (atomik_clk rise@3.000ns - atomik_clk rise@0.000ns)
  Data Path Delay:        2.829ns  (logic 0.799ns (28.247%)  route 2.030ns (71.753%))
  Logic Levels:           4  (LUT4=1 LUT6=3)
  Clock Path Skew:        -0.068ns (DCD - SCD + CPR)
    Destination Clock Delay (DCD):    4.782ns = ( 7.782 - 3.000 ) 
    Source Clock Delay      (SCD):    5.336ns
    Clock Pessimism Removal (CPR):    0.487ns
  Clock Uncertainty:      0.062ns  ((TSJ^2 + DJ^2)^1/2) / 2 + PE
    Total System Jitter     (TSJ):    0.071ns
    Discrete Jitter          (DJ):    0.103ns
    Phase Error              (PE):    0.000ns

    Location             Delay type                Incr(ns)  Path(ns)    Netlist Resource(s)
  -------------------------------------------------------------------    -------------------
                         (clock atomik_clk rise edge)
                                                      0.000     0.000 r  
                         clock source latency         2.177     2.177    
                         propagated clock network latency
                                                      3.159     5.336    
    SLICE_X105Y90        FDRE                         0.000     5.336 r  u_top/u_atomik/banks[1].bank_acc_reg[1][56]/C
    SLICE_X105Y90        FDRE (Prop_fdre_C_Q)         0.379     5.715 r  u_top/u_atomik/banks[1].bank_acc_reg[1][56]/Q
                         net (fo=3, routed)           0.702     6.417    u_top/u_atomik/banks[1].bank_acc_reg[1][63]_0[56]
    SLICE_X105Y89        LUT4 (Prop_lut4_I0_O)        0.105     6.522 f  u_top/u_atomik/i_22_LOPT_REMAP/O
                         net (fo=1, routed)           0.258     6.780    u_top/u_atomik/i_22/O_n
    SLICE_X102Y89        LUT6 (Prop_lut6_I5_O)        0.105     6.885 f  u_top/u_atomik/i_21_LOPT_REMAP/O
                         net (fo=1, routed)           0.232     7.117    u_top/u_atomik/i_21/O_n
    SLICE_X102Y90        LUT6 (Prop_lut6_I1_O)        0.105     7.222 f  u_top/u_atomik/i_17_LOPT_REMAP/O
                         net (fo=1, routed)           0.838     8.060    u_top/u_atomik/i_17/O_n
    SLICE_X103Y82        LUT6 (Prop_lut6_I0_O)        0.105     8.165 r  u_top/u_atomik/i_0_LOPT_REMAP/O
                         net (fo=1, routed)           0.000     8.165    u_top/u_cdc/acc_zero
    SLICE_X103Y82        FDCE                                         r  u_top/u_cdc/core_resp_acc_zero_reg/D
  -------------------------------------------------------------------    -------------------

                         (clock atomik_clk rise edge)
                                                      3.000     3.000 r  
                         clock source latency         1.935     4.935    
                         propagated clock network latency
                                                      2.847     7.782    
                         clock pessimism              0.487     8.268    
                         clock uncertainty           -0.062     8.206    
    SLICE_X103Y82        FDCE (Setup_fdce_C_D)        0.030     8.236    u_top/u_cdc/core_resp_acc_zero_reg
  -------------------------------------------------------------------
                         required time                          8.236    
                         arrival time                          -8.165    
  -------------------------------------------------------------------
                         slack                                  0.071    




