Copyright 1986-2022 Xilinx, Inc. All Rights Reserved. Copyright 2022-2025 Advanced Micro Devices, Inc. All Rights Reserved.
----------------------------------------------------------------------------------------------------------------------------------------------------
| Tool Version : Vivado v.2025.2 (lin64) Build 6299465 Fri Nov 14 12:34:56 MST 2025
| Date         : Sat Mar 14 01:30:38 2026
| Host         : Jarvis running 64-bit Ubuntu 24.04.4 LTS
| Command      : report_timing -nworst 5 -path_type full -file /home/mattrock/Projects/ATOMiK/hardware/zynq/sweep/reports/crit_path_N512_F129p0.rpt
| Design       : sweep_top_N512_F129p0
| Device       : 7z020-clg400
| Speed File   : -2  PRODUCTION 1.12 2019-11-22
| Design State : Routed
----------------------------------------------------------------------------------------------------------------------------------------------------

Timing Report

Slack (MET) :             0.264ns  (required time - arrival time)
  Source:                 u_top/u_atomik/banks[144].bank_acc_reg[144][46]/C
                            (rising edge-triggered cell FDRE clocked by atomik_clk  {rise@0.000ns fall@3.875ns period=7.750ns})
  Destination:            u_top/u_cdc/core_resp_acc_zero_reg/D
                            (rising edge-triggered cell FDCE clocked by atomik_clk  {rise@0.000ns fall@3.875ns period=7.750ns})
  Path Group:             atomik_clk
  Path Type:              Setup (Max at Slow Process Corner)
  Requirement:            7.750ns  (atomik_clk rise@7.750ns - atomik_clk rise@0.000ns)
  Data Path Delay:        7.147ns  (logic 1.114ns (15.587%)  route 6.033ns (84.414%))
  Logic Levels:           7  (LUT4=1 LUT5=1 LUT6=5)
  Clock Path Skew:        -0.300ns (DCD - SCD + CPR)
    Destination Clock Delay (DCD):    4.723ns = ( 12.473 - 7.750 ) 
    Source Clock Delay      (SCD):    5.413ns
    Clock Pessimism Removal (CPR):    0.391ns
  Clock Uncertainty:      0.071ns  ((TSJ^2 + DJ^2)^1/2) / 2 + PE
    Total System Jitter     (TSJ):    0.071ns
    Discrete Jitter          (DJ):    0.123ns
    Phase Error              (PE):    0.000ns

    Location             Delay type                Incr(ns)  Path(ns)    Netlist Resource(s)
  -------------------------------------------------------------------    -------------------
                         (clock atomik_clk rise edge)
                                                      0.000     0.000 r  
                         clock source latency         2.177     2.177    
                         propagated clock network latency
                                                      3.236     5.413    
    SLICE_X106Y13        FDRE                         0.000     5.413 r  u_top/u_atomik/banks[144].bank_acc_reg[144][46]/C
    SLICE_X106Y13        FDRE (Prop_fdre_C_Q)         0.379     5.792 r  u_top/u_atomik/banks[144].bank_acc_reg[144][46]/Q
                         net (fo=2, routed)           1.123     6.915    u_top/u_atomik/banks[144].bank_acc_reg[144][63]_0[46]
    SLICE_X100Y6         LUT6 (Prop_lut6_I3_O)        0.105     7.020 r  u_top/u_atomik/core_resp_state[46]_i_57/O
                         net (fo=1, routed)           1.002     8.022    u_top/u_atomik/core_resp_state[46]_i_57_n_0
    SLICE_X100Y11        LUT6 (Prop_lut6_I0_O)        0.105     8.127 r  u_top/u_atomik/core_resp_state[46]_i_13/O
                         net (fo=1, routed)           0.507     8.635    u_top/u_atomik/core_resp_state[46]_i_13_n_0
    SLICE_X98Y18         LUT6 (Prop_lut6_I4_O)        0.105     8.740 r  u_top/u_atomik/core_resp_state[46]_i_4/O
                         net (fo=1, routed)           1.733    10.473    u_top/u_atomik/core_resp_state[46]_i_4_n_0
    SLICE_X66Y59         LUT5 (Prop_lut5_I1_O)        0.105    10.578 f  u_top/u_atomik/core_resp_state[46]_i_2/O
                         net (fo=2, routed)           0.825    11.403    u_top/u_atomik/p_512_in[46]
    SLICE_X59Y61         LUT6 (Prop_lut6_I2_O)        0.105    11.508 r  u_top/u_atomik/core_resp_acc_zero_i_10/O
                         net (fo=1, routed)           0.527    12.035    u_top/u_atomik/core_resp_acc_zero_i_10_n_0
    SLICE_X58Y61         LUT6 (Prop_lut6_I2_O)        0.105    12.140 r  u_top/u_atomik/core_resp_acc_zero_i_5/O
                         net (fo=1, routed)           0.316    12.456    u_top/u_atomik/core_resp_acc_zero_i_5_n_0
    SLICE_X57Y61         LUT4 (Prop_lut4_I3_O)        0.105    12.561 r  u_top/u_atomik/core_resp_acc_zero_i_1/O
                         net (fo=1, routed)           0.000    12.561    u_top/u_cdc/core_acc_zero
    SLICE_X57Y61         FDCE                                         r  u_top/u_cdc/core_resp_acc_zero_reg/D
  -------------------------------------------------------------------    -------------------

                         (clock atomik_clk rise edge)
                                                      7.750     7.750 r  
                         clock source latency         1.935     9.685    
                         propagated clock network latency
                                                      2.788    12.473    
                         clock pessimism              0.391    12.864    
                         clock uncertainty           -0.071    12.793    
    SLICE_X57Y61         FDCE (Setup_fdce_C_D)        0.032    12.825    u_top/u_cdc/core_resp_acc_zero_reg
  -------------------------------------------------------------------
                         required time                         12.825    
                         arrival time                         -12.561    
  -------------------------------------------------------------------
                         slack                                  0.264    

Slack (MET) :             0.264ns  (required time - arrival time)
  Source:                 u_top/u_atomik/banks[144].bank_acc_reg[144][46]/C
                            (rising edge-triggered cell FDRE clocked by atomik_clk  {rise@0.000ns fall@3.875ns period=7.750ns})
  Destination:            u_top/u_cdc/core_resp_acc_zero_reg/D
                            (rising edge-triggered cell FDCE clocked by atomik_clk  {rise@0.000ns fall@3.875ns period=7.750ns})
  Path Group:             atomik_clk
  Path Type:              Setup (Max at Slow Process Corner)
  Requirement:            7.750ns  (atomik_clk rise@7.750ns - atomik_clk rise@0.000ns)
  Data Path Delay:        7.147ns  (logic 1.114ns (15.587%)  route 6.033ns (84.414%))
  Logic Levels:           7  (LUT4=1 LUT5=1 LUT6=5)
  Clock Path Skew:        -0.300ns (DCD - SCD + CPR)
    Destination Clock Delay (DCD):    4.723ns = ( 12.473 - 7.750 ) 
    Source Clock Delay      (SCD):    5.413ns
    Clock Pessimism Removal (CPR):    0.391ns
  Clock Uncertainty:      0.071ns  ((TSJ^2 + DJ^2)^1/2) / 2 + PE
    Total System Jitter     (TSJ):    0.071ns
    Discrete Jitter          (DJ):    0.123ns
    Phase Error              (PE):    0.000ns

    Location             Delay type                Incr(ns)  Path(ns)    Netlist Resource(s)
  -------------------------------------------------------------------    -------------------
                         (clock atomik_clk rise edge)
                                                      0.000     0.000 r  
                         clock source latency         2.177     2.177    
                         propagated clock network latency
                                                      3.236     5.413    
    SLICE_X106Y13        FDRE                         0.000     5.413 r  u_top/u_atomik/banks[144].bank_acc_reg[144][46]/C
    SLICE_X106Y13        FDRE (Prop_fdre_C_Q)         0.379     5.792 r  u_top/u_atomik/banks[144].bank_acc_reg[144][46]/Q
                         net (fo=2, routed)           1.123     6.915    u_top/u_atomik/banks[144].bank_acc_reg[144][63]_0[46]
    SLICE_X100Y6         LUT6 (Prop_lut6_I3_O)        0.105     7.020 f  u_top/u_atomik/core_resp_state[46]_i_57/O
                         net (fo=1, routed)           1.002     8.022    u_top/u_atomik/core_resp_state[46]_i_57_n_0
    SLICE_X100Y11        LUT6 (Prop_lut6_I0_O)        0.105     8.127 r  u_top/u_atomik/core_resp_state[46]_i_13/O
                         net (fo=1, routed)           0.507     8.635    u_top/u_atomik/core_resp_state[46]_i_13_n_0
    SLICE_X98Y18         LUT6 (Prop_lut6_I4_O)        0.105     8.740 r  u_top/u_atomik/core_resp_state[46]_i_4/O
                         net (fo=1, routed)           1.733    10.473    u_top/u_atomik/core_resp_state[46]_i_4_n_0
    SLICE_X66Y59         LUT5 (Prop_lut5_I1_O)        0.105    10.578 f  u_top/u_atomik/core_resp_state[46]_i_2/O
                         net (fo=2, routed)           0.825    11.403    u_top/u_atomik/p_512_in[46]
    SLICE_X59Y61         LUT6 (Prop_lut6_I2_O)        0.105    11.508 r  u_top/u_atomik/core_resp_acc_zero_i_10/O
                         net (fo=1, routed)           0.527    12.035    u_top/u_atomik/core_resp_acc_zero_i_10_n_0
    SLICE_X58Y61         LUT6 (Prop_lut6_I2_O)        0.105    12.140 r  u_top/u_atomik/core_resp_acc_zero_i_5/O
                         net (fo=1, routed)           0.316    12.456    u_top/u_atomik/core_resp_acc_zero_i_5_n_0
    SLICE_X57Y61         LUT4 (Prop_lut4_I3_O)        0.105    12.561 r  u_top/u_atomik/core_resp_acc_zero_i_1/O
                         net (fo=1, routed)           0.000    12.561    u_top/u_cdc/core_acc_zero
    SLICE_X57Y61         FDCE                                         r  u_top/u_cdc/core_resp_acc_zero_reg/D
  -------------------------------------------------------------------    -------------------

                         (clock atomik_clk rise edge)
                                                      7.750     7.750 r  
                         clock source latency         1.935     9.685    
                         propagated clock network latency
                                                      2.788    12.473    
                         clock pessimism              0.391    12.864    
                         clock uncertainty           -0.071    12.793    
    SLICE_X57Y61         FDCE (Setup_fdce_C_D)        0.032    12.825    u_top/u_cdc/core_resp_acc_zero_reg
  -------------------------------------------------------------------
                         required time                         12.825    
                         arrival time                         -12.561    
  -------------------------------------------------------------------
                         slack                                  0.264    

Slack (MET) :             0.264ns  (required time - arrival time)
  Source:                 u_top/u_atomik/banks[144].bank_acc_reg[144][46]/C
                            (rising edge-triggered cell FDRE clocked by atomik_clk  {rise@0.000ns fall@3.875ns period=7.750ns})
  Destination:            u_top/u_cdc/core_resp_acc_zero_reg/D
                            (rising edge-triggered cell FDCE clocked by atomik_clk  {rise@0.000ns fall@3.875ns period=7.750ns})
  Path Group:             atomik_clk
  Path Type:              Setup (Max at Slow Process Corner)
  Requirement:            7.750ns  (atomik_clk rise@7.750ns - atomik_clk rise@0.000ns)
  Data Path Delay:        7.147ns  (logic 1.114ns (15.587%)  route 6.033ns (84.414%))
  Logic Levels:           7  (LUT4=1 LUT5=1 LUT6=5)
  Clock Path Skew:        -0.300ns (DCD - SCD + CPR)
    Destination Clock Delay (DCD):    4.723ns = ( 12.473 - 7.750 ) 
    Source Clock Delay      (SCD):    5.413ns
    Clock Pessimism Removal (CPR):    0.391ns
  Clock Uncertainty:      0.071ns  ((TSJ^2 + DJ^2)^1/2) / 2 + PE
    Total System Jitter     (TSJ):    0.071ns
    Discrete Jitter          (DJ):    0.123ns
    Phase Error              (PE):    0.000ns

    Location             Delay type                Incr(ns)  Path(ns)    Netlist Resource(s)
  -------------------------------------------------------------------    -------------------
                         (clock atomik_clk rise edge)
                                                      0.000     0.000 r  
                         clock source latency         2.177     2.177    
                         propagated clock network latency
                                                      3.236     5.413    
    SLICE_X106Y13        FDRE                         0.000     5.413 r  u_top/u_atomik/banks[144].bank_acc_reg[144][46]/C
    SLICE_X106Y13        FDRE (Prop_fdre_C_Q)         0.379     5.792 r  u_top/u_atomik/banks[144].bank_acc_reg[144][46]/Q
                         net (fo=2, routed)           1.123     6.915    u_top/u_atomik/banks[144].bank_acc_reg[144][63]_0[46]
    SLICE_X100Y6         LUT6 (Prop_lut6_I3_O)        0.105     7.020 r  u_top/u_atomik/core_resp_state[46]_i_57/O
                         net (fo=1, routed)           1.002     8.022    u_top/u_atomik/core_resp_state[46]_i_57_n_0
    SLICE_X100Y11        LUT6 (Prop_lut6_I0_O)        0.105     8.127 f  u_top/u_atomik/core_resp_state[46]_i_13/O
                         net (fo=1, routed)           0.507     8.635    u_top/u_atomik/core_resp_state[46]_i_13_n_0
    SLICE_X98Y18         LUT6 (Prop_lut6_I4_O)        0.105     8.740 r  u_top/u_atomik/core_resp_state[46]_i_4/O
                         net (fo=1, routed)           1.733    10.473    u_top/u_atomik/core_resp_state[46]_i_4_n_0
    SLICE_X66Y59         LUT5 (Prop_lut5_I1_O)        0.105    10.578 f  u_top/u_atomik/core_resp_state[46]_i_2/O
                         net (fo=2, routed)           0.825    11.403    u_top/u_atomik/p_512_in[46]
    SLICE_X59Y61         LUT6 (Prop_lut6_I2_O)        0.105    11.508 r  u_top/u_atomik/core_resp_acc_zero_i_10/O
                         net (fo=1, routed)           0.527    12.035    u_top/u_atomik/core_resp_acc_zero_i_10_n_0
    SLICE_X58Y61         LUT6 (Prop_lut6_I2_O)        0.105    12.140 r  u_top/u_atomik/core_resp_acc_zero_i_5/O
                         net (fo=1, routed)           0.316    12.456    u_top/u_atomik/core_resp_acc_zero_i_5_n_0
    SLICE_X57Y61         LUT4 (Prop_lut4_I3_O)        0.105    12.561 r  u_top/u_atomik/core_resp_acc_zero_i_1/O
                         net (fo=1, routed)           0.000    12.561    u_top/u_cdc/core_acc_zero
    SLICE_X57Y61         FDCE                                         r  u_top/u_cdc/core_resp_acc_zero_reg/D
  -------------------------------------------------------------------    -------------------

                         (clock atomik_clk rise edge)
                                                      7.750     7.750 r  
                         clock source latency         1.935     9.685    
                         propagated clock network latency
                                                      2.788    12.473    
                         clock pessimism              0.391    12.864    
                         clock uncertainty           -0.071    12.793    
    SLICE_X57Y61         FDCE (Setup_fdce_C_D)        0.032    12.825    u_top/u_cdc/core_resp_acc_zero_reg
  -------------------------------------------------------------------
                         required time                         12.825    
                         arrival time                         -12.561    
  -------------------------------------------------------------------
                         slack                                  0.264    

Slack (MET) :             0.264ns  (required time - arrival time)
  Source:                 u_top/u_atomik/banks[144].bank_acc_reg[144][46]/C
                            (rising edge-triggered cell FDRE clocked by atomik_clk  {rise@0.000ns fall@3.875ns period=7.750ns})
  Destination:            u_top/u_cdc/core_resp_acc_zero_reg/D
                            (rising edge-triggered cell FDCE clocked by atomik_clk  {rise@0.000ns fall@3.875ns period=7.750ns})
  Path Group:             atomik_clk
  Path Type:              Setup (Max at Slow Process Corner)
  Requirement:            7.750ns  (atomik_clk rise@7.750ns - atomik_clk rise@0.000ns)
  Data Path Delay:        7.147ns  (logic 1.114ns (15.587%)  route 6.033ns (84.414%))
  Logic Levels:           7  (LUT4=1 LUT5=1 LUT6=5)
  Clock Path Skew:        -0.300ns (DCD - SCD + CPR)
    Destination Clock Delay (DCD):    4.723ns = ( 12.473 - 7.750 ) 
    Source Clock Delay      (SCD):    5.413ns
    Clock Pessimism Removal (CPR):    0.391ns
  Clock Uncertainty:      0.071ns  ((TSJ^2 + DJ^2)^1/2) / 2 + PE
    Total System Jitter     (TSJ):    0.071ns
    Discrete Jitter          (DJ):    0.123ns
    Phase Error              (PE):    0.000ns

    Location             Delay type                Incr(ns)  Path(ns)    Netlist Resource(s)
  -------------------------------------------------------------------    -------------------
                         (clock atomik_clk rise edge)
                                                      0.000     0.000 r  
                         clock source latency         2.177     2.177    
                         propagated clock network latency
                                                      3.236     5.413    
    SLICE_X106Y13        FDRE                         0.000     5.413 r  u_top/u_atomik/banks[144].bank_acc_reg[144][46]/C
    SLICE_X106Y13        FDRE (Prop_fdre_C_Q)         0.379     5.792 r  u_top/u_atomik/banks[144].bank_acc_reg[144][46]/Q
                         net (fo=2, routed)           1.123     6.915    u_top/u_atomik/banks[144].bank_acc_reg[144][63]_0[46]
    SLICE_X100Y6         LUT6 (Prop_lut6_I3_O)        0.105     7.020 r  u_top/u_atomik/core_resp_state[46]_i_57/O
                         net (fo=1, routed)           1.002     8.022    u_top/u_atomik/core_resp_state[46]_i_57_n_0
    SLICE_X100Y11        LUT6 (Prop_lut6_I0_O)        0.105     8.127 r  u_top/u_atomik/core_resp_state[46]_i_13/O
                         net (fo=1, routed)           0.507     8.635    u_top/u_atomik/core_resp_state[46]_i_13_n_0
    SLICE_X98Y18         LUT6 (Prop_lut6_I4_O)        0.105     8.740 f  u_top/u_atomik/core_resp_state[46]_i_4/O
                         net (fo=1, routed)           1.733    10.473    u_top/u_atomik/core_resp_state[46]_i_4_n_0
    SLICE_X66Y59         LUT5 (Prop_lut5_I1_O)        0.105    10.578 f  u_top/u_atomik/core_resp_state[46]_i_2/O
                         net (fo=2, routed)           0.825    11.403    u_top/u_atomik/p_512_in[46]
    SLICE_X59Y61         LUT6 (Prop_lut6_I2_O)        0.105    11.508 r  u_top/u_atomik/core_resp_acc_zero_i_10/O
                         net (fo=1, routed)           0.527    12.035    u_top/u_atomik/core_resp_acc_zero_i_10_n_0
    SLICE_X58Y61         LUT6 (Prop_lut6_I2_O)        0.105    12.140 r  u_top/u_atomik/core_resp_acc_zero_i_5/O
                         net (fo=1, routed)           0.316    12.456    u_top/u_atomik/core_resp_acc_zero_i_5_n_0
    SLICE_X57Y61         LUT4 (Prop_lut4_I3_O)        0.105    12.561 r  u_top/u_atomik/core_resp_acc_zero_i_1/O
                         net (fo=1, routed)           0.000    12.561    u_top/u_cdc/core_acc_zero
    SLICE_X57Y61         FDCE                                         r  u_top/u_cdc/core_resp_acc_zero_reg/D
  -------------------------------------------------------------------    -------------------

                         (clock atomik_clk rise edge)
                                                      7.750     7.750 r  
                         clock source latency         1.935     9.685    
                         propagated clock network latency
                                                      2.788    12.473    
                         clock pessimism              0.391    12.864    
                         clock uncertainty           -0.071    12.793    
    SLICE_X57Y61         FDCE (Setup_fdce_C_D)        0.032    12.825    u_top/u_cdc/core_resp_acc_zero_reg
  -------------------------------------------------------------------
                         required time                         12.825    
                         arrival time                         -12.561    
  -------------------------------------------------------------------
                         slack                                  0.264    

Slack (MET) :             0.264ns  (required time - arrival time)
  Source:                 u_top/u_atomik/banks[144].bank_acc_reg[144][46]/C
                            (rising edge-triggered cell FDRE clocked by atomik_clk  {rise@0.000ns fall@3.875ns period=7.750ns})
  Destination:            u_top/u_cdc/core_resp_acc_zero_reg/D
                            (rising edge-triggered cell FDCE clocked by atomik_clk  {rise@0.000ns fall@3.875ns period=7.750ns})
  Path Group:             atomik_clk
  Path Type:              Setup (Max at Slow Process Corner)
  Requirement:            7.750ns  (atomik_clk rise@7.750ns - atomik_clk rise@0.000ns)
  Data Path Delay:        7.147ns  (logic 1.114ns (15.587%)  route 6.033ns (84.414%))
  Logic Levels:           7  (LUT4=1 LUT5=1 LUT6=5)
  Clock Path Skew:        -0.300ns (DCD - SCD + CPR)
    Destination Clock Delay (DCD):    4.723ns = ( 12.473 - 7.750 ) 
    Source Clock Delay      (SCD):    5.413ns
    Clock Pessimism Removal (CPR):    0.391ns
  Clock Uncertainty:      0.071ns  ((TSJ^2 + DJ^2)^1/2) / 2 + PE
    Total System Jitter     (TSJ):    0.071ns
    Discrete Jitter          (DJ):    0.123ns
    Phase Error              (PE):    0.000ns

    Location             Delay type                Incr(ns)  Path(ns)    Netlist Resource(s)
  -------------------------------------------------------------------    -------------------
                         (clock atomik_clk rise edge)
                                                      0.000     0.000 r  
                         clock source latency         2.177     2.177    
                         propagated clock network latency
                                                      3.236     5.413    
    SLICE_X106Y13        FDRE                         0.000     5.413 r  u_top/u_atomik/banks[144].bank_acc_reg[144][46]/C
    SLICE_X106Y13        FDRE (Prop_fdre_C_Q)         0.379     5.792 r  u_top/u_atomik/banks[144].bank_acc_reg[144][46]/Q
                         net (fo=2, routed)           1.123     6.915    u_top/u_atomik/banks[144].bank_acc_reg[144][63]_0[46]
    SLICE_X100Y6         LUT6 (Prop_lut6_I3_O)        0.105     7.020 f  u_top/u_atomik/core_resp_state[46]_i_57/O
                         net (fo=1, routed)           1.002     8.022    u_top/u_atomik/core_resp_state[46]_i_57_n_0
    SLICE_X100Y11        LUT6 (Prop_lut6_I0_O)        0.105     8.127 r  u_top/u_atomik/core_resp_state[46]_i_13/O
                         net (fo=1, routed)           0.507     8.635    u_top/u_atomik/core_resp_state[46]_i_13_n_0
    SLICE_X98Y18         LUT6 (Prop_lut6_I4_O)        0.105     8.740 f  u_top/u_atomik/core_resp_state[46]_i_4/O
                         net (fo=1, routed)           1.733    10.473    u_top/u_atomik/core_resp_state[46]_i_4_n_0
    SLICE_X66Y59         LUT5 (Prop_lut5_I1_O)        0.105    10.578 f  u_top/u_atomik/core_resp_state[46]_i_2/O
                         net (fo=2, routed)           0.825    11.403    u_top/u_atomik/p_512_in[46]
    SLICE_X59Y61         LUT6 (Prop_lut6_I2_O)        0.105    11.508 r  u_top/u_atomik/core_resp_acc_zero_i_10/O
                         net (fo=1, routed)           0.527    12.035    u_top/u_atomik/core_resp_acc_zero_i_10_n_0
    SLICE_X58Y61         LUT6 (Prop_lut6_I2_O)        0.105    12.140 r  u_top/u_atomik/core_resp_acc_zero_i_5/O
                         net (fo=1, routed)           0.316    12.456    u_top/u_atomik/core_resp_acc_zero_i_5_n_0
    SLICE_X57Y61         LUT4 (Prop_lut4_I3_O)        0.105    12.561 r  u_top/u_atomik/core_resp_acc_zero_i_1/O
                         net (fo=1, routed)           0.000    12.561    u_top/u_cdc/core_acc_zero
    SLICE_X57Y61         FDCE                                         r  u_top/u_cdc/core_resp_acc_zero_reg/D
  -------------------------------------------------------------------    -------------------

                         (clock atomik_clk rise edge)
                                                      7.750     7.750 r  
                         clock source latency         1.935     9.685    
                         propagated clock network latency
                                                      2.788    12.473    
                         clock pessimism              0.391    12.864    
                         clock uncertainty           -0.071    12.793    
    SLICE_X57Y61         FDCE (Setup_fdce_C_D)        0.032    12.825    u_top/u_cdc/core_resp_acc_zero_reg
  -------------------------------------------------------------------
                         required time                         12.825    
                         arrival time                         -12.561    
  -------------------------------------------------------------------
                         slack                                  0.264    




