Copyright 1986-2022 Xilinx, Inc. All Rights Reserved. Copyright 2022-2025 Advanced Micro Devices, Inc. All Rights Reserved.
-------------------------------------------------------------------------------------------------------------------------------------------------------------
| Tool Version : Vivado v.2025.2 (lin64) Build 6299465 Fri Nov 14 12:34:56 MST 2025
| Date         : Fri Mar 13 19:16:23 2026
| Host         : Jarvis running 64-bit Ubuntu 24.04.4 LTS
| Command      : report_timing -nworst 5 -path_type full -file /home/mattrock/Projects/ATOMiK/hardware/zynq/sweep/reports/crit_path_N256_F150p9_baseline.rpt
| Design       : sweep_top_N256_F150p9_baseline
| Device       : 7z020-clg400
| Speed File   : -2  PRODUCTION 1.12 2019-11-22
| Design State : Routed
-------------------------------------------------------------------------------------------------------------------------------------------------------------

Timing Report

Slack (VIOLATED) :        -0.100ns  (required time - arrival time)
  Source:                 u_top/u_atomik/banks[179].bank_acc_reg[179][61]/C
                            (rising edge-triggered cell FDRE clocked by atomik_clk  {rise@0.000ns fall@3.312ns period=6.625ns})
  Destination:            u_top/u_cdc/core_resp_acc_zero_reg/D
                            (rising edge-triggered cell FDCE clocked by atomik_clk  {rise@0.000ns fall@3.312ns period=6.625ns})
  Path Group:             atomik_clk
  Path Type:              Setup (Max at Slow Process Corner)
  Requirement:            6.625ns  (atomik_clk rise@6.625ns - atomik_clk rise@0.000ns)
  Data Path Delay:        6.614ns  (logic 1.168ns (17.661%)  route 5.446ns (82.339%))
  Logic Levels:           7  (LUT4=1 LUT6=6)
  Clock Path Skew:        -0.072ns (DCD - SCD + CPR)
    Destination Clock Delay (DCD):    4.927ns = ( 11.552 - 6.625 ) 
    Source Clock Delay      (SCD):    5.419ns
    Clock Pessimism Removal (CPR):    0.420ns
  Clock Uncertainty:      0.069ns  ((TSJ^2 + DJ^2)^1/2) / 2 + PE
    Total System Jitter     (TSJ):    0.071ns
    Discrete Jitter          (DJ):    0.119ns
    Phase Error              (PE):    0.000ns

    Location             Delay type                Incr(ns)  Path(ns)    Netlist Resource(s)
  -------------------------------------------------------------------    -------------------
                         (clock atomik_clk rise edge)
                                                      0.000     0.000 r  
                         clock source latency         2.194     2.194    
                         propagated clock network latency
                                                      3.225     5.419    
    SLICE_X36Y126        FDRE                         0.000     5.419 r  u_top/u_atomik/banks[179].bank_acc_reg[179][61]/C
    SLICE_X36Y126        FDRE (Prop_fdre_C_Q)         0.433     5.852 r  u_top/u_atomik/banks[179].bank_acc_reg[179][61]/Q
                         net (fo=3, routed)           1.001     6.852    u_top/u_atomik/banks[179].bank_acc_reg[179][63]_0[61]
    SLICE_X40Y119        LUT6 (Prop_lut6_I5_O)        0.105     6.957 r  u_top/u_atomik/core_resp_acc_zero_i_2535/O
                         net (fo=1, routed)           0.931     7.888    u_top/u_atomik/core_resp_acc_zero_i_2535_n_0
    SLICE_X40Y114        LUT6 (Prop_lut6_I3_O)        0.105     7.993 r  u_top/u_atomik/core_resp_acc_zero_i_1417/O
                         net (fo=1, routed)           0.892     8.885    u_top/u_atomik/core_resp_acc_zero_i_1417_n_0
    SLICE_X47Y111        LUT6 (Prop_lut6_I1_O)        0.105     8.990 r  u_top/u_atomik/core_resp_acc_zero_i_397/O
                         net (fo=1, routed)           0.829     9.820    u_top/u_atomik/core_resp_acc_zero_i_397_n_0
    SLICE_X61Y108        LUT6 (Prop_lut6_I3_O)        0.105     9.925 f  u_top/u_atomik/core_resp_acc_zero_i_99/O
                         net (fo=1, routed)           0.622    10.547    u_top/u_atomik/p_256_in[61]
    SLICE_X65Y108        LUT4 (Prop_lut4_I0_O)        0.105    10.652 f  u_top/u_atomik/core_resp_acc_zero_i_32/O
                         net (fo=1, routed)           0.828    11.479    u_top/u_atomik/core_resp_acc_zero_i_32_n_0
    SLICE_X65Y101        LUT6 (Prop_lut6_I4_O)        0.105    11.584 f  u_top/u_atomik/core_resp_acc_zero_i_6/O
                         net (fo=1, routed)           0.343    11.927    u_top/u_atomik/core_resp_acc_zero_i_6_n_0
    SLICE_X65Y101        LUT6 (Prop_lut6_I4_O)        0.105    12.032 r  u_top/u_atomik/core_resp_acc_zero_i_1/O
                         net (fo=1, routed)           0.000    12.032    u_top/u_cdc/acc_zero
    SLICE_X65Y101        FDCE                                         r  u_top/u_cdc/core_resp_acc_zero_reg/D
  -------------------------------------------------------------------    -------------------

                         (clock atomik_clk rise edge)
                                                      6.625     6.625 r  
                         clock source latency         1.951     8.576    
                         propagated clock network latency
                                                      2.975    11.552    
                         clock pessimism              0.420    11.972    
                         clock uncertainty           -0.069    11.902    
    SLICE_X65Y101        FDCE (Setup_fdce_C_D)        0.030    11.932    u_top/u_cdc/core_resp_acc_zero_reg
  -------------------------------------------------------------------
                         required time                         11.932    
                         arrival time                         -12.032    
  -------------------------------------------------------------------
                         slack                                 -0.100    

Slack (VIOLATED) :        -0.100ns  (required time - arrival time)
  Source:                 u_top/u_atomik/banks[179].bank_acc_reg[179][61]/C
                            (rising edge-triggered cell FDRE clocked by atomik_clk  {rise@0.000ns fall@3.312ns period=6.625ns})
  Destination:            u_top/u_cdc/core_resp_acc_zero_reg/D
                            (rising edge-triggered cell FDCE clocked by atomik_clk  {rise@0.000ns fall@3.312ns period=6.625ns})
  Path Group:             atomik_clk
  Path Type:              Setup (Max at Slow Process Corner)
  Requirement:            6.625ns  (atomik_clk rise@6.625ns - atomik_clk rise@0.000ns)
  Data Path Delay:        6.614ns  (logic 1.168ns (17.661%)  route 5.446ns (82.339%))
  Logic Levels:           7  (LUT4=1 LUT6=6)
  Clock Path Skew:        -0.072ns (DCD - SCD + CPR)
    Destination Clock Delay (DCD):    4.927ns = ( 11.552 - 6.625 ) 
    Source Clock Delay      (SCD):    5.419ns
    Clock Pessimism Removal (CPR):    0.420ns
  Clock Uncertainty:      0.069ns  ((TSJ^2 + DJ^2)^1/2) / 2 + PE
    Total System Jitter     (TSJ):    0.071ns
    Discrete Jitter          (DJ):    0.119ns
    Phase Error              (PE):    0.000ns

    Location             Delay type                Incr(ns)  Path(ns)    Netlist Resource(s)
  -------------------------------------------------------------------    -------------------
                         (clock atomik_clk rise edge)
                                                      0.000     0.000 r  
                         clock source latency         2.194     2.194    
                         propagated clock network latency
                                                      3.225     5.419    
    SLICE_X36Y126        FDRE                         0.000     5.419 r  u_top/u_atomik/banks[179].bank_acc_reg[179][61]/C
    SLICE_X36Y126        FDRE (Prop_fdre_C_Q)         0.433     5.852 f  u_top/u_atomik/banks[179].bank_acc_reg[179][61]/Q
                         net (fo=3, routed)           1.001     6.852    u_top/u_atomik/banks[179].bank_acc_reg[179][63]_0[61]
    SLICE_X40Y119        LUT6 (Prop_lut6_I5_O)        0.105     6.957 r  u_top/u_atomik/core_resp_acc_zero_i_2535/O
                         net (fo=1, routed)           0.931     7.888    u_top/u_atomik/core_resp_acc_zero_i_2535_n_0
    SLICE_X40Y114        LUT6 (Prop_lut6_I3_O)        0.105     7.993 r  u_top/u_atomik/core_resp_acc_zero_i_1417/O
                         net (fo=1, routed)           0.892     8.885    u_top/u_atomik/core_resp_acc_zero_i_1417_n_0
    SLICE_X47Y111        LUT6 (Prop_lut6_I1_O)        0.105     8.990 r  u_top/u_atomik/core_resp_acc_zero_i_397/O
                         net (fo=1, routed)           0.829     9.820    u_top/u_atomik/core_resp_acc_zero_i_397_n_0
    SLICE_X61Y108        LUT6 (Prop_lut6_I3_O)        0.105     9.925 f  u_top/u_atomik/core_resp_acc_zero_i_99/O
                         net (fo=1, routed)           0.622    10.547    u_top/u_atomik/p_256_in[61]
    SLICE_X65Y108        LUT4 (Prop_lut4_I0_O)        0.105    10.652 f  u_top/u_atomik/core_resp_acc_zero_i_32/O
                         net (fo=1, routed)           0.828    11.479    u_top/u_atomik/core_resp_acc_zero_i_32_n_0
    SLICE_X65Y101        LUT6 (Prop_lut6_I4_O)        0.105    11.584 f  u_top/u_atomik/core_resp_acc_zero_i_6/O
                         net (fo=1, routed)           0.343    11.927    u_top/u_atomik/core_resp_acc_zero_i_6_n_0
    SLICE_X65Y101        LUT6 (Prop_lut6_I4_O)        0.105    12.032 r  u_top/u_atomik/core_resp_acc_zero_i_1/O
                         net (fo=1, routed)           0.000    12.032    u_top/u_cdc/acc_zero
    SLICE_X65Y101        FDCE                                         r  u_top/u_cdc/core_resp_acc_zero_reg/D
  -------------------------------------------------------------------    -------------------

                         (clock atomik_clk rise edge)
                                                      6.625     6.625 r  
                         clock source latency         1.951     8.576    
                         propagated clock network latency
                                                      2.975    11.552    
                         clock pessimism              0.420    11.972    
                         clock uncertainty           -0.069    11.902    
    SLICE_X65Y101        FDCE (Setup_fdce_C_D)        0.030    11.932    u_top/u_cdc/core_resp_acc_zero_reg
  -------------------------------------------------------------------
                         required time                         11.932    
                         arrival time                         -12.032    
  -------------------------------------------------------------------
                         slack                                 -0.100    

Slack (VIOLATED) :        -0.100ns  (required time - arrival time)
  Source:                 u_top/u_atomik/banks[179].bank_acc_reg[179][61]/C
                            (rising edge-triggered cell FDRE clocked by atomik_clk  {rise@0.000ns fall@3.312ns period=6.625ns})
  Destination:            u_top/u_cdc/core_resp_acc_zero_reg/D
                            (rising edge-triggered cell FDCE clocked by atomik_clk  {rise@0.000ns fall@3.312ns period=6.625ns})
  Path Group:             atomik_clk
  Path Type:              Setup (Max at Slow Process Corner)
  Requirement:            6.625ns  (atomik_clk rise@6.625ns - atomik_clk rise@0.000ns)
  Data Path Delay:        6.614ns  (logic 1.168ns (17.661%)  route 5.446ns (82.339%))
  Logic Levels:           7  (LUT4=1 LUT6=6)
  Clock Path Skew:        -0.072ns (DCD - SCD + CPR)
    Destination Clock Delay (DCD):    4.927ns = ( 11.552 - 6.625 ) 
    Source Clock Delay      (SCD):    5.419ns
    Clock Pessimism Removal (CPR):    0.420ns
  Clock Uncertainty:      0.069ns  ((TSJ^2 + DJ^2)^1/2) / 2 + PE
    Total System Jitter     (TSJ):    0.071ns
    Discrete Jitter          (DJ):    0.119ns
    Phase Error              (PE):    0.000ns

    Location             Delay type                Incr(ns)  Path(ns)    Netlist Resource(s)
  -------------------------------------------------------------------    -------------------
                         (clock atomik_clk rise edge)
                                                      0.000     0.000 r  
                         clock source latency         2.194     2.194    
                         propagated clock network latency
                                                      3.225     5.419    
    SLICE_X36Y126        FDRE                         0.000     5.419 r  u_top/u_atomik/banks[179].bank_acc_reg[179][61]/C
    SLICE_X36Y126        FDRE (Prop_fdre_C_Q)         0.433     5.852 r  u_top/u_atomik/banks[179].bank_acc_reg[179][61]/Q
                         net (fo=3, routed)           1.001     6.852    u_top/u_atomik/banks[179].bank_acc_reg[179][63]_0[61]
    SLICE_X40Y119        LUT6 (Prop_lut6_I5_O)        0.105     6.957 r  u_top/u_atomik/core_resp_acc_zero_i_2535/O
                         net (fo=1, routed)           0.931     7.888    u_top/u_atomik/core_resp_acc_zero_i_2535_n_0
    SLICE_X40Y114        LUT6 (Prop_lut6_I3_O)        0.105     7.993 r  u_top/u_atomik/core_resp_acc_zero_i_1417/O
                         net (fo=1, routed)           0.892     8.885    u_top/u_atomik/core_resp_acc_zero_i_1417_n_0
    SLICE_X47Y111        LUT6 (Prop_lut6_I1_O)        0.105     8.990 f  u_top/u_atomik/core_resp_acc_zero_i_397/O
                         net (fo=1, routed)           0.829     9.820    u_top/u_atomik/core_resp_acc_zero_i_397_n_0
    SLICE_X61Y108        LUT6 (Prop_lut6_I3_O)        0.105     9.925 f  u_top/u_atomik/core_resp_acc_zero_i_99/O
                         net (fo=1, routed)           0.622    10.547    u_top/u_atomik/p_256_in[61]
    SLICE_X65Y108        LUT4 (Prop_lut4_I0_O)        0.105    10.652 f  u_top/u_atomik/core_resp_acc_zero_i_32/O
                         net (fo=1, routed)           0.828    11.479    u_top/u_atomik/core_resp_acc_zero_i_32_n_0
    SLICE_X65Y101        LUT6 (Prop_lut6_I4_O)        0.105    11.584 f  u_top/u_atomik/core_resp_acc_zero_i_6/O
                         net (fo=1, routed)           0.343    11.927    u_top/u_atomik/core_resp_acc_zero_i_6_n_0
    SLICE_X65Y101        LUT6 (Prop_lut6_I4_O)        0.105    12.032 r  u_top/u_atomik/core_resp_acc_zero_i_1/O
                         net (fo=1, routed)           0.000    12.032    u_top/u_cdc/acc_zero
    SLICE_X65Y101        FDCE                                         r  u_top/u_cdc/core_resp_acc_zero_reg/D
  -------------------------------------------------------------------    -------------------

                         (clock atomik_clk rise edge)
                                                      6.625     6.625 r  
                         clock source latency         1.951     8.576    
                         propagated clock network latency
                                                      2.975    11.552    
                         clock pessimism              0.420    11.972    
                         clock uncertainty           -0.069    11.902    
    SLICE_X65Y101        FDCE (Setup_fdce_C_D)        0.030    11.932    u_top/u_cdc/core_resp_acc_zero_reg
  -------------------------------------------------------------------
                         required time                         11.932    
                         arrival time                         -12.032    
  -------------------------------------------------------------------
                         slack                                 -0.100    

Slack (VIOLATED) :        -0.100ns  (required time - arrival time)
  Source:                 u_top/u_atomik/banks[179].bank_acc_reg[179][61]/C
                            (rising edge-triggered cell FDRE clocked by atomik_clk  {rise@0.000ns fall@3.312ns period=6.625ns})
  Destination:            u_top/u_cdc/core_resp_acc_zero_reg/D
                            (rising edge-triggered cell FDCE clocked by atomik_clk  {rise@0.000ns fall@3.312ns period=6.625ns})
  Path Group:             atomik_clk
  Path Type:              Setup (Max at Slow Process Corner)
  Requirement:            6.625ns  (atomik_clk rise@6.625ns - atomik_clk rise@0.000ns)
  Data Path Delay:        6.614ns  (logic 1.168ns (17.661%)  route 5.446ns (82.339%))
  Logic Levels:           7  (LUT4=1 LUT6=6)
  Clock Path Skew:        -0.072ns (DCD - SCD + CPR)
    Destination Clock Delay (DCD):    4.927ns = ( 11.552 - 6.625 ) 
    Source Clock Delay      (SCD):    5.419ns
    Clock Pessimism Removal (CPR):    0.420ns
  Clock Uncertainty:      0.069ns  ((TSJ^2 + DJ^2)^1/2) / 2 + PE
    Total System Jitter     (TSJ):    0.071ns
    Discrete Jitter          (DJ):    0.119ns
    Phase Error              (PE):    0.000ns

    Location             Delay type                Incr(ns)  Path(ns)    Netlist Resource(s)
  -------------------------------------------------------------------    -------------------
                         (clock atomik_clk rise edge)
                                                      0.000     0.000 r  
                         clock source latency         2.194     2.194    
                         propagated clock network latency
                                                      3.225     5.419    
    SLICE_X36Y126        FDRE                         0.000     5.419 r  u_top/u_atomik/banks[179].bank_acc_reg[179][61]/C
    SLICE_X36Y126        FDRE (Prop_fdre_C_Q)         0.433     5.852 f  u_top/u_atomik/banks[179].bank_acc_reg[179][61]/Q
                         net (fo=3, routed)           1.001     6.852    u_top/u_atomik/banks[179].bank_acc_reg[179][63]_0[61]
    SLICE_X40Y119        LUT6 (Prop_lut6_I5_O)        0.105     6.957 r  u_top/u_atomik/core_resp_acc_zero_i_2535/O
                         net (fo=1, routed)           0.931     7.888    u_top/u_atomik/core_resp_acc_zero_i_2535_n_0
    SLICE_X40Y114        LUT6 (Prop_lut6_I3_O)        0.105     7.993 r  u_top/u_atomik/core_resp_acc_zero_i_1417/O
                         net (fo=1, routed)           0.892     8.885    u_top/u_atomik/core_resp_acc_zero_i_1417_n_0
    SLICE_X47Y111        LUT6 (Prop_lut6_I1_O)        0.105     8.990 f  u_top/u_atomik/core_resp_acc_zero_i_397/O
                         net (fo=1, routed)           0.829     9.820    u_top/u_atomik/core_resp_acc_zero_i_397_n_0
    SLICE_X61Y108        LUT6 (Prop_lut6_I3_O)        0.105     9.925 f  u_top/u_atomik/core_resp_acc_zero_i_99/O
                         net (fo=1, routed)           0.622    10.547    u_top/u_atomik/p_256_in[61]
    SLICE_X65Y108        LUT4 (Prop_lut4_I0_O)        0.105    10.652 f  u_top/u_atomik/core_resp_acc_zero_i_32/O
                         net (fo=1, routed)           0.828    11.479    u_top/u_atomik/core_resp_acc_zero_i_32_n_0
    SLICE_X65Y101        LUT6 (Prop_lut6_I4_O)        0.105    11.584 f  u_top/u_atomik/core_resp_acc_zero_i_6/O
                         net (fo=1, routed)           0.343    11.927    u_top/u_atomik/core_resp_acc_zero_i_6_n_0
    SLICE_X65Y101        LUT6 (Prop_lut6_I4_O)        0.105    12.032 r  u_top/u_atomik/core_resp_acc_zero_i_1/O
                         net (fo=1, routed)           0.000    12.032    u_top/u_cdc/acc_zero
    SLICE_X65Y101        FDCE                                         r  u_top/u_cdc/core_resp_acc_zero_reg/D
  -------------------------------------------------------------------    -------------------

                         (clock atomik_clk rise edge)
                                                      6.625     6.625 r  
                         clock source latency         1.951     8.576    
                         propagated clock network latency
                                                      2.975    11.552    
                         clock pessimism              0.420    11.972    
                         clock uncertainty           -0.069    11.902    
    SLICE_X65Y101        FDCE (Setup_fdce_C_D)        0.030    11.932    u_top/u_cdc/core_resp_acc_zero_reg
  -------------------------------------------------------------------
                         required time                         11.932    
                         arrival time                         -12.032    
  -------------------------------------------------------------------
                         slack                                 -0.100    

Slack (VIOLATED) :        -0.100ns  (required time - arrival time)
  Source:                 u_top/u_atomik/banks[179].bank_acc_reg[179][61]/C
                            (rising edge-triggered cell FDRE clocked by atomik_clk  {rise@0.000ns fall@3.312ns period=6.625ns})
  Destination:            u_top/u_cdc/core_resp_acc_zero_reg/D
                            (rising edge-triggered cell FDCE clocked by atomik_clk  {rise@0.000ns fall@3.312ns period=6.625ns})
  Path Group:             atomik_clk
  Path Type:              Setup (Max at Slow Process Corner)
  Requirement:            6.625ns  (atomik_clk rise@6.625ns - atomik_clk rise@0.000ns)
  Data Path Delay:        6.614ns  (logic 1.168ns (17.661%)  route 5.446ns (82.339%))
  Logic Levels:           7  (LUT4=1 LUT6=6)
  Clock Path Skew:        -0.072ns (DCD - SCD + CPR)
    Destination Clock Delay (DCD):    4.927ns = ( 11.552 - 6.625 ) 
    Source Clock Delay      (SCD):    5.419ns
    Clock Pessimism Removal (CPR):    0.420ns
  Clock Uncertainty:      0.069ns  ((TSJ^2 + DJ^2)^1/2) / 2 + PE
    Total System Jitter     (TSJ):    0.071ns
    Discrete Jitter          (DJ):    0.119ns
    Phase Error              (PE):    0.000ns

    Location             Delay type                Incr(ns)  Path(ns)    Netlist Resource(s)
  -------------------------------------------------------------------    -------------------
                         (clock atomik_clk rise edge)
                                                      0.000     0.000 r  
                         clock source latency         2.194     2.194    
                         propagated clock network latency
                                                      3.225     5.419    
    SLICE_X36Y126        FDRE                         0.000     5.419 r  u_top/u_atomik/banks[179].bank_acc_reg[179][61]/C
    SLICE_X36Y126        FDRE (Prop_fdre_C_Q)         0.433     5.852 r  u_top/u_atomik/banks[179].bank_acc_reg[179][61]/Q
                         net (fo=3, routed)           1.001     6.852    u_top/u_atomik/banks[179].bank_acc_reg[179][63]_0[61]
    SLICE_X40Y119        LUT6 (Prop_lut6_I5_O)        0.105     6.957 f  u_top/u_atomik/core_resp_acc_zero_i_2535/O
                         net (fo=1, routed)           0.931     7.888    u_top/u_atomik/core_resp_acc_zero_i_2535_n_0
    SLICE_X40Y114        LUT6 (Prop_lut6_I3_O)        0.105     7.993 r  u_top/u_atomik/core_resp_acc_zero_i_1417/O
                         net (fo=1, routed)           0.892     8.885    u_top/u_atomik/core_resp_acc_zero_i_1417_n_0
    SLICE_X47Y111        LUT6 (Prop_lut6_I1_O)        0.105     8.990 f  u_top/u_atomik/core_resp_acc_zero_i_397/O
                         net (fo=1, routed)           0.829     9.820    u_top/u_atomik/core_resp_acc_zero_i_397_n_0
    SLICE_X61Y108        LUT6 (Prop_lut6_I3_O)        0.105     9.925 f  u_top/u_atomik/core_resp_acc_zero_i_99/O
                         net (fo=1, routed)           0.622    10.547    u_top/u_atomik/p_256_in[61]
    SLICE_X65Y108        LUT4 (Prop_lut4_I0_O)        0.105    10.652 f  u_top/u_atomik/core_resp_acc_zero_i_32/O
                         net (fo=1, routed)           0.828    11.479    u_top/u_atomik/core_resp_acc_zero_i_32_n_0
    SLICE_X65Y101        LUT6 (Prop_lut6_I4_O)        0.105    11.584 f  u_top/u_atomik/core_resp_acc_zero_i_6/O
                         net (fo=1, routed)           0.343    11.927    u_top/u_atomik/core_resp_acc_zero_i_6_n_0
    SLICE_X65Y101        LUT6 (Prop_lut6_I4_O)        0.105    12.032 r  u_top/u_atomik/core_resp_acc_zero_i_1/O
                         net (fo=1, routed)           0.000    12.032    u_top/u_cdc/acc_zero
    SLICE_X65Y101        FDCE                                         r  u_top/u_cdc/core_resp_acc_zero_reg/D
  -------------------------------------------------------------------    -------------------

                         (clock atomik_clk rise edge)
                                                      6.625     6.625 r  
                         clock source latency         1.951     8.576    
                         propagated clock network latency
                                                      2.975    11.552    
                         clock pessimism              0.420    11.972    
                         clock uncertainty           -0.069    11.902    
    SLICE_X65Y101        FDCE (Setup_fdce_C_D)        0.030    11.932    u_top/u_cdc/core_resp_acc_zero_reg
  -------------------------------------------------------------------
                         required time                         11.932    
                         arrival time                         -12.032    
  -------------------------------------------------------------------
                         slack                                 -0.100    




