Copyright 1986-2022 Xilinx, Inc. All Rights Reserved. Copyright 2022-2025 Advanced Micro Devices, Inc. All Rights Reserved.
------------------------------------------------------------------------------------------------------------------------------------------------------------
| Tool Version : Vivado v.2025.2 (lin64) Build 6299465 Fri Nov 14 12:34:56 MST 2025
| Date         : Fri Mar 13 19:01:51 2026
| Host         : Jarvis running 64-bit Ubuntu 24.04.4 LTS
| Command      : report_timing -nworst 5 -path_type full -file /home/mattrock/Projects/ATOMiK/hardware/zynq/sweep/reports/crit_path_N256_F153p8_maximum.rpt
| Design       : sweep_top_N256_F153p8_maximum
| Device       : 7z020-clg400
| Speed File   : -2  PRODUCTION 1.12 2019-11-22
| Design State : Routed
------------------------------------------------------------------------------------------------------------------------------------------------------------

Timing Report

Slack (VIOLATED) :        -0.087ns  (required time - arrival time)
  Source:                 u_top/u_atomik/banks[52].bank_acc_reg[52][35]/C
                            (rising edge-triggered cell FDRE clocked by atomik_clk  {rise@0.000ns fall@3.250ns period=6.500ns})
  Destination:            u_top/u_cdc/core_resp_acc_zero_reg/D
                            (rising edge-triggered cell FDCE clocked by atomik_clk  {rise@0.000ns fall@3.250ns period=6.500ns})
  Path Group:             atomik_clk
  Path Type:              Setup (Max at Slow Process Corner)
  Requirement:            6.500ns  (atomik_clk rise@6.500ns - atomik_clk rise@0.000ns)
  Data Path Delay:        6.482ns  (logic 1.114ns (17.187%)  route 5.368ns (82.813%))
  Logic Levels:           7  (LUT4=1 LUT5=1 LUT6=5)
  Clock Path Skew:        -0.068ns (DCD - SCD + CPR)
    Destination Clock Delay (DCD):    4.789ns = ( 11.289 - 6.500 ) 
    Source Clock Delay      (SCD):    5.251ns
    Clock Pessimism Removal (CPR):    0.393ns
  Clock Uncertainty:      0.069ns  ((TSJ^2 + DJ^2)^1/2) / 2 + PE
    Total System Jitter     (TSJ):    0.071ns
    Discrete Jitter          (DJ):    0.119ns
    Phase Error              (PE):    0.000ns

    Location             Delay type                Incr(ns)  Path(ns)    Netlist Resource(s)
  -------------------------------------------------------------------    -------------------
                         (clock atomik_clk rise edge)
                                                      0.000     0.000 r  
                         clock source latency         2.194     2.194    
                         propagated clock network latency
                                                      3.057     5.251    
    SLICE_X40Y78         FDRE                         0.000     5.251 r  u_top/u_atomik/banks[52].bank_acc_reg[52][35]/C
    SLICE_X40Y78         FDRE (Prop_fdre_C_Q)         0.379     5.630 r  u_top/u_atomik/banks[52].bank_acc_reg[52][35]/Q
                         net (fo=3, routed)           1.182     6.811    u_top/u_atomik/banks[52].bank_acc_reg[52][63]_0[35]
    SLICE_X31Y81         LUT6 (Prop_lut6_I3_O)        0.105     6.916 r  u_top/u_atomik/i_2797_LOPT_REMAP/O
                         net (fo=1, routed)           1.544     8.461    u_top/u_atomik/i_2797/O_n
    SLICE_X57Y62         LUT6 (Prop_lut6_I1_O)        0.105     8.566 r  u_top/u_atomik/i_2791_LOPT_REMAP/O
                         net (fo=1, routed)           0.669     9.234    u_top/u_atomik/i_2791/O_n
    SLICE_X59Y63         LUT6 (Prop_lut6_I5_O)        0.105     9.339 r  u_top/u_atomik/i_2776_LOPT_REMAP/O
                         net (fo=1, routed)           0.420     9.759    u_top/u_atomik/i_2776/O_n
    SLICE_X61Y56         LUT6 (Prop_lut6_I4_O)        0.105     9.864 f  u_top/u_atomik/i_2768_LOPT_REMAP/O
                         net (fo=1, routed)           0.504    10.368    u_top/u_atomik/i_2768/O_n
    SLICE_X65Y49         LUT6 (Prop_lut6_I0_O)        0.105    10.473 f  u_top/u_atomik/i_2767_LOPT_REMAP/O
                         net (fo=1, routed)           0.509    10.981    u_top/u_atomik/i_2767/O_n
    SLICE_X67Y48         LUT5 (Prop_lut5_I3_O)        0.105    11.086 f  u_top/u_atomik/i_2459_LOPT_REMAP/O
                         net (fo=1, routed)           0.541    11.627    u_top/u_atomik/i_2459/O_n
    SLICE_X67Y49         LUT4 (Prop_lut4_I1_O)        0.105    11.732 r  u_top/u_atomik/i_0_LOPT_REMAP/O
                         net (fo=1, routed)           0.000    11.732    u_top/u_cdc/acc_zero
    SLICE_X67Y49         FDCE                                         r  u_top/u_cdc/core_resp_acc_zero_reg/D
  -------------------------------------------------------------------    -------------------

                         (clock atomik_clk rise edge)
                                                      6.500     6.500 r  
                         clock source latency         1.951     8.451    
                         propagated clock network latency
                                                      2.838    11.289    
                         clock pessimism              0.393    11.682    
                         clock uncertainty           -0.069    11.613    
    SLICE_X67Y49         FDCE (Setup_fdce_C_D)        0.032    11.645    u_top/u_cdc/core_resp_acc_zero_reg
  -------------------------------------------------------------------
                         required time                         11.645    
                         arrival time                         -11.732    
  -------------------------------------------------------------------
                         slack                                 -0.087    

Slack (VIOLATED) :        -0.087ns  (required time - arrival time)
  Source:                 u_top/u_atomik/banks[52].bank_acc_reg[52][35]/C
                            (rising edge-triggered cell FDRE clocked by atomik_clk  {rise@0.000ns fall@3.250ns period=6.500ns})
  Destination:            u_top/u_cdc/core_resp_acc_zero_reg/D
                            (rising edge-triggered cell FDCE clocked by atomik_clk  {rise@0.000ns fall@3.250ns period=6.500ns})
  Path Group:             atomik_clk
  Path Type:              Setup (Max at Slow Process Corner)
  Requirement:            6.500ns  (atomik_clk rise@6.500ns - atomik_clk rise@0.000ns)
  Data Path Delay:        6.482ns  (logic 1.114ns (17.187%)  route 5.368ns (82.813%))
  Logic Levels:           7  (LUT4=1 LUT5=1 LUT6=5)
  Clock Path Skew:        -0.068ns (DCD - SCD + CPR)
    Destination Clock Delay (DCD):    4.789ns = ( 11.289 - 6.500 ) 
    Source Clock Delay      (SCD):    5.251ns
    Clock Pessimism Removal (CPR):    0.393ns
  Clock Uncertainty:      0.069ns  ((TSJ^2 + DJ^2)^1/2) / 2 + PE
    Total System Jitter     (TSJ):    0.071ns
    Discrete Jitter          (DJ):    0.119ns
    Phase Error              (PE):    0.000ns

    Location             Delay type                Incr(ns)  Path(ns)    Netlist Resource(s)
  -------------------------------------------------------------------    -------------------
                         (clock atomik_clk rise edge)
                                                      0.000     0.000 r  
                         clock source latency         2.194     2.194    
                         propagated clock network latency
                                                      3.057     5.251    
    SLICE_X40Y78         FDRE                         0.000     5.251 r  u_top/u_atomik/banks[52].bank_acc_reg[52][35]/C
    SLICE_X40Y78         FDRE (Prop_fdre_C_Q)         0.379     5.630 r  u_top/u_atomik/banks[52].bank_acc_reg[52][35]/Q
                         net (fo=3, routed)           1.182     6.811    u_top/u_atomik/banks[52].bank_acc_reg[52][63]_0[35]
    SLICE_X31Y81         LUT6 (Prop_lut6_I3_O)        0.105     6.916 r  u_top/u_atomik/i_2797_LOPT_REMAP/O
                         net (fo=1, routed)           1.544     8.461    u_top/u_atomik/i_2797/O_n
    SLICE_X57Y62         LUT6 (Prop_lut6_I1_O)        0.105     8.566 f  u_top/u_atomik/i_2791_LOPT_REMAP/O
                         net (fo=1, routed)           0.669     9.234    u_top/u_atomik/i_2791/O_n
    SLICE_X59Y63         LUT6 (Prop_lut6_I5_O)        0.105     9.339 r  u_top/u_atomik/i_2776_LOPT_REMAP/O
                         net (fo=1, routed)           0.420     9.759    u_top/u_atomik/i_2776/O_n
    SLICE_X61Y56         LUT6 (Prop_lut6_I4_O)        0.105     9.864 f  u_top/u_atomik/i_2768_LOPT_REMAP/O
                         net (fo=1, routed)           0.504    10.368    u_top/u_atomik/i_2768/O_n
    SLICE_X65Y49         LUT6 (Prop_lut6_I0_O)        0.105    10.473 f  u_top/u_atomik/i_2767_LOPT_REMAP/O
                         net (fo=1, routed)           0.509    10.981    u_top/u_atomik/i_2767/O_n
    SLICE_X67Y48         LUT5 (Prop_lut5_I3_O)        0.105    11.086 f  u_top/u_atomik/i_2459_LOPT_REMAP/O
                         net (fo=1, routed)           0.541    11.627    u_top/u_atomik/i_2459/O_n
    SLICE_X67Y49         LUT4 (Prop_lut4_I1_O)        0.105    11.732 r  u_top/u_atomik/i_0_LOPT_REMAP/O
                         net (fo=1, routed)           0.000    11.732    u_top/u_cdc/acc_zero
    SLICE_X67Y49         FDCE                                         r  u_top/u_cdc/core_resp_acc_zero_reg/D
  -------------------------------------------------------------------    -------------------

                         (clock atomik_clk rise edge)
                                                      6.500     6.500 r  
                         clock source latency         1.951     8.451    
                         propagated clock network latency
                                                      2.838    11.289    
                         clock pessimism              0.393    11.682    
                         clock uncertainty           -0.069    11.613    
    SLICE_X67Y49         FDCE (Setup_fdce_C_D)        0.032    11.645    u_top/u_cdc/core_resp_acc_zero_reg
  -------------------------------------------------------------------
                         required time                         11.645    
                         arrival time                         -11.732    
  -------------------------------------------------------------------
                         slack                                 -0.087    

Slack (VIOLATED) :        -0.087ns  (required time - arrival time)
  Source:                 u_top/u_atomik/banks[52].bank_acc_reg[52][35]/C
                            (rising edge-triggered cell FDRE clocked by atomik_clk  {rise@0.000ns fall@3.250ns period=6.500ns})
  Destination:            u_top/u_cdc/core_resp_acc_zero_reg/D
                            (rising edge-triggered cell FDCE clocked by atomik_clk  {rise@0.000ns fall@3.250ns period=6.500ns})
  Path Group:             atomik_clk
  Path Type:              Setup (Max at Slow Process Corner)
  Requirement:            6.500ns  (atomik_clk rise@6.500ns - atomik_clk rise@0.000ns)
  Data Path Delay:        6.482ns  (logic 1.114ns (17.187%)  route 5.368ns (82.813%))
  Logic Levels:           7  (LUT4=1 LUT5=1 LUT6=5)
  Clock Path Skew:        -0.068ns (DCD - SCD + CPR)
    Destination Clock Delay (DCD):    4.789ns = ( 11.289 - 6.500 ) 
    Source Clock Delay      (SCD):    5.251ns
    Clock Pessimism Removal (CPR):    0.393ns
  Clock Uncertainty:      0.069ns  ((TSJ^2 + DJ^2)^1/2) / 2 + PE
    Total System Jitter     (TSJ):    0.071ns
    Discrete Jitter          (DJ):    0.119ns
    Phase Error              (PE):    0.000ns

    Location             Delay type                Incr(ns)  Path(ns)    Netlist Resource(s)
  -------------------------------------------------------------------    -------------------
                         (clock atomik_clk rise edge)
                                                      0.000     0.000 r  
                         clock source latency         2.194     2.194    
                         propagated clock network latency
                                                      3.057     5.251    
    SLICE_X40Y78         FDRE                         0.000     5.251 r  u_top/u_atomik/banks[52].bank_acc_reg[52][35]/C
    SLICE_X40Y78         FDRE (Prop_fdre_C_Q)         0.379     5.630 r  u_top/u_atomik/banks[52].bank_acc_reg[52][35]/Q
                         net (fo=3, routed)           1.182     6.811    u_top/u_atomik/banks[52].bank_acc_reg[52][63]_0[35]
    SLICE_X31Y81         LUT6 (Prop_lut6_I3_O)        0.105     6.916 r  u_top/u_atomik/i_2797_LOPT_REMAP/O
                         net (fo=1, routed)           1.544     8.461    u_top/u_atomik/i_2797/O_n
    SLICE_X57Y62         LUT6 (Prop_lut6_I1_O)        0.105     8.566 r  u_top/u_atomik/i_2791_LOPT_REMAP/O
                         net (fo=1, routed)           0.669     9.234    u_top/u_atomik/i_2791/O_n
    SLICE_X59Y63         LUT6 (Prop_lut6_I5_O)        0.105     9.339 f  u_top/u_atomik/i_2776_LOPT_REMAP/O
                         net (fo=1, routed)           0.420     9.759    u_top/u_atomik/i_2776/O_n
    SLICE_X61Y56         LUT6 (Prop_lut6_I4_O)        0.105     9.864 f  u_top/u_atomik/i_2768_LOPT_REMAP/O
                         net (fo=1, routed)           0.504    10.368    u_top/u_atomik/i_2768/O_n
    SLICE_X65Y49         LUT6 (Prop_lut6_I0_O)        0.105    10.473 f  u_top/u_atomik/i_2767_LOPT_REMAP/O
                         net (fo=1, routed)           0.509    10.981    u_top/u_atomik/i_2767/O_n
    SLICE_X67Y48         LUT5 (Prop_lut5_I3_O)        0.105    11.086 f  u_top/u_atomik/i_2459_LOPT_REMAP/O
                         net (fo=1, routed)           0.541    11.627    u_top/u_atomik/i_2459/O_n
    SLICE_X67Y49         LUT4 (Prop_lut4_I1_O)        0.105    11.732 r  u_top/u_atomik/i_0_LOPT_REMAP/O
                         net (fo=1, routed)           0.000    11.732    u_top/u_cdc/acc_zero
    SLICE_X67Y49         FDCE                                         r  u_top/u_cdc/core_resp_acc_zero_reg/D
  -------------------------------------------------------------------    -------------------

                         (clock atomik_clk rise edge)
                                                      6.500     6.500 r  
                         clock source latency         1.951     8.451    
                         propagated clock network latency
                                                      2.838    11.289    
                         clock pessimism              0.393    11.682    
                         clock uncertainty           -0.069    11.613    
    SLICE_X67Y49         FDCE (Setup_fdce_C_D)        0.032    11.645    u_top/u_cdc/core_resp_acc_zero_reg
  -------------------------------------------------------------------
                         required time                         11.645    
                         arrival time                         -11.732    
  -------------------------------------------------------------------
                         slack                                 -0.087    

Slack (VIOLATED) :        -0.087ns  (required time - arrival time)
  Source:                 u_top/u_atomik/banks[52].bank_acc_reg[52][35]/C
                            (rising edge-triggered cell FDRE clocked by atomik_clk  {rise@0.000ns fall@3.250ns period=6.500ns})
  Destination:            u_top/u_cdc/core_resp_acc_zero_reg/D
                            (rising edge-triggered cell FDCE clocked by atomik_clk  {rise@0.000ns fall@3.250ns period=6.500ns})
  Path Group:             atomik_clk
  Path Type:              Setup (Max at Slow Process Corner)
  Requirement:            6.500ns  (atomik_clk rise@6.500ns - atomik_clk rise@0.000ns)
  Data Path Delay:        6.482ns  (logic 1.114ns (17.187%)  route 5.368ns (82.813%))
  Logic Levels:           7  (LUT4=1 LUT5=1 LUT6=5)
  Clock Path Skew:        -0.068ns (DCD - SCD + CPR)
    Destination Clock Delay (DCD):    4.789ns = ( 11.289 - 6.500 ) 
    Source Clock Delay      (SCD):    5.251ns
    Clock Pessimism Removal (CPR):    0.393ns
  Clock Uncertainty:      0.069ns  ((TSJ^2 + DJ^2)^1/2) / 2 + PE
    Total System Jitter     (TSJ):    0.071ns
    Discrete Jitter          (DJ):    0.119ns
    Phase Error              (PE):    0.000ns

    Location             Delay type                Incr(ns)  Path(ns)    Netlist Resource(s)
  -------------------------------------------------------------------    -------------------
                         (clock atomik_clk rise edge)
                                                      0.000     0.000 r  
                         clock source latency         2.194     2.194    
                         propagated clock network latency
                                                      3.057     5.251    
    SLICE_X40Y78         FDRE                         0.000     5.251 r  u_top/u_atomik/banks[52].bank_acc_reg[52][35]/C
    SLICE_X40Y78         FDRE (Prop_fdre_C_Q)         0.379     5.630 r  u_top/u_atomik/banks[52].bank_acc_reg[52][35]/Q
                         net (fo=3, routed)           1.182     6.811    u_top/u_atomik/banks[52].bank_acc_reg[52][63]_0[35]
    SLICE_X31Y81         LUT6 (Prop_lut6_I3_O)        0.105     6.916 f  u_top/u_atomik/i_2797_LOPT_REMAP/O
                         net (fo=1, routed)           1.544     8.461    u_top/u_atomik/i_2797/O_n
    SLICE_X57Y62         LUT6 (Prop_lut6_I1_O)        0.105     8.566 r  u_top/u_atomik/i_2791_LOPT_REMAP/O
                         net (fo=1, routed)           0.669     9.234    u_top/u_atomik/i_2791/O_n
    SLICE_X59Y63         LUT6 (Prop_lut6_I5_O)        0.105     9.339 f  u_top/u_atomik/i_2776_LOPT_REMAP/O
                         net (fo=1, routed)           0.420     9.759    u_top/u_atomik/i_2776/O_n
    SLICE_X61Y56         LUT6 (Prop_lut6_I4_O)        0.105     9.864 f  u_top/u_atomik/i_2768_LOPT_REMAP/O
                         net (fo=1, routed)           0.504    10.368    u_top/u_atomik/i_2768/O_n
    SLICE_X65Y49         LUT6 (Prop_lut6_I0_O)        0.105    10.473 f  u_top/u_atomik/i_2767_LOPT_REMAP/O
                         net (fo=1, routed)           0.509    10.981    u_top/u_atomik/i_2767/O_n
    SLICE_X67Y48         LUT5 (Prop_lut5_I3_O)        0.105    11.086 f  u_top/u_atomik/i_2459_LOPT_REMAP/O
                         net (fo=1, routed)           0.541    11.627    u_top/u_atomik/i_2459/O_n
    SLICE_X67Y49         LUT4 (Prop_lut4_I1_O)        0.105    11.732 r  u_top/u_atomik/i_0_LOPT_REMAP/O
                         net (fo=1, routed)           0.000    11.732    u_top/u_cdc/acc_zero
    SLICE_X67Y49         FDCE                                         r  u_top/u_cdc/core_resp_acc_zero_reg/D
  -------------------------------------------------------------------    -------------------

                         (clock atomik_clk rise edge)
                                                      6.500     6.500 r  
                         clock source latency         1.951     8.451    
                         propagated clock network latency
                                                      2.838    11.289    
                         clock pessimism              0.393    11.682    
                         clock uncertainty           -0.069    11.613    
    SLICE_X67Y49         FDCE (Setup_fdce_C_D)        0.032    11.645    u_top/u_cdc/core_resp_acc_zero_reg
  -------------------------------------------------------------------
                         required time                         11.645    
                         arrival time                         -11.732    
  -------------------------------------------------------------------
                         slack                                 -0.087    

Slack (VIOLATED) :        -0.087ns  (required time - arrival time)
  Source:                 u_top/u_atomik/banks[52].bank_acc_reg[52][35]/C
                            (rising edge-triggered cell FDRE clocked by atomik_clk  {rise@0.000ns fall@3.250ns period=6.500ns})
  Destination:            u_top/u_cdc/core_resp_acc_zero_reg/D
                            (rising edge-triggered cell FDCE clocked by atomik_clk  {rise@0.000ns fall@3.250ns period=6.500ns})
  Path Group:             atomik_clk
  Path Type:              Setup (Max at Slow Process Corner)
  Requirement:            6.500ns  (atomik_clk rise@6.500ns - atomik_clk rise@0.000ns)
  Data Path Delay:        6.482ns  (logic 1.114ns (17.187%)  route 5.368ns (82.813%))
  Logic Levels:           7  (LUT4=1 LUT5=1 LUT6=5)
  Clock Path Skew:        -0.068ns (DCD - SCD + CPR)
    Destination Clock Delay (DCD):    4.789ns = ( 11.289 - 6.500 ) 
    Source Clock Delay      (SCD):    5.251ns
    Clock Pessimism Removal (CPR):    0.393ns
  Clock Uncertainty:      0.069ns  ((TSJ^2 + DJ^2)^1/2) / 2 + PE
    Total System Jitter     (TSJ):    0.071ns
    Discrete Jitter          (DJ):    0.119ns
    Phase Error              (PE):    0.000ns

    Location             Delay type                Incr(ns)  Path(ns)    Netlist Resource(s)
  -------------------------------------------------------------------    -------------------
                         (clock atomik_clk rise edge)
                                                      0.000     0.000 r  
                         clock source latency         2.194     2.194    
                         propagated clock network latency
                                                      3.057     5.251    
    SLICE_X40Y78         FDRE                         0.000     5.251 r  u_top/u_atomik/banks[52].bank_acc_reg[52][35]/C
    SLICE_X40Y78         FDRE (Prop_fdre_C_Q)         0.379     5.630 r  u_top/u_atomik/banks[52].bank_acc_reg[52][35]/Q
                         net (fo=3, routed)           1.182     6.811    u_top/u_atomik/banks[52].bank_acc_reg[52][63]_0[35]
    SLICE_X31Y81         LUT6 (Prop_lut6_I3_O)        0.105     6.916 r  u_top/u_atomik/i_2797_LOPT_REMAP/O
                         net (fo=1, routed)           1.544     8.461    u_top/u_atomik/i_2797/O_n
    SLICE_X57Y62         LUT6 (Prop_lut6_I1_O)        0.105     8.566 f  u_top/u_atomik/i_2791_LOPT_REMAP/O
                         net (fo=1, routed)           0.669     9.234    u_top/u_atomik/i_2791/O_n
    SLICE_X59Y63         LUT6 (Prop_lut6_I5_O)        0.105     9.339 f  u_top/u_atomik/i_2776_LOPT_REMAP/O
                         net (fo=1, routed)           0.420     9.759    u_top/u_atomik/i_2776/O_n
    SLICE_X61Y56         LUT6 (Prop_lut6_I4_O)        0.105     9.864 f  u_top/u_atomik/i_2768_LOPT_REMAP/O
                         net (fo=1, routed)           0.504    10.368    u_top/u_atomik/i_2768/O_n
    SLICE_X65Y49         LUT6 (Prop_lut6_I0_O)        0.105    10.473 f  u_top/u_atomik/i_2767_LOPT_REMAP/O
                         net (fo=1, routed)           0.509    10.981    u_top/u_atomik/i_2767/O_n
    SLICE_X67Y48         LUT5 (Prop_lut5_I3_O)        0.105    11.086 f  u_top/u_atomik/i_2459_LOPT_REMAP/O
                         net (fo=1, routed)           0.541    11.627    u_top/u_atomik/i_2459/O_n
    SLICE_X67Y49         LUT4 (Prop_lut4_I1_O)        0.105    11.732 r  u_top/u_atomik/i_0_LOPT_REMAP/O
                         net (fo=1, routed)           0.000    11.732    u_top/u_cdc/acc_zero
    SLICE_X67Y49         FDCE                                         r  u_top/u_cdc/core_resp_acc_zero_reg/D
  -------------------------------------------------------------------    -------------------

                         (clock atomik_clk rise edge)
                                                      6.500     6.500 r  
                         clock source latency         1.951     8.451    
                         propagated clock network latency
                                                      2.838    11.289    
                         clock pessimism              0.393    11.682    
                         clock uncertainty           -0.069    11.613    
    SLICE_X67Y49         FDCE (Setup_fdce_C_D)        0.032    11.645    u_top/u_cdc/core_resp_acc_zero_reg
  -------------------------------------------------------------------
                         required time                         11.645    
                         arrival time                         -11.732    
  -------------------------------------------------------------------
                         slack                                 -0.087    




