Copyright 1986-2022 Xilinx, Inc. All Rights Reserved. Copyright 2022-2025 Advanced Micro Devices, Inc. All Rights Reserved.
----------------------------------------------------------------------------------------------------------------------------------------------------------
| Tool Version : Vivado v.2025.2 (lin64) Build 6299465 Fri Nov 14 12:34:56 MST 2025
| Date         : Fri Mar 13 12:39:25 2026
| Host         : Jarvis running 64-bit Ubuntu 24.04.4 LTS
| Command      : report_timing -nworst 5 -path_type full -file /home/mattrock/Projects/ATOMiK/hardware/zynq/sweep/reports/crit_path_N4_F380p9_maximum.rpt
| Design       : sweep_top_N4_F380p9_maximum
| Device       : 7z020-clg400
| Speed File   : -2  PRODUCTION 1.12 2019-11-22
| Design State : Routed
----------------------------------------------------------------------------------------------------------------------------------------------------------

Timing Report

Slack (VIOLATED) :        -0.193ns  (required time - arrival time)
  Source:                 u_top/u_atomik/banks[1].bank_acc_reg[1][34]/C
                            (rising edge-triggered cell FDRE clocked by atomik_clk  {rise@0.000ns fall@1.312ns period=2.625ns})
  Destination:            u_top/u_cdc/core_resp_acc_zero_reg/D
                            (rising edge-triggered cell FDCE clocked by atomik_clk  {rise@0.000ns fall@1.312ns period=2.625ns})
  Path Group:             atomik_clk
  Path Type:              Setup (Max at Slow Process Corner)
  Requirement:            2.625ns  (atomik_clk rise@2.625ns - atomik_clk rise@0.000ns)
  Data Path Delay:        2.721ns  (logic 0.799ns (29.361%)  route 1.922ns (70.639%))
  Logic Levels:           4  (LUT4=1 LUT6=3)
  Clock Path Skew:        -0.065ns (DCD - SCD + CPR)
    Destination Clock Delay (DCD):    4.940ns = ( 7.565 - 2.625 ) 
    Source Clock Delay      (SCD):    5.506ns
    Clock Pessimism Removal (CPR):    0.502ns
  Clock Uncertainty:      0.061ns  ((TSJ^2 + DJ^2)^1/2) / 2 + PE
    Total System Jitter     (TSJ):    0.071ns
    Discrete Jitter          (DJ):    0.100ns
    Phase Error              (PE):    0.000ns

    Location             Delay type                Incr(ns)  Path(ns)    Netlist Resource(s)
  -------------------------------------------------------------------    -------------------
                         (clock atomik_clk rise edge)
                                                      0.000     0.000 r  
                         clock source latency         2.177     2.177    
                         propagated clock network latency
                                                      3.329     5.506    
    SLICE_X103Y108       FDRE                         0.000     5.506 r  u_top/u_atomik/banks[1].bank_acc_reg[1][34]/C
    SLICE_X103Y108       FDRE (Prop_fdre_C_Q)         0.379     5.885 r  u_top/u_atomik/banks[1].bank_acc_reg[1][34]/Q
                         net (fo=3, routed)           0.548     6.433    u_top/u_atomik/banks[1].bank_acc_reg[1][63]_0[34]
    SLICE_X105Y108       LUT4 (Prop_lut4_I0_O)        0.105     6.538 f  u_top/u_atomik/i_13_LOPT_REMAP/O
                         net (fo=1, routed)           0.264     6.803    u_top/u_atomik/i_13/O_n
    SLICE_X104Y108       LUT6 (Prop_lut6_I5_O)        0.105     6.908 f  u_top/u_atomik/i_12_LOPT_REMAP/O
                         net (fo=1, routed)           0.428     7.336    u_top/u_atomik/i_12/O_n
    SLICE_X96Y109        LUT6 (Prop_lut6_I5_O)        0.105     7.441 f  u_top/u_atomik/i_11_LOPT_REMAP/O
                         net (fo=1, routed)           0.682     8.123    u_top/u_atomik/i_11/O_n
    SLICE_X97Y110        LUT6 (Prop_lut6_I1_O)        0.105     8.228 r  u_top/u_atomik/i_0_LOPT_REMAP/O
                         net (fo=1, routed)           0.000     8.228    u_top/u_cdc/acc_zero
    SLICE_X97Y110        FDCE                                         r  u_top/u_cdc/core_resp_acc_zero_reg/D
  -------------------------------------------------------------------    -------------------

                         (clock atomik_clk rise edge)
                                                      2.625     2.625 r  
                         clock source latency         1.935     4.560    
                         propagated clock network latency
                                                      3.004     7.565    
                         clock pessimism              0.502     8.066    
                         clock uncertainty           -0.061     8.005    
    SLICE_X97Y110        FDCE (Setup_fdce_C_D)        0.030     8.035    u_top/u_cdc/core_resp_acc_zero_reg
  -------------------------------------------------------------------
                         required time                          8.035    
                         arrival time                          -8.228    
  -------------------------------------------------------------------
                         slack                                 -0.193    

Slack (VIOLATED) :        -0.193ns  (required time - arrival time)
  Source:                 u_top/u_atomik/banks[1].bank_acc_reg[1][34]/C
                            (rising edge-triggered cell FDRE clocked by atomik_clk  {rise@0.000ns fall@1.312ns period=2.625ns})
  Destination:            u_top/u_cdc/core_resp_acc_zero_reg/D
                            (rising edge-triggered cell FDCE clocked by atomik_clk  {rise@0.000ns fall@1.312ns period=2.625ns})
  Path Group:             atomik_clk
  Path Type:              Setup (Max at Slow Process Corner)
  Requirement:            2.625ns  (atomik_clk rise@2.625ns - atomik_clk rise@0.000ns)
  Data Path Delay:        2.721ns  (logic 0.799ns (29.361%)  route 1.922ns (70.639%))
  Logic Levels:           4  (LUT4=1 LUT6=3)
  Clock Path Skew:        -0.065ns (DCD - SCD + CPR)
    Destination Clock Delay (DCD):    4.940ns = ( 7.565 - 2.625 ) 
    Source Clock Delay      (SCD):    5.506ns
    Clock Pessimism Removal (CPR):    0.502ns
  Clock Uncertainty:      0.061ns  ((TSJ^2 + DJ^2)^1/2) / 2 + PE
    Total System Jitter     (TSJ):    0.071ns
    Discrete Jitter          (DJ):    0.100ns
    Phase Error              (PE):    0.000ns

    Location             Delay type                Incr(ns)  Path(ns)    Netlist Resource(s)
  -------------------------------------------------------------------    -------------------
                         (clock atomik_clk rise edge)
                                                      0.000     0.000 r  
                         clock source latency         2.177     2.177    
                         propagated clock network latency
                                                      3.329     5.506    
    SLICE_X103Y108       FDRE                         0.000     5.506 r  u_top/u_atomik/banks[1].bank_acc_reg[1][34]/C
    SLICE_X103Y108       FDRE (Prop_fdre_C_Q)         0.379     5.885 f  u_top/u_atomik/banks[1].bank_acc_reg[1][34]/Q
                         net (fo=3, routed)           0.548     6.433    u_top/u_atomik/banks[1].bank_acc_reg[1][63]_0[34]
    SLICE_X105Y108       LUT4 (Prop_lut4_I0_O)        0.105     6.538 f  u_top/u_atomik/i_13_LOPT_REMAP/O
                         net (fo=1, routed)           0.264     6.803    u_top/u_atomik/i_13/O_n
    SLICE_X104Y108       LUT6 (Prop_lut6_I5_O)        0.105     6.908 f  u_top/u_atomik/i_12_LOPT_REMAP/O
                         net (fo=1, routed)           0.428     7.336    u_top/u_atomik/i_12/O_n
    SLICE_X96Y109        LUT6 (Prop_lut6_I5_O)        0.105     7.441 f  u_top/u_atomik/i_11_LOPT_REMAP/O
                         net (fo=1, routed)           0.682     8.123    u_top/u_atomik/i_11/O_n
    SLICE_X97Y110        LUT6 (Prop_lut6_I1_O)        0.105     8.228 r  u_top/u_atomik/i_0_LOPT_REMAP/O
                         net (fo=1, routed)           0.000     8.228    u_top/u_cdc/acc_zero
    SLICE_X97Y110        FDCE                                         r  u_top/u_cdc/core_resp_acc_zero_reg/D
  -------------------------------------------------------------------    -------------------

                         (clock atomik_clk rise edge)
                                                      2.625     2.625 r  
                         clock source latency         1.935     4.560    
                         propagated clock network latency
                                                      3.004     7.565    
                         clock pessimism              0.502     8.066    
                         clock uncertainty           -0.061     8.005    
    SLICE_X97Y110        FDCE (Setup_fdce_C_D)        0.030     8.035    u_top/u_cdc/core_resp_acc_zero_reg
  -------------------------------------------------------------------
                         required time                          8.035    
                         arrival time                          -8.228    
  -------------------------------------------------------------------
                         slack                                 -0.193    

Slack (VIOLATED) :        -0.193ns  (required time - arrival time)
  Source:                 u_top/u_atomik/banks[1].bank_acc_reg[1][34]/C
                            (rising edge-triggered cell FDRE clocked by atomik_clk  {rise@0.000ns fall@1.312ns period=2.625ns})
  Destination:            u_top/u_cdc/core_resp_acc_zero_reg/D
                            (rising edge-triggered cell FDCE clocked by atomik_clk  {rise@0.000ns fall@1.312ns period=2.625ns})
  Path Group:             atomik_clk
  Path Type:              Setup (Max at Slow Process Corner)
  Requirement:            2.625ns  (atomik_clk rise@2.625ns - atomik_clk rise@0.000ns)
  Data Path Delay:        2.721ns  (logic 0.799ns (29.361%)  route 1.922ns (70.639%))
  Logic Levels:           4  (LUT4=1 LUT6=3)
  Clock Path Skew:        -0.065ns (DCD - SCD + CPR)
    Destination Clock Delay (DCD):    4.940ns = ( 7.565 - 2.625 ) 
    Source Clock Delay      (SCD):    5.506ns
    Clock Pessimism Removal (CPR):    0.502ns
  Clock Uncertainty:      0.061ns  ((TSJ^2 + DJ^2)^1/2) / 2 + PE
    Total System Jitter     (TSJ):    0.071ns
    Discrete Jitter          (DJ):    0.100ns
    Phase Error              (PE):    0.000ns

    Location             Delay type                Incr(ns)  Path(ns)    Netlist Resource(s)
  -------------------------------------------------------------------    -------------------
                         (clock atomik_clk rise edge)
                                                      0.000     0.000 r  
                         clock source latency         2.177     2.177    
                         propagated clock network latency
                                                      3.329     5.506    
    SLICE_X103Y108       FDRE                         0.000     5.506 r  u_top/u_atomik/banks[1].bank_acc_reg[1][34]/C
    SLICE_X103Y108       FDRE (Prop_fdre_C_Q)         0.379     5.885 r  u_top/u_atomik/banks[1].bank_acc_reg[1][34]/Q
                         net (fo=3, routed)           0.548     6.433    u_top/u_atomik/banks[1].bank_acc_reg[1][63]_0[34]
    SLICE_X105Y108       LUT4 (Prop_lut4_I0_O)        0.105     6.538 r  u_top/u_atomik/i_13_LOPT_REMAP/O
                         net (fo=1, routed)           0.264     6.803    u_top/u_atomik/i_13/O_n
    SLICE_X104Y108       LUT6 (Prop_lut6_I5_O)        0.105     6.908 r  u_top/u_atomik/i_12_LOPT_REMAP/O
                         net (fo=1, routed)           0.428     7.336    u_top/u_atomik/i_12/O_n
    SLICE_X96Y109        LUT6 (Prop_lut6_I5_O)        0.105     7.441 r  u_top/u_atomik/i_11_LOPT_REMAP/O
                         net (fo=1, routed)           0.682     8.123    u_top/u_atomik/i_11/O_n
    SLICE_X97Y110        LUT6 (Prop_lut6_I1_O)        0.105     8.228 f  u_top/u_atomik/i_0_LOPT_REMAP/O
                         net (fo=1, routed)           0.000     8.228    u_top/u_cdc/acc_zero
    SLICE_X97Y110        FDCE                                         f  u_top/u_cdc/core_resp_acc_zero_reg/D
  -------------------------------------------------------------------    -------------------

                         (clock atomik_clk rise edge)
                                                      2.625     2.625 r  
                         clock source latency         1.935     4.560    
                         propagated clock network latency
                                                      3.004     7.565    
                         clock pessimism              0.502     8.066    
                         clock uncertainty           -0.061     8.005    
    SLICE_X97Y110        FDCE (Setup_fdce_C_D)        0.030     8.035    u_top/u_cdc/core_resp_acc_zero_reg
  -------------------------------------------------------------------
                         required time                          8.035    
                         arrival time                          -8.228    
  -------------------------------------------------------------------
                         slack                                 -0.193    

Slack (VIOLATED) :        -0.193ns  (required time - arrival time)
  Source:                 u_top/u_atomik/banks[1].bank_acc_reg[1][34]/C
                            (rising edge-triggered cell FDRE clocked by atomik_clk  {rise@0.000ns fall@1.312ns period=2.625ns})
  Destination:            u_top/u_cdc/core_resp_acc_zero_reg/D
                            (rising edge-triggered cell FDCE clocked by atomik_clk  {rise@0.000ns fall@1.312ns period=2.625ns})
  Path Group:             atomik_clk
  Path Type:              Setup (Max at Slow Process Corner)
  Requirement:            2.625ns  (atomik_clk rise@2.625ns - atomik_clk rise@0.000ns)
  Data Path Delay:        2.721ns  (logic 0.799ns (29.361%)  route 1.922ns (70.639%))
  Logic Levels:           4  (LUT4=1 LUT6=3)
  Clock Path Skew:        -0.065ns (DCD - SCD + CPR)
    Destination Clock Delay (DCD):    4.940ns = ( 7.565 - 2.625 ) 
    Source Clock Delay      (SCD):    5.506ns
    Clock Pessimism Removal (CPR):    0.502ns
  Clock Uncertainty:      0.061ns  ((TSJ^2 + DJ^2)^1/2) / 2 + PE
    Total System Jitter     (TSJ):    0.071ns
    Discrete Jitter          (DJ):    0.100ns
    Phase Error              (PE):    0.000ns

    Location             Delay type                Incr(ns)  Path(ns)    Netlist Resource(s)
  -------------------------------------------------------------------    -------------------
                         (clock atomik_clk rise edge)
                                                      0.000     0.000 r  
                         clock source latency         2.177     2.177    
                         propagated clock network latency
                                                      3.329     5.506    
    SLICE_X103Y108       FDRE                         0.000     5.506 r  u_top/u_atomik/banks[1].bank_acc_reg[1][34]/C
    SLICE_X103Y108       FDRE (Prop_fdre_C_Q)         0.379     5.885 f  u_top/u_atomik/banks[1].bank_acc_reg[1][34]/Q
                         net (fo=3, routed)           0.548     6.433    u_top/u_atomik/banks[1].bank_acc_reg[1][63]_0[34]
    SLICE_X105Y108       LUT4 (Prop_lut4_I0_O)        0.105     6.538 r  u_top/u_atomik/i_13_LOPT_REMAP/O
                         net (fo=1, routed)           0.264     6.803    u_top/u_atomik/i_13/O_n
    SLICE_X104Y108       LUT6 (Prop_lut6_I5_O)        0.105     6.908 r  u_top/u_atomik/i_12_LOPT_REMAP/O
                         net (fo=1, routed)           0.428     7.336    u_top/u_atomik/i_12/O_n
    SLICE_X96Y109        LUT6 (Prop_lut6_I5_O)        0.105     7.441 r  u_top/u_atomik/i_11_LOPT_REMAP/O
                         net (fo=1, routed)           0.682     8.123    u_top/u_atomik/i_11/O_n
    SLICE_X97Y110        LUT6 (Prop_lut6_I1_O)        0.105     8.228 f  u_top/u_atomik/i_0_LOPT_REMAP/O
                         net (fo=1, routed)           0.000     8.228    u_top/u_cdc/acc_zero
    SLICE_X97Y110        FDCE                                         f  u_top/u_cdc/core_resp_acc_zero_reg/D
  -------------------------------------------------------------------    -------------------

                         (clock atomik_clk rise edge)
                                                      2.625     2.625 r  
                         clock source latency         1.935     4.560    
                         propagated clock network latency
                                                      3.004     7.565    
                         clock pessimism              0.502     8.066    
                         clock uncertainty           -0.061     8.005    
    SLICE_X97Y110        FDCE (Setup_fdce_C_D)        0.030     8.035    u_top/u_cdc/core_resp_acc_zero_reg
  -------------------------------------------------------------------
                         required time                          8.035    
                         arrival time                          -8.228    
  -------------------------------------------------------------------
                         slack                                 -0.193    

Slack (VIOLATED) :        -0.172ns  (required time - arrival time)
  Source:                 u_top/u_atomik/banks[1].bank_acc_reg[1][5]/C
                            (rising edge-triggered cell FDRE clocked by atomik_clk  {rise@0.000ns fall@1.312ns period=2.625ns})
  Destination:            u_top/u_cdc/core_resp_acc_zero_reg/D
                            (rising edge-triggered cell FDCE clocked by atomik_clk  {rise@0.000ns fall@1.312ns period=2.625ns})
  Path Group:             atomik_clk
  Path Type:              Setup (Max at Slow Process Corner)
  Requirement:            2.625ns  (atomik_clk rise@2.625ns - atomik_clk rise@0.000ns)
  Data Path Delay:        2.707ns  (logic 0.853ns (31.512%)  route 1.854ns (68.488%))
  Logic Levels:           4  (LUT4=2 LUT6=2)
  Clock Path Skew:        -0.059ns (DCD - SCD + CPR)
    Destination Clock Delay (DCD):    4.940ns = ( 7.565 - 2.625 ) 
    Source Clock Delay      (SCD):    5.500ns
    Clock Pessimism Removal (CPR):    0.502ns
  Clock Uncertainty:      0.061ns  ((TSJ^2 + DJ^2)^1/2) / 2 + PE
    Total System Jitter     (TSJ):    0.071ns
    Discrete Jitter          (DJ):    0.100ns
    Phase Error              (PE):    0.000ns

    Location             Delay type                Incr(ns)  Path(ns)    Netlist Resource(s)
  -------------------------------------------------------------------    -------------------
                         (clock atomik_clk rise edge)
                                                      0.000     0.000 r  
                         clock source latency         2.177     2.177    
                         propagated clock network latency
                                                      3.323     5.500    
    SLICE_X100Y114       FDRE                         0.000     5.500 r  u_top/u_atomik/banks[1].bank_acc_reg[1][5]/C
    SLICE_X100Y114       FDRE (Prop_fdre_C_Q)         0.433     5.933 r  u_top/u_atomik/banks[1].bank_acc_reg[1][5]/Q
                         net (fo=3, routed)           0.438     6.372    u_top/u_atomik/banks[1].bank_acc_reg[1][63]_0[5]
    SLICE_X100Y114       LUT4 (Prop_lut4_I0_O)        0.105     6.477 f  u_top/u_atomik/i_10_LOPT_REMAP/O
                         net (fo=1, routed)           0.449     6.926    u_top/u_atomik/i_10/O_n
    SLICE_X97Y113        LUT6 (Prop_lut6_I0_O)        0.105     7.031 f  u_top/u_atomik/i_8_LOPT_REMAP/O
                         net (fo=1, routed)           0.503     7.534    u_top/u_atomik/i_8/O_n
    SLICE_X97Y112        LUT4 (Prop_lut4_I2_O)        0.105     7.639 f  u_top/u_atomik/i_1_LOPT_REMAP_rewire/O
                         net (fo=1, routed)           0.463     8.102    u_top/u_atomik/i_1/O_n
    SLICE_X97Y110        LUT6 (Prop_lut6_I3_O)        0.105     8.207 r  u_top/u_atomik/i_0_LOPT_REMAP/O
                         net (fo=1, routed)           0.000     8.207    u_top/u_cdc/acc_zero
    SLICE_X97Y110        FDCE                                         r  u_top/u_cdc/core_resp_acc_zero_reg/D
  -------------------------------------------------------------------    -------------------

                         (clock atomik_clk rise edge)
                                                      2.625     2.625 r  
                         clock source latency         1.935     4.560    
                         propagated clock network latency
                                                      3.004     7.565    
                         clock pessimism              0.502     8.066    
                         clock uncertainty           -0.061     8.005    
    SLICE_X97Y110        FDCE (Setup_fdce_C_D)        0.030     8.035    u_top/u_cdc/core_resp_acc_zero_reg
  -------------------------------------------------------------------
                         required time                          8.035    
                         arrival time                          -8.207    
  -------------------------------------------------------------------
                         slack                                 -0.172    




