Copyright 1986-2022 Xilinx, Inc. All Rights Reserved. Copyright 2022-2025 Advanced Micro Devices, Inc. All Rights Reserved.
----------------------------------------------------------------------------------------------------------------------------------------------------
| Tool Version : Vivado v.2025.2 (lin64) Build 6299465 Fri Nov 14 12:34:56 MST 2025
| Date         : Fri Mar 13 21:05:49 2026
| Host         : Jarvis running 64-bit Ubuntu 24.04.4 LTS
| Command      : report_timing -nworst 5 -path_type full -file /home/mattrock/Projects/ATOMiK/hardware/zynq/sweep/reports/crit_path_N256_F148p1.rpt
| Design       : sweep_top_N256_F148p1
| Device       : 7z020-clg400
| Speed File   : -2  PRODUCTION 1.12 2019-11-22
| Design State : Routed
----------------------------------------------------------------------------------------------------------------------------------------------------

Timing Report

Slack (VIOLATED) :        -0.100ns  (required time - arrival time)
  Source:                 u_top/u_atomik/banks[148].bank_acc_reg[148][9]/C
                            (rising edge-triggered cell FDRE clocked by atomik_clk  {rise@0.000ns fall@3.375ns period=6.750ns})
  Destination:            u_top/u_cdc/core_resp_acc_zero_reg/D
                            (rising edge-triggered cell FDCE clocked by atomik_clk  {rise@0.000ns fall@3.375ns period=6.750ns})
  Path Group:             atomik_clk
  Path Type:              Setup (Max at Slow Process Corner)
  Requirement:            6.750ns  (atomik_clk rise@6.750ns - atomik_clk rise@0.000ns)
  Data Path Delay:        6.508ns  (logic 1.063ns (16.333%)  route 5.445ns (83.667%))
  Logic Levels:           6  (LUT5=1 LUT6=5)
  Clock Path Skew:        -0.302ns (DCD - SCD + CPR)
    Destination Clock Delay (DCD):    4.791ns = ( 11.541 - 6.750 ) 
    Source Clock Delay      (SCD):    5.487ns
    Clock Pessimism Removal (CPR):    0.393ns
  Clock Uncertainty:      0.070ns  ((TSJ^2 + DJ^2)^1/2) / 2 + PE
    Total System Jitter     (TSJ):    0.071ns
    Discrete Jitter          (DJ):    0.120ns
    Phase Error              (PE):    0.000ns

    Location             Delay type                Incr(ns)  Path(ns)    Netlist Resource(s)
  -------------------------------------------------------------------    -------------------
                         (clock atomik_clk rise edge)
                                                      0.000     0.000 r  
                         clock source latency         2.194     2.194    
                         propagated clock network latency
                                                      3.293     5.487    
    SLICE_X58Y104        FDRE                         0.000     5.487 r  u_top/u_atomik/banks[148].bank_acc_reg[148][9]/C
    SLICE_X58Y104        FDRE (Prop_fdre_C_Q)         0.433     5.920 r  u_top/u_atomik/banks[148].bank_acc_reg[148][9]/Q
                         net (fo=3, routed)           0.909     6.829    u_top/u_atomik/banks[148].bank_acc_reg[148][63]_0[9]
    SLICE_X59Y107        LUT6 (Prop_lut6_I0_O)        0.105     6.934 r  u_top/u_atomik/core_resp_acc_zero_i_1161/O
                         net (fo=1, routed)           2.225     9.159    u_top/u_atomik/core_resp_acc_zero_i_1161_n_0
    SLICE_X72Y49         LUT6 (Prop_lut6_I3_O)        0.105     9.264 r  u_top/u_atomik/core_resp_acc_zero_i_336/O
                         net (fo=1, routed)           0.658     9.921    u_top/u_atomik/core_resp_acc_zero_i_336_n_0
    SLICE_X75Y49         LUT6 (Prop_lut6_I0_O)        0.105    10.026 r  u_top/u_atomik/core_resp_acc_zero_i_83/O
                         net (fo=1, routed)           0.327    10.354    u_top/u_atomik/core_resp_acc_zero_i_83_n_0
    SLICE_X77Y49         LUT6 (Prop_lut6_I3_O)        0.105    10.459 f  u_top/u_atomik/core_resp_acc_zero_i_26/O
                         net (fo=1, routed)           0.657    11.116    u_top/u_atomik/p_256_in[9]
    SLICE_X78Y48         LUT5 (Prop_lut5_I3_O)        0.105    11.221 f  u_top/u_atomik/core_resp_acc_zero_i_5/O
                         net (fo=1, routed)           0.669    11.890    u_top/u_atomik/core_resp_acc_zero_i_5_n_0
    SLICE_X75Y48         LUT6 (Prop_lut6_I3_O)        0.105    11.995 r  u_top/u_atomik/core_resp_acc_zero_i_1/O
                         net (fo=1, routed)           0.000    11.995    u_top/u_cdc/acc_zero
    SLICE_X75Y48         FDCE                                         r  u_top/u_cdc/core_resp_acc_zero_reg/D
  -------------------------------------------------------------------    -------------------

                         (clock atomik_clk rise edge)
                                                      6.750     6.750 r  
                         clock source latency         1.951     8.701    
                         propagated clock network latency
                                                      2.840    11.541    
                         clock pessimism              0.393    11.934    
                         clock uncertainty           -0.070    11.865    
    SLICE_X75Y48         FDCE (Setup_fdce_C_D)        0.030    11.895    u_top/u_cdc/core_resp_acc_zero_reg
  -------------------------------------------------------------------
                         required time                         11.895    
                         arrival time                         -11.995    
  -------------------------------------------------------------------
                         slack                                 -0.100    

Slack (VIOLATED) :        -0.100ns  (required time - arrival time)
  Source:                 u_top/u_atomik/banks[148].bank_acc_reg[148][9]/C
                            (rising edge-triggered cell FDRE clocked by atomik_clk  {rise@0.000ns fall@3.375ns period=6.750ns})
  Destination:            u_top/u_cdc/core_resp_acc_zero_reg/D
                            (rising edge-triggered cell FDCE clocked by atomik_clk  {rise@0.000ns fall@3.375ns period=6.750ns})
  Path Group:             atomik_clk
  Path Type:              Setup (Max at Slow Process Corner)
  Requirement:            6.750ns  (atomik_clk rise@6.750ns - atomik_clk rise@0.000ns)
  Data Path Delay:        6.508ns  (logic 1.063ns (16.333%)  route 5.445ns (83.667%))
  Logic Levels:           6  (LUT5=1 LUT6=5)
  Clock Path Skew:        -0.302ns (DCD - SCD + CPR)
    Destination Clock Delay (DCD):    4.791ns = ( 11.541 - 6.750 ) 
    Source Clock Delay      (SCD):    5.487ns
    Clock Pessimism Removal (CPR):    0.393ns
  Clock Uncertainty:      0.070ns  ((TSJ^2 + DJ^2)^1/2) / 2 + PE
    Total System Jitter     (TSJ):    0.071ns
    Discrete Jitter          (DJ):    0.120ns
    Phase Error              (PE):    0.000ns

    Location             Delay type                Incr(ns)  Path(ns)    Netlist Resource(s)
  -------------------------------------------------------------------    -------------------
                         (clock atomik_clk rise edge)
                                                      0.000     0.000 r  
                         clock source latency         2.194     2.194    
                         propagated clock network latency
                                                      3.293     5.487    
    SLICE_X58Y104        FDRE                         0.000     5.487 r  u_top/u_atomik/banks[148].bank_acc_reg[148][9]/C
    SLICE_X58Y104        FDRE (Prop_fdre_C_Q)         0.433     5.920 f  u_top/u_atomik/banks[148].bank_acc_reg[148][9]/Q
                         net (fo=3, routed)           0.909     6.829    u_top/u_atomik/banks[148].bank_acc_reg[148][63]_0[9]
    SLICE_X59Y107        LUT6 (Prop_lut6_I0_O)        0.105     6.934 r  u_top/u_atomik/core_resp_acc_zero_i_1161/O
                         net (fo=1, routed)           2.225     9.159    u_top/u_atomik/core_resp_acc_zero_i_1161_n_0
    SLICE_X72Y49         LUT6 (Prop_lut6_I3_O)        0.105     9.264 r  u_top/u_atomik/core_resp_acc_zero_i_336/O
                         net (fo=1, routed)           0.658     9.921    u_top/u_atomik/core_resp_acc_zero_i_336_n_0
    SLICE_X75Y49         LUT6 (Prop_lut6_I0_O)        0.105    10.026 r  u_top/u_atomik/core_resp_acc_zero_i_83/O
                         net (fo=1, routed)           0.327    10.354    u_top/u_atomik/core_resp_acc_zero_i_83_n_0
    SLICE_X77Y49         LUT6 (Prop_lut6_I3_O)        0.105    10.459 f  u_top/u_atomik/core_resp_acc_zero_i_26/O
                         net (fo=1, routed)           0.657    11.116    u_top/u_atomik/p_256_in[9]
    SLICE_X78Y48         LUT5 (Prop_lut5_I3_O)        0.105    11.221 f  u_top/u_atomik/core_resp_acc_zero_i_5/O
                         net (fo=1, routed)           0.669    11.890    u_top/u_atomik/core_resp_acc_zero_i_5_n_0
    SLICE_X75Y48         LUT6 (Prop_lut6_I3_O)        0.105    11.995 r  u_top/u_atomik/core_resp_acc_zero_i_1/O
                         net (fo=1, routed)           0.000    11.995    u_top/u_cdc/acc_zero
    SLICE_X75Y48         FDCE                                         r  u_top/u_cdc/core_resp_acc_zero_reg/D
  -------------------------------------------------------------------    -------------------

                         (clock atomik_clk rise edge)
                                                      6.750     6.750 r  
                         clock source latency         1.951     8.701    
                         propagated clock network latency
                                                      2.840    11.541    
                         clock pessimism              0.393    11.934    
                         clock uncertainty           -0.070    11.865    
    SLICE_X75Y48         FDCE (Setup_fdce_C_D)        0.030    11.895    u_top/u_cdc/core_resp_acc_zero_reg
  -------------------------------------------------------------------
                         required time                         11.895    
                         arrival time                         -11.995    
  -------------------------------------------------------------------
                         slack                                 -0.100    

Slack (VIOLATED) :        -0.100ns  (required time - arrival time)
  Source:                 u_top/u_atomik/banks[148].bank_acc_reg[148][9]/C
                            (rising edge-triggered cell FDRE clocked by atomik_clk  {rise@0.000ns fall@3.375ns period=6.750ns})
  Destination:            u_top/u_cdc/core_resp_acc_zero_reg/D
                            (rising edge-triggered cell FDCE clocked by atomik_clk  {rise@0.000ns fall@3.375ns period=6.750ns})
  Path Group:             atomik_clk
  Path Type:              Setup (Max at Slow Process Corner)
  Requirement:            6.750ns  (atomik_clk rise@6.750ns - atomik_clk rise@0.000ns)
  Data Path Delay:        6.508ns  (logic 1.063ns (16.333%)  route 5.445ns (83.667%))
  Logic Levels:           6  (LUT5=1 LUT6=5)
  Clock Path Skew:        -0.302ns (DCD - SCD + CPR)
    Destination Clock Delay (DCD):    4.791ns = ( 11.541 - 6.750 ) 
    Source Clock Delay      (SCD):    5.487ns
    Clock Pessimism Removal (CPR):    0.393ns
  Clock Uncertainty:      0.070ns  ((TSJ^2 + DJ^2)^1/2) / 2 + PE
    Total System Jitter     (TSJ):    0.071ns
    Discrete Jitter          (DJ):    0.120ns
    Phase Error              (PE):    0.000ns

    Location             Delay type                Incr(ns)  Path(ns)    Netlist Resource(s)
  -------------------------------------------------------------------    -------------------
                         (clock atomik_clk rise edge)
                                                      0.000     0.000 r  
                         clock source latency         2.194     2.194    
                         propagated clock network latency
                                                      3.293     5.487    
    SLICE_X58Y104        FDRE                         0.000     5.487 r  u_top/u_atomik/banks[148].bank_acc_reg[148][9]/C
    SLICE_X58Y104        FDRE (Prop_fdre_C_Q)         0.433     5.920 r  u_top/u_atomik/banks[148].bank_acc_reg[148][9]/Q
                         net (fo=3, routed)           0.909     6.829    u_top/u_atomik/banks[148].bank_acc_reg[148][63]_0[9]
    SLICE_X59Y107        LUT6 (Prop_lut6_I0_O)        0.105     6.934 r  u_top/u_atomik/core_resp_acc_zero_i_1161/O
                         net (fo=1, routed)           2.225     9.159    u_top/u_atomik/core_resp_acc_zero_i_1161_n_0
    SLICE_X72Y49         LUT6 (Prop_lut6_I3_O)        0.105     9.264 r  u_top/u_atomik/core_resp_acc_zero_i_336/O
                         net (fo=1, routed)           0.658     9.921    u_top/u_atomik/core_resp_acc_zero_i_336_n_0
    SLICE_X75Y49         LUT6 (Prop_lut6_I0_O)        0.105    10.026 f  u_top/u_atomik/core_resp_acc_zero_i_83/O
                         net (fo=1, routed)           0.327    10.354    u_top/u_atomik/core_resp_acc_zero_i_83_n_0
    SLICE_X77Y49         LUT6 (Prop_lut6_I3_O)        0.105    10.459 f  u_top/u_atomik/core_resp_acc_zero_i_26/O
                         net (fo=1, routed)           0.657    11.116    u_top/u_atomik/p_256_in[9]
    SLICE_X78Y48         LUT5 (Prop_lut5_I3_O)        0.105    11.221 f  u_top/u_atomik/core_resp_acc_zero_i_5/O
                         net (fo=1, routed)           0.669    11.890    u_top/u_atomik/core_resp_acc_zero_i_5_n_0
    SLICE_X75Y48         LUT6 (Prop_lut6_I3_O)        0.105    11.995 r  u_top/u_atomik/core_resp_acc_zero_i_1/O
                         net (fo=1, routed)           0.000    11.995    u_top/u_cdc/acc_zero
    SLICE_X75Y48         FDCE                                         r  u_top/u_cdc/core_resp_acc_zero_reg/D
  -------------------------------------------------------------------    -------------------

                         (clock atomik_clk rise edge)
                                                      6.750     6.750 r  
                         clock source latency         1.951     8.701    
                         propagated clock network latency
                                                      2.840    11.541    
                         clock pessimism              0.393    11.934    
                         clock uncertainty           -0.070    11.865    
    SLICE_X75Y48         FDCE (Setup_fdce_C_D)        0.030    11.895    u_top/u_cdc/core_resp_acc_zero_reg
  -------------------------------------------------------------------
                         required time                         11.895    
                         arrival time                         -11.995    
  -------------------------------------------------------------------
                         slack                                 -0.100    

Slack (VIOLATED) :        -0.100ns  (required time - arrival time)
  Source:                 u_top/u_atomik/banks[148].bank_acc_reg[148][9]/C
                            (rising edge-triggered cell FDRE clocked by atomik_clk  {rise@0.000ns fall@3.375ns period=6.750ns})
  Destination:            u_top/u_cdc/core_resp_acc_zero_reg/D
                            (rising edge-triggered cell FDCE clocked by atomik_clk  {rise@0.000ns fall@3.375ns period=6.750ns})
  Path Group:             atomik_clk
  Path Type:              Setup (Max at Slow Process Corner)
  Requirement:            6.750ns  (atomik_clk rise@6.750ns - atomik_clk rise@0.000ns)
  Data Path Delay:        6.508ns  (logic 1.063ns (16.333%)  route 5.445ns (83.667%))
  Logic Levels:           6  (LUT5=1 LUT6=5)
  Clock Path Skew:        -0.302ns (DCD - SCD + CPR)
    Destination Clock Delay (DCD):    4.791ns = ( 11.541 - 6.750 ) 
    Source Clock Delay      (SCD):    5.487ns
    Clock Pessimism Removal (CPR):    0.393ns
  Clock Uncertainty:      0.070ns  ((TSJ^2 + DJ^2)^1/2) / 2 + PE
    Total System Jitter     (TSJ):    0.071ns
    Discrete Jitter          (DJ):    0.120ns
    Phase Error              (PE):    0.000ns

    Location             Delay type                Incr(ns)  Path(ns)    Netlist Resource(s)
  -------------------------------------------------------------------    -------------------
                         (clock atomik_clk rise edge)
                                                      0.000     0.000 r  
                         clock source latency         2.194     2.194    
                         propagated clock network latency
                                                      3.293     5.487    
    SLICE_X58Y104        FDRE                         0.000     5.487 r  u_top/u_atomik/banks[148].bank_acc_reg[148][9]/C
    SLICE_X58Y104        FDRE (Prop_fdre_C_Q)         0.433     5.920 f  u_top/u_atomik/banks[148].bank_acc_reg[148][9]/Q
                         net (fo=3, routed)           0.909     6.829    u_top/u_atomik/banks[148].bank_acc_reg[148][63]_0[9]
    SLICE_X59Y107        LUT6 (Prop_lut6_I0_O)        0.105     6.934 r  u_top/u_atomik/core_resp_acc_zero_i_1161/O
                         net (fo=1, routed)           2.225     9.159    u_top/u_atomik/core_resp_acc_zero_i_1161_n_0
    SLICE_X72Y49         LUT6 (Prop_lut6_I3_O)        0.105     9.264 r  u_top/u_atomik/core_resp_acc_zero_i_336/O
                         net (fo=1, routed)           0.658     9.921    u_top/u_atomik/core_resp_acc_zero_i_336_n_0
    SLICE_X75Y49         LUT6 (Prop_lut6_I0_O)        0.105    10.026 f  u_top/u_atomik/core_resp_acc_zero_i_83/O
                         net (fo=1, routed)           0.327    10.354    u_top/u_atomik/core_resp_acc_zero_i_83_n_0
    SLICE_X77Y49         LUT6 (Prop_lut6_I3_O)        0.105    10.459 f  u_top/u_atomik/core_resp_acc_zero_i_26/O
                         net (fo=1, routed)           0.657    11.116    u_top/u_atomik/p_256_in[9]
    SLICE_X78Y48         LUT5 (Prop_lut5_I3_O)        0.105    11.221 f  u_top/u_atomik/core_resp_acc_zero_i_5/O
                         net (fo=1, routed)           0.669    11.890    u_top/u_atomik/core_resp_acc_zero_i_5_n_0
    SLICE_X75Y48         LUT6 (Prop_lut6_I3_O)        0.105    11.995 r  u_top/u_atomik/core_resp_acc_zero_i_1/O
                         net (fo=1, routed)           0.000    11.995    u_top/u_cdc/acc_zero
    SLICE_X75Y48         FDCE                                         r  u_top/u_cdc/core_resp_acc_zero_reg/D
  -------------------------------------------------------------------    -------------------

                         (clock atomik_clk rise edge)
                                                      6.750     6.750 r  
                         clock source latency         1.951     8.701    
                         propagated clock network latency
                                                      2.840    11.541    
                         clock pessimism              0.393    11.934    
                         clock uncertainty           -0.070    11.865    
    SLICE_X75Y48         FDCE (Setup_fdce_C_D)        0.030    11.895    u_top/u_cdc/core_resp_acc_zero_reg
  -------------------------------------------------------------------
                         required time                         11.895    
                         arrival time                         -11.995    
  -------------------------------------------------------------------
                         slack                                 -0.100    

Slack (VIOLATED) :        -0.100ns  (required time - arrival time)
  Source:                 u_top/u_atomik/banks[148].bank_acc_reg[148][9]/C
                            (rising edge-triggered cell FDRE clocked by atomik_clk  {rise@0.000ns fall@3.375ns period=6.750ns})
  Destination:            u_top/u_cdc/core_resp_acc_zero_reg/D
                            (rising edge-triggered cell FDCE clocked by atomik_clk  {rise@0.000ns fall@3.375ns period=6.750ns})
  Path Group:             atomik_clk
  Path Type:              Setup (Max at Slow Process Corner)
  Requirement:            6.750ns  (atomik_clk rise@6.750ns - atomik_clk rise@0.000ns)
  Data Path Delay:        6.508ns  (logic 1.063ns (16.333%)  route 5.445ns (83.667%))
  Logic Levels:           6  (LUT5=1 LUT6=5)
  Clock Path Skew:        -0.302ns (DCD - SCD + CPR)
    Destination Clock Delay (DCD):    4.791ns = ( 11.541 - 6.750 ) 
    Source Clock Delay      (SCD):    5.487ns
    Clock Pessimism Removal (CPR):    0.393ns
  Clock Uncertainty:      0.070ns  ((TSJ^2 + DJ^2)^1/2) / 2 + PE
    Total System Jitter     (TSJ):    0.071ns
    Discrete Jitter          (DJ):    0.120ns
    Phase Error              (PE):    0.000ns

    Location             Delay type                Incr(ns)  Path(ns)    Netlist Resource(s)
  -------------------------------------------------------------------    -------------------
                         (clock atomik_clk rise edge)
                                                      0.000     0.000 r  
                         clock source latency         2.194     2.194    
                         propagated clock network latency
                                                      3.293     5.487    
    SLICE_X58Y104        FDRE                         0.000     5.487 r  u_top/u_atomik/banks[148].bank_acc_reg[148][9]/C
    SLICE_X58Y104        FDRE (Prop_fdre_C_Q)         0.433     5.920 r  u_top/u_atomik/banks[148].bank_acc_reg[148][9]/Q
                         net (fo=3, routed)           0.909     6.829    u_top/u_atomik/banks[148].bank_acc_reg[148][63]_0[9]
    SLICE_X59Y107        LUT6 (Prop_lut6_I0_O)        0.105     6.934 f  u_top/u_atomik/core_resp_acc_zero_i_1161/O
                         net (fo=1, routed)           2.225     9.159    u_top/u_atomik/core_resp_acc_zero_i_1161_n_0
    SLICE_X72Y49         LUT6 (Prop_lut6_I3_O)        0.105     9.264 r  u_top/u_atomik/core_resp_acc_zero_i_336/O
                         net (fo=1, routed)           0.658     9.921    u_top/u_atomik/core_resp_acc_zero_i_336_n_0
    SLICE_X75Y49         LUT6 (Prop_lut6_I0_O)        0.105    10.026 f  u_top/u_atomik/core_resp_acc_zero_i_83/O
                         net (fo=1, routed)           0.327    10.354    u_top/u_atomik/core_resp_acc_zero_i_83_n_0
    SLICE_X77Y49         LUT6 (Prop_lut6_I3_O)        0.105    10.459 f  u_top/u_atomik/core_resp_acc_zero_i_26/O
                         net (fo=1, routed)           0.657    11.116    u_top/u_atomik/p_256_in[9]
    SLICE_X78Y48         LUT5 (Prop_lut5_I3_O)        0.105    11.221 f  u_top/u_atomik/core_resp_acc_zero_i_5/O
                         net (fo=1, routed)           0.669    11.890    u_top/u_atomik/core_resp_acc_zero_i_5_n_0
    SLICE_X75Y48         LUT6 (Prop_lut6_I3_O)        0.105    11.995 r  u_top/u_atomik/core_resp_acc_zero_i_1/O
                         net (fo=1, routed)           0.000    11.995    u_top/u_cdc/acc_zero
    SLICE_X75Y48         FDCE                                         r  u_top/u_cdc/core_resp_acc_zero_reg/D
  -------------------------------------------------------------------    -------------------

                         (clock atomik_clk rise edge)
                                                      6.750     6.750 r  
                         clock source latency         1.951     8.701    
                         propagated clock network latency
                                                      2.840    11.541    
                         clock pessimism              0.393    11.934    
                         clock uncertainty           -0.070    11.865    
    SLICE_X75Y48         FDCE (Setup_fdce_C_D)        0.030    11.895    u_top/u_cdc/core_resp_acc_zero_reg
  -------------------------------------------------------------------
                         required time                         11.895    
                         arrival time                         -11.995    
  -------------------------------------------------------------------
                         slack                                 -0.100    




