Copyright 1986-2022 Xilinx, Inc. All Rights Reserved. Copyright 2022-2025 Advanced Micro Devices, Inc. All Rights Reserved.
----------------------------------------------------------------------------------------------------------------------------------------------------------
| Tool Version : Vivado v.2025.2 (lin64) Build 6299465 Fri Nov 14 12:34:56 MST 2025
| Date         : Fri Mar 13 12:25:25 2026
| Host         : Jarvis running 64-bit Ubuntu 24.04.4 LTS
| Command      : report_timing -nworst 5 -path_type full -file /home/mattrock/Projects/ATOMiK/hardware/zynq/sweep/reports/crit_path_N4_F363p6_maximum.rpt
| Design       : sweep_top_N4_F363p6_maximum
| Device       : 7z020-clg400
| Speed File   : -2  PRODUCTION 1.12 2019-11-22
| Design State : Routed
----------------------------------------------------------------------------------------------------------------------------------------------------------

Timing Report

Slack (VIOLATED) :        -0.140ns  (required time - arrival time)
  Source:                 u_top/u_atomik/banks[0].bank_acc_reg[0][40]/C
                            (rising edge-triggered cell FDRE clocked by atomik_clk  {rise@0.000ns fall@1.375ns period=2.750ns})
  Destination:            u_top/u_cdc/core_resp_acc_zero_reg/D
                            (rising edge-triggered cell FDCE clocked by atomik_clk  {rise@0.000ns fall@1.375ns period=2.750ns})
  Path Group:             atomik_clk
  Path Type:              Setup (Max at Slow Process Corner)
  Requirement:            2.750ns  (atomik_clk rise@2.750ns - atomik_clk rise@0.000ns)
  Data Path Delay:        2.730ns  (logic 0.799ns (29.270%)  route 1.931ns (70.730%))
  Logic Levels:           4  (LUT4=1 LUT6=3)
  Clock Path Skew:        -0.129ns (DCD - SCD + CPR)
    Destination Clock Delay (DCD):    4.789ns = ( 7.539 - 2.750 ) 
    Source Clock Delay      (SCD):    5.404ns
    Clock Pessimism Removal (CPR):    0.487ns
  Clock Uncertainty:      0.062ns  ((TSJ^2 + DJ^2)^1/2) / 2 + PE
    Total System Jitter     (TSJ):    0.071ns
    Discrete Jitter          (DJ):    0.101ns
    Phase Error              (PE):    0.000ns

    Location             Delay type                Incr(ns)  Path(ns)    Netlist Resource(s)
  -------------------------------------------------------------------    -------------------
                         (clock atomik_clk rise edge)
                                                      0.000     0.000 r  
                         clock source latency         2.177     2.177    
                         propagated clock network latency
                                                      3.227     5.404    
    SLICE_X109Y95        FDRE                         0.000     5.404 r  u_top/u_atomik/banks[0].bank_acc_reg[0][40]/C
    SLICE_X109Y95        FDRE (Prop_fdre_C_Q)         0.379     5.783 r  u_top/u_atomik/banks[0].bank_acc_reg[0][40]/Q
                         net (fo=3, routed)           0.585     6.369    u_top/u_atomik/banks[0].bank_acc_reg[0][63]_0[40]
    SLICE_X107Y96        LUT4 (Prop_lut4_I2_O)        0.105     6.474 f  u_top/u_atomik/i_32_LOPT_REMAP/O
                         net (fo=1, routed)           0.315     6.789    u_top/u_atomik/i_32/O_n
    SLICE_X105Y96        LUT6 (Prop_lut6_I5_O)        0.105     6.894 f  u_top/u_atomik/i_31_LOPT_REMAP/O
                         net (fo=1, routed)           0.778     7.672    u_top/u_atomik/i_31/O_n
    SLICE_X103Y97        LUT6 (Prop_lut6_I4_O)        0.105     7.777 f  u_top/u_atomik/i_30_LOPT_REMAP/O
                         net (fo=1, routed)           0.252     8.029    u_top/u_atomik/i_30/O_n
    SLICE_X101Y97        LUT6 (Prop_lut6_I5_O)        0.105     8.134 r  u_top/u_atomik/i_0_LOPT_REMAP/O
                         net (fo=1, routed)           0.000     8.134    u_top/u_cdc/acc_zero
    SLICE_X101Y97        FDCE                                         r  u_top/u_cdc/core_resp_acc_zero_reg/D
  -------------------------------------------------------------------    -------------------

                         (clock atomik_clk rise edge)
                                                      2.750     2.750 r  
                         clock source latency         1.935     4.685    
                         propagated clock network latency
                                                      2.854     7.539    
                         clock pessimism              0.487     8.025    
                         clock uncertainty           -0.062     7.964    
    SLICE_X101Y97        FDCE (Setup_fdce_C_D)        0.030     7.994    u_top/u_cdc/core_resp_acc_zero_reg
  -------------------------------------------------------------------
                         required time                          7.994    
                         arrival time                          -8.134    
  -------------------------------------------------------------------
                         slack                                 -0.140    

Slack (VIOLATED) :        -0.140ns  (required time - arrival time)
  Source:                 u_top/u_atomik/banks[0].bank_acc_reg[0][40]/C
                            (rising edge-triggered cell FDRE clocked by atomik_clk  {rise@0.000ns fall@1.375ns period=2.750ns})
  Destination:            u_top/u_cdc/core_resp_acc_zero_reg/D
                            (rising edge-triggered cell FDCE clocked by atomik_clk  {rise@0.000ns fall@1.375ns period=2.750ns})
  Path Group:             atomik_clk
  Path Type:              Setup (Max at Slow Process Corner)
  Requirement:            2.750ns  (atomik_clk rise@2.750ns - atomik_clk rise@0.000ns)
  Data Path Delay:        2.730ns  (logic 0.799ns (29.270%)  route 1.931ns (70.730%))
  Logic Levels:           4  (LUT4=1 LUT6=3)
  Clock Path Skew:        -0.129ns (DCD - SCD + CPR)
    Destination Clock Delay (DCD):    4.789ns = ( 7.539 - 2.750 ) 
    Source Clock Delay      (SCD):    5.404ns
    Clock Pessimism Removal (CPR):    0.487ns
  Clock Uncertainty:      0.062ns  ((TSJ^2 + DJ^2)^1/2) / 2 + PE
    Total System Jitter     (TSJ):    0.071ns
    Discrete Jitter          (DJ):    0.101ns
    Phase Error              (PE):    0.000ns

    Location             Delay type                Incr(ns)  Path(ns)    Netlist Resource(s)
  -------------------------------------------------------------------    -------------------
                         (clock atomik_clk rise edge)
                                                      0.000     0.000 r  
                         clock source latency         2.177     2.177    
                         propagated clock network latency
                                                      3.227     5.404    
    SLICE_X109Y95        FDRE                         0.000     5.404 r  u_top/u_atomik/banks[0].bank_acc_reg[0][40]/C
    SLICE_X109Y95        FDRE (Prop_fdre_C_Q)         0.379     5.783 f  u_top/u_atomik/banks[0].bank_acc_reg[0][40]/Q
                         net (fo=3, routed)           0.585     6.369    u_top/u_atomik/banks[0].bank_acc_reg[0][63]_0[40]
    SLICE_X107Y96        LUT4 (Prop_lut4_I2_O)        0.105     6.474 f  u_top/u_atomik/i_32_LOPT_REMAP/O
                         net (fo=1, routed)           0.315     6.789    u_top/u_atomik/i_32/O_n
    SLICE_X105Y96        LUT6 (Prop_lut6_I5_O)        0.105     6.894 f  u_top/u_atomik/i_31_LOPT_REMAP/O
                         net (fo=1, routed)           0.778     7.672    u_top/u_atomik/i_31/O_n
    SLICE_X103Y97        LUT6 (Prop_lut6_I4_O)        0.105     7.777 f  u_top/u_atomik/i_30_LOPT_REMAP/O
                         net (fo=1, routed)           0.252     8.029    u_top/u_atomik/i_30/O_n
    SLICE_X101Y97        LUT6 (Prop_lut6_I5_O)        0.105     8.134 r  u_top/u_atomik/i_0_LOPT_REMAP/O
                         net (fo=1, routed)           0.000     8.134    u_top/u_cdc/acc_zero
    SLICE_X101Y97        FDCE                                         r  u_top/u_cdc/core_resp_acc_zero_reg/D
  -------------------------------------------------------------------    -------------------

                         (clock atomik_clk rise edge)
                                                      2.750     2.750 r  
                         clock source latency         1.935     4.685    
                         propagated clock network latency
                                                      2.854     7.539    
                         clock pessimism              0.487     8.025    
                         clock uncertainty           -0.062     7.964    
    SLICE_X101Y97        FDCE (Setup_fdce_C_D)        0.030     7.994    u_top/u_cdc/core_resp_acc_zero_reg
  -------------------------------------------------------------------
                         required time                          7.994    
                         arrival time                          -8.134    
  -------------------------------------------------------------------
                         slack                                 -0.140    

Slack (VIOLATED) :        -0.140ns  (required time - arrival time)
  Source:                 u_top/u_atomik/banks[0].bank_acc_reg[0][40]/C
                            (rising edge-triggered cell FDRE clocked by atomik_clk  {rise@0.000ns fall@1.375ns period=2.750ns})
  Destination:            u_top/u_cdc/core_resp_acc_zero_reg/D
                            (rising edge-triggered cell FDCE clocked by atomik_clk  {rise@0.000ns fall@1.375ns period=2.750ns})
  Path Group:             atomik_clk
  Path Type:              Setup (Max at Slow Process Corner)
  Requirement:            2.750ns  (atomik_clk rise@2.750ns - atomik_clk rise@0.000ns)
  Data Path Delay:        2.730ns  (logic 0.799ns (29.270%)  route 1.931ns (70.730%))
  Logic Levels:           4  (LUT4=1 LUT6=3)
  Clock Path Skew:        -0.129ns (DCD - SCD + CPR)
    Destination Clock Delay (DCD):    4.789ns = ( 7.539 - 2.750 ) 
    Source Clock Delay      (SCD):    5.404ns
    Clock Pessimism Removal (CPR):    0.487ns
  Clock Uncertainty:      0.062ns  ((TSJ^2 + DJ^2)^1/2) / 2 + PE
    Total System Jitter     (TSJ):    0.071ns
    Discrete Jitter          (DJ):    0.101ns
    Phase Error              (PE):    0.000ns

    Location             Delay type                Incr(ns)  Path(ns)    Netlist Resource(s)
  -------------------------------------------------------------------    -------------------
                         (clock atomik_clk rise edge)
                                                      0.000     0.000 r  
                         clock source latency         2.177     2.177    
                         propagated clock network latency
                                                      3.227     5.404    
    SLICE_X109Y95        FDRE                         0.000     5.404 r  u_top/u_atomik/banks[0].bank_acc_reg[0][40]/C
    SLICE_X109Y95        FDRE (Prop_fdre_C_Q)         0.379     5.783 r  u_top/u_atomik/banks[0].bank_acc_reg[0][40]/Q
                         net (fo=3, routed)           0.585     6.369    u_top/u_atomik/banks[0].bank_acc_reg[0][63]_0[40]
    SLICE_X107Y96        LUT4 (Prop_lut4_I2_O)        0.105     6.474 r  u_top/u_atomik/i_32_LOPT_REMAP/O
                         net (fo=1, routed)           0.315     6.789    u_top/u_atomik/i_32/O_n
    SLICE_X105Y96        LUT6 (Prop_lut6_I5_O)        0.105     6.894 r  u_top/u_atomik/i_31_LOPT_REMAP/O
                         net (fo=1, routed)           0.778     7.672    u_top/u_atomik/i_31/O_n
    SLICE_X103Y97        LUT6 (Prop_lut6_I4_O)        0.105     7.777 r  u_top/u_atomik/i_30_LOPT_REMAP/O
                         net (fo=1, routed)           0.252     8.029    u_top/u_atomik/i_30/O_n
    SLICE_X101Y97        LUT6 (Prop_lut6_I5_O)        0.105     8.134 f  u_top/u_atomik/i_0_LOPT_REMAP/O
                         net (fo=1, routed)           0.000     8.134    u_top/u_cdc/acc_zero
    SLICE_X101Y97        FDCE                                         f  u_top/u_cdc/core_resp_acc_zero_reg/D
  -------------------------------------------------------------------    -------------------

                         (clock atomik_clk rise edge)
                                                      2.750     2.750 r  
                         clock source latency         1.935     4.685    
                         propagated clock network latency
                                                      2.854     7.539    
                         clock pessimism              0.487     8.025    
                         clock uncertainty           -0.062     7.964    
    SLICE_X101Y97        FDCE (Setup_fdce_C_D)        0.030     7.994    u_top/u_cdc/core_resp_acc_zero_reg
  -------------------------------------------------------------------
                         required time                          7.994    
                         arrival time                          -8.134    
  -------------------------------------------------------------------
                         slack                                 -0.140    

Slack (VIOLATED) :        -0.140ns  (required time - arrival time)
  Source:                 u_top/u_atomik/banks[0].bank_acc_reg[0][40]/C
                            (rising edge-triggered cell FDRE clocked by atomik_clk  {rise@0.000ns fall@1.375ns period=2.750ns})
  Destination:            u_top/u_cdc/core_resp_acc_zero_reg/D
                            (rising edge-triggered cell FDCE clocked by atomik_clk  {rise@0.000ns fall@1.375ns period=2.750ns})
  Path Group:             atomik_clk
  Path Type:              Setup (Max at Slow Process Corner)
  Requirement:            2.750ns  (atomik_clk rise@2.750ns - atomik_clk rise@0.000ns)
  Data Path Delay:        2.730ns  (logic 0.799ns (29.270%)  route 1.931ns (70.730%))
  Logic Levels:           4  (LUT4=1 LUT6=3)
  Clock Path Skew:        -0.129ns (DCD - SCD + CPR)
    Destination Clock Delay (DCD):    4.789ns = ( 7.539 - 2.750 ) 
    Source Clock Delay      (SCD):    5.404ns
    Clock Pessimism Removal (CPR):    0.487ns
  Clock Uncertainty:      0.062ns  ((TSJ^2 + DJ^2)^1/2) / 2 + PE
    Total System Jitter     (TSJ):    0.071ns
    Discrete Jitter          (DJ):    0.101ns
    Phase Error              (PE):    0.000ns

    Location             Delay type                Incr(ns)  Path(ns)    Netlist Resource(s)
  -------------------------------------------------------------------    -------------------
                         (clock atomik_clk rise edge)
                                                      0.000     0.000 r  
                         clock source latency         2.177     2.177    
                         propagated clock network latency
                                                      3.227     5.404    
    SLICE_X109Y95        FDRE                         0.000     5.404 r  u_top/u_atomik/banks[0].bank_acc_reg[0][40]/C
    SLICE_X109Y95        FDRE (Prop_fdre_C_Q)         0.379     5.783 f  u_top/u_atomik/banks[0].bank_acc_reg[0][40]/Q
                         net (fo=3, routed)           0.585     6.369    u_top/u_atomik/banks[0].bank_acc_reg[0][63]_0[40]
    SLICE_X107Y96        LUT4 (Prop_lut4_I2_O)        0.105     6.474 r  u_top/u_atomik/i_32_LOPT_REMAP/O
                         net (fo=1, routed)           0.315     6.789    u_top/u_atomik/i_32/O_n
    SLICE_X105Y96        LUT6 (Prop_lut6_I5_O)        0.105     6.894 r  u_top/u_atomik/i_31_LOPT_REMAP/O
                         net (fo=1, routed)           0.778     7.672    u_top/u_atomik/i_31/O_n
    SLICE_X103Y97        LUT6 (Prop_lut6_I4_O)        0.105     7.777 r  u_top/u_atomik/i_30_LOPT_REMAP/O
                         net (fo=1, routed)           0.252     8.029    u_top/u_atomik/i_30/O_n
    SLICE_X101Y97        LUT6 (Prop_lut6_I5_O)        0.105     8.134 f  u_top/u_atomik/i_0_LOPT_REMAP/O
                         net (fo=1, routed)           0.000     8.134    u_top/u_cdc/acc_zero
    SLICE_X101Y97        FDCE                                         f  u_top/u_cdc/core_resp_acc_zero_reg/D
  -------------------------------------------------------------------    -------------------

                         (clock atomik_clk rise edge)
                                                      2.750     2.750 r  
                         clock source latency         1.935     4.685    
                         propagated clock network latency
                                                      2.854     7.539    
                         clock pessimism              0.487     8.025    
                         clock uncertainty           -0.062     7.964    
    SLICE_X101Y97        FDCE (Setup_fdce_C_D)        0.030     7.994    u_top/u_cdc/core_resp_acc_zero_reg
  -------------------------------------------------------------------
                         required time                          7.994    
                         arrival time                          -8.134    
  -------------------------------------------------------------------
                         slack                                 -0.140    

Slack (VIOLATED) :        -0.127ns  (required time - arrival time)
  Source:                 u_top/u_atomik/banks[2].bank_acc_reg[2][12]/C
                            (rising edge-triggered cell FDRE clocked by atomik_clk  {rise@0.000ns fall@1.375ns period=2.750ns})
  Destination:            u_top/u_cdc/core_resp_acc_zero_reg/D
                            (rising edge-triggered cell FDCE clocked by atomik_clk  {rise@0.000ns fall@1.375ns period=2.750ns})
  Path Group:             atomik_clk
  Path Type:              Setup (Max at Slow Process Corner)
  Requirement:            2.750ns  (atomik_clk rise@2.750ns - atomik_clk rise@0.000ns)
  Data Path Delay:        2.820ns  (logic 0.799ns (28.333%)  route 2.021ns (71.667%))
  Logic Levels:           4  (LUT4=1 LUT6=3)
  Clock Path Skew:        -0.025ns (DCD - SCD + CPR)
    Destination Clock Delay (DCD):    4.789ns = ( 7.539 - 2.750 ) 
    Source Clock Delay      (SCD):    5.334ns
    Clock Pessimism Removal (CPR):    0.521ns
  Clock Uncertainty:      0.062ns  ((TSJ^2 + DJ^2)^1/2) / 2 + PE
    Total System Jitter     (TSJ):    0.071ns
    Discrete Jitter          (DJ):    0.101ns
    Phase Error              (PE):    0.000ns

    Location             Delay type                Incr(ns)  Path(ns)    Netlist Resource(s)
  -------------------------------------------------------------------    -------------------
                         (clock atomik_clk rise edge)
                                                      0.000     0.000 r  
                         clock source latency         2.177     2.177    
                         propagated clock network latency
                                                      3.157     5.334    
    SLICE_X101Y89        FDRE                         0.000     5.334 r  u_top/u_atomik/banks[2].bank_acc_reg[2][12]/C
    SLICE_X101Y89        FDRE (Prop_fdre_C_Q)         0.379     5.713 r  u_top/u_atomik/banks[2].bank_acc_reg[2][12]/Q
                         net (fo=3, routed)           0.560     6.274    u_top/u_atomik/Q[12]
    SLICE_X101Y90        LUT4 (Prop_lut4_I3_O)        0.105     6.379 f  u_top/u_atomik/i_52_LOPT_REMAP/O
                         net (fo=1, routed)           0.504     6.882    u_top/u_atomik/i_52/O_n
    SLICE_X98Y96         LUT6 (Prop_lut6_I0_O)        0.105     6.987 f  u_top/u_atomik/i_50_LOPT_REMAP/O
                         net (fo=1, routed)           0.450     7.438    u_top/u_atomik/i_50/O_n
    SLICE_X99Y97         LUT6 (Prop_lut6_I4_O)        0.105     7.543 f  u_top/u_atomik/i_49_LOPT_REMAP/O
                         net (fo=1, routed)           0.507     8.050    u_top/u_atomik/i_49/O_n
    SLICE_X101Y97        LUT6 (Prop_lut6_I4_O)        0.105     8.155 r  u_top/u_atomik/i_0_LOPT_REMAP/O
                         net (fo=1, routed)           0.000     8.155    u_top/u_cdc/acc_zero
    SLICE_X101Y97        FDCE                                         r  u_top/u_cdc/core_resp_acc_zero_reg/D
  -------------------------------------------------------------------    -------------------

                         (clock atomik_clk rise edge)
                                                      2.750     2.750 r  
                         clock source latency         1.935     4.685    
                         propagated clock network latency
                                                      2.854     7.539    
                         clock pessimism              0.521     8.059    
                         clock uncertainty           -0.062     7.998    
    SLICE_X101Y97        FDCE (Setup_fdce_C_D)        0.030     8.028    u_top/u_cdc/core_resp_acc_zero_reg
  -------------------------------------------------------------------
                         required time                          8.028    
                         arrival time                          -8.155    
  -------------------------------------------------------------------
                         slack                                 -0.127    




