Copyright 1986-2022 Xilinx, Inc. All Rights Reserved. Copyright 2022-2025 Advanced Micro Devices, Inc. All Rights Reserved.
--------------------------------------------------------------------------------------------------------------------------------------------------
| Tool Version : Vivado v.2025.2 (lin64) Build 6299465 Fri Nov 14 12:34:56 MST 2025
| Date         : Fri Mar 13 11:22:15 2026
| Host         : Jarvis running 64-bit Ubuntu 24.04.4 LTS
| Command      : report_timing -nworst 5 -path_type full -file /home/mattrock/Projects/ATOMiK/hardware/zynq/sweep/reports/crit_path_N1_F421p1.rpt
| Design       : sweep_top_N1_F421p1
| Device       : 7z020-clg400
| Speed File   : -2  PRODUCTION 1.12 2019-11-22
| Design State : Routed
--------------------------------------------------------------------------------------------------------------------------------------------------

Timing Report

Slack (MET) :             0.003ns  (required time - arrival time)
  Source:                 u_top/u_atomik/banks[0].bank_acc_reg[0][27]/C
                            (rising edge-triggered cell FDRE clocked by atomik_clk  {rise@0.000ns fall@1.187ns period=2.375ns})
  Destination:            u_top/u_cdc/core_resp_acc_zero_reg/D
                            (rising edge-triggered cell FDCE clocked by atomik_clk  {rise@0.000ns fall@1.187ns period=2.375ns})
  Path Group:             atomik_clk
  Path Type:              Setup (Max at Slow Process Corner)
  Requirement:            2.375ns  (atomik_clk rise@2.375ns - atomik_clk rise@0.000ns)
  Data Path Delay:        2.216ns  (logic 0.748ns (33.758%)  route 1.468ns (66.242%))
  Logic Levels:           3  (LUT4=1 LUT6=2)
  Clock Path Skew:        -0.128ns (DCD - SCD + CPR)
    Destination Clock Delay (DCD):    4.784ns = ( 7.159 - 2.375 ) 
    Source Clock Delay      (SCD):    5.398ns
    Clock Pessimism Removal (CPR):    0.487ns
  Clock Uncertainty:      0.060ns  ((TSJ^2 + DJ^2)^1/2) / 2 + PE
    Total System Jitter     (TSJ):    0.071ns
    Discrete Jitter          (DJ):    0.098ns
    Phase Error              (PE):    0.000ns

    Location             Delay type                Incr(ns)  Path(ns)    Netlist Resource(s)
  -------------------------------------------------------------------    -------------------
                         (clock atomik_clk rise edge)
                                                      0.000     0.000 r  
                         clock source latency         2.177     2.177    
                         propagated clock network latency
                                                      3.221     5.398    
    SLICE_X112Y83        FDRE                         0.000     5.398 r  u_top/u_atomik/banks[0].bank_acc_reg[0][27]/C
    SLICE_X112Y83        FDRE (Prop_fdre_C_Q)         0.433     5.831 f  u_top/u_atomik/banks[0].bank_acc_reg[0][27]/Q
                         net (fo=3, routed)           0.804     6.635    u_top/u_atomik/Q[27]
    SLICE_X109Y85        LUT6 (Prop_lut6_I4_O)        0.105     6.740 r  u_top/u_atomik/core_resp_acc_zero_i_13/O
                         net (fo=1, routed)           0.423     7.163    u_top/u_atomik/core_resp_acc_zero_i_13_n_0
    SLICE_X105Y85        LUT4 (Prop_lut4_I1_O)        0.105     7.268 r  u_top/u_atomik/core_resp_acc_zero_i_5_comp/O
                         net (fo=1, routed)           0.241     7.509    u_top/u_atomik/core_resp_acc_zero_i_5_n_0
    SLICE_X103Y85        LUT6 (Prop_lut6_I4_O)        0.105     7.614 r  u_top/u_atomik/core_resp_acc_zero_i_1_comp/O
                         net (fo=1, routed)           0.000     7.614    u_top/u_cdc/acc_zero
    SLICE_X103Y85        FDCE                                         r  u_top/u_cdc/core_resp_acc_zero_reg/D
  -------------------------------------------------------------------    -------------------

                         (clock atomik_clk rise edge)
                                                      2.375     2.375 r  
                         clock source latency         1.935     4.310    
                         propagated clock network latency
                                                      2.849     7.159    
                         clock pessimism              0.487     7.645    
                         clock uncertainty           -0.060     7.585    
    SLICE_X103Y85        FDCE (Setup_fdce_C_D)        0.032     7.617    u_top/u_cdc/core_resp_acc_zero_reg
  -------------------------------------------------------------------
                         required time                          7.617    
                         arrival time                          -7.614    
  -------------------------------------------------------------------
                         slack                                  0.003    

Slack (MET) :             0.003ns  (required time - arrival time)
  Source:                 u_top/u_atomik/banks[0].bank_acc_reg[0][27]/C
                            (rising edge-triggered cell FDRE clocked by atomik_clk  {rise@0.000ns fall@1.187ns period=2.375ns})
  Destination:            u_top/u_cdc/core_resp_acc_zero_reg/D
                            (rising edge-triggered cell FDCE clocked by atomik_clk  {rise@0.000ns fall@1.187ns period=2.375ns})
  Path Group:             atomik_clk
  Path Type:              Setup (Max at Slow Process Corner)
  Requirement:            2.375ns  (atomik_clk rise@2.375ns - atomik_clk rise@0.000ns)
  Data Path Delay:        2.216ns  (logic 0.748ns (33.758%)  route 1.468ns (66.242%))
  Logic Levels:           3  (LUT4=1 LUT6=2)
  Clock Path Skew:        -0.128ns (DCD - SCD + CPR)
    Destination Clock Delay (DCD):    4.784ns = ( 7.159 - 2.375 ) 
    Source Clock Delay      (SCD):    5.398ns
    Clock Pessimism Removal (CPR):    0.487ns
  Clock Uncertainty:      0.060ns  ((TSJ^2 + DJ^2)^1/2) / 2 + PE
    Total System Jitter     (TSJ):    0.071ns
    Discrete Jitter          (DJ):    0.098ns
    Phase Error              (PE):    0.000ns

    Location             Delay type                Incr(ns)  Path(ns)    Netlist Resource(s)
  -------------------------------------------------------------------    -------------------
                         (clock atomik_clk rise edge)
                                                      0.000     0.000 r  
                         clock source latency         2.177     2.177    
                         propagated clock network latency
                                                      3.221     5.398    
    SLICE_X112Y83        FDRE                         0.000     5.398 r  u_top/u_atomik/banks[0].bank_acc_reg[0][27]/C
    SLICE_X112Y83        FDRE (Prop_fdre_C_Q)         0.433     5.831 r  u_top/u_atomik/banks[0].bank_acc_reg[0][27]/Q
                         net (fo=3, routed)           0.804     6.635    u_top/u_atomik/Q[27]
    SLICE_X109Y85        LUT6 (Prop_lut6_I4_O)        0.105     6.740 f  u_top/u_atomik/core_resp_acc_zero_i_13/O
                         net (fo=1, routed)           0.423     7.163    u_top/u_atomik/core_resp_acc_zero_i_13_n_0
    SLICE_X105Y85        LUT4 (Prop_lut4_I1_O)        0.105     7.268 f  u_top/u_atomik/core_resp_acc_zero_i_5_comp/O
                         net (fo=1, routed)           0.241     7.509    u_top/u_atomik/core_resp_acc_zero_i_5_n_0
    SLICE_X103Y85        LUT6 (Prop_lut6_I4_O)        0.105     7.614 f  u_top/u_atomik/core_resp_acc_zero_i_1_comp/O
                         net (fo=1, routed)           0.000     7.614    u_top/u_cdc/acc_zero
    SLICE_X103Y85        FDCE                                         f  u_top/u_cdc/core_resp_acc_zero_reg/D
  -------------------------------------------------------------------    -------------------

                         (clock atomik_clk rise edge)
                                                      2.375     2.375 r  
                         clock source latency         1.935     4.310    
                         propagated clock network latency
                                                      2.849     7.159    
                         clock pessimism              0.487     7.645    
                         clock uncertainty           -0.060     7.585    
    SLICE_X103Y85        FDCE (Setup_fdce_C_D)        0.032     7.617    u_top/u_cdc/core_resp_acc_zero_reg
  -------------------------------------------------------------------
                         required time                          7.617    
                         arrival time                          -7.614    
  -------------------------------------------------------------------
                         slack                                  0.003    

Slack (MET) :             0.006ns  (required time - arrival time)
  Source:                 u_top/u_atomik/banks[0].bank_acc_reg[0][13]/C
                            (rising edge-triggered cell FDRE clocked by atomik_clk  {rise@0.000ns fall@1.187ns period=2.375ns})
  Destination:            u_top/u_cdc/core_resp_acc_zero_reg/D
                            (rising edge-triggered cell FDCE clocked by atomik_clk  {rise@0.000ns fall@1.187ns period=2.375ns})
  Path Group:             atomik_clk
  Path Type:              Setup (Max at Slow Process Corner)
  Requirement:            2.375ns  (atomik_clk rise@2.375ns - atomik_clk rise@0.000ns)
  Data Path Delay:        2.210ns  (logic 0.748ns (33.841%)  route 1.462ns (66.159%))
  Logic Levels:           3  (LUT6=3)
  Clock Path Skew:        -0.130ns (DCD - SCD + CPR)
    Destination Clock Delay (DCD):    4.784ns = ( 7.159 - 2.375 ) 
    Source Clock Delay      (SCD):    5.400ns
    Clock Pessimism Removal (CPR):    0.487ns
  Clock Uncertainty:      0.060ns  ((TSJ^2 + DJ^2)^1/2) / 2 + PE
    Total System Jitter     (TSJ):    0.071ns
    Discrete Jitter          (DJ):    0.098ns
    Phase Error              (PE):    0.000ns

    Location             Delay type                Incr(ns)  Path(ns)    Netlist Resource(s)
  -------------------------------------------------------------------    -------------------
                         (clock atomik_clk rise edge)
                                                      0.000     0.000 r  
                         clock source latency         2.177     2.177    
                         propagated clock network latency
                                                      3.223     5.400    
    SLICE_X108Y87        FDRE                         0.000     5.400 r  u_top/u_atomik/banks[0].bank_acc_reg[0][13]/C
    SLICE_X108Y87        FDRE (Prop_fdre_C_Q)         0.433     5.833 f  u_top/u_atomik/banks[0].bank_acc_reg[0][13]/Q
                         net (fo=3, routed)           0.692     6.525    u_top/u_atomik/Q[13]
    SLICE_X108Y87        LUT6 (Prop_lut6_I1_O)        0.105     6.630 r  u_top/u_atomik/core_resp_acc_zero_i_7/O
                         net (fo=1, routed)           0.453     7.084    u_top/u_atomik/core_resp_acc_zero_i_7_n_0
    SLICE_X103Y85        LUT6 (Prop_lut6_I5_O)        0.105     7.189 r  u_top/u_atomik/core_resp_acc_zero_i_2/O
                         net (fo=1, routed)           0.317     7.506    u_top/u_atomik/core_resp_acc_zero_i_2_n_0
    SLICE_X103Y85        LUT6 (Prop_lut6_I2_O)        0.105     7.611 r  u_top/u_atomik/core_resp_acc_zero_i_1_comp/O
                         net (fo=1, routed)           0.000     7.611    u_top/u_cdc/acc_zero
    SLICE_X103Y85        FDCE                                         r  u_top/u_cdc/core_resp_acc_zero_reg/D
  -------------------------------------------------------------------    -------------------

                         (clock atomik_clk rise edge)
                                                      2.375     2.375 r  
                         clock source latency         1.935     4.310    
                         propagated clock network latency
                                                      2.849     7.159    
                         clock pessimism              0.487     7.645    
                         clock uncertainty           -0.060     7.585    
    SLICE_X103Y85        FDCE (Setup_fdce_C_D)        0.032     7.617    u_top/u_cdc/core_resp_acc_zero_reg
  -------------------------------------------------------------------
                         required time                          7.617    
                         arrival time                          -7.611    
  -------------------------------------------------------------------
                         slack                                  0.006    

Slack (MET) :             0.006ns  (required time - arrival time)
  Source:                 u_top/u_atomik/banks[0].bank_acc_reg[0][13]/C
                            (rising edge-triggered cell FDRE clocked by atomik_clk  {rise@0.000ns fall@1.187ns period=2.375ns})
  Destination:            u_top/u_cdc/core_resp_acc_zero_reg/D
                            (rising edge-triggered cell FDCE clocked by atomik_clk  {rise@0.000ns fall@1.187ns period=2.375ns})
  Path Group:             atomik_clk
  Path Type:              Setup (Max at Slow Process Corner)
  Requirement:            2.375ns  (atomik_clk rise@2.375ns - atomik_clk rise@0.000ns)
  Data Path Delay:        2.210ns  (logic 0.748ns (33.841%)  route 1.462ns (66.159%))
  Logic Levels:           3  (LUT6=3)
  Clock Path Skew:        -0.130ns (DCD - SCD + CPR)
    Destination Clock Delay (DCD):    4.784ns = ( 7.159 - 2.375 ) 
    Source Clock Delay      (SCD):    5.400ns
    Clock Pessimism Removal (CPR):    0.487ns
  Clock Uncertainty:      0.060ns  ((TSJ^2 + DJ^2)^1/2) / 2 + PE
    Total System Jitter     (TSJ):    0.071ns
    Discrete Jitter          (DJ):    0.098ns
    Phase Error              (PE):    0.000ns

    Location             Delay type                Incr(ns)  Path(ns)    Netlist Resource(s)
  -------------------------------------------------------------------    -------------------
                         (clock atomik_clk rise edge)
                                                      0.000     0.000 r  
                         clock source latency         2.177     2.177    
                         propagated clock network latency
                                                      3.223     5.400    
    SLICE_X108Y87        FDRE                         0.000     5.400 r  u_top/u_atomik/banks[0].bank_acc_reg[0][13]/C
    SLICE_X108Y87        FDRE (Prop_fdre_C_Q)         0.433     5.833 r  u_top/u_atomik/banks[0].bank_acc_reg[0][13]/Q
                         net (fo=3, routed)           0.692     6.525    u_top/u_atomik/Q[13]
    SLICE_X108Y87        LUT6 (Prop_lut6_I1_O)        0.105     6.630 f  u_top/u_atomik/core_resp_acc_zero_i_7/O
                         net (fo=1, routed)           0.453     7.084    u_top/u_atomik/core_resp_acc_zero_i_7_n_0
    SLICE_X103Y85        LUT6 (Prop_lut6_I5_O)        0.105     7.189 f  u_top/u_atomik/core_resp_acc_zero_i_2/O
                         net (fo=1, routed)           0.317     7.506    u_top/u_atomik/core_resp_acc_zero_i_2_n_0
    SLICE_X103Y85        LUT6 (Prop_lut6_I2_O)        0.105     7.611 f  u_top/u_atomik/core_resp_acc_zero_i_1_comp/O
                         net (fo=1, routed)           0.000     7.611    u_top/u_cdc/acc_zero
    SLICE_X103Y85        FDCE                                         f  u_top/u_cdc/core_resp_acc_zero_reg/D
  -------------------------------------------------------------------    -------------------

                         (clock atomik_clk rise edge)
                                                      2.375     2.375 r  
                         clock source latency         1.935     4.310    
                         propagated clock network latency
                                                      2.849     7.159    
                         clock pessimism              0.487     7.645    
                         clock uncertainty           -0.060     7.585    
    SLICE_X103Y85        FDCE (Setup_fdce_C_D)        0.032     7.617    u_top/u_cdc/core_resp_acc_zero_reg
  -------------------------------------------------------------------
                         required time                          7.617    
                         arrival time                          -7.611    
  -------------------------------------------------------------------
                         slack                                  0.006    

Slack (MET) :             0.015ns  (required time - arrival time)
  Source:                 u_top/u_cdc/core_load_en_reg/C
                            (rising edge-triggered cell FDCE clocked by atomik_clk  {rise@0.000ns fall@1.187ns period=2.375ns})
  Destination:            u_top/u_atomik/u_state_bram/xpm_memory_base_inst/gen_wr_a.gen_word_narrow.mem_reg/WEBWE[7]
                            (rising edge-triggered cell RAMB36E1 clocked by atomik_clk  {rise@0.000ns fall@1.187ns period=2.375ns})
  Path Group:             atomik_clk
  Path Type:              Setup (Max at Slow Process Corner)
  Requirement:            2.375ns  (atomik_clk rise@2.375ns - atomik_clk rise@0.000ns)
  Data Path Delay:        1.738ns  (logic 0.484ns (27.854%)  route 1.254ns (72.146%))
  Logic Levels:           1  (LUT2=1)
  Clock Path Skew:        -0.086ns (DCD - SCD + CPR)
    Destination Clock Delay (DCD):    4.825ns = ( 7.200 - 2.375 ) 
    Source Clock Delay      (SCD):    5.397ns
    Clock Pessimism Removal (CPR):    0.487ns
  Clock Uncertainty:      0.060ns  ((TSJ^2 + DJ^2)^1/2) / 2 + PE
    Total System Jitter     (TSJ):    0.071ns
    Discrete Jitter          (DJ):    0.098ns
    Phase Error              (PE):    0.000ns

    Location             Delay type                Incr(ns)  Path(ns)    Netlist Resource(s)
  -------------------------------------------------------------------    -------------------
                         (clock atomik_clk rise edge)
                                                      0.000     0.000 r  
                         clock source latency         2.177     2.177    
                         propagated clock network latency
                                                      3.220     5.397    
    SLICE_X106Y85        FDCE                         0.000     5.397 r  u_top/u_cdc/core_load_en_reg/C
    SLICE_X106Y85        FDCE (Prop_fdce_C_Q)         0.379     5.776 r  u_top/u_cdc/core_load_en_reg/Q
                         net (fo=77, routed)          0.608     6.385    u_top/u_atomik/core_load_en
    SLICE_X110Y87        LUT2 (Prop_lut2_I1_O)        0.105     6.490 r  u_top/u_atomik/u_state_bram_i_1/O
                         net (fo=8, routed)           0.646     7.135    u_top/u_atomik/u_state_bram/xpm_memory_base_inst/ena
    RAMB36_X5Y17         RAMB36E1                                     r  u_top/u_atomik/u_state_bram/xpm_memory_base_inst/gen_wr_a.gen_word_narrow.mem_reg/WEBWE[7]
  -------------------------------------------------------------------    -------------------

                         (clock atomik_clk rise edge)
                                                      2.375     2.375 r  
                         clock source latency         1.935     4.310    
                         propagated clock network latency
                                                      2.889     7.200    
                         clock pessimism              0.487     7.686    
                         clock uncertainty           -0.060     7.626    
    RAMB36_X5Y17         RAMB36E1 (Setup_ramb36e1_CLKBWRCLK_WEBWE[7])
                                                     -0.476     7.150    u_top/u_atomik/u_state_bram/xpm_memory_base_inst/gen_wr_a.gen_word_narrow.mem_reg
  -------------------------------------------------------------------
                         required time                          7.150    
                         arrival time                          -7.135    
  -------------------------------------------------------------------
                         slack                                  0.015    




