Copyright 1986-2022 Xilinx, Inc. All Rights Reserved. Copyright 2022-2025 Advanced Micro Devices, Inc. All Rights Reserved.
------------------------------------------------------------------------------------------------------------------------------------------------------------
| Tool Version : Vivado v.2025.2 (lin64) Build 6299465 Fri Nov 14 12:34:56 MST 2025
| Date         : Fri Mar 13 15:55:18 2026
| Host         : Jarvis running 64-bit Ubuntu 24.04.4 LTS
| Command      : report_timing -nworst 5 -path_type full -file /home/mattrock/Projects/ATOMiK/hardware/zynq/sweep/reports/crit_path_N64_F205p1_baseline.rpt
| Design       : sweep_top_N64_F205p1_baseline
| Device       : 7z020-clg400
| Speed File   : -2  PRODUCTION 1.12 2019-11-22
| Design State : Routed
------------------------------------------------------------------------------------------------------------------------------------------------------------

Timing Report

Slack (VIOLATED) :        -0.210ns  (required time - arrival time)
  Source:                 u_top/u_atomik/banks[52].bank_acc_reg[52][48]/C
                            (rising edge-triggered cell FDRE clocked by atomik_clk  {rise@0.000ns fall@2.438ns period=4.875ns})
  Destination:            u_top/u_cdc/core_resp_acc_zero_reg/D
                            (rising edge-triggered cell FDCE clocked by atomik_clk  {rise@0.000ns fall@2.438ns period=4.875ns})
  Path Group:             atomik_clk
  Path Type:              Setup (Max at Slow Process Corner)
  Requirement:            4.875ns  (atomik_clk rise@4.875ns - atomik_clk rise@0.000ns)
  Data Path Delay:        5.001ns  (logic 1.155ns (23.097%)  route 3.846ns (76.903%))
  Logic Levels:           6  (LUT4=2 LUT5=1 LUT6=3)
  Clock Path Skew:        -0.048ns (DCD - SCD + CPR)
    Destination Clock Delay (DCD):    4.827ns = ( 9.702 - 4.875 ) 
    Source Clock Delay      (SCD):    5.364ns
    Clock Pessimism Removal (CPR):    0.489ns
  Clock Uncertainty:      0.066ns  ((TSJ^2 + DJ^2)^1/2) / 2 + PE
    Total System Jitter     (TSJ):    0.071ns
    Discrete Jitter          (DJ):    0.113ns
    Phase Error              (PE):    0.000ns

    Location             Delay type                Incr(ns)  Path(ns)    Netlist Resource(s)
  -------------------------------------------------------------------    -------------------
                         (clock atomik_clk rise edge)
                                                      0.000     0.000 r  
                         clock source latency         2.194     2.194    
                         propagated clock network latency
                                                      3.170     5.364    
    SLICE_X96Y76         FDRE                         0.000     5.364 r  u_top/u_atomik/banks[52].bank_acc_reg[52][48]/C
    SLICE_X96Y76         FDRE (Prop_fdre_C_Q)         0.398     5.762 r  u_top/u_atomik/banks[52].bank_acc_reg[52][48]/Q
                         net (fo=2, routed)           0.817     6.579    u_top/u_atomik/banks[52].bank_acc_reg[52][63]_0[48]
    SLICE_X96Y80         LUT4 (Prop_lut4_I0_O)        0.232     6.811 r  u_top/u_atomik/swap_data[48]_i_12/O
                         net (fo=1, routed)           0.667     7.478    u_top/u_atomik/swap_data[48]_i_12_n_0
    SLICE_X93Y89         LUT5 (Prop_lut5_I4_O)        0.105     7.583 r  u_top/u_atomik/swap_data[48]_i_6/O
                         net (fo=1, routed)           0.794     8.377    u_top/u_atomik/swap_data[48]_i_6_n_0
    SLICE_X93Y89         LUT6 (Prop_lut6_I3_O)        0.105     8.482 f  u_top/u_atomik/swap_data[48]_i_2/O
                         net (fo=2, routed)           0.683     9.165    u_top/u_atomik/p_64_in[48]
    SLICE_X92Y91         LUT6 (Prop_lut6_I0_O)        0.105     9.270 r  u_top/u_atomik/core_resp_acc_zero_i_10/O
                         net (fo=1, routed)           0.657     9.927    u_top/u_atomik/core_resp_acc_zero_i_10_n_0
    SLICE_X93Y90         LUT6 (Prop_lut6_I2_O)        0.105    10.032 r  u_top/u_atomik/core_resp_acc_zero_i_5/O
                         net (fo=1, routed)           0.227    10.259    u_top/u_atomik/core_resp_acc_zero_i_5_n_0
    SLICE_X93Y91         LUT4 (Prop_lut4_I3_O)        0.105    10.364 r  u_top/u_atomik/core_resp_acc_zero_i_1/O
                         net (fo=1, routed)           0.000    10.364    u_top/u_cdc/acc_zero
    SLICE_X93Y91         FDCE                                         r  u_top/u_cdc/core_resp_acc_zero_reg/D
  -------------------------------------------------------------------    -------------------

                         (clock atomik_clk rise edge)
                                                      4.875     4.875 r  
                         clock source latency         1.951     6.826    
                         propagated clock network latency
                                                      2.876     9.702    
                         clock pessimism              0.489    10.191    
                         clock uncertainty           -0.066    10.124    
    SLICE_X93Y91         FDCE (Setup_fdce_C_D)        0.030    10.154    u_top/u_cdc/core_resp_acc_zero_reg
  -------------------------------------------------------------------
                         required time                         10.154    
                         arrival time                         -10.364    
  -------------------------------------------------------------------
                         slack                                 -0.210    

Slack (VIOLATED) :        -0.210ns  (required time - arrival time)
  Source:                 u_top/u_atomik/banks[52].bank_acc_reg[52][48]/C
                            (rising edge-triggered cell FDRE clocked by atomik_clk  {rise@0.000ns fall@2.438ns period=4.875ns})
  Destination:            u_top/u_cdc/core_resp_acc_zero_reg/D
                            (rising edge-triggered cell FDCE clocked by atomik_clk  {rise@0.000ns fall@2.438ns period=4.875ns})
  Path Group:             atomik_clk
  Path Type:              Setup (Max at Slow Process Corner)
  Requirement:            4.875ns  (atomik_clk rise@4.875ns - atomik_clk rise@0.000ns)
  Data Path Delay:        5.001ns  (logic 1.155ns (23.097%)  route 3.846ns (76.903%))
  Logic Levels:           6  (LUT4=2 LUT5=1 LUT6=3)
  Clock Path Skew:        -0.048ns (DCD - SCD + CPR)
    Destination Clock Delay (DCD):    4.827ns = ( 9.702 - 4.875 ) 
    Source Clock Delay      (SCD):    5.364ns
    Clock Pessimism Removal (CPR):    0.489ns
  Clock Uncertainty:      0.066ns  ((TSJ^2 + DJ^2)^1/2) / 2 + PE
    Total System Jitter     (TSJ):    0.071ns
    Discrete Jitter          (DJ):    0.113ns
    Phase Error              (PE):    0.000ns

    Location             Delay type                Incr(ns)  Path(ns)    Netlist Resource(s)
  -------------------------------------------------------------------    -------------------
                         (clock atomik_clk rise edge)
                                                      0.000     0.000 r  
                         clock source latency         2.194     2.194    
                         propagated clock network latency
                                                      3.170     5.364    
    SLICE_X96Y76         FDRE                         0.000     5.364 r  u_top/u_atomik/banks[52].bank_acc_reg[52][48]/C
    SLICE_X96Y76         FDRE (Prop_fdre_C_Q)         0.398     5.762 f  u_top/u_atomik/banks[52].bank_acc_reg[52][48]/Q
                         net (fo=2, routed)           0.817     6.579    u_top/u_atomik/banks[52].bank_acc_reg[52][63]_0[48]
    SLICE_X96Y80         LUT4 (Prop_lut4_I0_O)        0.232     6.811 r  u_top/u_atomik/swap_data[48]_i_12/O
                         net (fo=1, routed)           0.667     7.478    u_top/u_atomik/swap_data[48]_i_12_n_0
    SLICE_X93Y89         LUT5 (Prop_lut5_I4_O)        0.105     7.583 r  u_top/u_atomik/swap_data[48]_i_6/O
                         net (fo=1, routed)           0.794     8.377    u_top/u_atomik/swap_data[48]_i_6_n_0
    SLICE_X93Y89         LUT6 (Prop_lut6_I3_O)        0.105     8.482 f  u_top/u_atomik/swap_data[48]_i_2/O
                         net (fo=2, routed)           0.683     9.165    u_top/u_atomik/p_64_in[48]
    SLICE_X92Y91         LUT6 (Prop_lut6_I0_O)        0.105     9.270 r  u_top/u_atomik/core_resp_acc_zero_i_10/O
                         net (fo=1, routed)           0.657     9.927    u_top/u_atomik/core_resp_acc_zero_i_10_n_0
    SLICE_X93Y90         LUT6 (Prop_lut6_I2_O)        0.105    10.032 r  u_top/u_atomik/core_resp_acc_zero_i_5/O
                         net (fo=1, routed)           0.227    10.259    u_top/u_atomik/core_resp_acc_zero_i_5_n_0
    SLICE_X93Y91         LUT4 (Prop_lut4_I3_O)        0.105    10.364 r  u_top/u_atomik/core_resp_acc_zero_i_1/O
                         net (fo=1, routed)           0.000    10.364    u_top/u_cdc/acc_zero
    SLICE_X93Y91         FDCE                                         r  u_top/u_cdc/core_resp_acc_zero_reg/D
  -------------------------------------------------------------------    -------------------

                         (clock atomik_clk rise edge)
                                                      4.875     4.875 r  
                         clock source latency         1.951     6.826    
                         propagated clock network latency
                                                      2.876     9.702    
                         clock pessimism              0.489    10.191    
                         clock uncertainty           -0.066    10.124    
    SLICE_X93Y91         FDCE (Setup_fdce_C_D)        0.030    10.154    u_top/u_cdc/core_resp_acc_zero_reg
  -------------------------------------------------------------------
                         required time                         10.154    
                         arrival time                         -10.364    
  -------------------------------------------------------------------
                         slack                                 -0.210    

Slack (VIOLATED) :        -0.210ns  (required time - arrival time)
  Source:                 u_top/u_atomik/banks[52].bank_acc_reg[52][48]/C
                            (rising edge-triggered cell FDRE clocked by atomik_clk  {rise@0.000ns fall@2.438ns period=4.875ns})
  Destination:            u_top/u_cdc/core_resp_acc_zero_reg/D
                            (rising edge-triggered cell FDCE clocked by atomik_clk  {rise@0.000ns fall@2.438ns period=4.875ns})
  Path Group:             atomik_clk
  Path Type:              Setup (Max at Slow Process Corner)
  Requirement:            4.875ns  (atomik_clk rise@4.875ns - atomik_clk rise@0.000ns)
  Data Path Delay:        5.001ns  (logic 1.155ns (23.097%)  route 3.846ns (76.903%))
  Logic Levels:           6  (LUT4=2 LUT5=1 LUT6=3)
  Clock Path Skew:        -0.048ns (DCD - SCD + CPR)
    Destination Clock Delay (DCD):    4.827ns = ( 9.702 - 4.875 ) 
    Source Clock Delay      (SCD):    5.364ns
    Clock Pessimism Removal (CPR):    0.489ns
  Clock Uncertainty:      0.066ns  ((TSJ^2 + DJ^2)^1/2) / 2 + PE
    Total System Jitter     (TSJ):    0.071ns
    Discrete Jitter          (DJ):    0.113ns
    Phase Error              (PE):    0.000ns

    Location             Delay type                Incr(ns)  Path(ns)    Netlist Resource(s)
  -------------------------------------------------------------------    -------------------
                         (clock atomik_clk rise edge)
                                                      0.000     0.000 r  
                         clock source latency         2.194     2.194    
                         propagated clock network latency
                                                      3.170     5.364    
    SLICE_X96Y76         FDRE                         0.000     5.364 r  u_top/u_atomik/banks[52].bank_acc_reg[52][48]/C
    SLICE_X96Y76         FDRE (Prop_fdre_C_Q)         0.398     5.762 r  u_top/u_atomik/banks[52].bank_acc_reg[52][48]/Q
                         net (fo=2, routed)           0.817     6.579    u_top/u_atomik/banks[52].bank_acc_reg[52][63]_0[48]
    SLICE_X96Y80         LUT4 (Prop_lut4_I0_O)        0.232     6.811 f  u_top/u_atomik/swap_data[48]_i_12/O
                         net (fo=1, routed)           0.667     7.478    u_top/u_atomik/swap_data[48]_i_12_n_0
    SLICE_X93Y89         LUT5 (Prop_lut5_I4_O)        0.105     7.583 r  u_top/u_atomik/swap_data[48]_i_6/O
                         net (fo=1, routed)           0.794     8.377    u_top/u_atomik/swap_data[48]_i_6_n_0
    SLICE_X93Y89         LUT6 (Prop_lut6_I3_O)        0.105     8.482 f  u_top/u_atomik/swap_data[48]_i_2/O
                         net (fo=2, routed)           0.683     9.165    u_top/u_atomik/p_64_in[48]
    SLICE_X92Y91         LUT6 (Prop_lut6_I0_O)        0.105     9.270 r  u_top/u_atomik/core_resp_acc_zero_i_10/O
                         net (fo=1, routed)           0.657     9.927    u_top/u_atomik/core_resp_acc_zero_i_10_n_0
    SLICE_X93Y90         LUT6 (Prop_lut6_I2_O)        0.105    10.032 r  u_top/u_atomik/core_resp_acc_zero_i_5/O
                         net (fo=1, routed)           0.227    10.259    u_top/u_atomik/core_resp_acc_zero_i_5_n_0
    SLICE_X93Y91         LUT4 (Prop_lut4_I3_O)        0.105    10.364 r  u_top/u_atomik/core_resp_acc_zero_i_1/O
                         net (fo=1, routed)           0.000    10.364    u_top/u_cdc/acc_zero
    SLICE_X93Y91         FDCE                                         r  u_top/u_cdc/core_resp_acc_zero_reg/D
  -------------------------------------------------------------------    -------------------

                         (clock atomik_clk rise edge)
                                                      4.875     4.875 r  
                         clock source latency         1.951     6.826    
                         propagated clock network latency
                                                      2.876     9.702    
                         clock pessimism              0.489    10.191    
                         clock uncertainty           -0.066    10.124    
    SLICE_X93Y91         FDCE (Setup_fdce_C_D)        0.030    10.154    u_top/u_cdc/core_resp_acc_zero_reg
  -------------------------------------------------------------------
                         required time                         10.154    
                         arrival time                         -10.364    
  -------------------------------------------------------------------
                         slack                                 -0.210    

Slack (VIOLATED) :        -0.210ns  (required time - arrival time)
  Source:                 u_top/u_atomik/banks[52].bank_acc_reg[52][48]/C
                            (rising edge-triggered cell FDRE clocked by atomik_clk  {rise@0.000ns fall@2.438ns period=4.875ns})
  Destination:            u_top/u_cdc/core_resp_acc_zero_reg/D
                            (rising edge-triggered cell FDCE clocked by atomik_clk  {rise@0.000ns fall@2.438ns period=4.875ns})
  Path Group:             atomik_clk
  Path Type:              Setup (Max at Slow Process Corner)
  Requirement:            4.875ns  (atomik_clk rise@4.875ns - atomik_clk rise@0.000ns)
  Data Path Delay:        5.001ns  (logic 1.155ns (23.097%)  route 3.846ns (76.903%))
  Logic Levels:           6  (LUT4=2 LUT5=1 LUT6=3)
  Clock Path Skew:        -0.048ns (DCD - SCD + CPR)
    Destination Clock Delay (DCD):    4.827ns = ( 9.702 - 4.875 ) 
    Source Clock Delay      (SCD):    5.364ns
    Clock Pessimism Removal (CPR):    0.489ns
  Clock Uncertainty:      0.066ns  ((TSJ^2 + DJ^2)^1/2) / 2 + PE
    Total System Jitter     (TSJ):    0.071ns
    Discrete Jitter          (DJ):    0.113ns
    Phase Error              (PE):    0.000ns

    Location             Delay type                Incr(ns)  Path(ns)    Netlist Resource(s)
  -------------------------------------------------------------------    -------------------
                         (clock atomik_clk rise edge)
                                                      0.000     0.000 r  
                         clock source latency         2.194     2.194    
                         propagated clock network latency
                                                      3.170     5.364    
    SLICE_X96Y76         FDRE                         0.000     5.364 r  u_top/u_atomik/banks[52].bank_acc_reg[52][48]/C
    SLICE_X96Y76         FDRE (Prop_fdre_C_Q)         0.398     5.762 r  u_top/u_atomik/banks[52].bank_acc_reg[52][48]/Q
                         net (fo=2, routed)           0.817     6.579    u_top/u_atomik/banks[52].bank_acc_reg[52][63]_0[48]
    SLICE_X96Y80         LUT4 (Prop_lut4_I0_O)        0.232     6.811 r  u_top/u_atomik/swap_data[48]_i_12/O
                         net (fo=1, routed)           0.667     7.478    u_top/u_atomik/swap_data[48]_i_12_n_0
    SLICE_X93Y89         LUT5 (Prop_lut5_I4_O)        0.105     7.583 f  u_top/u_atomik/swap_data[48]_i_6/O
                         net (fo=1, routed)           0.794     8.377    u_top/u_atomik/swap_data[48]_i_6_n_0
    SLICE_X93Y89         LUT6 (Prop_lut6_I3_O)        0.105     8.482 f  u_top/u_atomik/swap_data[48]_i_2/O
                         net (fo=2, routed)           0.683     9.165    u_top/u_atomik/p_64_in[48]
    SLICE_X92Y91         LUT6 (Prop_lut6_I0_O)        0.105     9.270 r  u_top/u_atomik/core_resp_acc_zero_i_10/O
                         net (fo=1, routed)           0.657     9.927    u_top/u_atomik/core_resp_acc_zero_i_10_n_0
    SLICE_X93Y90         LUT6 (Prop_lut6_I2_O)        0.105    10.032 r  u_top/u_atomik/core_resp_acc_zero_i_5/O
                         net (fo=1, routed)           0.227    10.259    u_top/u_atomik/core_resp_acc_zero_i_5_n_0
    SLICE_X93Y91         LUT4 (Prop_lut4_I3_O)        0.105    10.364 r  u_top/u_atomik/core_resp_acc_zero_i_1/O
                         net (fo=1, routed)           0.000    10.364    u_top/u_cdc/acc_zero
    SLICE_X93Y91         FDCE                                         r  u_top/u_cdc/core_resp_acc_zero_reg/D
  -------------------------------------------------------------------    -------------------

                         (clock atomik_clk rise edge)
                                                      4.875     4.875 r  
                         clock source latency         1.951     6.826    
                         propagated clock network latency
                                                      2.876     9.702    
                         clock pessimism              0.489    10.191    
                         clock uncertainty           -0.066    10.124    
    SLICE_X93Y91         FDCE (Setup_fdce_C_D)        0.030    10.154    u_top/u_cdc/core_resp_acc_zero_reg
  -------------------------------------------------------------------
                         required time                         10.154    
                         arrival time                         -10.364    
  -------------------------------------------------------------------
                         slack                                 -0.210    

Slack (VIOLATED) :        -0.210ns  (required time - arrival time)
  Source:                 u_top/u_atomik/banks[52].bank_acc_reg[52][48]/C
                            (rising edge-triggered cell FDRE clocked by atomik_clk  {rise@0.000ns fall@2.438ns period=4.875ns})
  Destination:            u_top/u_cdc/core_resp_acc_zero_reg/D
                            (rising edge-triggered cell FDCE clocked by atomik_clk  {rise@0.000ns fall@2.438ns period=4.875ns})
  Path Group:             atomik_clk
  Path Type:              Setup (Max at Slow Process Corner)
  Requirement:            4.875ns  (atomik_clk rise@4.875ns - atomik_clk rise@0.000ns)
  Data Path Delay:        5.001ns  (logic 1.155ns (23.097%)  route 3.846ns (76.903%))
  Logic Levels:           6  (LUT4=2 LUT5=1 LUT6=3)
  Clock Path Skew:        -0.048ns (DCD - SCD + CPR)
    Destination Clock Delay (DCD):    4.827ns = ( 9.702 - 4.875 ) 
    Source Clock Delay      (SCD):    5.364ns
    Clock Pessimism Removal (CPR):    0.489ns
  Clock Uncertainty:      0.066ns  ((TSJ^2 + DJ^2)^1/2) / 2 + PE
    Total System Jitter     (TSJ):    0.071ns
    Discrete Jitter          (DJ):    0.113ns
    Phase Error              (PE):    0.000ns

    Location             Delay type                Incr(ns)  Path(ns)    Netlist Resource(s)
  -------------------------------------------------------------------    -------------------
                         (clock atomik_clk rise edge)
                                                      0.000     0.000 r  
                         clock source latency         2.194     2.194    
                         propagated clock network latency
                                                      3.170     5.364    
    SLICE_X96Y76         FDRE                         0.000     5.364 r  u_top/u_atomik/banks[52].bank_acc_reg[52][48]/C
    SLICE_X96Y76         FDRE (Prop_fdre_C_Q)         0.398     5.762 f  u_top/u_atomik/banks[52].bank_acc_reg[52][48]/Q
                         net (fo=2, routed)           0.817     6.579    u_top/u_atomik/banks[52].bank_acc_reg[52][63]_0[48]
    SLICE_X96Y80         LUT4 (Prop_lut4_I0_O)        0.232     6.811 r  u_top/u_atomik/swap_data[48]_i_12/O
                         net (fo=1, routed)           0.667     7.478    u_top/u_atomik/swap_data[48]_i_12_n_0
    SLICE_X93Y89         LUT5 (Prop_lut5_I4_O)        0.105     7.583 f  u_top/u_atomik/swap_data[48]_i_6/O
                         net (fo=1, routed)           0.794     8.377    u_top/u_atomik/swap_data[48]_i_6_n_0
    SLICE_X93Y89         LUT6 (Prop_lut6_I3_O)        0.105     8.482 f  u_top/u_atomik/swap_data[48]_i_2/O
                         net (fo=2, routed)           0.683     9.165    u_top/u_atomik/p_64_in[48]
    SLICE_X92Y91         LUT6 (Prop_lut6_I0_O)        0.105     9.270 r  u_top/u_atomik/core_resp_acc_zero_i_10/O
                         net (fo=1, routed)           0.657     9.927    u_top/u_atomik/core_resp_acc_zero_i_10_n_0
    SLICE_X93Y90         LUT6 (Prop_lut6_I2_O)        0.105    10.032 r  u_top/u_atomik/core_resp_acc_zero_i_5/O
                         net (fo=1, routed)           0.227    10.259    u_top/u_atomik/core_resp_acc_zero_i_5_n_0
    SLICE_X93Y91         LUT4 (Prop_lut4_I3_O)        0.105    10.364 r  u_top/u_atomik/core_resp_acc_zero_i_1/O
                         net (fo=1, routed)           0.000    10.364    u_top/u_cdc/acc_zero
    SLICE_X93Y91         FDCE                                         r  u_top/u_cdc/core_resp_acc_zero_reg/D
  -------------------------------------------------------------------    -------------------

                         (clock atomik_clk rise edge)
                                                      4.875     4.875 r  
                         clock source latency         1.951     6.826    
                         propagated clock network latency
                                                      2.876     9.702    
                         clock pessimism              0.489    10.191    
                         clock uncertainty           -0.066    10.124    
    SLICE_X93Y91         FDCE (Setup_fdce_C_D)        0.030    10.154    u_top/u_cdc/core_resp_acc_zero_reg
  -------------------------------------------------------------------
                         required time                         10.154    
                         arrival time                         -10.364    
  -------------------------------------------------------------------
                         slack                                 -0.210    




