Copyright 1986-2022 Xilinx, Inc. All Rights Reserved. Copyright 2022-2025 Advanced Micro Devices, Inc. All Rights Reserved.
-----------------------------------------------------------------------------------------------------------------------------------------------------------
| Tool Version : Vivado v.2025.2 (lin64) Build 6299465 Fri Nov 14 12:34:56 MST 2025
| Date         : Fri Mar 13 15:04:05 2026
| Host         : Jarvis running 64-bit Ubuntu 24.04.4 LTS
| Command      : report_timing -nworst 5 -path_type full -file /home/mattrock/Projects/ATOMiK/hardware/zynq/sweep/reports/crit_path_N64_F210p5_maximum.rpt
| Design       : sweep_top_N64_F210p5_maximum
| Device       : 7z020-clg400
| Speed File   : -2  PRODUCTION 1.12 2019-11-22
| Design State : Routed
-----------------------------------------------------------------------------------------------------------------------------------------------------------

Timing Report

Slack (VIOLATED) :        -0.112ns  (required time - arrival time)
  Source:                 u_top/u_atomik/banks[41].bank_acc_reg[41][34]/C
                            (rising edge-triggered cell FDRE clocked by atomik_clk  {rise@0.000ns fall@2.375ns period=4.750ns})
  Destination:            u_top/u_cdc/core_resp_acc_zero_reg/D
                            (rising edge-triggered cell FDCE clocked by atomik_clk  {rise@0.000ns fall@2.375ns period=4.750ns})
  Path Group:             atomik_clk
  Path Type:              Setup (Max at Slow Process Corner)
  Requirement:            4.750ns  (atomik_clk rise@4.750ns - atomik_clk rise@0.000ns)
  Data Path Delay:        4.765ns  (logic 1.063ns (22.307%)  route 3.702ns (77.693%))
  Logic Levels:           6  (LUT4=1 LUT5=1 LUT6=4)
  Clock Path Skew:        -0.061ns (DCD - SCD + CPR)
    Destination Clock Delay (DCD):    4.972ns = ( 9.722 - 4.750 ) 
    Source Clock Delay      (SCD):    5.537ns
    Clock Pessimism Removal (CPR):    0.504ns
  Clock Uncertainty:      0.066ns  ((TSJ^2 + DJ^2)^1/2) / 2 + PE
    Total System Jitter     (TSJ):    0.071ns
    Discrete Jitter          (DJ):    0.112ns
    Phase Error              (PE):    0.000ns

    Location             Delay type                Incr(ns)  Path(ns)    Netlist Resource(s)
  -------------------------------------------------------------------    -------------------
                         (clock atomik_clk rise edge)
                                                      0.000     0.000 r  
                         clock source latency         2.194     2.194    
                         propagated clock network latency
                                                      3.343     5.537    
    SLICE_X94Y121        FDRE                         0.000     5.537 r  u_top/u_atomik/banks[41].bank_acc_reg[41][34]/C
    SLICE_X94Y121        FDRE (Prop_fdre_C_Q)         0.433     5.970 r  u_top/u_atomik/banks[41].bank_acc_reg[41][34]/Q
                         net (fo=2, routed)           1.056     7.026    u_top/u_atomik/banks[41].bank_acc_reg[41][63]_0[34]
    SLICE_X92Y124        LUT6 (Prop_lut6_I4_O)        0.105     7.131 r  u_top/u_atomik/i_2_LOPT_REMAP_17/O
                         net (fo=1, routed)           0.901     8.032    u_top/u_atomik/i_2/O_n_17
    SLICE_X94Y123        LUT6 (Prop_lut6_I3_O)        0.105     8.137 r  u_top/u_atomik/i_1_LOPT_REMAP_17/O
                         net (fo=1, routed)           0.314     8.451    u_top/u_atomik/i_1/O_n_17
    SLICE_X95Y123        LUT5 (Prop_lut5_I2_O)        0.105     8.556 f  u_top/u_atomik/i_0_LOPT_REMAP_17/O
                         net (fo=2, routed)           0.542     9.098    u_top/u_atomik/p_64_in[34]
    SLICE_X98Y123        LUT6 (Prop_lut6_I2_O)        0.105     9.203 r  u_top/u_atomik/core_resp_acc_zero_i_8/O
                         net (fo=1, routed)           0.663     9.867    u_top/u_atomik/core_resp_acc_zero_i_8_n_0
    SLICE_X101Y123       LUT6 (Prop_lut6_I0_O)        0.105     9.972 r  u_top/u_atomik/core_resp_acc_zero_i_5/O
                         net (fo=1, routed)           0.225    10.197    u_top/u_atomik/core_resp_acc_zero_i_5_n_0
    SLICE_X99Y123        LUT4 (Prop_lut4_I3_O)        0.105    10.302 r  u_top/u_atomik/core_resp_acc_zero_i_1/O
                         net (fo=1, routed)           0.000    10.302    u_top/u_cdc/acc_zero
    SLICE_X99Y123        FDCE                                         r  u_top/u_cdc/core_resp_acc_zero_reg/D
  -------------------------------------------------------------------    -------------------

                         (clock atomik_clk rise edge)
                                                      4.750     4.750 r  
                         clock source latency         1.951     6.701    
                         propagated clock network latency
                                                      3.020     9.722    
                         clock pessimism              0.504    10.226    
                         clock uncertainty           -0.066    10.159    
    SLICE_X99Y123        FDCE (Setup_fdce_C_D)        0.030    10.189    u_top/u_cdc/core_resp_acc_zero_reg
  -------------------------------------------------------------------
                         required time                         10.189    
                         arrival time                         -10.302    
  -------------------------------------------------------------------
                         slack                                 -0.112    

Slack (VIOLATED) :        -0.112ns  (required time - arrival time)
  Source:                 u_top/u_atomik/banks[41].bank_acc_reg[41][34]/C
                            (rising edge-triggered cell FDRE clocked by atomik_clk  {rise@0.000ns fall@2.375ns period=4.750ns})
  Destination:            u_top/u_cdc/core_resp_acc_zero_reg/D
                            (rising edge-triggered cell FDCE clocked by atomik_clk  {rise@0.000ns fall@2.375ns period=4.750ns})
  Path Group:             atomik_clk
  Path Type:              Setup (Max at Slow Process Corner)
  Requirement:            4.750ns  (atomik_clk rise@4.750ns - atomik_clk rise@0.000ns)
  Data Path Delay:        4.765ns  (logic 1.063ns (22.307%)  route 3.702ns (77.693%))
  Logic Levels:           6  (LUT4=1 LUT5=1 LUT6=4)
  Clock Path Skew:        -0.061ns (DCD - SCD + CPR)
    Destination Clock Delay (DCD):    4.972ns = ( 9.722 - 4.750 ) 
    Source Clock Delay      (SCD):    5.537ns
    Clock Pessimism Removal (CPR):    0.504ns
  Clock Uncertainty:      0.066ns  ((TSJ^2 + DJ^2)^1/2) / 2 + PE
    Total System Jitter     (TSJ):    0.071ns
    Discrete Jitter          (DJ):    0.112ns
    Phase Error              (PE):    0.000ns

    Location             Delay type                Incr(ns)  Path(ns)    Netlist Resource(s)
  -------------------------------------------------------------------    -------------------
                         (clock atomik_clk rise edge)
                                                      0.000     0.000 r  
                         clock source latency         2.194     2.194    
                         propagated clock network latency
                                                      3.343     5.537    
    SLICE_X94Y121        FDRE                         0.000     5.537 r  u_top/u_atomik/banks[41].bank_acc_reg[41][34]/C
    SLICE_X94Y121        FDRE (Prop_fdre_C_Q)         0.433     5.970 f  u_top/u_atomik/banks[41].bank_acc_reg[41][34]/Q
                         net (fo=2, routed)           1.056     7.026    u_top/u_atomik/banks[41].bank_acc_reg[41][63]_0[34]
    SLICE_X92Y124        LUT6 (Prop_lut6_I4_O)        0.105     7.131 r  u_top/u_atomik/i_2_LOPT_REMAP_17/O
                         net (fo=1, routed)           0.901     8.032    u_top/u_atomik/i_2/O_n_17
    SLICE_X94Y123        LUT6 (Prop_lut6_I3_O)        0.105     8.137 r  u_top/u_atomik/i_1_LOPT_REMAP_17/O
                         net (fo=1, routed)           0.314     8.451    u_top/u_atomik/i_1/O_n_17
    SLICE_X95Y123        LUT5 (Prop_lut5_I2_O)        0.105     8.556 f  u_top/u_atomik/i_0_LOPT_REMAP_17/O
                         net (fo=2, routed)           0.542     9.098    u_top/u_atomik/p_64_in[34]
    SLICE_X98Y123        LUT6 (Prop_lut6_I2_O)        0.105     9.203 r  u_top/u_atomik/core_resp_acc_zero_i_8/O
                         net (fo=1, routed)           0.663     9.867    u_top/u_atomik/core_resp_acc_zero_i_8_n_0
    SLICE_X101Y123       LUT6 (Prop_lut6_I0_O)        0.105     9.972 r  u_top/u_atomik/core_resp_acc_zero_i_5/O
                         net (fo=1, routed)           0.225    10.197    u_top/u_atomik/core_resp_acc_zero_i_5_n_0
    SLICE_X99Y123        LUT4 (Prop_lut4_I3_O)        0.105    10.302 r  u_top/u_atomik/core_resp_acc_zero_i_1/O
                         net (fo=1, routed)           0.000    10.302    u_top/u_cdc/acc_zero
    SLICE_X99Y123        FDCE                                         r  u_top/u_cdc/core_resp_acc_zero_reg/D
  -------------------------------------------------------------------    -------------------

                         (clock atomik_clk rise edge)
                                                      4.750     4.750 r  
                         clock source latency         1.951     6.701    
                         propagated clock network latency
                                                      3.020     9.722    
                         clock pessimism              0.504    10.226    
                         clock uncertainty           -0.066    10.159    
    SLICE_X99Y123        FDCE (Setup_fdce_C_D)        0.030    10.189    u_top/u_cdc/core_resp_acc_zero_reg
  -------------------------------------------------------------------
                         required time                         10.189    
                         arrival time                         -10.302    
  -------------------------------------------------------------------
                         slack                                 -0.112    

Slack (VIOLATED) :        -0.112ns  (required time - arrival time)
  Source:                 u_top/u_atomik/banks[41].bank_acc_reg[41][34]/C
                            (rising edge-triggered cell FDRE clocked by atomik_clk  {rise@0.000ns fall@2.375ns period=4.750ns})
  Destination:            u_top/u_cdc/core_resp_acc_zero_reg/D
                            (rising edge-triggered cell FDCE clocked by atomik_clk  {rise@0.000ns fall@2.375ns period=4.750ns})
  Path Group:             atomik_clk
  Path Type:              Setup (Max at Slow Process Corner)
  Requirement:            4.750ns  (atomik_clk rise@4.750ns - atomik_clk rise@0.000ns)
  Data Path Delay:        4.765ns  (logic 1.063ns (22.307%)  route 3.702ns (77.693%))
  Logic Levels:           6  (LUT4=1 LUT5=1 LUT6=4)
  Clock Path Skew:        -0.061ns (DCD - SCD + CPR)
    Destination Clock Delay (DCD):    4.972ns = ( 9.722 - 4.750 ) 
    Source Clock Delay      (SCD):    5.537ns
    Clock Pessimism Removal (CPR):    0.504ns
  Clock Uncertainty:      0.066ns  ((TSJ^2 + DJ^2)^1/2) / 2 + PE
    Total System Jitter     (TSJ):    0.071ns
    Discrete Jitter          (DJ):    0.112ns
    Phase Error              (PE):    0.000ns

    Location             Delay type                Incr(ns)  Path(ns)    Netlist Resource(s)
  -------------------------------------------------------------------    -------------------
                         (clock atomik_clk rise edge)
                                                      0.000     0.000 r  
                         clock source latency         2.194     2.194    
                         propagated clock network latency
                                                      3.343     5.537    
    SLICE_X94Y121        FDRE                         0.000     5.537 r  u_top/u_atomik/banks[41].bank_acc_reg[41][34]/C
    SLICE_X94Y121        FDRE (Prop_fdre_C_Q)         0.433     5.970 r  u_top/u_atomik/banks[41].bank_acc_reg[41][34]/Q
                         net (fo=2, routed)           1.056     7.026    u_top/u_atomik/banks[41].bank_acc_reg[41][63]_0[34]
    SLICE_X92Y124        LUT6 (Prop_lut6_I4_O)        0.105     7.131 f  u_top/u_atomik/i_2_LOPT_REMAP_17/O
                         net (fo=1, routed)           0.901     8.032    u_top/u_atomik/i_2/O_n_17
    SLICE_X94Y123        LUT6 (Prop_lut6_I3_O)        0.105     8.137 r  u_top/u_atomik/i_1_LOPT_REMAP_17/O
                         net (fo=1, routed)           0.314     8.451    u_top/u_atomik/i_1/O_n_17
    SLICE_X95Y123        LUT5 (Prop_lut5_I2_O)        0.105     8.556 f  u_top/u_atomik/i_0_LOPT_REMAP_17/O
                         net (fo=2, routed)           0.542     9.098    u_top/u_atomik/p_64_in[34]
    SLICE_X98Y123        LUT6 (Prop_lut6_I2_O)        0.105     9.203 r  u_top/u_atomik/core_resp_acc_zero_i_8/O
                         net (fo=1, routed)           0.663     9.867    u_top/u_atomik/core_resp_acc_zero_i_8_n_0
    SLICE_X101Y123       LUT6 (Prop_lut6_I0_O)        0.105     9.972 r  u_top/u_atomik/core_resp_acc_zero_i_5/O
                         net (fo=1, routed)           0.225    10.197    u_top/u_atomik/core_resp_acc_zero_i_5_n_0
    SLICE_X99Y123        LUT4 (Prop_lut4_I3_O)        0.105    10.302 r  u_top/u_atomik/core_resp_acc_zero_i_1/O
                         net (fo=1, routed)           0.000    10.302    u_top/u_cdc/acc_zero
    SLICE_X99Y123        FDCE                                         r  u_top/u_cdc/core_resp_acc_zero_reg/D
  -------------------------------------------------------------------    -------------------

                         (clock atomik_clk rise edge)
                                                      4.750     4.750 r  
                         clock source latency         1.951     6.701    
                         propagated clock network latency
                                                      3.020     9.722    
                         clock pessimism              0.504    10.226    
                         clock uncertainty           -0.066    10.159    
    SLICE_X99Y123        FDCE (Setup_fdce_C_D)        0.030    10.189    u_top/u_cdc/core_resp_acc_zero_reg
  -------------------------------------------------------------------
                         required time                         10.189    
                         arrival time                         -10.302    
  -------------------------------------------------------------------
                         slack                                 -0.112    

Slack (VIOLATED) :        -0.112ns  (required time - arrival time)
  Source:                 u_top/u_atomik/banks[41].bank_acc_reg[41][34]/C
                            (rising edge-triggered cell FDRE clocked by atomik_clk  {rise@0.000ns fall@2.375ns period=4.750ns})
  Destination:            u_top/u_cdc/core_resp_acc_zero_reg/D
                            (rising edge-triggered cell FDCE clocked by atomik_clk  {rise@0.000ns fall@2.375ns period=4.750ns})
  Path Group:             atomik_clk
  Path Type:              Setup (Max at Slow Process Corner)
  Requirement:            4.750ns  (atomik_clk rise@4.750ns - atomik_clk rise@0.000ns)
  Data Path Delay:        4.765ns  (logic 1.063ns (22.307%)  route 3.702ns (77.693%))
  Logic Levels:           6  (LUT4=1 LUT5=1 LUT6=4)
  Clock Path Skew:        -0.061ns (DCD - SCD + CPR)
    Destination Clock Delay (DCD):    4.972ns = ( 9.722 - 4.750 ) 
    Source Clock Delay      (SCD):    5.537ns
    Clock Pessimism Removal (CPR):    0.504ns
  Clock Uncertainty:      0.066ns  ((TSJ^2 + DJ^2)^1/2) / 2 + PE
    Total System Jitter     (TSJ):    0.071ns
    Discrete Jitter          (DJ):    0.112ns
    Phase Error              (PE):    0.000ns

    Location             Delay type                Incr(ns)  Path(ns)    Netlist Resource(s)
  -------------------------------------------------------------------    -------------------
                         (clock atomik_clk rise edge)
                                                      0.000     0.000 r  
                         clock source latency         2.194     2.194    
                         propagated clock network latency
                                                      3.343     5.537    
    SLICE_X94Y121        FDRE                         0.000     5.537 r  u_top/u_atomik/banks[41].bank_acc_reg[41][34]/C
    SLICE_X94Y121        FDRE (Prop_fdre_C_Q)         0.433     5.970 r  u_top/u_atomik/banks[41].bank_acc_reg[41][34]/Q
                         net (fo=2, routed)           1.056     7.026    u_top/u_atomik/banks[41].bank_acc_reg[41][63]_0[34]
    SLICE_X92Y124        LUT6 (Prop_lut6_I4_O)        0.105     7.131 r  u_top/u_atomik/i_2_LOPT_REMAP_17/O
                         net (fo=1, routed)           0.901     8.032    u_top/u_atomik/i_2/O_n_17
    SLICE_X94Y123        LUT6 (Prop_lut6_I3_O)        0.105     8.137 f  u_top/u_atomik/i_1_LOPT_REMAP_17/O
                         net (fo=1, routed)           0.314     8.451    u_top/u_atomik/i_1/O_n_17
    SLICE_X95Y123        LUT5 (Prop_lut5_I2_O)        0.105     8.556 f  u_top/u_atomik/i_0_LOPT_REMAP_17/O
                         net (fo=2, routed)           0.542     9.098    u_top/u_atomik/p_64_in[34]
    SLICE_X98Y123        LUT6 (Prop_lut6_I2_O)        0.105     9.203 r  u_top/u_atomik/core_resp_acc_zero_i_8/O
                         net (fo=1, routed)           0.663     9.867    u_top/u_atomik/core_resp_acc_zero_i_8_n_0
    SLICE_X101Y123       LUT6 (Prop_lut6_I0_O)        0.105     9.972 r  u_top/u_atomik/core_resp_acc_zero_i_5/O
                         net (fo=1, routed)           0.225    10.197    u_top/u_atomik/core_resp_acc_zero_i_5_n_0
    SLICE_X99Y123        LUT4 (Prop_lut4_I3_O)        0.105    10.302 r  u_top/u_atomik/core_resp_acc_zero_i_1/O
                         net (fo=1, routed)           0.000    10.302    u_top/u_cdc/acc_zero
    SLICE_X99Y123        FDCE                                         r  u_top/u_cdc/core_resp_acc_zero_reg/D
  -------------------------------------------------------------------    -------------------

                         (clock atomik_clk rise edge)
                                                      4.750     4.750 r  
                         clock source latency         1.951     6.701    
                         propagated clock network latency
                                                      3.020     9.722    
                         clock pessimism              0.504    10.226    
                         clock uncertainty           -0.066    10.159    
    SLICE_X99Y123        FDCE (Setup_fdce_C_D)        0.030    10.189    u_top/u_cdc/core_resp_acc_zero_reg
  -------------------------------------------------------------------
                         required time                         10.189    
                         arrival time                         -10.302    
  -------------------------------------------------------------------
                         slack                                 -0.112    

Slack (VIOLATED) :        -0.112ns  (required time - arrival time)
  Source:                 u_top/u_atomik/banks[41].bank_acc_reg[41][34]/C
                            (rising edge-triggered cell FDRE clocked by atomik_clk  {rise@0.000ns fall@2.375ns period=4.750ns})
  Destination:            u_top/u_cdc/core_resp_acc_zero_reg/D
                            (rising edge-triggered cell FDCE clocked by atomik_clk  {rise@0.000ns fall@2.375ns period=4.750ns})
  Path Group:             atomik_clk
  Path Type:              Setup (Max at Slow Process Corner)
  Requirement:            4.750ns  (atomik_clk rise@4.750ns - atomik_clk rise@0.000ns)
  Data Path Delay:        4.765ns  (logic 1.063ns (22.307%)  route 3.702ns (77.693%))
  Logic Levels:           6  (LUT4=1 LUT5=1 LUT6=4)
  Clock Path Skew:        -0.061ns (DCD - SCD + CPR)
    Destination Clock Delay (DCD):    4.972ns = ( 9.722 - 4.750 ) 
    Source Clock Delay      (SCD):    5.537ns
    Clock Pessimism Removal (CPR):    0.504ns
  Clock Uncertainty:      0.066ns  ((TSJ^2 + DJ^2)^1/2) / 2 + PE
    Total System Jitter     (TSJ):    0.071ns
    Discrete Jitter          (DJ):    0.112ns
    Phase Error              (PE):    0.000ns

    Location             Delay type                Incr(ns)  Path(ns)    Netlist Resource(s)
  -------------------------------------------------------------------    -------------------
                         (clock atomik_clk rise edge)
                                                      0.000     0.000 r  
                         clock source latency         2.194     2.194    
                         propagated clock network latency
                                                      3.343     5.537    
    SLICE_X94Y121        FDRE                         0.000     5.537 r  u_top/u_atomik/banks[41].bank_acc_reg[41][34]/C
    SLICE_X94Y121        FDRE (Prop_fdre_C_Q)         0.433     5.970 r  u_top/u_atomik/banks[41].bank_acc_reg[41][34]/Q
                         net (fo=2, routed)           1.056     7.026    u_top/u_atomik/banks[41].bank_acc_reg[41][63]_0[34]
    SLICE_X92Y124        LUT6 (Prop_lut6_I4_O)        0.105     7.131 f  u_top/u_atomik/i_2_LOPT_REMAP_17/O
                         net (fo=1, routed)           0.901     8.032    u_top/u_atomik/i_2/O_n_17
    SLICE_X94Y123        LUT6 (Prop_lut6_I3_O)        0.105     8.137 f  u_top/u_atomik/i_1_LOPT_REMAP_17/O
                         net (fo=1, routed)           0.314     8.451    u_top/u_atomik/i_1/O_n_17
    SLICE_X95Y123        LUT5 (Prop_lut5_I2_O)        0.105     8.556 f  u_top/u_atomik/i_0_LOPT_REMAP_17/O
                         net (fo=2, routed)           0.542     9.098    u_top/u_atomik/p_64_in[34]
    SLICE_X98Y123        LUT6 (Prop_lut6_I2_O)        0.105     9.203 r  u_top/u_atomik/core_resp_acc_zero_i_8/O
                         net (fo=1, routed)           0.663     9.867    u_top/u_atomik/core_resp_acc_zero_i_8_n_0
    SLICE_X101Y123       LUT6 (Prop_lut6_I0_O)        0.105     9.972 r  u_top/u_atomik/core_resp_acc_zero_i_5/O
                         net (fo=1, routed)           0.225    10.197    u_top/u_atomik/core_resp_acc_zero_i_5_n_0
    SLICE_X99Y123        LUT4 (Prop_lut4_I3_O)        0.105    10.302 r  u_top/u_atomik/core_resp_acc_zero_i_1/O
                         net (fo=1, routed)           0.000    10.302    u_top/u_cdc/acc_zero
    SLICE_X99Y123        FDCE                                         r  u_top/u_cdc/core_resp_acc_zero_reg/D
  -------------------------------------------------------------------    -------------------

                         (clock atomik_clk rise edge)
                                                      4.750     4.750 r  
                         clock source latency         1.951     6.701    
                         propagated clock network latency
                                                      3.020     9.722    
                         clock pessimism              0.504    10.226    
                         clock uncertainty           -0.066    10.159    
    SLICE_X99Y123        FDCE (Setup_fdce_C_D)        0.030    10.189    u_top/u_cdc/core_resp_acc_zero_reg
  -------------------------------------------------------------------
                         required time                         10.189    
                         arrival time                         -10.302    
  -------------------------------------------------------------------
                         slack                                 -0.112    




