Copyright 1986-2022 Xilinx, Inc. All Rights Reserved. Copyright 2022-2025 Advanced Micro Devices, Inc. All Rights Reserved.
---------------------------------------------------------------------------------------------------------------------------------------------------------
| Tool Version : Vivado v.2025.2 (lin64) Build 6299465 Fri Nov 14 12:34:56 MST 2025
| Date         : Fri Mar 13 20:24:25 2026
| Host         : Jarvis running 64-bit Ubuntu 24.04.4 LTS
| Command      : report_timing -nworst 5 -path_type full -file /home/mattrock/Projects/ATOMiK/hardware/zynq/sweep/reports/crit_path_N256_F150p9_area.rpt
| Design       : sweep_top_N256_F150p9_area
| Device       : 7z020-clg400
| Speed File   : -2  PRODUCTION 1.12 2019-11-22
| Design State : Routed
---------------------------------------------------------------------------------------------------------------------------------------------------------

Timing Report

Slack (VIOLATED) :        -0.374ns  (required time - arrival time)
  Source:                 u_top/u_atomik/banks[5].bank_acc_reg[5][7]/C
                            (rising edge-triggered cell FDRE clocked by atomik_clk  {rise@0.000ns fall@3.312ns period=6.625ns})
  Destination:            u_top/u_cdc/core_resp_acc_zero_reg/D
                            (rising edge-triggered cell FDCE clocked by atomik_clk  {rise@0.000ns fall@3.312ns period=6.625ns})
  Path Group:             atomik_clk
  Path Type:              Setup (Max at Slow Process Corner)
  Requirement:            6.625ns  (atomik_clk rise@6.625ns - atomik_clk rise@0.000ns)
  Data Path Delay:        6.643ns  (logic 1.114ns (16.770%)  route 5.529ns (83.230%))
  Logic Levels:           7  (LUT4=2 LUT6=5)
  Clock Path Skew:        -0.320ns (DCD - SCD + CPR)
    Destination Clock Delay (DCD):    4.783ns = ( 11.408 - 6.625 ) 
    Source Clock Delay      (SCD):    5.497ns
    Clock Pessimism Removal (CPR):    0.393ns
  Clock Uncertainty:      0.069ns  ((TSJ^2 + DJ^2)^1/2) / 2 + PE
    Total System Jitter     (TSJ):    0.071ns
    Discrete Jitter          (DJ):    0.119ns
    Phase Error              (PE):    0.000ns

    Location             Delay type                Incr(ns)  Path(ns)    Netlist Resource(s)
  -------------------------------------------------------------------    -------------------
                         (clock atomik_clk rise edge)
                                                      0.000     0.000 r  
                         clock source latency         2.194     2.194    
                         propagated clock network latency
                                                      3.303     5.497    
    SLICE_X80Y101        FDRE                         0.000     5.497 r  u_top/u_atomik/banks[5].bank_acc_reg[5][7]/C
    SLICE_X80Y101        FDRE (Prop_fdre_C_Q)         0.379     5.876 r  u_top/u_atomik/banks[5].bank_acc_reg[5][7]/Q
                         net (fo=3, routed)           1.613     7.489    u_top/u_atomik/banks[5].bank_acc_reg[5][63]_0[7]
    SLICE_X60Y76         LUT6 (Prop_lut6_I1_O)        0.105     7.594 r  u_top/u_atomik/core_resp_acc_zero_i_1790/O
                         net (fo=1, routed)           1.031     8.625    u_top/u_atomik/core_resp_acc_zero_i_1790_n_0
    SLICE_X61Y63         LUT6 (Prop_lut6_I2_O)        0.105     8.730 r  u_top/u_atomik/core_resp_acc_zero_i_651/O
                         net (fo=1, routed)           0.664     9.394    u_top/u_atomik/core_resp_acc_zero_i_651_n_0
    SLICE_X62Y63         LUT6 (Prop_lut6_I3_O)        0.105     9.499 r  u_top/u_atomik/core_resp_acc_zero_i_171/O
                         net (fo=1, routed)           0.241     9.740    u_top/u_atomik/core_resp_acc_zero_i_171_n_0
    SLICE_X65Y63         LUT6 (Prop_lut6_I3_O)        0.105     9.845 f  u_top/u_atomik/core_resp_acc_zero_i_49/O
                         net (fo=1, routed)           0.889    10.734    u_top/u_atomik/p_256_in[7]
    SLICE_X65Y38         LUT4 (Prop_lut4_I2_O)        0.105    10.839 f  u_top/u_atomik/core_resp_acc_zero_i_12/O
                         net (fo=1, routed)           0.463    11.302    u_top/u_atomik/core_resp_acc_zero_i_12_n_0
    SLICE_X65Y36         LUT6 (Prop_lut6_I0_O)        0.105    11.407 f  u_top/u_atomik/core_resp_acc_zero_i_3/O
                         net (fo=1, routed)           0.627    12.034    u_top/u_atomik/core_resp_acc_zero_i_3_n_0
    SLICE_X65Y34         LUT4 (Prop_lut4_I1_O)        0.105    12.139 r  u_top/u_atomik/core_resp_acc_zero_i_1/O
                         net (fo=1, routed)           0.000    12.139    u_top/u_cdc/acc_zero
    SLICE_X65Y34         FDCE                                         r  u_top/u_cdc/core_resp_acc_zero_reg/D
  -------------------------------------------------------------------    -------------------

                         (clock atomik_clk rise edge)
                                                      6.625     6.625 r  
                         clock source latency         1.951     8.576    
                         propagated clock network latency
                                                      2.832    11.408    
                         clock pessimism              0.393    11.801    
                         clock uncertainty           -0.069    11.732    
    SLICE_X65Y34         FDCE (Setup_fdce_C_D)        0.033    11.765    u_top/u_cdc/core_resp_acc_zero_reg
  -------------------------------------------------------------------
                         required time                         11.765    
                         arrival time                         -12.139    
  -------------------------------------------------------------------
                         slack                                 -0.374    

Slack (VIOLATED) :        -0.374ns  (required time - arrival time)
  Source:                 u_top/u_atomik/banks[5].bank_acc_reg[5][7]/C
                            (rising edge-triggered cell FDRE clocked by atomik_clk  {rise@0.000ns fall@3.312ns period=6.625ns})
  Destination:            u_top/u_cdc/core_resp_acc_zero_reg/D
                            (rising edge-triggered cell FDCE clocked by atomik_clk  {rise@0.000ns fall@3.312ns period=6.625ns})
  Path Group:             atomik_clk
  Path Type:              Setup (Max at Slow Process Corner)
  Requirement:            6.625ns  (atomik_clk rise@6.625ns - atomik_clk rise@0.000ns)
  Data Path Delay:        6.643ns  (logic 1.114ns (16.770%)  route 5.529ns (83.230%))
  Logic Levels:           7  (LUT4=2 LUT6=5)
  Clock Path Skew:        -0.320ns (DCD - SCD + CPR)
    Destination Clock Delay (DCD):    4.783ns = ( 11.408 - 6.625 ) 
    Source Clock Delay      (SCD):    5.497ns
    Clock Pessimism Removal (CPR):    0.393ns
  Clock Uncertainty:      0.069ns  ((TSJ^2 + DJ^2)^1/2) / 2 + PE
    Total System Jitter     (TSJ):    0.071ns
    Discrete Jitter          (DJ):    0.119ns
    Phase Error              (PE):    0.000ns

    Location             Delay type                Incr(ns)  Path(ns)    Netlist Resource(s)
  -------------------------------------------------------------------    -------------------
                         (clock atomik_clk rise edge)
                                                      0.000     0.000 r  
                         clock source latency         2.194     2.194    
                         propagated clock network latency
                                                      3.303     5.497    
    SLICE_X80Y101        FDRE                         0.000     5.497 r  u_top/u_atomik/banks[5].bank_acc_reg[5][7]/C
    SLICE_X80Y101        FDRE (Prop_fdre_C_Q)         0.379     5.876 f  u_top/u_atomik/banks[5].bank_acc_reg[5][7]/Q
                         net (fo=3, routed)           1.613     7.489    u_top/u_atomik/banks[5].bank_acc_reg[5][63]_0[7]
    SLICE_X60Y76         LUT6 (Prop_lut6_I1_O)        0.105     7.594 r  u_top/u_atomik/core_resp_acc_zero_i_1790/O
                         net (fo=1, routed)           1.031     8.625    u_top/u_atomik/core_resp_acc_zero_i_1790_n_0
    SLICE_X61Y63         LUT6 (Prop_lut6_I2_O)        0.105     8.730 r  u_top/u_atomik/core_resp_acc_zero_i_651/O
                         net (fo=1, routed)           0.664     9.394    u_top/u_atomik/core_resp_acc_zero_i_651_n_0
    SLICE_X62Y63         LUT6 (Prop_lut6_I3_O)        0.105     9.499 r  u_top/u_atomik/core_resp_acc_zero_i_171/O
                         net (fo=1, routed)           0.241     9.740    u_top/u_atomik/core_resp_acc_zero_i_171_n_0
    SLICE_X65Y63         LUT6 (Prop_lut6_I3_O)        0.105     9.845 f  u_top/u_atomik/core_resp_acc_zero_i_49/O
                         net (fo=1, routed)           0.889    10.734    u_top/u_atomik/p_256_in[7]
    SLICE_X65Y38         LUT4 (Prop_lut4_I2_O)        0.105    10.839 f  u_top/u_atomik/core_resp_acc_zero_i_12/O
                         net (fo=1, routed)           0.463    11.302    u_top/u_atomik/core_resp_acc_zero_i_12_n_0
    SLICE_X65Y36         LUT6 (Prop_lut6_I0_O)        0.105    11.407 f  u_top/u_atomik/core_resp_acc_zero_i_3/O
                         net (fo=1, routed)           0.627    12.034    u_top/u_atomik/core_resp_acc_zero_i_3_n_0
    SLICE_X65Y34         LUT4 (Prop_lut4_I1_O)        0.105    12.139 r  u_top/u_atomik/core_resp_acc_zero_i_1/O
                         net (fo=1, routed)           0.000    12.139    u_top/u_cdc/acc_zero
    SLICE_X65Y34         FDCE                                         r  u_top/u_cdc/core_resp_acc_zero_reg/D
  -------------------------------------------------------------------    -------------------

                         (clock atomik_clk rise edge)
                                                      6.625     6.625 r  
                         clock source latency         1.951     8.576    
                         propagated clock network latency
                                                      2.832    11.408    
                         clock pessimism              0.393    11.801    
                         clock uncertainty           -0.069    11.732    
    SLICE_X65Y34         FDCE (Setup_fdce_C_D)        0.033    11.765    u_top/u_cdc/core_resp_acc_zero_reg
  -------------------------------------------------------------------
                         required time                         11.765    
                         arrival time                         -12.139    
  -------------------------------------------------------------------
                         slack                                 -0.374    

Slack (VIOLATED) :        -0.374ns  (required time - arrival time)
  Source:                 u_top/u_atomik/banks[5].bank_acc_reg[5][7]/C
                            (rising edge-triggered cell FDRE clocked by atomik_clk  {rise@0.000ns fall@3.312ns period=6.625ns})
  Destination:            u_top/u_cdc/core_resp_acc_zero_reg/D
                            (rising edge-triggered cell FDCE clocked by atomik_clk  {rise@0.000ns fall@3.312ns period=6.625ns})
  Path Group:             atomik_clk
  Path Type:              Setup (Max at Slow Process Corner)
  Requirement:            6.625ns  (atomik_clk rise@6.625ns - atomik_clk rise@0.000ns)
  Data Path Delay:        6.643ns  (logic 1.114ns (16.770%)  route 5.529ns (83.230%))
  Logic Levels:           7  (LUT4=2 LUT6=5)
  Clock Path Skew:        -0.320ns (DCD - SCD + CPR)
    Destination Clock Delay (DCD):    4.783ns = ( 11.408 - 6.625 ) 
    Source Clock Delay      (SCD):    5.497ns
    Clock Pessimism Removal (CPR):    0.393ns
  Clock Uncertainty:      0.069ns  ((TSJ^2 + DJ^2)^1/2) / 2 + PE
    Total System Jitter     (TSJ):    0.071ns
    Discrete Jitter          (DJ):    0.119ns
    Phase Error              (PE):    0.000ns

    Location             Delay type                Incr(ns)  Path(ns)    Netlist Resource(s)
  -------------------------------------------------------------------    -------------------
                         (clock atomik_clk rise edge)
                                                      0.000     0.000 r  
                         clock source latency         2.194     2.194    
                         propagated clock network latency
                                                      3.303     5.497    
    SLICE_X80Y101        FDRE                         0.000     5.497 r  u_top/u_atomik/banks[5].bank_acc_reg[5][7]/C
    SLICE_X80Y101        FDRE (Prop_fdre_C_Q)         0.379     5.876 r  u_top/u_atomik/banks[5].bank_acc_reg[5][7]/Q
                         net (fo=3, routed)           1.613     7.489    u_top/u_atomik/banks[5].bank_acc_reg[5][63]_0[7]
    SLICE_X60Y76         LUT6 (Prop_lut6_I1_O)        0.105     7.594 r  u_top/u_atomik/core_resp_acc_zero_i_1790/O
                         net (fo=1, routed)           1.031     8.625    u_top/u_atomik/core_resp_acc_zero_i_1790_n_0
    SLICE_X61Y63         LUT6 (Prop_lut6_I2_O)        0.105     8.730 f  u_top/u_atomik/core_resp_acc_zero_i_651/O
                         net (fo=1, routed)           0.664     9.394    u_top/u_atomik/core_resp_acc_zero_i_651_n_0
    SLICE_X62Y63         LUT6 (Prop_lut6_I3_O)        0.105     9.499 r  u_top/u_atomik/core_resp_acc_zero_i_171/O
                         net (fo=1, routed)           0.241     9.740    u_top/u_atomik/core_resp_acc_zero_i_171_n_0
    SLICE_X65Y63         LUT6 (Prop_lut6_I3_O)        0.105     9.845 f  u_top/u_atomik/core_resp_acc_zero_i_49/O
                         net (fo=1, routed)           0.889    10.734    u_top/u_atomik/p_256_in[7]
    SLICE_X65Y38         LUT4 (Prop_lut4_I2_O)        0.105    10.839 f  u_top/u_atomik/core_resp_acc_zero_i_12/O
                         net (fo=1, routed)           0.463    11.302    u_top/u_atomik/core_resp_acc_zero_i_12_n_0
    SLICE_X65Y36         LUT6 (Prop_lut6_I0_O)        0.105    11.407 f  u_top/u_atomik/core_resp_acc_zero_i_3/O
                         net (fo=1, routed)           0.627    12.034    u_top/u_atomik/core_resp_acc_zero_i_3_n_0
    SLICE_X65Y34         LUT4 (Prop_lut4_I1_O)        0.105    12.139 r  u_top/u_atomik/core_resp_acc_zero_i_1/O
                         net (fo=1, routed)           0.000    12.139    u_top/u_cdc/acc_zero
    SLICE_X65Y34         FDCE                                         r  u_top/u_cdc/core_resp_acc_zero_reg/D
  -------------------------------------------------------------------    -------------------

                         (clock atomik_clk rise edge)
                                                      6.625     6.625 r  
                         clock source latency         1.951     8.576    
                         propagated clock network latency
                                                      2.832    11.408    
                         clock pessimism              0.393    11.801    
                         clock uncertainty           -0.069    11.732    
    SLICE_X65Y34         FDCE (Setup_fdce_C_D)        0.033    11.765    u_top/u_cdc/core_resp_acc_zero_reg
  -------------------------------------------------------------------
                         required time                         11.765    
                         arrival time                         -12.139    
  -------------------------------------------------------------------
                         slack                                 -0.374    

Slack (VIOLATED) :        -0.374ns  (required time - arrival time)
  Source:                 u_top/u_atomik/banks[5].bank_acc_reg[5][7]/C
                            (rising edge-triggered cell FDRE clocked by atomik_clk  {rise@0.000ns fall@3.312ns period=6.625ns})
  Destination:            u_top/u_cdc/core_resp_acc_zero_reg/D
                            (rising edge-triggered cell FDCE clocked by atomik_clk  {rise@0.000ns fall@3.312ns period=6.625ns})
  Path Group:             atomik_clk
  Path Type:              Setup (Max at Slow Process Corner)
  Requirement:            6.625ns  (atomik_clk rise@6.625ns - atomik_clk rise@0.000ns)
  Data Path Delay:        6.643ns  (logic 1.114ns (16.770%)  route 5.529ns (83.230%))
  Logic Levels:           7  (LUT4=2 LUT6=5)
  Clock Path Skew:        -0.320ns (DCD - SCD + CPR)
    Destination Clock Delay (DCD):    4.783ns = ( 11.408 - 6.625 ) 
    Source Clock Delay      (SCD):    5.497ns
    Clock Pessimism Removal (CPR):    0.393ns
  Clock Uncertainty:      0.069ns  ((TSJ^2 + DJ^2)^1/2) / 2 + PE
    Total System Jitter     (TSJ):    0.071ns
    Discrete Jitter          (DJ):    0.119ns
    Phase Error              (PE):    0.000ns

    Location             Delay type                Incr(ns)  Path(ns)    Netlist Resource(s)
  -------------------------------------------------------------------    -------------------
                         (clock atomik_clk rise edge)
                                                      0.000     0.000 r  
                         clock source latency         2.194     2.194    
                         propagated clock network latency
                                                      3.303     5.497    
    SLICE_X80Y101        FDRE                         0.000     5.497 r  u_top/u_atomik/banks[5].bank_acc_reg[5][7]/C
    SLICE_X80Y101        FDRE (Prop_fdre_C_Q)         0.379     5.876 f  u_top/u_atomik/banks[5].bank_acc_reg[5][7]/Q
                         net (fo=3, routed)           1.613     7.489    u_top/u_atomik/banks[5].bank_acc_reg[5][63]_0[7]
    SLICE_X60Y76         LUT6 (Prop_lut6_I1_O)        0.105     7.594 r  u_top/u_atomik/core_resp_acc_zero_i_1790/O
                         net (fo=1, routed)           1.031     8.625    u_top/u_atomik/core_resp_acc_zero_i_1790_n_0
    SLICE_X61Y63         LUT6 (Prop_lut6_I2_O)        0.105     8.730 f  u_top/u_atomik/core_resp_acc_zero_i_651/O
                         net (fo=1, routed)           0.664     9.394    u_top/u_atomik/core_resp_acc_zero_i_651_n_0
    SLICE_X62Y63         LUT6 (Prop_lut6_I3_O)        0.105     9.499 r  u_top/u_atomik/core_resp_acc_zero_i_171/O
                         net (fo=1, routed)           0.241     9.740    u_top/u_atomik/core_resp_acc_zero_i_171_n_0
    SLICE_X65Y63         LUT6 (Prop_lut6_I3_O)        0.105     9.845 f  u_top/u_atomik/core_resp_acc_zero_i_49/O
                         net (fo=1, routed)           0.889    10.734    u_top/u_atomik/p_256_in[7]
    SLICE_X65Y38         LUT4 (Prop_lut4_I2_O)        0.105    10.839 f  u_top/u_atomik/core_resp_acc_zero_i_12/O
                         net (fo=1, routed)           0.463    11.302    u_top/u_atomik/core_resp_acc_zero_i_12_n_0
    SLICE_X65Y36         LUT6 (Prop_lut6_I0_O)        0.105    11.407 f  u_top/u_atomik/core_resp_acc_zero_i_3/O
                         net (fo=1, routed)           0.627    12.034    u_top/u_atomik/core_resp_acc_zero_i_3_n_0
    SLICE_X65Y34         LUT4 (Prop_lut4_I1_O)        0.105    12.139 r  u_top/u_atomik/core_resp_acc_zero_i_1/O
                         net (fo=1, routed)           0.000    12.139    u_top/u_cdc/acc_zero
    SLICE_X65Y34         FDCE                                         r  u_top/u_cdc/core_resp_acc_zero_reg/D
  -------------------------------------------------------------------    -------------------

                         (clock atomik_clk rise edge)
                                                      6.625     6.625 r  
                         clock source latency         1.951     8.576    
                         propagated clock network latency
                                                      2.832    11.408    
                         clock pessimism              0.393    11.801    
                         clock uncertainty           -0.069    11.732    
    SLICE_X65Y34         FDCE (Setup_fdce_C_D)        0.033    11.765    u_top/u_cdc/core_resp_acc_zero_reg
  -------------------------------------------------------------------
                         required time                         11.765    
                         arrival time                         -12.139    
  -------------------------------------------------------------------
                         slack                                 -0.374    

Slack (VIOLATED) :        -0.374ns  (required time - arrival time)
  Source:                 u_top/u_atomik/banks[5].bank_acc_reg[5][7]/C
                            (rising edge-triggered cell FDRE clocked by atomik_clk  {rise@0.000ns fall@3.312ns period=6.625ns})
  Destination:            u_top/u_cdc/core_resp_acc_zero_reg/D
                            (rising edge-triggered cell FDCE clocked by atomik_clk  {rise@0.000ns fall@3.312ns period=6.625ns})
  Path Group:             atomik_clk
  Path Type:              Setup (Max at Slow Process Corner)
  Requirement:            6.625ns  (atomik_clk rise@6.625ns - atomik_clk rise@0.000ns)
  Data Path Delay:        6.643ns  (logic 1.114ns (16.770%)  route 5.529ns (83.230%))
  Logic Levels:           7  (LUT4=2 LUT6=5)
  Clock Path Skew:        -0.320ns (DCD - SCD + CPR)
    Destination Clock Delay (DCD):    4.783ns = ( 11.408 - 6.625 ) 
    Source Clock Delay      (SCD):    5.497ns
    Clock Pessimism Removal (CPR):    0.393ns
  Clock Uncertainty:      0.069ns  ((TSJ^2 + DJ^2)^1/2) / 2 + PE
    Total System Jitter     (TSJ):    0.071ns
    Discrete Jitter          (DJ):    0.119ns
    Phase Error              (PE):    0.000ns

    Location             Delay type                Incr(ns)  Path(ns)    Netlist Resource(s)
  -------------------------------------------------------------------    -------------------
                         (clock atomik_clk rise edge)
                                                      0.000     0.000 r  
                         clock source latency         2.194     2.194    
                         propagated clock network latency
                                                      3.303     5.497    
    SLICE_X80Y101        FDRE                         0.000     5.497 r  u_top/u_atomik/banks[5].bank_acc_reg[5][7]/C
    SLICE_X80Y101        FDRE (Prop_fdre_C_Q)         0.379     5.876 r  u_top/u_atomik/banks[5].bank_acc_reg[5][7]/Q
                         net (fo=3, routed)           1.613     7.489    u_top/u_atomik/banks[5].bank_acc_reg[5][63]_0[7]
    SLICE_X60Y76         LUT6 (Prop_lut6_I1_O)        0.105     7.594 r  u_top/u_atomik/core_resp_acc_zero_i_1790/O
                         net (fo=1, routed)           1.031     8.625    u_top/u_atomik/core_resp_acc_zero_i_1790_n_0
    SLICE_X61Y63         LUT6 (Prop_lut6_I2_O)        0.105     8.730 r  u_top/u_atomik/core_resp_acc_zero_i_651/O
                         net (fo=1, routed)           0.664     9.394    u_top/u_atomik/core_resp_acc_zero_i_651_n_0
    SLICE_X62Y63         LUT6 (Prop_lut6_I3_O)        0.105     9.499 f  u_top/u_atomik/core_resp_acc_zero_i_171/O
                         net (fo=1, routed)           0.241     9.740    u_top/u_atomik/core_resp_acc_zero_i_171_n_0
    SLICE_X65Y63         LUT6 (Prop_lut6_I3_O)        0.105     9.845 f  u_top/u_atomik/core_resp_acc_zero_i_49/O
                         net (fo=1, routed)           0.889    10.734    u_top/u_atomik/p_256_in[7]
    SLICE_X65Y38         LUT4 (Prop_lut4_I2_O)        0.105    10.839 f  u_top/u_atomik/core_resp_acc_zero_i_12/O
                         net (fo=1, routed)           0.463    11.302    u_top/u_atomik/core_resp_acc_zero_i_12_n_0
    SLICE_X65Y36         LUT6 (Prop_lut6_I0_O)        0.105    11.407 f  u_top/u_atomik/core_resp_acc_zero_i_3/O
                         net (fo=1, routed)           0.627    12.034    u_top/u_atomik/core_resp_acc_zero_i_3_n_0
    SLICE_X65Y34         LUT4 (Prop_lut4_I1_O)        0.105    12.139 r  u_top/u_atomik/core_resp_acc_zero_i_1/O
                         net (fo=1, routed)           0.000    12.139    u_top/u_cdc/acc_zero
    SLICE_X65Y34         FDCE                                         r  u_top/u_cdc/core_resp_acc_zero_reg/D
  -------------------------------------------------------------------    -------------------

                         (clock atomik_clk rise edge)
                                                      6.625     6.625 r  
                         clock source latency         1.951     8.576    
                         propagated clock network latency
                                                      2.832    11.408    
                         clock pessimism              0.393    11.801    
                         clock uncertainty           -0.069    11.732    
    SLICE_X65Y34         FDCE (Setup_fdce_C_D)        0.033    11.765    u_top/u_cdc/core_resp_acc_zero_reg
  -------------------------------------------------------------------
                         required time                         11.765    
                         arrival time                         -12.139    
  -------------------------------------------------------------------
                         slack                                 -0.374    




