Copyright 1986-2022 Xilinx, Inc. All Rights Reserved. Copyright 2022-2025 Advanced Micro Devices, Inc. All Rights Reserved.
--------------------------------------------------------------------------------------------------------------------------------------------------
| Tool Version : Vivado v.2025.2 (lin64) Build 6299465 Fri Nov 14 12:34:56 MST 2025
| Date         : Fri Mar 13 13:07:54 2026
| Host         : Jarvis running 64-bit Ubuntu 24.04.4 LTS
| Command      : report_timing -nworst 5 -path_type full -file /home/mattrock/Projects/ATOMiK/hardware/zynq/sweep/reports/crit_path_N4_F347p8.rpt
| Design       : sweep_top_N4_F347p8
| Device       : 7z020-clg400
| Speed File   : -2  PRODUCTION 1.12 2019-11-22
| Design State : Routed
--------------------------------------------------------------------------------------------------------------------------------------------------

Timing Report

Slack (VIOLATED) :        -0.186ns  (required time - arrival time)
  Source:                 u_top/u_atomik/banks[0].bank_acc_reg[0][41]/C
                            (rising edge-triggered cell FDRE clocked by atomik_clk  {rise@0.000ns fall@1.437ns period=2.875ns})
  Destination:            u_top/u_cdc/core_resp_acc_zero_reg/D
                            (rising edge-triggered cell FDCE clocked by atomik_clk  {rise@0.000ns fall@1.437ns period=2.875ns})
  Path Group:             atomik_clk
  Path Type:              Setup (Max at Slow Process Corner)
  Requirement:            2.875ns  (atomik_clk rise@2.875ns - atomik_clk rise@0.000ns)
  Data Path Delay:        2.969ns  (logic 0.853ns (28.732%)  route 2.116ns (71.268%))
  Logic Levels:           4  (LUT4=1 LUT6=3)
  Clock Path Skew:        -0.062ns (DCD - SCD + CPR)
    Destination Clock Delay (DCD):    4.943ns = ( 7.818 - 2.875 ) 
    Source Clock Delay      (SCD):    5.506ns
    Clock Pessimism Removal (CPR):    0.502ns
  Clock Uncertainty:      0.062ns  ((TSJ^2 + DJ^2)^1/2) / 2 + PE
    Total System Jitter     (TSJ):    0.071ns
    Discrete Jitter          (DJ):    0.102ns
    Phase Error              (PE):    0.000ns

    Location             Delay type                Incr(ns)  Path(ns)    Netlist Resource(s)
  -------------------------------------------------------------------    -------------------
                         (clock atomik_clk rise edge)
                                                      0.000     0.000 r  
                         clock source latency         2.177     2.177    
                         propagated clock network latency
                                                      3.329     5.506    
    SLICE_X100Y107       FDRE                         0.000     5.506 r  u_top/u_atomik/banks[0].bank_acc_reg[0][41]/C
    SLICE_X100Y107       FDRE (Prop_fdre_C_Q)         0.433     5.939 r  u_top/u_atomik/banks[0].bank_acc_reg[0][41]/Q
                         net (fo=3, routed)           0.648     6.588    u_top/u_atomik/banks[0].bank_acc_reg[0][63]_0[41]
    SLICE_X99Y106        LUT4 (Prop_lut4_I2_O)        0.105     6.693 f  u_top/u_atomik/core_resp_acc_zero_i_63/O
                         net (fo=1, routed)           0.595     7.288    u_top/u_atomik/p_4_in[41]
    SLICE_X103Y107       LUT6 (Prop_lut6_I3_O)        0.105     7.393 r  u_top/u_atomik/core_resp_acc_zero_i_27/O
                         net (fo=1, routed)           0.653     8.045    u_top/u_atomik/core_resp_acc_zero_i_27_n_0
    SLICE_X103Y108       LUT6 (Prop_lut6_I3_O)        0.105     8.150 r  u_top/u_atomik/core_resp_acc_zero_i_5_rewire_rewire/O
                         net (fo=1, routed)           0.220     8.370    u_top/u_atomik/core_resp_acc_zero_i_5_n_0
    SLICE_X103Y109       LUT6 (Prop_lut6_I5_O)        0.105     8.475 r  u_top/u_atomik/core_resp_acc_zero_i_1_rewire_rewire/O
                         net (fo=1, routed)           0.000     8.475    u_top/u_cdc/acc_zero
    SLICE_X103Y109       FDCE                                         r  u_top/u_cdc/core_resp_acc_zero_reg/D
  -------------------------------------------------------------------    -------------------

                         (clock atomik_clk rise edge)
                                                      2.875     2.875 r  
                         clock source latency         1.935     4.810    
                         propagated clock network latency
                                                      3.007     7.818    
                         clock pessimism              0.502     8.319    
                         clock uncertainty           -0.062     8.257    
    SLICE_X103Y109       FDCE (Setup_fdce_C_D)        0.032     8.289    u_top/u_cdc/core_resp_acc_zero_reg
  -------------------------------------------------------------------
                         required time                          8.289    
                         arrival time                          -8.475    
  -------------------------------------------------------------------
                         slack                                 -0.186    

Slack (VIOLATED) :        -0.186ns  (required time - arrival time)
  Source:                 u_top/u_atomik/banks[0].bank_acc_reg[0][41]/C
                            (rising edge-triggered cell FDRE clocked by atomik_clk  {rise@0.000ns fall@1.437ns period=2.875ns})
  Destination:            u_top/u_cdc/core_resp_acc_zero_reg/D
                            (rising edge-triggered cell FDCE clocked by atomik_clk  {rise@0.000ns fall@1.437ns period=2.875ns})
  Path Group:             atomik_clk
  Path Type:              Setup (Max at Slow Process Corner)
  Requirement:            2.875ns  (atomik_clk rise@2.875ns - atomik_clk rise@0.000ns)
  Data Path Delay:        2.969ns  (logic 0.853ns (28.732%)  route 2.116ns (71.268%))
  Logic Levels:           4  (LUT4=1 LUT6=3)
  Clock Path Skew:        -0.062ns (DCD - SCD + CPR)
    Destination Clock Delay (DCD):    4.943ns = ( 7.818 - 2.875 ) 
    Source Clock Delay      (SCD):    5.506ns
    Clock Pessimism Removal (CPR):    0.502ns
  Clock Uncertainty:      0.062ns  ((TSJ^2 + DJ^2)^1/2) / 2 + PE
    Total System Jitter     (TSJ):    0.071ns
    Discrete Jitter          (DJ):    0.102ns
    Phase Error              (PE):    0.000ns

    Location             Delay type                Incr(ns)  Path(ns)    Netlist Resource(s)
  -------------------------------------------------------------------    -------------------
                         (clock atomik_clk rise edge)
                                                      0.000     0.000 r  
                         clock source latency         2.177     2.177    
                         propagated clock network latency
                                                      3.329     5.506    
    SLICE_X100Y107       FDRE                         0.000     5.506 r  u_top/u_atomik/banks[0].bank_acc_reg[0][41]/C
    SLICE_X100Y107       FDRE (Prop_fdre_C_Q)         0.433     5.939 f  u_top/u_atomik/banks[0].bank_acc_reg[0][41]/Q
                         net (fo=3, routed)           0.648     6.588    u_top/u_atomik/banks[0].bank_acc_reg[0][63]_0[41]
    SLICE_X99Y106        LUT4 (Prop_lut4_I2_O)        0.105     6.693 f  u_top/u_atomik/core_resp_acc_zero_i_63/O
                         net (fo=1, routed)           0.595     7.288    u_top/u_atomik/p_4_in[41]
    SLICE_X103Y107       LUT6 (Prop_lut6_I3_O)        0.105     7.393 r  u_top/u_atomik/core_resp_acc_zero_i_27/O
                         net (fo=1, routed)           0.653     8.045    u_top/u_atomik/core_resp_acc_zero_i_27_n_0
    SLICE_X103Y108       LUT6 (Prop_lut6_I3_O)        0.105     8.150 r  u_top/u_atomik/core_resp_acc_zero_i_5_rewire_rewire/O
                         net (fo=1, routed)           0.220     8.370    u_top/u_atomik/core_resp_acc_zero_i_5_n_0
    SLICE_X103Y109       LUT6 (Prop_lut6_I5_O)        0.105     8.475 r  u_top/u_atomik/core_resp_acc_zero_i_1_rewire_rewire/O
                         net (fo=1, routed)           0.000     8.475    u_top/u_cdc/acc_zero
    SLICE_X103Y109       FDCE                                         r  u_top/u_cdc/core_resp_acc_zero_reg/D
  -------------------------------------------------------------------    -------------------

                         (clock atomik_clk rise edge)
                                                      2.875     2.875 r  
                         clock source latency         1.935     4.810    
                         propagated clock network latency
                                                      3.007     7.818    
                         clock pessimism              0.502     8.319    
                         clock uncertainty           -0.062     8.257    
    SLICE_X103Y109       FDCE (Setup_fdce_C_D)        0.032     8.289    u_top/u_cdc/core_resp_acc_zero_reg
  -------------------------------------------------------------------
                         required time                          8.289    
                         arrival time                          -8.475    
  -------------------------------------------------------------------
                         slack                                 -0.186    

Slack (VIOLATED) :        -0.186ns  (required time - arrival time)
  Source:                 u_top/u_atomik/banks[0].bank_acc_reg[0][41]/C
                            (rising edge-triggered cell FDRE clocked by atomik_clk  {rise@0.000ns fall@1.437ns period=2.875ns})
  Destination:            u_top/u_cdc/core_resp_acc_zero_reg/D
                            (rising edge-triggered cell FDCE clocked by atomik_clk  {rise@0.000ns fall@1.437ns period=2.875ns})
  Path Group:             atomik_clk
  Path Type:              Setup (Max at Slow Process Corner)
  Requirement:            2.875ns  (atomik_clk rise@2.875ns - atomik_clk rise@0.000ns)
  Data Path Delay:        2.969ns  (logic 0.853ns (28.732%)  route 2.116ns (71.268%))
  Logic Levels:           4  (LUT4=1 LUT6=3)
  Clock Path Skew:        -0.062ns (DCD - SCD + CPR)
    Destination Clock Delay (DCD):    4.943ns = ( 7.818 - 2.875 ) 
    Source Clock Delay      (SCD):    5.506ns
    Clock Pessimism Removal (CPR):    0.502ns
  Clock Uncertainty:      0.062ns  ((TSJ^2 + DJ^2)^1/2) / 2 + PE
    Total System Jitter     (TSJ):    0.071ns
    Discrete Jitter          (DJ):    0.102ns
    Phase Error              (PE):    0.000ns

    Location             Delay type                Incr(ns)  Path(ns)    Netlist Resource(s)
  -------------------------------------------------------------------    -------------------
                         (clock atomik_clk rise edge)
                                                      0.000     0.000 r  
                         clock source latency         2.177     2.177    
                         propagated clock network latency
                                                      3.329     5.506    
    SLICE_X100Y107       FDRE                         0.000     5.506 r  u_top/u_atomik/banks[0].bank_acc_reg[0][41]/C
    SLICE_X100Y107       FDRE (Prop_fdre_C_Q)         0.433     5.939 r  u_top/u_atomik/banks[0].bank_acc_reg[0][41]/Q
                         net (fo=3, routed)           0.648     6.588    u_top/u_atomik/banks[0].bank_acc_reg[0][63]_0[41]
    SLICE_X99Y106        LUT4 (Prop_lut4_I2_O)        0.105     6.693 r  u_top/u_atomik/core_resp_acc_zero_i_63/O
                         net (fo=1, routed)           0.595     7.288    u_top/u_atomik/p_4_in[41]
    SLICE_X103Y107       LUT6 (Prop_lut6_I3_O)        0.105     7.393 f  u_top/u_atomik/core_resp_acc_zero_i_27/O
                         net (fo=1, routed)           0.653     8.045    u_top/u_atomik/core_resp_acc_zero_i_27_n_0
    SLICE_X103Y108       LUT6 (Prop_lut6_I3_O)        0.105     8.150 f  u_top/u_atomik/core_resp_acc_zero_i_5_rewire_rewire/O
                         net (fo=1, routed)           0.220     8.370    u_top/u_atomik/core_resp_acc_zero_i_5_n_0
    SLICE_X103Y109       LUT6 (Prop_lut6_I5_O)        0.105     8.475 f  u_top/u_atomik/core_resp_acc_zero_i_1_rewire_rewire/O
                         net (fo=1, routed)           0.000     8.475    u_top/u_cdc/acc_zero
    SLICE_X103Y109       FDCE                                         f  u_top/u_cdc/core_resp_acc_zero_reg/D
  -------------------------------------------------------------------    -------------------

                         (clock atomik_clk rise edge)
                                                      2.875     2.875 r  
                         clock source latency         1.935     4.810    
                         propagated clock network latency
                                                      3.007     7.818    
                         clock pessimism              0.502     8.319    
                         clock uncertainty           -0.062     8.257    
    SLICE_X103Y109       FDCE (Setup_fdce_C_D)        0.032     8.289    u_top/u_cdc/core_resp_acc_zero_reg
  -------------------------------------------------------------------
                         required time                          8.289    
                         arrival time                          -8.475    
  -------------------------------------------------------------------
                         slack                                 -0.186    

Slack (VIOLATED) :        -0.186ns  (required time - arrival time)
  Source:                 u_top/u_atomik/banks[0].bank_acc_reg[0][41]/C
                            (rising edge-triggered cell FDRE clocked by atomik_clk  {rise@0.000ns fall@1.437ns period=2.875ns})
  Destination:            u_top/u_cdc/core_resp_acc_zero_reg/D
                            (rising edge-triggered cell FDCE clocked by atomik_clk  {rise@0.000ns fall@1.437ns period=2.875ns})
  Path Group:             atomik_clk
  Path Type:              Setup (Max at Slow Process Corner)
  Requirement:            2.875ns  (atomik_clk rise@2.875ns - atomik_clk rise@0.000ns)
  Data Path Delay:        2.969ns  (logic 0.853ns (28.732%)  route 2.116ns (71.268%))
  Logic Levels:           4  (LUT4=1 LUT6=3)
  Clock Path Skew:        -0.062ns (DCD - SCD + CPR)
    Destination Clock Delay (DCD):    4.943ns = ( 7.818 - 2.875 ) 
    Source Clock Delay      (SCD):    5.506ns
    Clock Pessimism Removal (CPR):    0.502ns
  Clock Uncertainty:      0.062ns  ((TSJ^2 + DJ^2)^1/2) / 2 + PE
    Total System Jitter     (TSJ):    0.071ns
    Discrete Jitter          (DJ):    0.102ns
    Phase Error              (PE):    0.000ns

    Location             Delay type                Incr(ns)  Path(ns)    Netlist Resource(s)
  -------------------------------------------------------------------    -------------------
                         (clock atomik_clk rise edge)
                                                      0.000     0.000 r  
                         clock source latency         2.177     2.177    
                         propagated clock network latency
                                                      3.329     5.506    
    SLICE_X100Y107       FDRE                         0.000     5.506 r  u_top/u_atomik/banks[0].bank_acc_reg[0][41]/C
    SLICE_X100Y107       FDRE (Prop_fdre_C_Q)         0.433     5.939 f  u_top/u_atomik/banks[0].bank_acc_reg[0][41]/Q
                         net (fo=3, routed)           0.648     6.588    u_top/u_atomik/banks[0].bank_acc_reg[0][63]_0[41]
    SLICE_X99Y106        LUT4 (Prop_lut4_I2_O)        0.105     6.693 r  u_top/u_atomik/core_resp_acc_zero_i_63/O
                         net (fo=1, routed)           0.595     7.288    u_top/u_atomik/p_4_in[41]
    SLICE_X103Y107       LUT6 (Prop_lut6_I3_O)        0.105     7.393 f  u_top/u_atomik/core_resp_acc_zero_i_27/O
                         net (fo=1, routed)           0.653     8.045    u_top/u_atomik/core_resp_acc_zero_i_27_n_0
    SLICE_X103Y108       LUT6 (Prop_lut6_I3_O)        0.105     8.150 f  u_top/u_atomik/core_resp_acc_zero_i_5_rewire_rewire/O
                         net (fo=1, routed)           0.220     8.370    u_top/u_atomik/core_resp_acc_zero_i_5_n_0
    SLICE_X103Y109       LUT6 (Prop_lut6_I5_O)        0.105     8.475 f  u_top/u_atomik/core_resp_acc_zero_i_1_rewire_rewire/O
                         net (fo=1, routed)           0.000     8.475    u_top/u_cdc/acc_zero
    SLICE_X103Y109       FDCE                                         f  u_top/u_cdc/core_resp_acc_zero_reg/D
  -------------------------------------------------------------------    -------------------

                         (clock atomik_clk rise edge)
                                                      2.875     2.875 r  
                         clock source latency         1.935     4.810    
                         propagated clock network latency
                                                      3.007     7.818    
                         clock pessimism              0.502     8.319    
                         clock uncertainty           -0.062     8.257    
    SLICE_X103Y109       FDCE (Setup_fdce_C_D)        0.032     8.289    u_top/u_cdc/core_resp_acc_zero_reg
  -------------------------------------------------------------------
                         required time                          8.289    
                         arrival time                          -8.475    
  -------------------------------------------------------------------
                         slack                                 -0.186    

Slack (VIOLATED) :        -0.145ns  (required time - arrival time)
  Source:                 u_top/u_atomik/banks[1].bank_acc_reg[1][45]/C
                            (rising edge-triggered cell FDRE clocked by atomik_clk  {rise@0.000ns fall@1.437ns period=2.875ns})
  Destination:            u_top/u_cdc/core_resp_acc_zero_reg/D
                            (rising edge-triggered cell FDCE clocked by atomik_clk  {rise@0.000ns fall@1.437ns period=2.875ns})
  Path Group:             atomik_clk
  Path Type:              Setup (Max at Slow Process Corner)
  Requirement:            2.875ns  (atomik_clk rise@2.875ns - atomik_clk rise@0.000ns)
  Data Path Delay:        2.928ns  (logic 0.853ns (29.134%)  route 2.075ns (70.866%))
  Logic Levels:           4  (LUT4=1 LUT6=3)
  Clock Path Skew:        -0.062ns (DCD - SCD + CPR)
    Destination Clock Delay (DCD):    4.943ns = ( 7.818 - 2.875 ) 
    Source Clock Delay      (SCD):    5.506ns
    Clock Pessimism Removal (CPR):    0.502ns
  Clock Uncertainty:      0.062ns  ((TSJ^2 + DJ^2)^1/2) / 2 + PE
    Total System Jitter     (TSJ):    0.071ns
    Discrete Jitter          (DJ):    0.102ns
    Phase Error              (PE):    0.000ns

    Location             Delay type                Incr(ns)  Path(ns)    Netlist Resource(s)
  -------------------------------------------------------------------    -------------------
                         (clock atomik_clk rise edge)
                                                      0.000     0.000 r  
                         clock source latency         2.177     2.177    
                         propagated clock network latency
                                                      3.329     5.506    
    SLICE_X104Y109       FDRE                         0.000     5.506 r  u_top/u_atomik/banks[1].bank_acc_reg[1][45]/C
    SLICE_X104Y109       FDRE (Prop_fdre_C_Q)         0.433     5.939 r  u_top/u_atomik/banks[1].bank_acc_reg[1][45]/Q
                         net (fo=3, routed)           0.677     6.617    u_top/u_atomik/banks[1].bank_acc_reg[1][63]_0[45]
    SLICE_X105Y108       LUT4 (Prop_lut4_I0_O)        0.105     6.722 f  u_top/u_atomik/core_resp_acc_zero_i_64/O
                         net (fo=1, routed)           0.525     7.247    u_top/u_atomik/p_4_in[45]
    SLICE_X103Y107       LUT6 (Prop_lut6_I4_O)        0.105     7.352 r  u_top/u_atomik/core_resp_acc_zero_i_27/O
                         net (fo=1, routed)           0.653     8.005    u_top/u_atomik/core_resp_acc_zero_i_27_n_0
    SLICE_X103Y108       LUT6 (Prop_lut6_I3_O)        0.105     8.109 r  u_top/u_atomik/core_resp_acc_zero_i_5_rewire_rewire/O
                         net (fo=1, routed)           0.220     8.329    u_top/u_atomik/core_resp_acc_zero_i_5_n_0
    SLICE_X103Y109       LUT6 (Prop_lut6_I5_O)        0.105     8.434 r  u_top/u_atomik/core_resp_acc_zero_i_1_rewire_rewire/O
                         net (fo=1, routed)           0.000     8.434    u_top/u_cdc/acc_zero
    SLICE_X103Y109       FDCE                                         r  u_top/u_cdc/core_resp_acc_zero_reg/D
  -------------------------------------------------------------------    -------------------

                         (clock atomik_clk rise edge)
                                                      2.875     2.875 r  
                         clock source latency         1.935     4.810    
                         propagated clock network latency
                                                      3.007     7.818    
                         clock pessimism              0.502     8.319    
                         clock uncertainty           -0.062     8.257    
    SLICE_X103Y109       FDCE (Setup_fdce_C_D)        0.032     8.289    u_top/u_cdc/core_resp_acc_zero_reg
  -------------------------------------------------------------------
                         required time                          8.289    
                         arrival time                          -8.434    
  -------------------------------------------------------------------
                         slack                                 -0.145    




