Copyright 1986-2022 Xilinx, Inc. All Rights Reserved. Copyright 2022-2025 Advanced Micro Devices, Inc. All Rights Reserved.
-------------------------------------------------------------------------------------------------------------------------------------------------------
| Tool Version : Vivado v.2025.2 (lin64) Build 6299465 Fri Nov 14 12:34:56 MST 2025
| Date         : Fri Mar 13 11:32:32 2026
| Host         : Jarvis running 64-bit Ubuntu 24.04.4 LTS
| Command      : report_timing -nworst 5 -path_type full -file /home/mattrock/Projects/ATOMiK/hardware/zynq/sweep/reports/crit_path_N1_F421p1_area.rpt
| Design       : sweep_top_N1_F421p1_area
| Device       : 7z020-clg400
| Speed File   : -2  PRODUCTION 1.12 2019-11-22
| Design State : Routed
-------------------------------------------------------------------------------------------------------------------------------------------------------

Timing Report

Slack (VIOLATED) :        -0.084ns  (required time - arrival time)
  Source:                 u_top/u_atomik/banks[0].bank_acc_reg[0][15]/C
                            (rising edge-triggered cell FDRE clocked by atomik_clk  {rise@0.000ns fall@1.187ns period=2.375ns})
  Destination:            u_top/u_cdc/core_resp_acc_zero_reg/D
                            (rising edge-triggered cell FDCE clocked by atomik_clk  {rise@0.000ns fall@1.187ns period=2.375ns})
  Path Group:             atomik_clk
  Path Type:              Setup (Max at Slow Process Corner)
  Requirement:            2.375ns  (atomik_clk rise@2.375ns - atomik_clk rise@0.000ns)
  Data Path Delay:        2.315ns  (logic 0.797ns (34.425%)  route 1.518ns (65.575%))
  Logic Levels:           3  (LUT4=1 LUT6=2)
  Clock Path Skew:        -0.115ns (DCD - SCD + CPR)
    Destination Clock Delay (DCD):    4.735ns = ( 7.110 - 2.375 ) 
    Source Clock Delay      (SCD):    5.336ns
    Clock Pessimism Removal (CPR):    0.487ns
  Clock Uncertainty:      0.060ns  ((TSJ^2 + DJ^2)^1/2) / 2 + PE
    Total System Jitter     (TSJ):    0.071ns
    Discrete Jitter          (DJ):    0.098ns
    Phase Error              (PE):    0.000ns

    Location             Delay type                Incr(ns)  Path(ns)    Netlist Resource(s)
  -------------------------------------------------------------------    -------------------
                         (clock atomik_clk rise edge)
                                                      0.000     0.000 r  
                         clock source latency         2.177     2.177    
                         propagated clock network latency
                                                      3.159     5.336    
    SLICE_X93Y96         FDRE                         0.000     5.336 r  u_top/u_atomik/banks[0].bank_acc_reg[0][15]/C
    SLICE_X93Y96         FDRE (Prop_fdre_C_Q)         0.348     5.684 f  u_top/u_atomik/banks[0].bank_acc_reg[0][15]/Q
                         net (fo=3, routed)           0.618     6.303    u_top/u_atomik/Q[15]
    SLICE_X91Y98         LUT6 (Prop_lut6_I4_O)        0.239     6.542 r  u_top/u_atomik/core_resp_acc_zero_i_7/O
                         net (fo=1, routed)           0.537     7.079    u_top/u_atomik/core_resp_acc_zero_i_7_n_0
    SLICE_X89Y98         LUT6 (Prop_lut6_I5_O)        0.105     7.184 r  u_top/u_atomik/core_resp_acc_zero_i_2/O
                         net (fo=1, routed)           0.363     7.547    u_top/u_atomik/core_resp_acc_zero_i_2_n_0
    SLICE_X88Y98         LUT4 (Prop_lut4_I0_O)        0.105     7.652 r  u_top/u_atomik/core_resp_acc_zero_i_1/O
                         net (fo=1, routed)           0.000     7.652    u_top/u_cdc/acc_zero
    SLICE_X88Y98         FDCE                                         r  u_top/u_cdc/core_resp_acc_zero_reg/D
  -------------------------------------------------------------------    -------------------

                         (clock atomik_clk rise edge)
                                                      2.375     2.375 r  
                         clock source latency         1.935     4.310    
                         propagated clock network latency
                                                      2.800     7.110    
                         clock pessimism              0.487     7.596    
                         clock uncertainty           -0.060     7.536    
    SLICE_X88Y98         FDCE (Setup_fdce_C_D)        0.032     7.568    u_top/u_cdc/core_resp_acc_zero_reg
  -------------------------------------------------------------------
                         required time                          7.568    
                         arrival time                          -7.652    
  -------------------------------------------------------------------
                         slack                                 -0.084    

Slack (VIOLATED) :        -0.084ns  (required time - arrival time)
  Source:                 u_top/u_atomik/banks[0].bank_acc_reg[0][15]/C
                            (rising edge-triggered cell FDRE clocked by atomik_clk  {rise@0.000ns fall@1.187ns period=2.375ns})
  Destination:            u_top/u_cdc/core_resp_acc_zero_reg/D
                            (rising edge-triggered cell FDCE clocked by atomik_clk  {rise@0.000ns fall@1.187ns period=2.375ns})
  Path Group:             atomik_clk
  Path Type:              Setup (Max at Slow Process Corner)
  Requirement:            2.375ns  (atomik_clk rise@2.375ns - atomik_clk rise@0.000ns)
  Data Path Delay:        2.315ns  (logic 0.797ns (34.425%)  route 1.518ns (65.575%))
  Logic Levels:           3  (LUT4=1 LUT6=2)
  Clock Path Skew:        -0.115ns (DCD - SCD + CPR)
    Destination Clock Delay (DCD):    4.735ns = ( 7.110 - 2.375 ) 
    Source Clock Delay      (SCD):    5.336ns
    Clock Pessimism Removal (CPR):    0.487ns
  Clock Uncertainty:      0.060ns  ((TSJ^2 + DJ^2)^1/2) / 2 + PE
    Total System Jitter     (TSJ):    0.071ns
    Discrete Jitter          (DJ):    0.098ns
    Phase Error              (PE):    0.000ns

    Location             Delay type                Incr(ns)  Path(ns)    Netlist Resource(s)
  -------------------------------------------------------------------    -------------------
                         (clock atomik_clk rise edge)
                                                      0.000     0.000 r  
                         clock source latency         2.177     2.177    
                         propagated clock network latency
                                                      3.159     5.336    
    SLICE_X93Y96         FDRE                         0.000     5.336 r  u_top/u_atomik/banks[0].bank_acc_reg[0][15]/C
    SLICE_X93Y96         FDRE (Prop_fdre_C_Q)         0.348     5.684 r  u_top/u_atomik/banks[0].bank_acc_reg[0][15]/Q
                         net (fo=3, routed)           0.618     6.303    u_top/u_atomik/Q[15]
    SLICE_X91Y98         LUT6 (Prop_lut6_I4_O)        0.239     6.542 f  u_top/u_atomik/core_resp_acc_zero_i_7/O
                         net (fo=1, routed)           0.537     7.079    u_top/u_atomik/core_resp_acc_zero_i_7_n_0
    SLICE_X89Y98         LUT6 (Prop_lut6_I5_O)        0.105     7.184 f  u_top/u_atomik/core_resp_acc_zero_i_2/O
                         net (fo=1, routed)           0.363     7.547    u_top/u_atomik/core_resp_acc_zero_i_2_n_0
    SLICE_X88Y98         LUT4 (Prop_lut4_I0_O)        0.105     7.652 f  u_top/u_atomik/core_resp_acc_zero_i_1/O
                         net (fo=1, routed)           0.000     7.652    u_top/u_cdc/acc_zero
    SLICE_X88Y98         FDCE                                         f  u_top/u_cdc/core_resp_acc_zero_reg/D
  -------------------------------------------------------------------    -------------------

                         (clock atomik_clk rise edge)
                                                      2.375     2.375 r  
                         clock source latency         1.935     4.310    
                         propagated clock network latency
                                                      2.800     7.110    
                         clock pessimism              0.487     7.596    
                         clock uncertainty           -0.060     7.536    
    SLICE_X88Y98         FDCE (Setup_fdce_C_D)        0.032     7.568    u_top/u_cdc/core_resp_acc_zero_reg
  -------------------------------------------------------------------
                         required time                          7.568    
                         arrival time                          -7.652    
  -------------------------------------------------------------------
                         slack                                 -0.084    

Slack (VIOLATED) :        -0.077ns  (required time - arrival time)
  Source:                 u_top/u_atomik/banks[0].bank_acc_reg[0][12]/C
                            (rising edge-triggered cell FDRE clocked by atomik_clk  {rise@0.000ns fall@1.187ns period=2.375ns})
  Destination:            u_top/u_cdc/core_resp_acc_zero_reg/D
                            (rising edge-triggered cell FDCE clocked by atomik_clk  {rise@0.000ns fall@1.187ns period=2.375ns})
  Path Group:             atomik_clk
  Path Type:              Setup (Max at Slow Process Corner)
  Requirement:            2.375ns  (atomik_clk rise@2.375ns - atomik_clk rise@0.000ns)
  Data Path Delay:        2.310ns  (logic 0.748ns (32.377%)  route 1.562ns (67.623%))
  Logic Levels:           3  (LUT4=1 LUT6=2)
  Clock Path Skew:        -0.113ns (DCD - SCD + CPR)
    Destination Clock Delay (DCD):    4.735ns = ( 7.110 - 2.375 ) 
    Source Clock Delay      (SCD):    5.334ns
    Clock Pessimism Removal (CPR):    0.487ns
  Clock Uncertainty:      0.060ns  ((TSJ^2 + DJ^2)^1/2) / 2 + PE
    Total System Jitter     (TSJ):    0.071ns
    Discrete Jitter          (DJ):    0.098ns
    Phase Error              (PE):    0.000ns

    Location             Delay type                Incr(ns)  Path(ns)    Netlist Resource(s)
  -------------------------------------------------------------------    -------------------
                         (clock atomik_clk rise edge)
                                                      0.000     0.000 r  
                         clock source latency         2.177     2.177    
                         propagated clock network latency
                                                      3.157     5.334    
    SLICE_X90Y97         FDRE                         0.000     5.334 r  u_top/u_atomik/banks[0].bank_acc_reg[0][12]/C
    SLICE_X90Y97         FDRE (Prop_fdre_C_Q)         0.433     5.767 f  u_top/u_atomik/banks[0].bank_acc_reg[0][12]/Q
                         net (fo=3, routed)           0.662     6.430    u_top/u_atomik/Q[12]
    SLICE_X91Y98         LUT6 (Prop_lut6_I0_O)        0.105     6.535 r  u_top/u_atomik/core_resp_acc_zero_i_7/O
                         net (fo=1, routed)           0.537     7.072    u_top/u_atomik/core_resp_acc_zero_i_7_n_0
    SLICE_X89Y98         LUT6 (Prop_lut6_I5_O)        0.105     7.177 r  u_top/u_atomik/core_resp_acc_zero_i_2/O
                         net (fo=1, routed)           0.363     7.540    u_top/u_atomik/core_resp_acc_zero_i_2_n_0
    SLICE_X88Y98         LUT4 (Prop_lut4_I0_O)        0.105     7.645 r  u_top/u_atomik/core_resp_acc_zero_i_1/O
                         net (fo=1, routed)           0.000     7.645    u_top/u_cdc/acc_zero
    SLICE_X88Y98         FDCE                                         r  u_top/u_cdc/core_resp_acc_zero_reg/D
  -------------------------------------------------------------------    -------------------

                         (clock atomik_clk rise edge)
                                                      2.375     2.375 r  
                         clock source latency         1.935     4.310    
                         propagated clock network latency
                                                      2.800     7.110    
                         clock pessimism              0.487     7.596    
                         clock uncertainty           -0.060     7.536    
    SLICE_X88Y98         FDCE (Setup_fdce_C_D)        0.032     7.568    u_top/u_cdc/core_resp_acc_zero_reg
  -------------------------------------------------------------------
                         required time                          7.568    
                         arrival time                          -7.645    
  -------------------------------------------------------------------
                         slack                                 -0.077    

Slack (VIOLATED) :        -0.077ns  (required time - arrival time)
  Source:                 u_top/u_atomik/banks[0].bank_acc_reg[0][12]/C
                            (rising edge-triggered cell FDRE clocked by atomik_clk  {rise@0.000ns fall@1.187ns period=2.375ns})
  Destination:            u_top/u_cdc/core_resp_acc_zero_reg/D
                            (rising edge-triggered cell FDCE clocked by atomik_clk  {rise@0.000ns fall@1.187ns period=2.375ns})
  Path Group:             atomik_clk
  Path Type:              Setup (Max at Slow Process Corner)
  Requirement:            2.375ns  (atomik_clk rise@2.375ns - atomik_clk rise@0.000ns)
  Data Path Delay:        2.310ns  (logic 0.748ns (32.377%)  route 1.562ns (67.623%))
  Logic Levels:           3  (LUT4=1 LUT6=2)
  Clock Path Skew:        -0.113ns (DCD - SCD + CPR)
    Destination Clock Delay (DCD):    4.735ns = ( 7.110 - 2.375 ) 
    Source Clock Delay      (SCD):    5.334ns
    Clock Pessimism Removal (CPR):    0.487ns
  Clock Uncertainty:      0.060ns  ((TSJ^2 + DJ^2)^1/2) / 2 + PE
    Total System Jitter     (TSJ):    0.071ns
    Discrete Jitter          (DJ):    0.098ns
    Phase Error              (PE):    0.000ns

    Location             Delay type                Incr(ns)  Path(ns)    Netlist Resource(s)
  -------------------------------------------------------------------    -------------------
                         (clock atomik_clk rise edge)
                                                      0.000     0.000 r  
                         clock source latency         2.177     2.177    
                         propagated clock network latency
                                                      3.157     5.334    
    SLICE_X90Y97         FDRE                         0.000     5.334 r  u_top/u_atomik/banks[0].bank_acc_reg[0][12]/C
    SLICE_X90Y97         FDRE (Prop_fdre_C_Q)         0.433     5.767 r  u_top/u_atomik/banks[0].bank_acc_reg[0][12]/Q
                         net (fo=3, routed)           0.662     6.430    u_top/u_atomik/Q[12]
    SLICE_X91Y98         LUT6 (Prop_lut6_I0_O)        0.105     6.535 f  u_top/u_atomik/core_resp_acc_zero_i_7/O
                         net (fo=1, routed)           0.537     7.072    u_top/u_atomik/core_resp_acc_zero_i_7_n_0
    SLICE_X89Y98         LUT6 (Prop_lut6_I5_O)        0.105     7.177 f  u_top/u_atomik/core_resp_acc_zero_i_2/O
                         net (fo=1, routed)           0.363     7.540    u_top/u_atomik/core_resp_acc_zero_i_2_n_0
    SLICE_X88Y98         LUT4 (Prop_lut4_I0_O)        0.105     7.645 f  u_top/u_atomik/core_resp_acc_zero_i_1/O
                         net (fo=1, routed)           0.000     7.645    u_top/u_cdc/acc_zero
    SLICE_X88Y98         FDCE                                         f  u_top/u_cdc/core_resp_acc_zero_reg/D
  -------------------------------------------------------------------    -------------------

                         (clock atomik_clk rise edge)
                                                      2.375     2.375 r  
                         clock source latency         1.935     4.310    
                         propagated clock network latency
                                                      2.800     7.110    
                         clock pessimism              0.487     7.596    
                         clock uncertainty           -0.060     7.536    
    SLICE_X88Y98         FDCE (Setup_fdce_C_D)        0.032     7.568    u_top/u_cdc/core_resp_acc_zero_reg
  -------------------------------------------------------------------
                         required time                          7.568    
                         arrival time                          -7.645    
  -------------------------------------------------------------------
                         slack                                 -0.077    

Slack (VIOLATED) :        -0.041ns  (required time - arrival time)
  Source:                 u_top/u_atomik/banks[0].bank_acc_reg[0][13]/C
                            (rising edge-triggered cell FDRE clocked by atomik_clk  {rise@0.000ns fall@1.187ns period=2.375ns})
  Destination:            u_top/u_cdc/core_resp_acc_zero_reg/D
                            (rising edge-triggered cell FDCE clocked by atomik_clk  {rise@0.000ns fall@1.187ns period=2.375ns})
  Path Group:             atomik_clk
  Path Type:              Setup (Max at Slow Process Corner)
  Requirement:            2.375ns  (atomik_clk rise@2.375ns - atomik_clk rise@0.000ns)
  Data Path Delay:        2.274ns  (logic 0.694ns (30.513%)  route 1.580ns (69.487%))
  Logic Levels:           3  (LUT4=1 LUT6=2)
  Clock Path Skew:        -0.113ns (DCD - SCD + CPR)
    Destination Clock Delay (DCD):    4.735ns = ( 7.110 - 2.375 ) 
    Source Clock Delay      (SCD):    5.334ns
    Clock Pessimism Removal (CPR):    0.487ns
  Clock Uncertainty:      0.060ns  ((TSJ^2 + DJ^2)^1/2) / 2 + PE
    Total System Jitter     (TSJ):    0.071ns
    Discrete Jitter          (DJ):    0.098ns
    Phase Error              (PE):    0.000ns

    Location             Delay type                Incr(ns)  Path(ns)    Netlist Resource(s)
  -------------------------------------------------------------------    -------------------
                         (clock atomik_clk rise edge)
                                                      0.000     0.000 r  
                         clock source latency         2.177     2.177    
                         propagated clock network latency
                                                      3.157     5.334    
    SLICE_X91Y97         FDRE                         0.000     5.334 r  u_top/u_atomik/banks[0].bank_acc_reg[0][13]/C
    SLICE_X91Y97         FDRE (Prop_fdre_C_Q)         0.379     5.713 f  u_top/u_atomik/banks[0].bank_acc_reg[0][13]/Q
                         net (fo=3, routed)           0.681     6.394    u_top/u_atomik/Q[13]
    SLICE_X91Y98         LUT6 (Prop_lut6_I1_O)        0.105     6.499 r  u_top/u_atomik/core_resp_acc_zero_i_7/O
                         net (fo=1, routed)           0.537     7.036    u_top/u_atomik/core_resp_acc_zero_i_7_n_0
    SLICE_X89Y98         LUT6 (Prop_lut6_I5_O)        0.105     7.141 r  u_top/u_atomik/core_resp_acc_zero_i_2/O
                         net (fo=1, routed)           0.363     7.504    u_top/u_atomik/core_resp_acc_zero_i_2_n_0
    SLICE_X88Y98         LUT4 (Prop_lut4_I0_O)        0.105     7.609 r  u_top/u_atomik/core_resp_acc_zero_i_1/O
                         net (fo=1, routed)           0.000     7.609    u_top/u_cdc/acc_zero
    SLICE_X88Y98         FDCE                                         r  u_top/u_cdc/core_resp_acc_zero_reg/D
  -------------------------------------------------------------------    -------------------

                         (clock atomik_clk rise edge)
                                                      2.375     2.375 r  
                         clock source latency         1.935     4.310    
                         propagated clock network latency
                                                      2.800     7.110    
                         clock pessimism              0.487     7.596    
                         clock uncertainty           -0.060     7.536    
    SLICE_X88Y98         FDCE (Setup_fdce_C_D)        0.032     7.568    u_top/u_cdc/core_resp_acc_zero_reg
  -------------------------------------------------------------------
                         required time                          7.568    
                         arrival time                          -7.609    
  -------------------------------------------------------------------
                         slack                                 -0.041    




