Copyright 1986-2022 Xilinx, Inc. All Rights Reserved. Copyright 2022-2025 Advanced Micro Devices, Inc. All Rights Reserved.
----------------------------------------------------------------------------------------------------------------------------------------------------------
| Tool Version : Vivado v.2025.2 (lin64) Build 6299465 Fri Nov 14 12:34:56 MST 2025
| Date         : Fri Mar 13 10:20:24 2026
| Host         : Jarvis running 64-bit Ubuntu 24.04.4 LTS
| Command      : report_timing -nworst 5 -path_type full -file /home/mattrock/Projects/ATOMiK/hardware/zynq/sweep/reports/crit_path_N1_F444p4_maximum.rpt
| Design       : sweep_top_N1_F444p4_maximum
| Device       : 7z020-clg400
| Speed File   : -2  PRODUCTION 1.12 2019-11-22
| Design State : Routed
----------------------------------------------------------------------------------------------------------------------------------------------------------

Timing Report

Slack (VIOLATED) :        -0.092ns  (required time - arrival time)
  Source:                 u_top/u_cdc/core_load_en_reg_replica_1/C
                            (rising edge-triggered cell FDCE clocked by atomik_clk  {rise@0.000ns fall@1.125ns period=2.250ns})
  Destination:            u_top/u_atomik/u_state_bram/xpm_memory_base_inst/gen_wr_a.gen_word_narrow.mem_reg/DIBDI[4]
                            (rising edge-triggered cell RAMB36E1 clocked by atomik_clk  {rise@0.000ns fall@1.125ns period=2.250ns})
  Path Group:             atomik_clk
  Path Type:              Setup (Max at Slow Process Corner)
  Requirement:            2.250ns  (atomik_clk rise@2.250ns - atomik_clk rise@0.000ns)
  Data Path Delay:        2.046ns  (logic 0.484ns (23.654%)  route 1.562ns (76.346%))
  Logic Levels:           1  (LUT3=1)
  Clock Path Skew:        -0.021ns (DCD - SCD + CPR)
    Destination Clock Delay (DCD):    4.983ns = ( 7.233 - 2.250 ) 
    Source Clock Delay      (SCD):    5.407ns
    Clock Pessimism Removal (CPR):    0.403ns
  Clock Uncertainty:      0.060ns  ((TSJ^2 + DJ^2)^1/2) / 2 + PE
    Total System Jitter     (TSJ):    0.071ns
    Discrete Jitter          (DJ):    0.097ns
    Phase Error              (PE):    0.000ns

    Location             Delay type                Incr(ns)  Path(ns)    Netlist Resource(s)
  -------------------------------------------------------------------    -------------------
                         (clock atomik_clk rise edge)
                                                      0.000     0.000 r  
                         clock source latency         2.177     2.177    
                         propagated clock network latency
                                                      3.230     5.407    
    SLICE_X113Y98        FDCE                         0.000     5.407 r  u_top/u_cdc/core_load_en_reg_replica_1/C
    SLICE_X113Y98        FDCE (Prop_fdce_C_Q)         0.379     5.786 r  u_top/u_cdc/core_load_en_reg_replica_1/Q
                         net (fo=24, routed)          0.984     6.770    u_top/u_cdc/core_load_en_repN_1
    SLICE_X106Y100       LUT3 (Prop_lut3_I1_O)        0.105     6.875 r  u_top/u_cdc/u_state_bram_i_37/O
                         net (fo=1, routed)           0.578     7.454    u_top/u_atomik/u_state_bram/xpm_memory_base_inst/dina[36]
    RAMB36_X5Y20         RAMB36E1                                     r  u_top/u_atomik/u_state_bram/xpm_memory_base_inst/gen_wr_a.gen_word_narrow.mem_reg/DIBDI[4]
  -------------------------------------------------------------------    -------------------

                         (clock atomik_clk rise edge)
                                                      2.250     2.250 r  
                         clock source latency         1.935     4.185    
                         propagated clock network latency
                                                      3.048     7.233    
                         clock pessimism              0.403     7.636    
                         clock uncertainty           -0.060     7.576    
    RAMB36_X5Y20         RAMB36E1 (Setup_ramb36e1_CLKBWRCLK_DIBDI[4])
                                                     -0.214     7.362    u_top/u_atomik/u_state_bram/xpm_memory_base_inst/gen_wr_a.gen_word_narrow.mem_reg
  -------------------------------------------------------------------
                         required time                          7.362    
                         arrival time                          -7.454    
  -------------------------------------------------------------------
                         slack                                 -0.092    

Slack (VIOLATED) :        -0.092ns  (required time - arrival time)
  Source:                 u_top/u_cdc/core_load_en_reg_replica_1/C
                            (rising edge-triggered cell FDCE clocked by atomik_clk  {rise@0.000ns fall@1.125ns period=2.250ns})
  Destination:            u_top/u_atomik/u_state_bram/xpm_memory_base_inst/gen_wr_a.gen_word_narrow.mem_reg/DIBDI[4]
                            (rising edge-triggered cell RAMB36E1 clocked by atomik_clk  {rise@0.000ns fall@1.125ns period=2.250ns})
  Path Group:             atomik_clk
  Path Type:              Setup (Max at Slow Process Corner)
  Requirement:            2.250ns  (atomik_clk rise@2.250ns - atomik_clk rise@0.000ns)
  Data Path Delay:        2.046ns  (logic 0.484ns (23.654%)  route 1.562ns (76.346%))
  Logic Levels:           1  (LUT3=1)
  Clock Path Skew:        -0.021ns (DCD - SCD + CPR)
    Destination Clock Delay (DCD):    4.983ns = ( 7.233 - 2.250 ) 
    Source Clock Delay      (SCD):    5.407ns
    Clock Pessimism Removal (CPR):    0.403ns
  Clock Uncertainty:      0.060ns  ((TSJ^2 + DJ^2)^1/2) / 2 + PE
    Total System Jitter     (TSJ):    0.071ns
    Discrete Jitter          (DJ):    0.097ns
    Phase Error              (PE):    0.000ns

    Location             Delay type                Incr(ns)  Path(ns)    Netlist Resource(s)
  -------------------------------------------------------------------    -------------------
                         (clock atomik_clk rise edge)
                                                      0.000     0.000 r  
                         clock source latency         2.177     2.177    
                         propagated clock network latency
                                                      3.230     5.407    
    SLICE_X113Y98        FDCE                         0.000     5.407 r  u_top/u_cdc/core_load_en_reg_replica_1/C
    SLICE_X113Y98        FDCE (Prop_fdce_C_Q)         0.379     5.786 f  u_top/u_cdc/core_load_en_reg_replica_1/Q
                         net (fo=24, routed)          0.984     6.770    u_top/u_cdc/core_load_en_repN_1
    SLICE_X106Y100       LUT3 (Prop_lut3_I1_O)        0.105     6.875 r  u_top/u_cdc/u_state_bram_i_37/O
                         net (fo=1, routed)           0.578     7.454    u_top/u_atomik/u_state_bram/xpm_memory_base_inst/dina[36]
    RAMB36_X5Y20         RAMB36E1                                     r  u_top/u_atomik/u_state_bram/xpm_memory_base_inst/gen_wr_a.gen_word_narrow.mem_reg/DIBDI[4]
  -------------------------------------------------------------------    -------------------

                         (clock atomik_clk rise edge)
                                                      2.250     2.250 r  
                         clock source latency         1.935     4.185    
                         propagated clock network latency
                                                      3.048     7.233    
                         clock pessimism              0.403     7.636    
                         clock uncertainty           -0.060     7.576    
    RAMB36_X5Y20         RAMB36E1 (Setup_ramb36e1_CLKBWRCLK_DIBDI[4])
                                                     -0.214     7.362    u_top/u_atomik/u_state_bram/xpm_memory_base_inst/gen_wr_a.gen_word_narrow.mem_reg
  -------------------------------------------------------------------
                         required time                          7.362    
                         arrival time                          -7.454    
  -------------------------------------------------------------------
                         slack                                 -0.092    

Slack (VIOLATED) :        -0.092ns  (required time - arrival time)
  Source:                 u_top/u_cdc/core_load_en_reg_replica_1/C
                            (rising edge-triggered cell FDCE clocked by atomik_clk  {rise@0.000ns fall@1.125ns period=2.250ns})
  Destination:            u_top/u_atomik/u_state_bram/xpm_memory_base_inst/gen_wr_a.gen_word_narrow.mem_reg/DIBDI[4]
                            (rising edge-triggered cell RAMB36E1 clocked by atomik_clk  {rise@0.000ns fall@1.125ns period=2.250ns})
  Path Group:             atomik_clk
  Path Type:              Setup (Max at Slow Process Corner)
  Requirement:            2.250ns  (atomik_clk rise@2.250ns - atomik_clk rise@0.000ns)
  Data Path Delay:        2.046ns  (logic 0.484ns (23.654%)  route 1.562ns (76.346%))
  Logic Levels:           1  (LUT3=1)
  Clock Path Skew:        -0.021ns (DCD - SCD + CPR)
    Destination Clock Delay (DCD):    4.983ns = ( 7.233 - 2.250 ) 
    Source Clock Delay      (SCD):    5.407ns
    Clock Pessimism Removal (CPR):    0.403ns
  Clock Uncertainty:      0.060ns  ((TSJ^2 + DJ^2)^1/2) / 2 + PE
    Total System Jitter     (TSJ):    0.071ns
    Discrete Jitter          (DJ):    0.097ns
    Phase Error              (PE):    0.000ns

    Location             Delay type                Incr(ns)  Path(ns)    Netlist Resource(s)
  -------------------------------------------------------------------    -------------------
                         (clock atomik_clk rise edge)
                                                      0.000     0.000 r  
                         clock source latency         2.177     2.177    
                         propagated clock network latency
                                                      3.230     5.407    
    SLICE_X113Y98        FDCE                         0.000     5.407 r  u_top/u_cdc/core_load_en_reg_replica_1/C
    SLICE_X113Y98        FDCE (Prop_fdce_C_Q)         0.379     5.786 r  u_top/u_cdc/core_load_en_reg_replica_1/Q
                         net (fo=24, routed)          0.984     6.770    u_top/u_cdc/core_load_en_repN_1
    SLICE_X106Y100       LUT3 (Prop_lut3_I1_O)        0.105     6.875 f  u_top/u_cdc/u_state_bram_i_37/O
                         net (fo=1, routed)           0.578     7.454    u_top/u_atomik/u_state_bram/xpm_memory_base_inst/dina[36]
    RAMB36_X5Y20         RAMB36E1                                     f  u_top/u_atomik/u_state_bram/xpm_memory_base_inst/gen_wr_a.gen_word_narrow.mem_reg/DIBDI[4]
  -------------------------------------------------------------------    -------------------

                         (clock atomik_clk rise edge)
                                                      2.250     2.250 r  
                         clock source latency         1.935     4.185    
                         propagated clock network latency
                                                      3.048     7.233    
                         clock pessimism              0.403     7.636    
                         clock uncertainty           -0.060     7.576    
    RAMB36_X5Y20         RAMB36E1 (Setup_ramb36e1_CLKBWRCLK_DIBDI[4])
                                                     -0.214     7.362    u_top/u_atomik/u_state_bram/xpm_memory_base_inst/gen_wr_a.gen_word_narrow.mem_reg
  -------------------------------------------------------------------
                         required time                          7.362    
                         arrival time                          -7.454    
  -------------------------------------------------------------------
                         slack                                 -0.092    

Slack (VIOLATED) :        -0.092ns  (required time - arrival time)
  Source:                 u_top/u_cdc/core_load_en_reg_replica_1/C
                            (rising edge-triggered cell FDCE clocked by atomik_clk  {rise@0.000ns fall@1.125ns period=2.250ns})
  Destination:            u_top/u_atomik/u_state_bram/xpm_memory_base_inst/gen_wr_a.gen_word_narrow.mem_reg/DIBDI[4]
                            (rising edge-triggered cell RAMB36E1 clocked by atomik_clk  {rise@0.000ns fall@1.125ns period=2.250ns})
  Path Group:             atomik_clk
  Path Type:              Setup (Max at Slow Process Corner)
  Requirement:            2.250ns  (atomik_clk rise@2.250ns - atomik_clk rise@0.000ns)
  Data Path Delay:        2.046ns  (logic 0.484ns (23.654%)  route 1.562ns (76.346%))
  Logic Levels:           1  (LUT3=1)
  Clock Path Skew:        -0.021ns (DCD - SCD + CPR)
    Destination Clock Delay (DCD):    4.983ns = ( 7.233 - 2.250 ) 
    Source Clock Delay      (SCD):    5.407ns
    Clock Pessimism Removal (CPR):    0.403ns
  Clock Uncertainty:      0.060ns  ((TSJ^2 + DJ^2)^1/2) / 2 + PE
    Total System Jitter     (TSJ):    0.071ns
    Discrete Jitter          (DJ):    0.097ns
    Phase Error              (PE):    0.000ns

    Location             Delay type                Incr(ns)  Path(ns)    Netlist Resource(s)
  -------------------------------------------------------------------    -------------------
                         (clock atomik_clk rise edge)
                                                      0.000     0.000 r  
                         clock source latency         2.177     2.177    
                         propagated clock network latency
                                                      3.230     5.407    
    SLICE_X113Y98        FDCE                         0.000     5.407 r  u_top/u_cdc/core_load_en_reg_replica_1/C
    SLICE_X113Y98        FDCE (Prop_fdce_C_Q)         0.379     5.786 f  u_top/u_cdc/core_load_en_reg_replica_1/Q
                         net (fo=24, routed)          0.984     6.770    u_top/u_cdc/core_load_en_repN_1
    SLICE_X106Y100       LUT3 (Prop_lut3_I1_O)        0.105     6.875 f  u_top/u_cdc/u_state_bram_i_37/O
                         net (fo=1, routed)           0.578     7.454    u_top/u_atomik/u_state_bram/xpm_memory_base_inst/dina[36]
    RAMB36_X5Y20         RAMB36E1                                     f  u_top/u_atomik/u_state_bram/xpm_memory_base_inst/gen_wr_a.gen_word_narrow.mem_reg/DIBDI[4]
  -------------------------------------------------------------------    -------------------

                         (clock atomik_clk rise edge)
                                                      2.250     2.250 r  
                         clock source latency         1.935     4.185    
                         propagated clock network latency
                                                      3.048     7.233    
                         clock pessimism              0.403     7.636    
                         clock uncertainty           -0.060     7.576    
    RAMB36_X5Y20         RAMB36E1 (Setup_ramb36e1_CLKBWRCLK_DIBDI[4])
                                                     -0.214     7.362    u_top/u_atomik/u_state_bram/xpm_memory_base_inst/gen_wr_a.gen_word_narrow.mem_reg
  -------------------------------------------------------------------
                         required time                          7.362    
                         arrival time                          -7.454    
  -------------------------------------------------------------------
                         slack                                 -0.092    

Slack (VIOLATED) :        -0.042ns  (required time - arrival time)
  Source:                 u_top/u_atomik/u_state_bram/xpm_memory_base_inst/gen_wr_a.gen_word_narrow.mem_reg/CLKARDCLK
                            (rising edge-triggered cell RAMB36E1 clocked by atomik_clk  {rise@0.000ns fall@1.125ns period=2.250ns})
  Destination:            u_top/u_cdc/core_resp_state_reg[0]/D
                            (rising edge-triggered cell FDCE clocked by atomik_clk  {rise@0.000ns fall@1.125ns period=2.250ns})
  Path Group:             atomik_clk
  Path Type:              Setup (Max at Slow Process Corner)
  Requirement:            2.250ns  (atomik_clk rise@2.250ns - atomik_clk rise@0.000ns)
  Data Path Delay:        1.853ns  (logic 0.839ns (45.282%)  route 1.014ns (54.718%))
  Logic Levels:           1  (LUT2=1)
  Clock Path Skew:        -0.356ns (DCD - SCD + CPR)
    Destination Clock Delay (DCD):    4.789ns = ( 7.039 - 2.250 ) 
    Source Clock Delay      (SCD):    5.547ns
    Clock Pessimism Removal (CPR):    0.403ns
  Clock Uncertainty:      0.060ns  ((TSJ^2 + DJ^2)^1/2) / 2 + PE
    Total System Jitter     (TSJ):    0.071ns
    Discrete Jitter          (DJ):    0.097ns
    Phase Error              (PE):    0.000ns

    Location             Delay type                Incr(ns)  Path(ns)    Netlist Resource(s)
  -------------------------------------------------------------------    -------------------
                         (clock atomik_clk rise edge)
                                                      0.000     0.000 r  
                         clock source latency         2.177     2.177    
                         propagated clock network latency
                                                      3.370     5.547    
    RAMB36_X5Y20         RAMB36E1                     0.000     5.547 r  u_top/u_atomik/u_state_bram/xpm_memory_base_inst/gen_wr_a.gen_word_narrow.mem_reg/CLKARDCLK
    RAMB36_X5Y20         RAMB36E1 (Prop_ramb36e1_CLKARDCLK_DOADO[0])
                                                      0.734     6.281 r  u_top/u_atomik/u_state_bram/xpm_memory_base_inst/gen_wr_a.gen_word_narrow.mem_reg/DOADO[0]
                         net (fo=1, routed)           0.395     6.676    u_top/u_atomik/mem_rd_data[0]
    SLICE_X105Y100       LUT2 (Prop_lut2_I1_O)        0.105     6.781 r  u_top/u_atomik/core_resp_state[0]_i_1/O
                         net (fo=2, routed)           0.619     7.400    u_top/u_cdc/D[0]
    SLICE_X103Y99        FDCE                                         r  u_top/u_cdc/core_resp_state_reg[0]/D
  -------------------------------------------------------------------    -------------------

                         (clock atomik_clk rise edge)
                                                      2.250     2.250 r  
                         clock source latency         1.935     4.185    
                         propagated clock network latency
                                                      2.854     7.039    
                         clock pessimism              0.403     7.442    
                         clock uncertainty           -0.060     7.381    
    SLICE_X103Y99        FDCE (Setup_fdce_C_D)       -0.024     7.357    u_top/u_cdc/core_resp_state_reg[0]
  -------------------------------------------------------------------
                         required time                          7.357    
                         arrival time                          -7.400    
  -------------------------------------------------------------------
                         slack                                 -0.042    




