Copyright 1986-2022 Xilinx, Inc. All Rights Reserved. Copyright 2022-2025 Advanced Micro Devices, Inc. All Rights Reserved.
---------------------------------------------------------------------------------------------------------------------------------------------------
| Tool Version : Vivado v.2025.2 (lin64) Build 6299465 Fri Nov 14 12:34:56 MST 2025
| Date         : Fri Mar 13 15:34:25 2026
| Host         : Jarvis running 64-bit Ubuntu 24.04.4 LTS
| Command      : report_timing -nworst 5 -path_type full -file /home/mattrock/Projects/ATOMiK/hardware/zynq/sweep/reports/crit_path_N64_F210p5.rpt
| Design       : sweep_top_N64_F210p5
| Device       : 7z020-clg400
| Speed File   : -2  PRODUCTION 1.12 2019-11-22
| Design State : Routed
---------------------------------------------------------------------------------------------------------------------------------------------------

Timing Report

Slack (VIOLATED) :        -0.008ns  (required time - arrival time)
  Source:                 u_top/u_atomik/banks[55].bank_acc_reg[55][26]/C
                            (rising edge-triggered cell FDRE clocked by atomik_clk  {rise@0.000ns fall@2.375ns period=4.750ns})
  Destination:            u_top/u_cdc/core_resp_acc_zero_reg/D
                            (rising edge-triggered cell FDCE clocked by atomik_clk  {rise@0.000ns fall@2.375ns period=4.750ns})
  Path Group:             atomik_clk
  Path Type:              Setup (Max at Slow Process Corner)
  Requirement:            4.750ns  (atomik_clk rise@4.750ns - atomik_clk rise@0.000ns)
  Data Path Delay:        4.717ns  (logic 1.063ns (22.536%)  route 3.654ns (77.464%))
  Logic Levels:           6  (LUT4=2 LUT5=1 LUT6=3)
  Clock Path Skew:        -0.005ns (DCD - SCD + CPR)
    Destination Clock Delay (DCD):    4.977ns = ( 9.727 - 4.750 ) 
    Source Clock Delay      (SCD):    5.486ns
    Clock Pessimism Removal (CPR):    0.504ns
  Clock Uncertainty:      0.066ns  ((TSJ^2 + DJ^2)^1/2) / 2 + PE
    Total System Jitter     (TSJ):    0.071ns
    Discrete Jitter          (DJ):    0.112ns
    Phase Error              (PE):    0.000ns

    Location             Delay type                Incr(ns)  Path(ns)    Netlist Resource(s)
  -------------------------------------------------------------------    -------------------
                         (clock atomik_clk rise edge)
                                                      0.000     0.000 r  
                         clock source latency         2.194     2.194    
                         propagated clock network latency
                                                      3.292     5.486    
    SLICE_X66Y136        FDRE                         0.000     5.486 r  u_top/u_atomik/banks[55].bank_acc_reg[55][26]/C
    SLICE_X66Y136        FDRE (Prop_fdre_C_Q)         0.433     5.919 r  u_top/u_atomik/banks[55].bank_acc_reg[55][26]/Q
                         net (fo=2, routed)           0.722     6.641    u_top/u_atomik/banks[55].bank_acc_reg[55][63]_0[26]
    SLICE_X66Y131        LUT4 (Prop_lut4_I2_O)        0.105     6.746 r  u_top/u_atomik/swap_data[26]_i_11/O
                         net (fo=1, routed)           0.370     7.116    u_top/u_atomik/swap_data[26]_i_11_n_0
    SLICE_X67Y131        LUT5 (Prop_lut5_I4_O)        0.105     7.221 r  u_top/u_atomik/swap_data[26]_i_5/O
                         net (fo=1, routed)           1.176     8.397    u_top/u_atomik/swap_data[26]_i_5_n_0
    SLICE_X87Y116        LUT6 (Prop_lut6_I2_O)        0.105     8.502 f  u_top/u_atomik/swap_data[26]_i_2/O
                         net (fo=2, routed)           0.812     9.314    u_top/u_atomik/p_64_in[26]
    SLICE_X93Y116        LUT6 (Prop_lut6_I5_O)        0.105     9.419 r  u_top/u_atomik/core_resp_acc_zero_i_13/O
                         net (fo=1, routed)           0.458     9.877    u_top/u_atomik/core_resp_acc_zero_i_13_n_0
    SLICE_X93Y115        LUT6 (Prop_lut6_I5_O)        0.105     9.982 r  u_top/u_atomik/core_resp_acc_zero_i_5/O
                         net (fo=1, routed)           0.116    10.097    u_top/u_atomik/core_resp_acc_zero_i_5_n_0
    SLICE_X93Y115        LUT4 (Prop_lut4_I3_O)        0.105    10.202 r  u_top/u_atomik/core_resp_acc_zero_i_1/O
                         net (fo=1, routed)           0.000    10.202    u_top/u_cdc/acc_zero
    SLICE_X93Y115        FDCE                                         r  u_top/u_cdc/core_resp_acc_zero_reg/D
  -------------------------------------------------------------------    -------------------

                         (clock atomik_clk rise edge)
                                                      4.750     4.750 r  
                         clock source latency         1.951     6.701    
                         propagated clock network latency
                                                      3.025     9.727    
                         clock pessimism              0.504    10.231    
                         clock uncertainty           -0.066    10.164    
    SLICE_X93Y115        FDCE (Setup_fdce_C_D)        0.030    10.194    u_top/u_cdc/core_resp_acc_zero_reg
  -------------------------------------------------------------------
                         required time                         10.194    
                         arrival time                         -10.202    
  -------------------------------------------------------------------
                         slack                                 -0.008    

Slack (VIOLATED) :        -0.008ns  (required time - arrival time)
  Source:                 u_top/u_atomik/banks[55].bank_acc_reg[55][26]/C
                            (rising edge-triggered cell FDRE clocked by atomik_clk  {rise@0.000ns fall@2.375ns period=4.750ns})
  Destination:            u_top/u_cdc/core_resp_acc_zero_reg/D
                            (rising edge-triggered cell FDCE clocked by atomik_clk  {rise@0.000ns fall@2.375ns period=4.750ns})
  Path Group:             atomik_clk
  Path Type:              Setup (Max at Slow Process Corner)
  Requirement:            4.750ns  (atomik_clk rise@4.750ns - atomik_clk rise@0.000ns)
  Data Path Delay:        4.717ns  (logic 1.063ns (22.536%)  route 3.654ns (77.464%))
  Logic Levels:           6  (LUT4=2 LUT5=1 LUT6=3)
  Clock Path Skew:        -0.005ns (DCD - SCD + CPR)
    Destination Clock Delay (DCD):    4.977ns = ( 9.727 - 4.750 ) 
    Source Clock Delay      (SCD):    5.486ns
    Clock Pessimism Removal (CPR):    0.504ns
  Clock Uncertainty:      0.066ns  ((TSJ^2 + DJ^2)^1/2) / 2 + PE
    Total System Jitter     (TSJ):    0.071ns
    Discrete Jitter          (DJ):    0.112ns
    Phase Error              (PE):    0.000ns

    Location             Delay type                Incr(ns)  Path(ns)    Netlist Resource(s)
  -------------------------------------------------------------------    -------------------
                         (clock atomik_clk rise edge)
                                                      0.000     0.000 r  
                         clock source latency         2.194     2.194    
                         propagated clock network latency
                                                      3.292     5.486    
    SLICE_X66Y136        FDRE                         0.000     5.486 r  u_top/u_atomik/banks[55].bank_acc_reg[55][26]/C
    SLICE_X66Y136        FDRE (Prop_fdre_C_Q)         0.433     5.919 f  u_top/u_atomik/banks[55].bank_acc_reg[55][26]/Q
                         net (fo=2, routed)           0.722     6.641    u_top/u_atomik/banks[55].bank_acc_reg[55][63]_0[26]
    SLICE_X66Y131        LUT4 (Prop_lut4_I2_O)        0.105     6.746 r  u_top/u_atomik/swap_data[26]_i_11/O
                         net (fo=1, routed)           0.370     7.116    u_top/u_atomik/swap_data[26]_i_11_n_0
    SLICE_X67Y131        LUT5 (Prop_lut5_I4_O)        0.105     7.221 r  u_top/u_atomik/swap_data[26]_i_5/O
                         net (fo=1, routed)           1.176     8.397    u_top/u_atomik/swap_data[26]_i_5_n_0
    SLICE_X87Y116        LUT6 (Prop_lut6_I2_O)        0.105     8.502 f  u_top/u_atomik/swap_data[26]_i_2/O
                         net (fo=2, routed)           0.812     9.314    u_top/u_atomik/p_64_in[26]
    SLICE_X93Y116        LUT6 (Prop_lut6_I5_O)        0.105     9.419 r  u_top/u_atomik/core_resp_acc_zero_i_13/O
                         net (fo=1, routed)           0.458     9.877    u_top/u_atomik/core_resp_acc_zero_i_13_n_0
    SLICE_X93Y115        LUT6 (Prop_lut6_I5_O)        0.105     9.982 r  u_top/u_atomik/core_resp_acc_zero_i_5/O
                         net (fo=1, routed)           0.116    10.097    u_top/u_atomik/core_resp_acc_zero_i_5_n_0
    SLICE_X93Y115        LUT4 (Prop_lut4_I3_O)        0.105    10.202 r  u_top/u_atomik/core_resp_acc_zero_i_1/O
                         net (fo=1, routed)           0.000    10.202    u_top/u_cdc/acc_zero
    SLICE_X93Y115        FDCE                                         r  u_top/u_cdc/core_resp_acc_zero_reg/D
  -------------------------------------------------------------------    -------------------

                         (clock atomik_clk rise edge)
                                                      4.750     4.750 r  
                         clock source latency         1.951     6.701    
                         propagated clock network latency
                                                      3.025     9.727    
                         clock pessimism              0.504    10.231    
                         clock uncertainty           -0.066    10.164    
    SLICE_X93Y115        FDCE (Setup_fdce_C_D)        0.030    10.194    u_top/u_cdc/core_resp_acc_zero_reg
  -------------------------------------------------------------------
                         required time                         10.194    
                         arrival time                         -10.202    
  -------------------------------------------------------------------
                         slack                                 -0.008    

Slack (VIOLATED) :        -0.008ns  (required time - arrival time)
  Source:                 u_top/u_atomik/banks[55].bank_acc_reg[55][26]/C
                            (rising edge-triggered cell FDRE clocked by atomik_clk  {rise@0.000ns fall@2.375ns period=4.750ns})
  Destination:            u_top/u_cdc/core_resp_acc_zero_reg/D
                            (rising edge-triggered cell FDCE clocked by atomik_clk  {rise@0.000ns fall@2.375ns period=4.750ns})
  Path Group:             atomik_clk
  Path Type:              Setup (Max at Slow Process Corner)
  Requirement:            4.750ns  (atomik_clk rise@4.750ns - atomik_clk rise@0.000ns)
  Data Path Delay:        4.717ns  (logic 1.063ns (22.536%)  route 3.654ns (77.464%))
  Logic Levels:           6  (LUT4=2 LUT5=1 LUT6=3)
  Clock Path Skew:        -0.005ns (DCD - SCD + CPR)
    Destination Clock Delay (DCD):    4.977ns = ( 9.727 - 4.750 ) 
    Source Clock Delay      (SCD):    5.486ns
    Clock Pessimism Removal (CPR):    0.504ns
  Clock Uncertainty:      0.066ns  ((TSJ^2 + DJ^2)^1/2) / 2 + PE
    Total System Jitter     (TSJ):    0.071ns
    Discrete Jitter          (DJ):    0.112ns
    Phase Error              (PE):    0.000ns

    Location             Delay type                Incr(ns)  Path(ns)    Netlist Resource(s)
  -------------------------------------------------------------------    -------------------
                         (clock atomik_clk rise edge)
                                                      0.000     0.000 r  
                         clock source latency         2.194     2.194    
                         propagated clock network latency
                                                      3.292     5.486    
    SLICE_X66Y136        FDRE                         0.000     5.486 r  u_top/u_atomik/banks[55].bank_acc_reg[55][26]/C
    SLICE_X66Y136        FDRE (Prop_fdre_C_Q)         0.433     5.919 r  u_top/u_atomik/banks[55].bank_acc_reg[55][26]/Q
                         net (fo=2, routed)           0.722     6.641    u_top/u_atomik/banks[55].bank_acc_reg[55][63]_0[26]
    SLICE_X66Y131        LUT4 (Prop_lut4_I2_O)        0.105     6.746 f  u_top/u_atomik/swap_data[26]_i_11/O
                         net (fo=1, routed)           0.370     7.116    u_top/u_atomik/swap_data[26]_i_11_n_0
    SLICE_X67Y131        LUT5 (Prop_lut5_I4_O)        0.105     7.221 r  u_top/u_atomik/swap_data[26]_i_5/O
                         net (fo=1, routed)           1.176     8.397    u_top/u_atomik/swap_data[26]_i_5_n_0
    SLICE_X87Y116        LUT6 (Prop_lut6_I2_O)        0.105     8.502 f  u_top/u_atomik/swap_data[26]_i_2/O
                         net (fo=2, routed)           0.812     9.314    u_top/u_atomik/p_64_in[26]
    SLICE_X93Y116        LUT6 (Prop_lut6_I5_O)        0.105     9.419 r  u_top/u_atomik/core_resp_acc_zero_i_13/O
                         net (fo=1, routed)           0.458     9.877    u_top/u_atomik/core_resp_acc_zero_i_13_n_0
    SLICE_X93Y115        LUT6 (Prop_lut6_I5_O)        0.105     9.982 r  u_top/u_atomik/core_resp_acc_zero_i_5/O
                         net (fo=1, routed)           0.116    10.097    u_top/u_atomik/core_resp_acc_zero_i_5_n_0
    SLICE_X93Y115        LUT4 (Prop_lut4_I3_O)        0.105    10.202 r  u_top/u_atomik/core_resp_acc_zero_i_1/O
                         net (fo=1, routed)           0.000    10.202    u_top/u_cdc/acc_zero
    SLICE_X93Y115        FDCE                                         r  u_top/u_cdc/core_resp_acc_zero_reg/D
  -------------------------------------------------------------------    -------------------

                         (clock atomik_clk rise edge)
                                                      4.750     4.750 r  
                         clock source latency         1.951     6.701    
                         propagated clock network latency
                                                      3.025     9.727    
                         clock pessimism              0.504    10.231    
                         clock uncertainty           -0.066    10.164    
    SLICE_X93Y115        FDCE (Setup_fdce_C_D)        0.030    10.194    u_top/u_cdc/core_resp_acc_zero_reg
  -------------------------------------------------------------------
                         required time                         10.194    
                         arrival time                         -10.202    
  -------------------------------------------------------------------
                         slack                                 -0.008    

Slack (VIOLATED) :        -0.008ns  (required time - arrival time)
  Source:                 u_top/u_atomik/banks[55].bank_acc_reg[55][26]/C
                            (rising edge-triggered cell FDRE clocked by atomik_clk  {rise@0.000ns fall@2.375ns period=4.750ns})
  Destination:            u_top/u_cdc/core_resp_acc_zero_reg/D
                            (rising edge-triggered cell FDCE clocked by atomik_clk  {rise@0.000ns fall@2.375ns period=4.750ns})
  Path Group:             atomik_clk
  Path Type:              Setup (Max at Slow Process Corner)
  Requirement:            4.750ns  (atomik_clk rise@4.750ns - atomik_clk rise@0.000ns)
  Data Path Delay:        4.717ns  (logic 1.063ns (22.536%)  route 3.654ns (77.464%))
  Logic Levels:           6  (LUT4=2 LUT5=1 LUT6=3)
  Clock Path Skew:        -0.005ns (DCD - SCD + CPR)
    Destination Clock Delay (DCD):    4.977ns = ( 9.727 - 4.750 ) 
    Source Clock Delay      (SCD):    5.486ns
    Clock Pessimism Removal (CPR):    0.504ns
  Clock Uncertainty:      0.066ns  ((TSJ^2 + DJ^2)^1/2) / 2 + PE
    Total System Jitter     (TSJ):    0.071ns
    Discrete Jitter          (DJ):    0.112ns
    Phase Error              (PE):    0.000ns

    Location             Delay type                Incr(ns)  Path(ns)    Netlist Resource(s)
  -------------------------------------------------------------------    -------------------
                         (clock atomik_clk rise edge)
                                                      0.000     0.000 r  
                         clock source latency         2.194     2.194    
                         propagated clock network latency
                                                      3.292     5.486    
    SLICE_X66Y136        FDRE                         0.000     5.486 r  u_top/u_atomik/banks[55].bank_acc_reg[55][26]/C
    SLICE_X66Y136        FDRE (Prop_fdre_C_Q)         0.433     5.919 r  u_top/u_atomik/banks[55].bank_acc_reg[55][26]/Q
                         net (fo=2, routed)           0.722     6.641    u_top/u_atomik/banks[55].bank_acc_reg[55][63]_0[26]
    SLICE_X66Y131        LUT4 (Prop_lut4_I2_O)        0.105     6.746 r  u_top/u_atomik/swap_data[26]_i_11/O
                         net (fo=1, routed)           0.370     7.116    u_top/u_atomik/swap_data[26]_i_11_n_0
    SLICE_X67Y131        LUT5 (Prop_lut5_I4_O)        0.105     7.221 f  u_top/u_atomik/swap_data[26]_i_5/O
                         net (fo=1, routed)           1.176     8.397    u_top/u_atomik/swap_data[26]_i_5_n_0
    SLICE_X87Y116        LUT6 (Prop_lut6_I2_O)        0.105     8.502 f  u_top/u_atomik/swap_data[26]_i_2/O
                         net (fo=2, routed)           0.812     9.314    u_top/u_atomik/p_64_in[26]
    SLICE_X93Y116        LUT6 (Prop_lut6_I5_O)        0.105     9.419 r  u_top/u_atomik/core_resp_acc_zero_i_13/O
                         net (fo=1, routed)           0.458     9.877    u_top/u_atomik/core_resp_acc_zero_i_13_n_0
    SLICE_X93Y115        LUT6 (Prop_lut6_I5_O)        0.105     9.982 r  u_top/u_atomik/core_resp_acc_zero_i_5/O
                         net (fo=1, routed)           0.116    10.097    u_top/u_atomik/core_resp_acc_zero_i_5_n_0
    SLICE_X93Y115        LUT4 (Prop_lut4_I3_O)        0.105    10.202 r  u_top/u_atomik/core_resp_acc_zero_i_1/O
                         net (fo=1, routed)           0.000    10.202    u_top/u_cdc/acc_zero
    SLICE_X93Y115        FDCE                                         r  u_top/u_cdc/core_resp_acc_zero_reg/D
  -------------------------------------------------------------------    -------------------

                         (clock atomik_clk rise edge)
                                                      4.750     4.750 r  
                         clock source latency         1.951     6.701    
                         propagated clock network latency
                                                      3.025     9.727    
                         clock pessimism              0.504    10.231    
                         clock uncertainty           -0.066    10.164    
    SLICE_X93Y115        FDCE (Setup_fdce_C_D)        0.030    10.194    u_top/u_cdc/core_resp_acc_zero_reg
  -------------------------------------------------------------------
                         required time                         10.194    
                         arrival time                         -10.202    
  -------------------------------------------------------------------
                         slack                                 -0.008    

Slack (VIOLATED) :        -0.008ns  (required time - arrival time)
  Source:                 u_top/u_atomik/banks[55].bank_acc_reg[55][26]/C
                            (rising edge-triggered cell FDRE clocked by atomik_clk  {rise@0.000ns fall@2.375ns period=4.750ns})
  Destination:            u_top/u_cdc/core_resp_acc_zero_reg/D
                            (rising edge-triggered cell FDCE clocked by atomik_clk  {rise@0.000ns fall@2.375ns period=4.750ns})
  Path Group:             atomik_clk
  Path Type:              Setup (Max at Slow Process Corner)
  Requirement:            4.750ns  (atomik_clk rise@4.750ns - atomik_clk rise@0.000ns)
  Data Path Delay:        4.717ns  (logic 1.063ns (22.536%)  route 3.654ns (77.464%))
  Logic Levels:           6  (LUT4=2 LUT5=1 LUT6=3)
  Clock Path Skew:        -0.005ns (DCD - SCD + CPR)
    Destination Clock Delay (DCD):    4.977ns = ( 9.727 - 4.750 ) 
    Source Clock Delay      (SCD):    5.486ns
    Clock Pessimism Removal (CPR):    0.504ns
  Clock Uncertainty:      0.066ns  ((TSJ^2 + DJ^2)^1/2) / 2 + PE
    Total System Jitter     (TSJ):    0.071ns
    Discrete Jitter          (DJ):    0.112ns
    Phase Error              (PE):    0.000ns

    Location             Delay type                Incr(ns)  Path(ns)    Netlist Resource(s)
  -------------------------------------------------------------------    -------------------
                         (clock atomik_clk rise edge)
                                                      0.000     0.000 r  
                         clock source latency         2.194     2.194    
                         propagated clock network latency
                                                      3.292     5.486    
    SLICE_X66Y136        FDRE                         0.000     5.486 r  u_top/u_atomik/banks[55].bank_acc_reg[55][26]/C
    SLICE_X66Y136        FDRE (Prop_fdre_C_Q)         0.433     5.919 f  u_top/u_atomik/banks[55].bank_acc_reg[55][26]/Q
                         net (fo=2, routed)           0.722     6.641    u_top/u_atomik/banks[55].bank_acc_reg[55][63]_0[26]
    SLICE_X66Y131        LUT4 (Prop_lut4_I2_O)        0.105     6.746 r  u_top/u_atomik/swap_data[26]_i_11/O
                         net (fo=1, routed)           0.370     7.116    u_top/u_atomik/swap_data[26]_i_11_n_0
    SLICE_X67Y131        LUT5 (Prop_lut5_I4_O)        0.105     7.221 f  u_top/u_atomik/swap_data[26]_i_5/O
                         net (fo=1, routed)           1.176     8.397    u_top/u_atomik/swap_data[26]_i_5_n_0
    SLICE_X87Y116        LUT6 (Prop_lut6_I2_O)        0.105     8.502 f  u_top/u_atomik/swap_data[26]_i_2/O
                         net (fo=2, routed)           0.812     9.314    u_top/u_atomik/p_64_in[26]
    SLICE_X93Y116        LUT6 (Prop_lut6_I5_O)        0.105     9.419 r  u_top/u_atomik/core_resp_acc_zero_i_13/O
                         net (fo=1, routed)           0.458     9.877    u_top/u_atomik/core_resp_acc_zero_i_13_n_0
    SLICE_X93Y115        LUT6 (Prop_lut6_I5_O)        0.105     9.982 r  u_top/u_atomik/core_resp_acc_zero_i_5/O
                         net (fo=1, routed)           0.116    10.097    u_top/u_atomik/core_resp_acc_zero_i_5_n_0
    SLICE_X93Y115        LUT4 (Prop_lut4_I3_O)        0.105    10.202 r  u_top/u_atomik/core_resp_acc_zero_i_1/O
                         net (fo=1, routed)           0.000    10.202    u_top/u_cdc/acc_zero
    SLICE_X93Y115        FDCE                                         r  u_top/u_cdc/core_resp_acc_zero_reg/D
  -------------------------------------------------------------------    -------------------

                         (clock atomik_clk rise edge)
                                                      4.750     4.750 r  
                         clock source latency         1.951     6.701    
                         propagated clock network latency
                                                      3.025     9.727    
                         clock pessimism              0.504    10.231    
                         clock uncertainty           -0.066    10.164    
    SLICE_X93Y115        FDCE (Setup_fdce_C_D)        0.030    10.194    u_top/u_cdc/core_resp_acc_zero_reg
  -------------------------------------------------------------------
                         required time                         10.194    
                         arrival time                         -10.202    
  -------------------------------------------------------------------
                         slack                                 -0.008    




