Copyright 1986-2022 Xilinx, Inc. All Rights Reserved. Copyright 2022-2025 Advanced Micro Devices, Inc. All Rights Reserved.
------------------------------------------------------------------------------------------------------------------------------------------------------------
| Tool Version : Vivado v.2025.2 (lin64) Build 6299465 Fri Nov 14 12:34:56 MST 2025
| Date         : Fri Mar 13 18:26:46 2026
| Host         : Jarvis running 64-bit Ubuntu 24.04.4 LTS
| Command      : report_timing -nworst 5 -path_type full -file /home/mattrock/Projects/ATOMiK/hardware/zynq/sweep/reports/crit_path_N256_F150p9_maximum.rpt
| Design       : sweep_top_N256_F150p9_maximum
| Device       : 7z020-clg400
| Speed File   : -2  PRODUCTION 1.12 2019-11-22
| Design State : Routed
------------------------------------------------------------------------------------------------------------------------------------------------------------

Timing Report

Slack (VIOLATED) :        -0.142ns  (required time - arrival time)
  Source:                 u_top/u_atomik/banks[7].bank_acc_reg[7][37]/C
                            (rising edge-triggered cell FDRE clocked by atomik_clk  {rise@0.000ns fall@3.312ns period=6.625ns})
  Destination:            u_top/u_cdc/core_resp_acc_zero_reg/D
                            (rising edge-triggered cell FDCE clocked by atomik_clk  {rise@0.000ns fall@3.312ns period=6.625ns})
  Path Group:             atomik_clk
  Path Type:              Setup (Max at Slow Process Corner)
  Requirement:            6.625ns  (atomik_clk rise@6.625ns - atomik_clk rise@0.000ns)
  Data Path Delay:        6.425ns  (logic 1.168ns (18.178%)  route 5.257ns (81.822%))
  Logic Levels:           7  (LUT4=1 LUT5=2 LUT6=4)
  Clock Path Skew:        -0.304ns (DCD - SCD + CPR)
    Destination Clock Delay (DCD):    4.776ns = ( 11.401 - 6.625 ) 
    Source Clock Delay      (SCD):    5.485ns
    Clock Pessimism Removal (CPR):    0.405ns
  Clock Uncertainty:      0.069ns  ((TSJ^2 + DJ^2)^1/2) / 2 + PE
    Total System Jitter     (TSJ):    0.071ns
    Discrete Jitter          (DJ):    0.119ns
    Phase Error              (PE):    0.000ns

    Location             Delay type                Incr(ns)  Path(ns)    Netlist Resource(s)
  -------------------------------------------------------------------    -------------------
                         (clock atomik_clk rise edge)
                                                      0.000     0.000 r  
                         clock source latency         2.194     2.194    
                         propagated clock network latency
                                                      3.291     5.485    
    SLICE_X58Y109        FDRE                         0.000     5.485 r  u_top/u_atomik/banks[7].bank_acc_reg[7][37]/C
    SLICE_X58Y109        FDRE (Prop_fdre_C_Q)         0.433     5.918 r  u_top/u_atomik/banks[7].bank_acc_reg[7][37]/Q
                         net (fo=3, routed)           0.966     6.883    u_top/u_atomik/banks[7].bank_acc_reg[7][63]_0[37]
    SLICE_X52Y107        LUT6 (Prop_lut6_I4_O)        0.105     6.988 r  u_top/u_atomik/i_2599_LOPT_REMAP/O
                         net (fo=1, routed)           0.842     7.830    u_top/u_atomik/i_2599/O_n
    SLICE_X55Y106        LUT6 (Prop_lut6_I1_O)        0.105     7.935 r  u_top/u_atomik/i_2593_LOPT_REMAP/O
                         net (fo=1, routed)           1.118     9.053    u_top/u_atomik/i_2593/O_n
    SLICE_X59Y93         LUT6 (Prop_lut6_I4_O)        0.105     9.158 r  u_top/u_atomik/i_2571_LOPT_REMAP/O
                         net (fo=1, routed)           0.367     9.525    u_top/u_atomik/i_2571/O_n
    SLICE_X64Y93         LUT6 (Prop_lut6_I4_O)        0.105     9.630 f  u_top/u_atomik/i_2563_LOPT_REMAP/O
                         net (fo=1, routed)           0.895    10.525    u_top/u_atomik/i_2563/O_n
    SLICE_X81Y92         LUT5 (Prop_lut5_I4_O)        0.105    10.630 f  u_top/u_atomik/i_2460_LOPT_REMAP/O
                         net (fo=1, routed)           0.451    11.081    u_top/u_atomik/i_2460/O_n
    SLICE_X81Y91         LUT5 (Prop_lut5_I2_O)        0.105    11.186 f  u_top/u_atomik/i_2459_LOPT_REMAP/O
                         net (fo=1, routed)           0.619    11.805    u_top/u_atomik/i_2459/O_n
    SLICE_X81Y98         LUT4 (Prop_lut4_I1_O)        0.105    11.910 r  u_top/u_atomik/i_0_LOPT_REMAP/O
                         net (fo=1, routed)           0.000    11.910    u_top/u_cdc/acc_zero
    SLICE_X81Y98         FDCE                                         r  u_top/u_cdc/core_resp_acc_zero_reg/D
  -------------------------------------------------------------------    -------------------

                         (clock atomik_clk rise edge)
                                                      6.625     6.625 r  
                         clock source latency         1.951     8.576    
                         propagated clock network latency
                                                      2.825    11.401    
                         clock pessimism              0.405    11.806    
                         clock uncertainty           -0.069    11.736    
    SLICE_X81Y98         FDCE (Setup_fdce_C_D)        0.032    11.768    u_top/u_cdc/core_resp_acc_zero_reg
  -------------------------------------------------------------------
                         required time                         11.768    
                         arrival time                         -11.910    
  -------------------------------------------------------------------
                         slack                                 -0.142    

Slack (VIOLATED) :        -0.142ns  (required time - arrival time)
  Source:                 u_top/u_atomik/banks[7].bank_acc_reg[7][37]/C
                            (rising edge-triggered cell FDRE clocked by atomik_clk  {rise@0.000ns fall@3.312ns period=6.625ns})
  Destination:            u_top/u_cdc/core_resp_acc_zero_reg/D
                            (rising edge-triggered cell FDCE clocked by atomik_clk  {rise@0.000ns fall@3.312ns period=6.625ns})
  Path Group:             atomik_clk
  Path Type:              Setup (Max at Slow Process Corner)
  Requirement:            6.625ns  (atomik_clk rise@6.625ns - atomik_clk rise@0.000ns)
  Data Path Delay:        6.425ns  (logic 1.168ns (18.178%)  route 5.257ns (81.822%))
  Logic Levels:           7  (LUT4=1 LUT5=2 LUT6=4)
  Clock Path Skew:        -0.304ns (DCD - SCD + CPR)
    Destination Clock Delay (DCD):    4.776ns = ( 11.401 - 6.625 ) 
    Source Clock Delay      (SCD):    5.485ns
    Clock Pessimism Removal (CPR):    0.405ns
  Clock Uncertainty:      0.069ns  ((TSJ^2 + DJ^2)^1/2) / 2 + PE
    Total System Jitter     (TSJ):    0.071ns
    Discrete Jitter          (DJ):    0.119ns
    Phase Error              (PE):    0.000ns

    Location             Delay type                Incr(ns)  Path(ns)    Netlist Resource(s)
  -------------------------------------------------------------------    -------------------
                         (clock atomik_clk rise edge)
                                                      0.000     0.000 r  
                         clock source latency         2.194     2.194    
                         propagated clock network latency
                                                      3.291     5.485    
    SLICE_X58Y109        FDRE                         0.000     5.485 r  u_top/u_atomik/banks[7].bank_acc_reg[7][37]/C
    SLICE_X58Y109        FDRE (Prop_fdre_C_Q)         0.433     5.918 r  u_top/u_atomik/banks[7].bank_acc_reg[7][37]/Q
                         net (fo=3, routed)           0.966     6.883    u_top/u_atomik/banks[7].bank_acc_reg[7][63]_0[37]
    SLICE_X52Y107        LUT6 (Prop_lut6_I4_O)        0.105     6.988 r  u_top/u_atomik/i_2599_LOPT_REMAP/O
                         net (fo=1, routed)           0.842     7.830    u_top/u_atomik/i_2599/O_n
    SLICE_X55Y106        LUT6 (Prop_lut6_I1_O)        0.105     7.935 f  u_top/u_atomik/i_2593_LOPT_REMAP/O
                         net (fo=1, routed)           1.118     9.053    u_top/u_atomik/i_2593/O_n
    SLICE_X59Y93         LUT6 (Prop_lut6_I4_O)        0.105     9.158 r  u_top/u_atomik/i_2571_LOPT_REMAP/O
                         net (fo=1, routed)           0.367     9.525    u_top/u_atomik/i_2571/O_n
    SLICE_X64Y93         LUT6 (Prop_lut6_I4_O)        0.105     9.630 f  u_top/u_atomik/i_2563_LOPT_REMAP/O
                         net (fo=1, routed)           0.895    10.525    u_top/u_atomik/i_2563/O_n
    SLICE_X81Y92         LUT5 (Prop_lut5_I4_O)        0.105    10.630 f  u_top/u_atomik/i_2460_LOPT_REMAP/O
                         net (fo=1, routed)           0.451    11.081    u_top/u_atomik/i_2460/O_n
    SLICE_X81Y91         LUT5 (Prop_lut5_I2_O)        0.105    11.186 f  u_top/u_atomik/i_2459_LOPT_REMAP/O
                         net (fo=1, routed)           0.619    11.805    u_top/u_atomik/i_2459/O_n
    SLICE_X81Y98         LUT4 (Prop_lut4_I1_O)        0.105    11.910 r  u_top/u_atomik/i_0_LOPT_REMAP/O
                         net (fo=1, routed)           0.000    11.910    u_top/u_cdc/acc_zero
    SLICE_X81Y98         FDCE                                         r  u_top/u_cdc/core_resp_acc_zero_reg/D
  -------------------------------------------------------------------    -------------------

                         (clock atomik_clk rise edge)
                                                      6.625     6.625 r  
                         clock source latency         1.951     8.576    
                         propagated clock network latency
                                                      2.825    11.401    
                         clock pessimism              0.405    11.806    
                         clock uncertainty           -0.069    11.736    
    SLICE_X81Y98         FDCE (Setup_fdce_C_D)        0.032    11.768    u_top/u_cdc/core_resp_acc_zero_reg
  -------------------------------------------------------------------
                         required time                         11.768    
                         arrival time                         -11.910    
  -------------------------------------------------------------------
                         slack                                 -0.142    

Slack (VIOLATED) :        -0.142ns  (required time - arrival time)
  Source:                 u_top/u_atomik/banks[7].bank_acc_reg[7][37]/C
                            (rising edge-triggered cell FDRE clocked by atomik_clk  {rise@0.000ns fall@3.312ns period=6.625ns})
  Destination:            u_top/u_cdc/core_resp_acc_zero_reg/D
                            (rising edge-triggered cell FDCE clocked by atomik_clk  {rise@0.000ns fall@3.312ns period=6.625ns})
  Path Group:             atomik_clk
  Path Type:              Setup (Max at Slow Process Corner)
  Requirement:            6.625ns  (atomik_clk rise@6.625ns - atomik_clk rise@0.000ns)
  Data Path Delay:        6.425ns  (logic 1.168ns (18.178%)  route 5.257ns (81.822%))
  Logic Levels:           7  (LUT4=1 LUT5=2 LUT6=4)
  Clock Path Skew:        -0.304ns (DCD - SCD + CPR)
    Destination Clock Delay (DCD):    4.776ns = ( 11.401 - 6.625 ) 
    Source Clock Delay      (SCD):    5.485ns
    Clock Pessimism Removal (CPR):    0.405ns
  Clock Uncertainty:      0.069ns  ((TSJ^2 + DJ^2)^1/2) / 2 + PE
    Total System Jitter     (TSJ):    0.071ns
    Discrete Jitter          (DJ):    0.119ns
    Phase Error              (PE):    0.000ns

    Location             Delay type                Incr(ns)  Path(ns)    Netlist Resource(s)
  -------------------------------------------------------------------    -------------------
                         (clock atomik_clk rise edge)
                                                      0.000     0.000 r  
                         clock source latency         2.194     2.194    
                         propagated clock network latency
                                                      3.291     5.485    
    SLICE_X58Y109        FDRE                         0.000     5.485 r  u_top/u_atomik/banks[7].bank_acc_reg[7][37]/C
    SLICE_X58Y109        FDRE (Prop_fdre_C_Q)         0.433     5.918 r  u_top/u_atomik/banks[7].bank_acc_reg[7][37]/Q
                         net (fo=3, routed)           0.966     6.883    u_top/u_atomik/banks[7].bank_acc_reg[7][63]_0[37]
    SLICE_X52Y107        LUT6 (Prop_lut6_I4_O)        0.105     6.988 r  u_top/u_atomik/i_2599_LOPT_REMAP/O
                         net (fo=1, routed)           0.842     7.830    u_top/u_atomik/i_2599/O_n
    SLICE_X55Y106        LUT6 (Prop_lut6_I1_O)        0.105     7.935 r  u_top/u_atomik/i_2593_LOPT_REMAP/O
                         net (fo=1, routed)           1.118     9.053    u_top/u_atomik/i_2593/O_n
    SLICE_X59Y93         LUT6 (Prop_lut6_I4_O)        0.105     9.158 f  u_top/u_atomik/i_2571_LOPT_REMAP/O
                         net (fo=1, routed)           0.367     9.525    u_top/u_atomik/i_2571/O_n
    SLICE_X64Y93         LUT6 (Prop_lut6_I4_O)        0.105     9.630 f  u_top/u_atomik/i_2563_LOPT_REMAP/O
                         net (fo=1, routed)           0.895    10.525    u_top/u_atomik/i_2563/O_n
    SLICE_X81Y92         LUT5 (Prop_lut5_I4_O)        0.105    10.630 f  u_top/u_atomik/i_2460_LOPT_REMAP/O
                         net (fo=1, routed)           0.451    11.081    u_top/u_atomik/i_2460/O_n
    SLICE_X81Y91         LUT5 (Prop_lut5_I2_O)        0.105    11.186 f  u_top/u_atomik/i_2459_LOPT_REMAP/O
                         net (fo=1, routed)           0.619    11.805    u_top/u_atomik/i_2459/O_n
    SLICE_X81Y98         LUT4 (Prop_lut4_I1_O)        0.105    11.910 r  u_top/u_atomik/i_0_LOPT_REMAP/O
                         net (fo=1, routed)           0.000    11.910    u_top/u_cdc/acc_zero
    SLICE_X81Y98         FDCE                                         r  u_top/u_cdc/core_resp_acc_zero_reg/D
  -------------------------------------------------------------------    -------------------

                         (clock atomik_clk rise edge)
                                                      6.625     6.625 r  
                         clock source latency         1.951     8.576    
                         propagated clock network latency
                                                      2.825    11.401    
                         clock pessimism              0.405    11.806    
                         clock uncertainty           -0.069    11.736    
    SLICE_X81Y98         FDCE (Setup_fdce_C_D)        0.032    11.768    u_top/u_cdc/core_resp_acc_zero_reg
  -------------------------------------------------------------------
                         required time                         11.768    
                         arrival time                         -11.910    
  -------------------------------------------------------------------
                         slack                                 -0.142    

Slack (VIOLATED) :        -0.142ns  (required time - arrival time)
  Source:                 u_top/u_atomik/banks[7].bank_acc_reg[7][37]/C
                            (rising edge-triggered cell FDRE clocked by atomik_clk  {rise@0.000ns fall@3.312ns period=6.625ns})
  Destination:            u_top/u_cdc/core_resp_acc_zero_reg/D
                            (rising edge-triggered cell FDCE clocked by atomik_clk  {rise@0.000ns fall@3.312ns period=6.625ns})
  Path Group:             atomik_clk
  Path Type:              Setup (Max at Slow Process Corner)
  Requirement:            6.625ns  (atomik_clk rise@6.625ns - atomik_clk rise@0.000ns)
  Data Path Delay:        6.425ns  (logic 1.168ns (18.178%)  route 5.257ns (81.822%))
  Logic Levels:           7  (LUT4=1 LUT5=2 LUT6=4)
  Clock Path Skew:        -0.304ns (DCD - SCD + CPR)
    Destination Clock Delay (DCD):    4.776ns = ( 11.401 - 6.625 ) 
    Source Clock Delay      (SCD):    5.485ns
    Clock Pessimism Removal (CPR):    0.405ns
  Clock Uncertainty:      0.069ns  ((TSJ^2 + DJ^2)^1/2) / 2 + PE
    Total System Jitter     (TSJ):    0.071ns
    Discrete Jitter          (DJ):    0.119ns
    Phase Error              (PE):    0.000ns

    Location             Delay type                Incr(ns)  Path(ns)    Netlist Resource(s)
  -------------------------------------------------------------------    -------------------
                         (clock atomik_clk rise edge)
                                                      0.000     0.000 r  
                         clock source latency         2.194     2.194    
                         propagated clock network latency
                                                      3.291     5.485    
    SLICE_X58Y109        FDRE                         0.000     5.485 r  u_top/u_atomik/banks[7].bank_acc_reg[7][37]/C
    SLICE_X58Y109        FDRE (Prop_fdre_C_Q)         0.433     5.918 r  u_top/u_atomik/banks[7].bank_acc_reg[7][37]/Q
                         net (fo=3, routed)           0.966     6.883    u_top/u_atomik/banks[7].bank_acc_reg[7][63]_0[37]
    SLICE_X52Y107        LUT6 (Prop_lut6_I4_O)        0.105     6.988 f  u_top/u_atomik/i_2599_LOPT_REMAP/O
                         net (fo=1, routed)           0.842     7.830    u_top/u_atomik/i_2599/O_n
    SLICE_X55Y106        LUT6 (Prop_lut6_I1_O)        0.105     7.935 r  u_top/u_atomik/i_2593_LOPT_REMAP/O
                         net (fo=1, routed)           1.118     9.053    u_top/u_atomik/i_2593/O_n
    SLICE_X59Y93         LUT6 (Prop_lut6_I4_O)        0.105     9.158 f  u_top/u_atomik/i_2571_LOPT_REMAP/O
                         net (fo=1, routed)           0.367     9.525    u_top/u_atomik/i_2571/O_n
    SLICE_X64Y93         LUT6 (Prop_lut6_I4_O)        0.105     9.630 f  u_top/u_atomik/i_2563_LOPT_REMAP/O
                         net (fo=1, routed)           0.895    10.525    u_top/u_atomik/i_2563/O_n
    SLICE_X81Y92         LUT5 (Prop_lut5_I4_O)        0.105    10.630 f  u_top/u_atomik/i_2460_LOPT_REMAP/O
                         net (fo=1, routed)           0.451    11.081    u_top/u_atomik/i_2460/O_n
    SLICE_X81Y91         LUT5 (Prop_lut5_I2_O)        0.105    11.186 f  u_top/u_atomik/i_2459_LOPT_REMAP/O
                         net (fo=1, routed)           0.619    11.805    u_top/u_atomik/i_2459/O_n
    SLICE_X81Y98         LUT4 (Prop_lut4_I1_O)        0.105    11.910 r  u_top/u_atomik/i_0_LOPT_REMAP/O
                         net (fo=1, routed)           0.000    11.910    u_top/u_cdc/acc_zero
    SLICE_X81Y98         FDCE                                         r  u_top/u_cdc/core_resp_acc_zero_reg/D
  -------------------------------------------------------------------    -------------------

                         (clock atomik_clk rise edge)
                                                      6.625     6.625 r  
                         clock source latency         1.951     8.576    
                         propagated clock network latency
                                                      2.825    11.401    
                         clock pessimism              0.405    11.806    
                         clock uncertainty           -0.069    11.736    
    SLICE_X81Y98         FDCE (Setup_fdce_C_D)        0.032    11.768    u_top/u_cdc/core_resp_acc_zero_reg
  -------------------------------------------------------------------
                         required time                         11.768    
                         arrival time                         -11.910    
  -------------------------------------------------------------------
                         slack                                 -0.142    

Slack (VIOLATED) :        -0.142ns  (required time - arrival time)
  Source:                 u_top/u_atomik/banks[7].bank_acc_reg[7][37]/C
                            (rising edge-triggered cell FDRE clocked by atomik_clk  {rise@0.000ns fall@3.312ns period=6.625ns})
  Destination:            u_top/u_cdc/core_resp_acc_zero_reg/D
                            (rising edge-triggered cell FDCE clocked by atomik_clk  {rise@0.000ns fall@3.312ns period=6.625ns})
  Path Group:             atomik_clk
  Path Type:              Setup (Max at Slow Process Corner)
  Requirement:            6.625ns  (atomik_clk rise@6.625ns - atomik_clk rise@0.000ns)
  Data Path Delay:        6.425ns  (logic 1.168ns (18.178%)  route 5.257ns (81.822%))
  Logic Levels:           7  (LUT4=1 LUT5=2 LUT6=4)
  Clock Path Skew:        -0.304ns (DCD - SCD + CPR)
    Destination Clock Delay (DCD):    4.776ns = ( 11.401 - 6.625 ) 
    Source Clock Delay      (SCD):    5.485ns
    Clock Pessimism Removal (CPR):    0.405ns
  Clock Uncertainty:      0.069ns  ((TSJ^2 + DJ^2)^1/2) / 2 + PE
    Total System Jitter     (TSJ):    0.071ns
    Discrete Jitter          (DJ):    0.119ns
    Phase Error              (PE):    0.000ns

    Location             Delay type                Incr(ns)  Path(ns)    Netlist Resource(s)
  -------------------------------------------------------------------    -------------------
                         (clock atomik_clk rise edge)
                                                      0.000     0.000 r  
                         clock source latency         2.194     2.194    
                         propagated clock network latency
                                                      3.291     5.485    
    SLICE_X58Y109        FDRE                         0.000     5.485 r  u_top/u_atomik/banks[7].bank_acc_reg[7][37]/C
    SLICE_X58Y109        FDRE (Prop_fdre_C_Q)         0.433     5.918 r  u_top/u_atomik/banks[7].bank_acc_reg[7][37]/Q
                         net (fo=3, routed)           0.966     6.883    u_top/u_atomik/banks[7].bank_acc_reg[7][63]_0[37]
    SLICE_X52Y107        LUT6 (Prop_lut6_I4_O)        0.105     6.988 r  u_top/u_atomik/i_2599_LOPT_REMAP/O
                         net (fo=1, routed)           0.842     7.830    u_top/u_atomik/i_2599/O_n
    SLICE_X55Y106        LUT6 (Prop_lut6_I1_O)        0.105     7.935 f  u_top/u_atomik/i_2593_LOPT_REMAP/O
                         net (fo=1, routed)           1.118     9.053    u_top/u_atomik/i_2593/O_n
    SLICE_X59Y93         LUT6 (Prop_lut6_I4_O)        0.105     9.158 f  u_top/u_atomik/i_2571_LOPT_REMAP/O
                         net (fo=1, routed)           0.367     9.525    u_top/u_atomik/i_2571/O_n
    SLICE_X64Y93         LUT6 (Prop_lut6_I4_O)        0.105     9.630 f  u_top/u_atomik/i_2563_LOPT_REMAP/O
                         net (fo=1, routed)           0.895    10.525    u_top/u_atomik/i_2563/O_n
    SLICE_X81Y92         LUT5 (Prop_lut5_I4_O)        0.105    10.630 f  u_top/u_atomik/i_2460_LOPT_REMAP/O
                         net (fo=1, routed)           0.451    11.081    u_top/u_atomik/i_2460/O_n
    SLICE_X81Y91         LUT5 (Prop_lut5_I2_O)        0.105    11.186 f  u_top/u_atomik/i_2459_LOPT_REMAP/O
                         net (fo=1, routed)           0.619    11.805    u_top/u_atomik/i_2459/O_n
    SLICE_X81Y98         LUT4 (Prop_lut4_I1_O)        0.105    11.910 r  u_top/u_atomik/i_0_LOPT_REMAP/O
                         net (fo=1, routed)           0.000    11.910    u_top/u_cdc/acc_zero
    SLICE_X81Y98         FDCE                                         r  u_top/u_cdc/core_resp_acc_zero_reg/D
  -------------------------------------------------------------------    -------------------

                         (clock atomik_clk rise edge)
                                                      6.625     6.625 r  
                         clock source latency         1.951     8.576    
                         propagated clock network latency
                                                      2.825    11.401    
                         clock pessimism              0.405    11.806    
                         clock uncertainty           -0.069    11.736    
    SLICE_X81Y98         FDCE (Setup_fdce_C_D)        0.032    11.768    u_top/u_cdc/core_resp_acc_zero_reg
  -------------------------------------------------------------------
                         required time                         11.768    
                         arrival time                         -11.910    
  -------------------------------------------------------------------
                         slack                                 -0.142    




