Copyright 1986-2022 Xilinx, Inc. All Rights Reserved. Copyright 2022-2025 Advanced Micro Devices, Inc. All Rights Reserved.
--------------------------------------------------------------------------------------------------------------------------------------------------------
| Tool Version : Vivado v.2025.2 (lin64) Build 6299465 Fri Nov 14 12:34:56 MST 2025
| Date         : Fri Mar 13 15:50:31 2026
| Host         : Jarvis running 64-bit Ubuntu 24.04.4 LTS
| Command      : report_timing -nworst 5 -path_type full -file /home/mattrock/Projects/ATOMiK/hardware/zynq/sweep/reports/crit_path_N64_F210p5_area.rpt
| Design       : sweep_top_N64_F210p5_area
| Device       : 7z020-clg400
| Speed File   : -2  PRODUCTION 1.12 2019-11-22
| Design State : Routed
--------------------------------------------------------------------------------------------------------------------------------------------------------

Timing Report

Slack (VIOLATED) :        -0.164ns  (required time - arrival time)
  Source:                 u_top/u_atomik/banks[39].bank_acc_reg[39][61]/C
                            (rising edge-triggered cell FDRE clocked by atomik_clk  {rise@0.000ns fall@2.375ns period=4.750ns})
  Destination:            u_top/u_cdc/core_resp_acc_zero_reg/D
                            (rising edge-triggered cell FDCE clocked by atomik_clk  {rise@0.000ns fall@2.375ns period=4.750ns})
  Path Group:             atomik_clk
  Path Type:              Setup (Max at Slow Process Corner)
  Requirement:            4.750ns  (atomik_clk rise@4.750ns - atomik_clk rise@0.000ns)
  Data Path Delay:        4.808ns  (logic 1.260ns (26.204%)  route 3.548ns (73.796%))
  Logic Levels:           7  (LUT4=2 LUT5=2 LUT6=3)
  Clock Path Skew:        -0.071ns (DCD - SCD + CPR)
    Destination Clock Delay (DCD):    4.971ns = ( 9.721 - 4.750 ) 
    Source Clock Delay      (SCD):    5.546ns
    Clock Pessimism Removal (CPR):    0.504ns
  Clock Uncertainty:      0.066ns  ((TSJ^2 + DJ^2)^1/2) / 2 + PE
    Total System Jitter     (TSJ):    0.071ns
    Discrete Jitter          (DJ):    0.112ns
    Phase Error              (PE):    0.000ns

    Location             Delay type                Incr(ns)  Path(ns)    Netlist Resource(s)
  -------------------------------------------------------------------    -------------------
                         (clock atomik_clk rise edge)
                                                      0.000     0.000 r  
                         clock source latency         2.194     2.194    
                         propagated clock network latency
                                                      3.352     5.546    
    SLICE_X92Y136        FDRE                         0.000     5.546 r  u_top/u_atomik/banks[39].bank_acc_reg[39][61]/C
    SLICE_X92Y136        FDRE (Prop_fdre_C_Q)         0.398     5.944 r  u_top/u_atomik/banks[39].bank_acc_reg[39][61]/Q
                         net (fo=2, routed)           0.816     6.759    u_top/u_atomik/banks[39].bank_acc_reg[39][63]_0[61]
    SLICE_X93Y135        LUT6 (Prop_lut6_I1_O)        0.232     6.991 r  u_top/u_atomik/atomik_core_zyn_LUT6_119/O
                         net (fo=1, routed)           0.227     7.218    u_top/u_atomik/atomik_core_zyn_net_305
    SLICE_X93Y136        LUT5 (Prop_lut5_I4_O)        0.105     7.323 r  u_top/u_atomik/atomik_core_zyn_LUT5_115/O
                         net (fo=1, routed)           0.444     7.766    u_top/u_atomik/atomik_core_zyn_net_310
    SLICE_X93Y132        LUT6 (Prop_lut6_I2_O)        0.105     7.871 r  u_top/u_atomik/atomik_core_zyn_LUT6_120/O
                         net (fo=1, routed)           0.527     8.399    u_top/u_atomik/atomik_core_zyn_net_315
    SLICE_X93Y124        LUT6 (Prop_lut6_I2_O)        0.105     8.504 f  u_top/u_atomik/atomik_core_zyn_LUT6_121/O
                         net (fo=2, routed)           0.564     9.068    u_top/u_atomik/p_64_in[61]
    SLICE_X90Y123        LUT4 (Prop_lut4_I0_O)        0.105     9.173 f  u_top/u_atomik/core_resp_acc_zero_i_16/O
                         net (fo=1, routed)           0.654     9.826    u_top/u_atomik/core_resp_acc_zero_i_16_n_0
    SLICE_X90Y122        LUT4 (Prop_lut4_I2_O)        0.105     9.931 r  u_top/u_atomik/atomik_core_zyn_LUT4_154/O
                         net (fo=1, routed)           0.318    10.249    u_top/u_atomik/atomik_core_zyn_net_1020
    SLICE_X91Y122        LUT5 (Prop_lut5_I3_O)        0.105    10.354 r  u_top/u_atomik/atomik_core_zyn_LUT5_335/O
                         net (fo=1, routed)           0.000    10.354    u_top/u_cdc/acc_zero
    SLICE_X91Y122        FDCE                                         r  u_top/u_cdc/core_resp_acc_zero_reg/D
  -------------------------------------------------------------------    -------------------

                         (clock atomik_clk rise edge)
                                                      4.750     4.750 r  
                         clock source latency         1.951     6.701    
                         propagated clock network latency
                                                      3.019     9.721    
                         clock pessimism              0.504    10.225    
                         clock uncertainty           -0.066    10.158    
    SLICE_X91Y122        FDCE (Setup_fdce_C_D)        0.032    10.190    u_top/u_cdc/core_resp_acc_zero_reg
  -------------------------------------------------------------------
                         required time                         10.190    
                         arrival time                         -10.354    
  -------------------------------------------------------------------
                         slack                                 -0.164    

Slack (VIOLATED) :        -0.164ns  (required time - arrival time)
  Source:                 u_top/u_atomik/banks[39].bank_acc_reg[39][61]/C
                            (rising edge-triggered cell FDRE clocked by atomik_clk  {rise@0.000ns fall@2.375ns period=4.750ns})
  Destination:            u_top/u_cdc/core_resp_acc_zero_reg/D
                            (rising edge-triggered cell FDCE clocked by atomik_clk  {rise@0.000ns fall@2.375ns period=4.750ns})
  Path Group:             atomik_clk
  Path Type:              Setup (Max at Slow Process Corner)
  Requirement:            4.750ns  (atomik_clk rise@4.750ns - atomik_clk rise@0.000ns)
  Data Path Delay:        4.808ns  (logic 1.260ns (26.204%)  route 3.548ns (73.796%))
  Logic Levels:           7  (LUT4=2 LUT5=2 LUT6=3)
  Clock Path Skew:        -0.071ns (DCD - SCD + CPR)
    Destination Clock Delay (DCD):    4.971ns = ( 9.721 - 4.750 ) 
    Source Clock Delay      (SCD):    5.546ns
    Clock Pessimism Removal (CPR):    0.504ns
  Clock Uncertainty:      0.066ns  ((TSJ^2 + DJ^2)^1/2) / 2 + PE
    Total System Jitter     (TSJ):    0.071ns
    Discrete Jitter          (DJ):    0.112ns
    Phase Error              (PE):    0.000ns

    Location             Delay type                Incr(ns)  Path(ns)    Netlist Resource(s)
  -------------------------------------------------------------------    -------------------
                         (clock atomik_clk rise edge)
                                                      0.000     0.000 r  
                         clock source latency         2.194     2.194    
                         propagated clock network latency
                                                      3.352     5.546    
    SLICE_X92Y136        FDRE                         0.000     5.546 r  u_top/u_atomik/banks[39].bank_acc_reg[39][61]/C
    SLICE_X92Y136        FDRE (Prop_fdre_C_Q)         0.398     5.944 f  u_top/u_atomik/banks[39].bank_acc_reg[39][61]/Q
                         net (fo=2, routed)           0.816     6.759    u_top/u_atomik/banks[39].bank_acc_reg[39][63]_0[61]
    SLICE_X93Y135        LUT6 (Prop_lut6_I1_O)        0.232     6.991 r  u_top/u_atomik/atomik_core_zyn_LUT6_119/O
                         net (fo=1, routed)           0.227     7.218    u_top/u_atomik/atomik_core_zyn_net_305
    SLICE_X93Y136        LUT5 (Prop_lut5_I4_O)        0.105     7.323 r  u_top/u_atomik/atomik_core_zyn_LUT5_115/O
                         net (fo=1, routed)           0.444     7.766    u_top/u_atomik/atomik_core_zyn_net_310
    SLICE_X93Y132        LUT6 (Prop_lut6_I2_O)        0.105     7.871 r  u_top/u_atomik/atomik_core_zyn_LUT6_120/O
                         net (fo=1, routed)           0.527     8.399    u_top/u_atomik/atomik_core_zyn_net_315
    SLICE_X93Y124        LUT6 (Prop_lut6_I2_O)        0.105     8.504 f  u_top/u_atomik/atomik_core_zyn_LUT6_121/O
                         net (fo=2, routed)           0.564     9.068    u_top/u_atomik/p_64_in[61]
    SLICE_X90Y123        LUT4 (Prop_lut4_I0_O)        0.105     9.173 f  u_top/u_atomik/core_resp_acc_zero_i_16/O
                         net (fo=1, routed)           0.654     9.826    u_top/u_atomik/core_resp_acc_zero_i_16_n_0
    SLICE_X90Y122        LUT4 (Prop_lut4_I2_O)        0.105     9.931 r  u_top/u_atomik/atomik_core_zyn_LUT4_154/O
                         net (fo=1, routed)           0.318    10.249    u_top/u_atomik/atomik_core_zyn_net_1020
    SLICE_X91Y122        LUT5 (Prop_lut5_I3_O)        0.105    10.354 r  u_top/u_atomik/atomik_core_zyn_LUT5_335/O
                         net (fo=1, routed)           0.000    10.354    u_top/u_cdc/acc_zero
    SLICE_X91Y122        FDCE                                         r  u_top/u_cdc/core_resp_acc_zero_reg/D
  -------------------------------------------------------------------    -------------------

                         (clock atomik_clk rise edge)
                                                      4.750     4.750 r  
                         clock source latency         1.951     6.701    
                         propagated clock network latency
                                                      3.019     9.721    
                         clock pessimism              0.504    10.225    
                         clock uncertainty           -0.066    10.158    
    SLICE_X91Y122        FDCE (Setup_fdce_C_D)        0.032    10.190    u_top/u_cdc/core_resp_acc_zero_reg
  -------------------------------------------------------------------
                         required time                         10.190    
                         arrival time                         -10.354    
  -------------------------------------------------------------------
                         slack                                 -0.164    

Slack (VIOLATED) :        -0.164ns  (required time - arrival time)
  Source:                 u_top/u_atomik/banks[39].bank_acc_reg[39][61]/C
                            (rising edge-triggered cell FDRE clocked by atomik_clk  {rise@0.000ns fall@2.375ns period=4.750ns})
  Destination:            u_top/u_cdc/core_resp_acc_zero_reg/D
                            (rising edge-triggered cell FDCE clocked by atomik_clk  {rise@0.000ns fall@2.375ns period=4.750ns})
  Path Group:             atomik_clk
  Path Type:              Setup (Max at Slow Process Corner)
  Requirement:            4.750ns  (atomik_clk rise@4.750ns - atomik_clk rise@0.000ns)
  Data Path Delay:        4.808ns  (logic 1.260ns (26.204%)  route 3.548ns (73.796%))
  Logic Levels:           7  (LUT4=2 LUT5=2 LUT6=3)
  Clock Path Skew:        -0.071ns (DCD - SCD + CPR)
    Destination Clock Delay (DCD):    4.971ns = ( 9.721 - 4.750 ) 
    Source Clock Delay      (SCD):    5.546ns
    Clock Pessimism Removal (CPR):    0.504ns
  Clock Uncertainty:      0.066ns  ((TSJ^2 + DJ^2)^1/2) / 2 + PE
    Total System Jitter     (TSJ):    0.071ns
    Discrete Jitter          (DJ):    0.112ns
    Phase Error              (PE):    0.000ns

    Location             Delay type                Incr(ns)  Path(ns)    Netlist Resource(s)
  -------------------------------------------------------------------    -------------------
                         (clock atomik_clk rise edge)
                                                      0.000     0.000 r  
                         clock source latency         2.194     2.194    
                         propagated clock network latency
                                                      3.352     5.546    
    SLICE_X92Y136        FDRE                         0.000     5.546 r  u_top/u_atomik/banks[39].bank_acc_reg[39][61]/C
    SLICE_X92Y136        FDRE (Prop_fdre_C_Q)         0.398     5.944 r  u_top/u_atomik/banks[39].bank_acc_reg[39][61]/Q
                         net (fo=2, routed)           0.816     6.759    u_top/u_atomik/banks[39].bank_acc_reg[39][63]_0[61]
    SLICE_X93Y135        LUT6 (Prop_lut6_I1_O)        0.232     6.991 r  u_top/u_atomik/atomik_core_zyn_LUT6_119/O
                         net (fo=1, routed)           0.227     7.218    u_top/u_atomik/atomik_core_zyn_net_305
    SLICE_X93Y136        LUT5 (Prop_lut5_I4_O)        0.105     7.323 f  u_top/u_atomik/atomik_core_zyn_LUT5_115/O
                         net (fo=1, routed)           0.444     7.766    u_top/u_atomik/atomik_core_zyn_net_310
    SLICE_X93Y132        LUT6 (Prop_lut6_I2_O)        0.105     7.871 r  u_top/u_atomik/atomik_core_zyn_LUT6_120/O
                         net (fo=1, routed)           0.527     8.399    u_top/u_atomik/atomik_core_zyn_net_315
    SLICE_X93Y124        LUT6 (Prop_lut6_I2_O)        0.105     8.504 f  u_top/u_atomik/atomik_core_zyn_LUT6_121/O
                         net (fo=2, routed)           0.564     9.068    u_top/u_atomik/p_64_in[61]
    SLICE_X90Y123        LUT4 (Prop_lut4_I0_O)        0.105     9.173 f  u_top/u_atomik/core_resp_acc_zero_i_16/O
                         net (fo=1, routed)           0.654     9.826    u_top/u_atomik/core_resp_acc_zero_i_16_n_0
    SLICE_X90Y122        LUT4 (Prop_lut4_I2_O)        0.105     9.931 r  u_top/u_atomik/atomik_core_zyn_LUT4_154/O
                         net (fo=1, routed)           0.318    10.249    u_top/u_atomik/atomik_core_zyn_net_1020
    SLICE_X91Y122        LUT5 (Prop_lut5_I3_O)        0.105    10.354 r  u_top/u_atomik/atomik_core_zyn_LUT5_335/O
                         net (fo=1, routed)           0.000    10.354    u_top/u_cdc/acc_zero
    SLICE_X91Y122        FDCE                                         r  u_top/u_cdc/core_resp_acc_zero_reg/D
  -------------------------------------------------------------------    -------------------

                         (clock atomik_clk rise edge)
                                                      4.750     4.750 r  
                         clock source latency         1.951     6.701    
                         propagated clock network latency
                                                      3.019     9.721    
                         clock pessimism              0.504    10.225    
                         clock uncertainty           -0.066    10.158    
    SLICE_X91Y122        FDCE (Setup_fdce_C_D)        0.032    10.190    u_top/u_cdc/core_resp_acc_zero_reg
  -------------------------------------------------------------------
                         required time                         10.190    
                         arrival time                         -10.354    
  -------------------------------------------------------------------
                         slack                                 -0.164    

Slack (VIOLATED) :        -0.164ns  (required time - arrival time)
  Source:                 u_top/u_atomik/banks[39].bank_acc_reg[39][61]/C
                            (rising edge-triggered cell FDRE clocked by atomik_clk  {rise@0.000ns fall@2.375ns period=4.750ns})
  Destination:            u_top/u_cdc/core_resp_acc_zero_reg/D
                            (rising edge-triggered cell FDCE clocked by atomik_clk  {rise@0.000ns fall@2.375ns period=4.750ns})
  Path Group:             atomik_clk
  Path Type:              Setup (Max at Slow Process Corner)
  Requirement:            4.750ns  (atomik_clk rise@4.750ns - atomik_clk rise@0.000ns)
  Data Path Delay:        4.808ns  (logic 1.260ns (26.204%)  route 3.548ns (73.796%))
  Logic Levels:           7  (LUT4=2 LUT5=2 LUT6=3)
  Clock Path Skew:        -0.071ns (DCD - SCD + CPR)
    Destination Clock Delay (DCD):    4.971ns = ( 9.721 - 4.750 ) 
    Source Clock Delay      (SCD):    5.546ns
    Clock Pessimism Removal (CPR):    0.504ns
  Clock Uncertainty:      0.066ns  ((TSJ^2 + DJ^2)^1/2) / 2 + PE
    Total System Jitter     (TSJ):    0.071ns
    Discrete Jitter          (DJ):    0.112ns
    Phase Error              (PE):    0.000ns

    Location             Delay type                Incr(ns)  Path(ns)    Netlist Resource(s)
  -------------------------------------------------------------------    -------------------
                         (clock atomik_clk rise edge)
                                                      0.000     0.000 r  
                         clock source latency         2.194     2.194    
                         propagated clock network latency
                                                      3.352     5.546    
    SLICE_X92Y136        FDRE                         0.000     5.546 r  u_top/u_atomik/banks[39].bank_acc_reg[39][61]/C
    SLICE_X92Y136        FDRE (Prop_fdre_C_Q)         0.398     5.944 f  u_top/u_atomik/banks[39].bank_acc_reg[39][61]/Q
                         net (fo=2, routed)           0.816     6.759    u_top/u_atomik/banks[39].bank_acc_reg[39][63]_0[61]
    SLICE_X93Y135        LUT6 (Prop_lut6_I1_O)        0.232     6.991 r  u_top/u_atomik/atomik_core_zyn_LUT6_119/O
                         net (fo=1, routed)           0.227     7.218    u_top/u_atomik/atomik_core_zyn_net_305
    SLICE_X93Y136        LUT5 (Prop_lut5_I4_O)        0.105     7.323 f  u_top/u_atomik/atomik_core_zyn_LUT5_115/O
                         net (fo=1, routed)           0.444     7.766    u_top/u_atomik/atomik_core_zyn_net_310
    SLICE_X93Y132        LUT6 (Prop_lut6_I2_O)        0.105     7.871 r  u_top/u_atomik/atomik_core_zyn_LUT6_120/O
                         net (fo=1, routed)           0.527     8.399    u_top/u_atomik/atomik_core_zyn_net_315
    SLICE_X93Y124        LUT6 (Prop_lut6_I2_O)        0.105     8.504 f  u_top/u_atomik/atomik_core_zyn_LUT6_121/O
                         net (fo=2, routed)           0.564     9.068    u_top/u_atomik/p_64_in[61]
    SLICE_X90Y123        LUT4 (Prop_lut4_I0_O)        0.105     9.173 f  u_top/u_atomik/core_resp_acc_zero_i_16/O
                         net (fo=1, routed)           0.654     9.826    u_top/u_atomik/core_resp_acc_zero_i_16_n_0
    SLICE_X90Y122        LUT4 (Prop_lut4_I2_O)        0.105     9.931 r  u_top/u_atomik/atomik_core_zyn_LUT4_154/O
                         net (fo=1, routed)           0.318    10.249    u_top/u_atomik/atomik_core_zyn_net_1020
    SLICE_X91Y122        LUT5 (Prop_lut5_I3_O)        0.105    10.354 r  u_top/u_atomik/atomik_core_zyn_LUT5_335/O
                         net (fo=1, routed)           0.000    10.354    u_top/u_cdc/acc_zero
    SLICE_X91Y122        FDCE                                         r  u_top/u_cdc/core_resp_acc_zero_reg/D
  -------------------------------------------------------------------    -------------------

                         (clock atomik_clk rise edge)
                                                      4.750     4.750 r  
                         clock source latency         1.951     6.701    
                         propagated clock network latency
                                                      3.019     9.721    
                         clock pessimism              0.504    10.225    
                         clock uncertainty           -0.066    10.158    
    SLICE_X91Y122        FDCE (Setup_fdce_C_D)        0.032    10.190    u_top/u_cdc/core_resp_acc_zero_reg
  -------------------------------------------------------------------
                         required time                         10.190    
                         arrival time                         -10.354    
  -------------------------------------------------------------------
                         slack                                 -0.164    

Slack (VIOLATED) :        -0.164ns  (required time - arrival time)
  Source:                 u_top/u_atomik/banks[39].bank_acc_reg[39][61]/C
                            (rising edge-triggered cell FDRE clocked by atomik_clk  {rise@0.000ns fall@2.375ns period=4.750ns})
  Destination:            u_top/u_cdc/core_resp_acc_zero_reg/D
                            (rising edge-triggered cell FDCE clocked by atomik_clk  {rise@0.000ns fall@2.375ns period=4.750ns})
  Path Group:             atomik_clk
  Path Type:              Setup (Max at Slow Process Corner)
  Requirement:            4.750ns  (atomik_clk rise@4.750ns - atomik_clk rise@0.000ns)
  Data Path Delay:        4.808ns  (logic 1.260ns (26.204%)  route 3.548ns (73.796%))
  Logic Levels:           7  (LUT4=2 LUT5=2 LUT6=3)
  Clock Path Skew:        -0.071ns (DCD - SCD + CPR)
    Destination Clock Delay (DCD):    4.971ns = ( 9.721 - 4.750 ) 
    Source Clock Delay      (SCD):    5.546ns
    Clock Pessimism Removal (CPR):    0.504ns
  Clock Uncertainty:      0.066ns  ((TSJ^2 + DJ^2)^1/2) / 2 + PE
    Total System Jitter     (TSJ):    0.071ns
    Discrete Jitter          (DJ):    0.112ns
    Phase Error              (PE):    0.000ns

    Location             Delay type                Incr(ns)  Path(ns)    Netlist Resource(s)
  -------------------------------------------------------------------    -------------------
                         (clock atomik_clk rise edge)
                                                      0.000     0.000 r  
                         clock source latency         2.194     2.194    
                         propagated clock network latency
                                                      3.352     5.546    
    SLICE_X92Y136        FDRE                         0.000     5.546 r  u_top/u_atomik/banks[39].bank_acc_reg[39][61]/C
    SLICE_X92Y136        FDRE (Prop_fdre_C_Q)         0.398     5.944 r  u_top/u_atomik/banks[39].bank_acc_reg[39][61]/Q
                         net (fo=2, routed)           0.816     6.759    u_top/u_atomik/banks[39].bank_acc_reg[39][63]_0[61]
    SLICE_X93Y135        LUT6 (Prop_lut6_I1_O)        0.232     6.991 r  u_top/u_atomik/atomik_core_zyn_LUT6_119/O
                         net (fo=1, routed)           0.227     7.218    u_top/u_atomik/atomik_core_zyn_net_305
    SLICE_X93Y136        LUT5 (Prop_lut5_I4_O)        0.105     7.323 r  u_top/u_atomik/atomik_core_zyn_LUT5_115/O
                         net (fo=1, routed)           0.444     7.766    u_top/u_atomik/atomik_core_zyn_net_310
    SLICE_X93Y132        LUT6 (Prop_lut6_I2_O)        0.105     7.871 f  u_top/u_atomik/atomik_core_zyn_LUT6_120/O
                         net (fo=1, routed)           0.527     8.399    u_top/u_atomik/atomik_core_zyn_net_315
    SLICE_X93Y124        LUT6 (Prop_lut6_I2_O)        0.105     8.504 f  u_top/u_atomik/atomik_core_zyn_LUT6_121/O
                         net (fo=2, routed)           0.564     9.068    u_top/u_atomik/p_64_in[61]
    SLICE_X90Y123        LUT4 (Prop_lut4_I0_O)        0.105     9.173 f  u_top/u_atomik/core_resp_acc_zero_i_16/O
                         net (fo=1, routed)           0.654     9.826    u_top/u_atomik/core_resp_acc_zero_i_16_n_0
    SLICE_X90Y122        LUT4 (Prop_lut4_I2_O)        0.105     9.931 r  u_top/u_atomik/atomik_core_zyn_LUT4_154/O
                         net (fo=1, routed)           0.318    10.249    u_top/u_atomik/atomik_core_zyn_net_1020
    SLICE_X91Y122        LUT5 (Prop_lut5_I3_O)        0.105    10.354 r  u_top/u_atomik/atomik_core_zyn_LUT5_335/O
                         net (fo=1, routed)           0.000    10.354    u_top/u_cdc/acc_zero
    SLICE_X91Y122        FDCE                                         r  u_top/u_cdc/core_resp_acc_zero_reg/D
  -------------------------------------------------------------------    -------------------

                         (clock atomik_clk rise edge)
                                                      4.750     4.750 r  
                         clock source latency         1.951     6.701    
                         propagated clock network latency
                                                      3.019     9.721    
                         clock pessimism              0.504    10.225    
                         clock uncertainty           -0.066    10.158    
    SLICE_X91Y122        FDCE (Setup_fdce_C_D)        0.032    10.190    u_top/u_cdc/core_resp_acc_zero_reg
  -------------------------------------------------------------------
                         required time                         10.190    
                         arrival time                         -10.354    
  -------------------------------------------------------------------
                         slack                                 -0.164    




