Copyright 1986-2022 Xilinx, Inc. All Rights Reserved. Copyright 2022-2025 Advanced Micro Devices, Inc. All Rights Reserved.
-------------------------------------------------------------------------------------------------------------------------------------------------------
| Tool Version : Vivado v.2025.2 (lin64) Build 6299465 Fri Nov 14 12:34:56 MST 2025
| Date         : Fri Mar 13 13:15:03 2026
| Host         : Jarvis running 64-bit Ubuntu 24.04.4 LTS
| Command      : report_timing -nworst 5 -path_type full -file /home/mattrock/Projects/ATOMiK/hardware/zynq/sweep/reports/crit_path_N4_F347p8_area.rpt
| Design       : sweep_top_N4_F347p8_area
| Device       : 7z020-clg400
| Speed File   : -2  PRODUCTION 1.12 2019-11-22
| Design State : Routed
-------------------------------------------------------------------------------------------------------------------------------------------------------

Timing Report

Slack (VIOLATED) :        -0.206ns  (required time - arrival time)
  Source:                 u_top/u_atomik/banks[3].bank_acc_reg[3][45]/C
                            (rising edge-triggered cell FDRE clocked by atomik_clk  {rise@0.000ns fall@1.437ns period=2.875ns})
  Destination:            u_top/u_cdc/core_resp_acc_zero_reg/D
                            (rising edge-triggered cell FDCE clocked by atomik_clk  {rise@0.000ns fall@1.437ns period=2.875ns})
  Path Group:             atomik_clk
  Path Type:              Setup (Max at Slow Process Corner)
  Requirement:            2.875ns  (atomik_clk rise@2.875ns - atomik_clk rise@0.000ns)
  Data Path Delay:        2.734ns  (logic 0.799ns (29.221%)  route 1.935ns (70.779%))
  Logic Levels:           4  (LUT4=2 LUT6=2)
  Clock Path Skew:        -0.317ns (DCD - SCD + CPR)
    Destination Clock Delay (DCD):    4.789ns = ( 7.664 - 2.875 ) 
    Source Clock Delay      (SCD):    5.508ns
    Clock Pessimism Removal (CPR):    0.403ns
  Clock Uncertainty:      0.062ns  ((TSJ^2 + DJ^2)^1/2) / 2 + PE
    Total System Jitter     (TSJ):    0.071ns
    Discrete Jitter          (DJ):    0.102ns
    Phase Error              (PE):    0.000ns

    Location             Delay type                Incr(ns)  Path(ns)    Netlist Resource(s)
  -------------------------------------------------------------------    -------------------
                         (clock atomik_clk rise edge)
                                                      0.000     0.000 r  
                         clock source latency         2.177     2.177    
                         propagated clock network latency
                                                      3.331     5.508    
    SLICE_X105Y103       FDRE                         0.000     5.508 r  u_top/u_atomik/banks[3].bank_acc_reg[3][45]/C
    SLICE_X105Y103       FDRE (Prop_fdre_C_Q)         0.379     5.887 r  u_top/u_atomik/banks[3].bank_acc_reg[3][45]/Q
                         net (fo=2, routed)           0.734     6.621    u_top/u_atomik/banks[3].bank_acc_reg[3][63]_0[45]
    SLICE_X99Y102        LUT4 (Prop_lut4_I1_O)        0.105     6.726 f  u_top/u_atomik/core_resp_state[45]_i_2/O
                         net (fo=2, routed)           0.517     7.244    u_top/u_atomik/p_4_in[45]
    SLICE_X99Y101        LUT6 (Prop_lut6_I4_O)        0.105     7.349 r  u_top/u_atomik/core_resp_acc_zero_i_11/O
                         net (fo=1, routed)           0.462     7.811    u_top/u_atomik/core_resp_acc_zero_i_11_n_0
    SLICE_X99Y99         LUT4 (Prop_lut4_I3_O)        0.105     7.916 r  u_top/u_atomik/core_resp_acc_zero_i_5_comp/O
                         net (fo=1, routed)           0.222     8.138    u_top/u_atomik/core_resp_acc_zero_i_5_n_0
    SLICE_X99Y98         LUT6 (Prop_lut6_I4_O)        0.105     8.243 r  u_top/u_atomik/core_resp_acc_zero_i_1_comp/O
                         net (fo=1, routed)           0.000     8.243    u_top/u_cdc/acc_zero
    SLICE_X99Y98         FDCE                                         r  u_top/u_cdc/core_resp_acc_zero_reg/D
  -------------------------------------------------------------------    -------------------

                         (clock atomik_clk rise edge)
                                                      2.875     2.875 r  
                         clock source latency         1.935     4.810    
                         propagated clock network latency
                                                      2.854     7.664    
                         clock pessimism              0.403     8.067    
                         clock uncertainty           -0.062     8.005    
    SLICE_X99Y98         FDCE (Setup_fdce_C_D)        0.032     8.037    u_top/u_cdc/core_resp_acc_zero_reg
  -------------------------------------------------------------------
                         required time                          8.037    
                         arrival time                          -8.243    
  -------------------------------------------------------------------
                         slack                                 -0.206    

Slack (VIOLATED) :        -0.206ns  (required time - arrival time)
  Source:                 u_top/u_atomik/banks[3].bank_acc_reg[3][45]/C
                            (rising edge-triggered cell FDRE clocked by atomik_clk  {rise@0.000ns fall@1.437ns period=2.875ns})
  Destination:            u_top/u_cdc/core_resp_acc_zero_reg/D
                            (rising edge-triggered cell FDCE clocked by atomik_clk  {rise@0.000ns fall@1.437ns period=2.875ns})
  Path Group:             atomik_clk
  Path Type:              Setup (Max at Slow Process Corner)
  Requirement:            2.875ns  (atomik_clk rise@2.875ns - atomik_clk rise@0.000ns)
  Data Path Delay:        2.734ns  (logic 0.799ns (29.221%)  route 1.935ns (70.779%))
  Logic Levels:           4  (LUT4=2 LUT6=2)
  Clock Path Skew:        -0.317ns (DCD - SCD + CPR)
    Destination Clock Delay (DCD):    4.789ns = ( 7.664 - 2.875 ) 
    Source Clock Delay      (SCD):    5.508ns
    Clock Pessimism Removal (CPR):    0.403ns
  Clock Uncertainty:      0.062ns  ((TSJ^2 + DJ^2)^1/2) / 2 + PE
    Total System Jitter     (TSJ):    0.071ns
    Discrete Jitter          (DJ):    0.102ns
    Phase Error              (PE):    0.000ns

    Location             Delay type                Incr(ns)  Path(ns)    Netlist Resource(s)
  -------------------------------------------------------------------    -------------------
                         (clock atomik_clk rise edge)
                                                      0.000     0.000 r  
                         clock source latency         2.177     2.177    
                         propagated clock network latency
                                                      3.331     5.508    
    SLICE_X105Y103       FDRE                         0.000     5.508 r  u_top/u_atomik/banks[3].bank_acc_reg[3][45]/C
    SLICE_X105Y103       FDRE (Prop_fdre_C_Q)         0.379     5.887 f  u_top/u_atomik/banks[3].bank_acc_reg[3][45]/Q
                         net (fo=2, routed)           0.734     6.621    u_top/u_atomik/banks[3].bank_acc_reg[3][63]_0[45]
    SLICE_X99Y102        LUT4 (Prop_lut4_I1_O)        0.105     6.726 f  u_top/u_atomik/core_resp_state[45]_i_2/O
                         net (fo=2, routed)           0.517     7.244    u_top/u_atomik/p_4_in[45]
    SLICE_X99Y101        LUT6 (Prop_lut6_I4_O)        0.105     7.349 r  u_top/u_atomik/core_resp_acc_zero_i_11/O
                         net (fo=1, routed)           0.462     7.811    u_top/u_atomik/core_resp_acc_zero_i_11_n_0
    SLICE_X99Y99         LUT4 (Prop_lut4_I3_O)        0.105     7.916 r  u_top/u_atomik/core_resp_acc_zero_i_5_comp/O
                         net (fo=1, routed)           0.222     8.138    u_top/u_atomik/core_resp_acc_zero_i_5_n_0
    SLICE_X99Y98         LUT6 (Prop_lut6_I4_O)        0.105     8.243 r  u_top/u_atomik/core_resp_acc_zero_i_1_comp/O
                         net (fo=1, routed)           0.000     8.243    u_top/u_cdc/acc_zero
    SLICE_X99Y98         FDCE                                         r  u_top/u_cdc/core_resp_acc_zero_reg/D
  -------------------------------------------------------------------    -------------------

                         (clock atomik_clk rise edge)
                                                      2.875     2.875 r  
                         clock source latency         1.935     4.810    
                         propagated clock network latency
                                                      2.854     7.664    
                         clock pessimism              0.403     8.067    
                         clock uncertainty           -0.062     8.005    
    SLICE_X99Y98         FDCE (Setup_fdce_C_D)        0.032     8.037    u_top/u_cdc/core_resp_acc_zero_reg
  -------------------------------------------------------------------
                         required time                          8.037    
                         arrival time                          -8.243    
  -------------------------------------------------------------------
                         slack                                 -0.206    

Slack (VIOLATED) :        -0.206ns  (required time - arrival time)
  Source:                 u_top/u_atomik/banks[3].bank_acc_reg[3][45]/C
                            (rising edge-triggered cell FDRE clocked by atomik_clk  {rise@0.000ns fall@1.437ns period=2.875ns})
  Destination:            u_top/u_cdc/core_resp_acc_zero_reg/D
                            (rising edge-triggered cell FDCE clocked by atomik_clk  {rise@0.000ns fall@1.437ns period=2.875ns})
  Path Group:             atomik_clk
  Path Type:              Setup (Max at Slow Process Corner)
  Requirement:            2.875ns  (atomik_clk rise@2.875ns - atomik_clk rise@0.000ns)
  Data Path Delay:        2.734ns  (logic 0.799ns (29.221%)  route 1.935ns (70.779%))
  Logic Levels:           4  (LUT4=2 LUT6=2)
  Clock Path Skew:        -0.317ns (DCD - SCD + CPR)
    Destination Clock Delay (DCD):    4.789ns = ( 7.664 - 2.875 ) 
    Source Clock Delay      (SCD):    5.508ns
    Clock Pessimism Removal (CPR):    0.403ns
  Clock Uncertainty:      0.062ns  ((TSJ^2 + DJ^2)^1/2) / 2 + PE
    Total System Jitter     (TSJ):    0.071ns
    Discrete Jitter          (DJ):    0.102ns
    Phase Error              (PE):    0.000ns

    Location             Delay type                Incr(ns)  Path(ns)    Netlist Resource(s)
  -------------------------------------------------------------------    -------------------
                         (clock atomik_clk rise edge)
                                                      0.000     0.000 r  
                         clock source latency         2.177     2.177    
                         propagated clock network latency
                                                      3.331     5.508    
    SLICE_X105Y103       FDRE                         0.000     5.508 r  u_top/u_atomik/banks[3].bank_acc_reg[3][45]/C
    SLICE_X105Y103       FDRE (Prop_fdre_C_Q)         0.379     5.887 r  u_top/u_atomik/banks[3].bank_acc_reg[3][45]/Q
                         net (fo=2, routed)           0.734     6.621    u_top/u_atomik/banks[3].bank_acc_reg[3][63]_0[45]
    SLICE_X99Y102        LUT4 (Prop_lut4_I1_O)        0.105     6.726 r  u_top/u_atomik/core_resp_state[45]_i_2/O
                         net (fo=2, routed)           0.517     7.244    u_top/u_atomik/p_4_in[45]
    SLICE_X99Y101        LUT6 (Prop_lut6_I4_O)        0.105     7.349 f  u_top/u_atomik/core_resp_acc_zero_i_11/O
                         net (fo=1, routed)           0.462     7.811    u_top/u_atomik/core_resp_acc_zero_i_11_n_0
    SLICE_X99Y99         LUT4 (Prop_lut4_I3_O)        0.105     7.916 f  u_top/u_atomik/core_resp_acc_zero_i_5_comp/O
                         net (fo=1, routed)           0.222     8.138    u_top/u_atomik/core_resp_acc_zero_i_5_n_0
    SLICE_X99Y98         LUT6 (Prop_lut6_I4_O)        0.105     8.243 f  u_top/u_atomik/core_resp_acc_zero_i_1_comp/O
                         net (fo=1, routed)           0.000     8.243    u_top/u_cdc/acc_zero
    SLICE_X99Y98         FDCE                                         f  u_top/u_cdc/core_resp_acc_zero_reg/D
  -------------------------------------------------------------------    -------------------

                         (clock atomik_clk rise edge)
                                                      2.875     2.875 r  
                         clock source latency         1.935     4.810    
                         propagated clock network latency
                                                      2.854     7.664    
                         clock pessimism              0.403     8.067    
                         clock uncertainty           -0.062     8.005    
    SLICE_X99Y98         FDCE (Setup_fdce_C_D)        0.032     8.037    u_top/u_cdc/core_resp_acc_zero_reg
  -------------------------------------------------------------------
                         required time                          8.037    
                         arrival time                          -8.243    
  -------------------------------------------------------------------
                         slack                                 -0.206    

Slack (VIOLATED) :        -0.206ns  (required time - arrival time)
  Source:                 u_top/u_atomik/banks[3].bank_acc_reg[3][45]/C
                            (rising edge-triggered cell FDRE clocked by atomik_clk  {rise@0.000ns fall@1.437ns period=2.875ns})
  Destination:            u_top/u_cdc/core_resp_acc_zero_reg/D
                            (rising edge-triggered cell FDCE clocked by atomik_clk  {rise@0.000ns fall@1.437ns period=2.875ns})
  Path Group:             atomik_clk
  Path Type:              Setup (Max at Slow Process Corner)
  Requirement:            2.875ns  (atomik_clk rise@2.875ns - atomik_clk rise@0.000ns)
  Data Path Delay:        2.734ns  (logic 0.799ns (29.221%)  route 1.935ns (70.779%))
  Logic Levels:           4  (LUT4=2 LUT6=2)
  Clock Path Skew:        -0.317ns (DCD - SCD + CPR)
    Destination Clock Delay (DCD):    4.789ns = ( 7.664 - 2.875 ) 
    Source Clock Delay      (SCD):    5.508ns
    Clock Pessimism Removal (CPR):    0.403ns
  Clock Uncertainty:      0.062ns  ((TSJ^2 + DJ^2)^1/2) / 2 + PE
    Total System Jitter     (TSJ):    0.071ns
    Discrete Jitter          (DJ):    0.102ns
    Phase Error              (PE):    0.000ns

    Location             Delay type                Incr(ns)  Path(ns)    Netlist Resource(s)
  -------------------------------------------------------------------    -------------------
                         (clock atomik_clk rise edge)
                                                      0.000     0.000 r  
                         clock source latency         2.177     2.177    
                         propagated clock network latency
                                                      3.331     5.508    
    SLICE_X105Y103       FDRE                         0.000     5.508 r  u_top/u_atomik/banks[3].bank_acc_reg[3][45]/C
    SLICE_X105Y103       FDRE (Prop_fdre_C_Q)         0.379     5.887 f  u_top/u_atomik/banks[3].bank_acc_reg[3][45]/Q
                         net (fo=2, routed)           0.734     6.621    u_top/u_atomik/banks[3].bank_acc_reg[3][63]_0[45]
    SLICE_X99Y102        LUT4 (Prop_lut4_I1_O)        0.105     6.726 r  u_top/u_atomik/core_resp_state[45]_i_2/O
                         net (fo=2, routed)           0.517     7.244    u_top/u_atomik/p_4_in[45]
    SLICE_X99Y101        LUT6 (Prop_lut6_I4_O)        0.105     7.349 f  u_top/u_atomik/core_resp_acc_zero_i_11/O
                         net (fo=1, routed)           0.462     7.811    u_top/u_atomik/core_resp_acc_zero_i_11_n_0
    SLICE_X99Y99         LUT4 (Prop_lut4_I3_O)        0.105     7.916 f  u_top/u_atomik/core_resp_acc_zero_i_5_comp/O
                         net (fo=1, routed)           0.222     8.138    u_top/u_atomik/core_resp_acc_zero_i_5_n_0
    SLICE_X99Y98         LUT6 (Prop_lut6_I4_O)        0.105     8.243 f  u_top/u_atomik/core_resp_acc_zero_i_1_comp/O
                         net (fo=1, routed)           0.000     8.243    u_top/u_cdc/acc_zero
    SLICE_X99Y98         FDCE                                         f  u_top/u_cdc/core_resp_acc_zero_reg/D
  -------------------------------------------------------------------    -------------------

                         (clock atomik_clk rise edge)
                                                      2.875     2.875 r  
                         clock source latency         1.935     4.810    
                         propagated clock network latency
                                                      2.854     7.664    
                         clock pessimism              0.403     8.067    
                         clock uncertainty           -0.062     8.005    
    SLICE_X99Y98         FDCE (Setup_fdce_C_D)        0.032     8.037    u_top/u_cdc/core_resp_acc_zero_reg
  -------------------------------------------------------------------
                         required time                          8.037    
                         arrival time                          -8.243    
  -------------------------------------------------------------------
                         slack                                 -0.206    

Slack (VIOLATED) :        -0.206ns  (required time - arrival time)
  Source:                 u_top/u_atomik/banks[2].bank_acc_reg[2][41]/C
                            (rising edge-triggered cell FDRE clocked by atomik_clk  {rise@0.000ns fall@1.437ns period=2.875ns})
  Destination:            u_top/u_cdc/core_resp_acc_zero_reg/D
                            (rising edge-triggered cell FDCE clocked by atomik_clk  {rise@0.000ns fall@1.437ns period=2.875ns})
  Path Group:             atomik_clk
  Path Type:              Setup (Max at Slow Process Corner)
  Requirement:            2.875ns  (atomik_clk rise@2.875ns - atomik_clk rise@0.000ns)
  Data Path Delay:        2.735ns  (logic 0.799ns (29.216%)  route 1.936ns (70.784%))
  Logic Levels:           4  (LUT4=2 LUT6=2)
  Clock Path Skew:        -0.316ns (DCD - SCD + CPR)
    Destination Clock Delay (DCD):    4.789ns = ( 7.664 - 2.875 ) 
    Source Clock Delay      (SCD):    5.507ns
    Clock Pessimism Removal (CPR):    0.403ns
  Clock Uncertainty:      0.062ns  ((TSJ^2 + DJ^2)^1/2) / 2 + PE
    Total System Jitter     (TSJ):    0.071ns
    Discrete Jitter          (DJ):    0.102ns
    Phase Error              (PE):    0.000ns

    Location             Delay type                Incr(ns)  Path(ns)    Netlist Resource(s)
  -------------------------------------------------------------------    -------------------
                         (clock atomik_clk rise edge)
                                                      0.000     0.000 r  
                         clock source latency         2.177     2.177    
                         propagated clock network latency
                                                      3.330     5.507    
    SLICE_X97Y104        FDRE                         0.000     5.507 r  u_top/u_atomik/banks[2].bank_acc_reg[2][41]/C
    SLICE_X97Y104        FDRE (Prop_fdre_C_Q)         0.379     5.886 r  u_top/u_atomik/banks[2].bank_acc_reg[2][41]/Q
                         net (fo=2, routed)           0.767     6.653    u_top/u_atomik/banks[2].bank_acc_reg[2][63]_0[41]
    SLICE_X100Y102       LUT4 (Prop_lut4_I3_O)        0.105     6.758 f  u_top/u_atomik/core_resp_state[41]_i_2/O
                         net (fo=2, routed)           0.485     7.243    u_top/u_atomik/p_4_in[41]
    SLICE_X99Y101        LUT6 (Prop_lut6_I3_O)        0.105     7.348 r  u_top/u_atomik/core_resp_acc_zero_i_11/O
                         net (fo=1, routed)           0.462     7.810    u_top/u_atomik/core_resp_acc_zero_i_11_n_0
    SLICE_X99Y99         LUT4 (Prop_lut4_I3_O)        0.105     7.915 r  u_top/u_atomik/core_resp_acc_zero_i_5_comp/O
                         net (fo=1, routed)           0.222     8.137    u_top/u_atomik/core_resp_acc_zero_i_5_n_0
    SLICE_X99Y98         LUT6 (Prop_lut6_I4_O)        0.105     8.242 r  u_top/u_atomik/core_resp_acc_zero_i_1_comp/O
                         net (fo=1, routed)           0.000     8.242    u_top/u_cdc/acc_zero
    SLICE_X99Y98         FDCE                                         r  u_top/u_cdc/core_resp_acc_zero_reg/D
  -------------------------------------------------------------------    -------------------

                         (clock atomik_clk rise edge)
                                                      2.875     2.875 r  
                         clock source latency         1.935     4.810    
                         propagated clock network latency
                                                      2.854     7.664    
                         clock pessimism              0.403     8.067    
                         clock uncertainty           -0.062     8.005    
    SLICE_X99Y98         FDCE (Setup_fdce_C_D)        0.032     8.037    u_top/u_cdc/core_resp_acc_zero_reg
  -------------------------------------------------------------------
                         required time                          8.037    
                         arrival time                          -8.242    
  -------------------------------------------------------------------
                         slack                                 -0.206    




