Copyright 1986-2022 Xilinx, Inc. All Rights Reserved. Copyright 2022-2025 Advanced Micro Devices, Inc. All Rights Reserved.
----------------------------------------------------------------------------------------------------------------------------------------------------
| Tool Version : Vivado v.2025.2 (lin64) Build 6299465 Fri Nov 14 12:34:56 MST 2025
| Date         : Sat Mar 14 05:22:33 2026
| Host         : Jarvis running 64-bit Ubuntu 24.04.4 LTS
| Command      : report_timing -nworst 5 -path_type full -file /home/mattrock/Projects/ATOMiK/hardware/zynq/sweep/reports/crit_path_N512_F140p3.rpt
| Design       : sweep_top_N512_F140p3
| Device       : 7z020-clg400
| Speed File   : -2  PRODUCTION 1.12 2019-11-22
| Design State : Routed
----------------------------------------------------------------------------------------------------------------------------------------------------

Timing Report

Slack (VIOLATED) :        -0.171ns  (required time - arrival time)
  Source:                 u_top/u_atomik/banks[265].bank_acc_reg[265][39]/C
                            (rising edge-triggered cell FDRE clocked by atomik_clk  {rise@0.000ns fall@3.562ns period=7.125ns})
  Destination:            u_top/u_cdc/core_resp_acc_zero_reg/D
                            (rising edge-triggered cell FDCE clocked by atomik_clk  {rise@0.000ns fall@3.562ns period=7.125ns})
  Path Group:             atomik_clk
  Path Type:              Setup (Max at Slow Process Corner)
  Requirement:            7.125ns  (atomik_clk rise@7.125ns - atomik_clk rise@0.000ns)
  Data Path Delay:        6.990ns  (logic 1.114ns (15.936%)  route 5.876ns (84.064%))
  Logic Levels:           7  (LUT4=1 LUT5=1 LUT6=5)
  Clock Path Skew:        -0.266ns (DCD - SCD + CPR)
    Destination Clock Delay (DCD):    4.711ns = ( 11.836 - 7.125 ) 
    Source Clock Delay      (SCD):    5.379ns
    Clock Pessimism Removal (CPR):    0.403ns
  Clock Uncertainty:      0.070ns  ((TSJ^2 + DJ^2)^1/2) / 2 + PE
    Total System Jitter     (TSJ):    0.071ns
    Discrete Jitter          (DJ):    0.121ns
    Phase Error              (PE):    0.000ns

    Location             Delay type                Incr(ns)  Path(ns)    Netlist Resource(s)
  -------------------------------------------------------------------    -------------------
                         (clock atomik_clk rise edge)
                                                      0.000     0.000 r  
                         clock source latency         2.177     2.177    
                         propagated clock network latency
                                                      3.202     5.379    
    SLICE_X53Y149        FDRE                         0.000     5.379 r  u_top/u_atomik/banks[265].bank_acc_reg[265][39]/C
    SLICE_X53Y149        FDRE (Prop_fdre_C_Q)         0.379     5.758 r  u_top/u_atomik/banks[265].bank_acc_reg[265][39]/Q
                         net (fo=2, routed)           0.862     6.621    u_top/u_atomik/banks[265].bank_acc_reg[265]_243[27]
    SLICE_X58Y147        LUT6 (Prop_lut6_I2_O)        0.105     6.726 r  u_top/u_atomik/core_resp_state[39]_i_85/O
                         net (fo=1, routed)           1.764     8.490    u_top/u_atomik/core_resp_state[39]_i_85_n_0
    SLICE_X63Y103        LUT6 (Prop_lut6_I4_O)        0.105     8.595 r  u_top/u_atomik/core_resp_state[39]_i_17/O
                         net (fo=1, routed)           1.251     9.846    u_top/u_atomik/core_resp_state[39]_i_17_n_0
    SLICE_X62Y79         LUT6 (Prop_lut6_I2_O)        0.105     9.951 r  u_top/u_atomik/core_resp_state[39]_i_5/O
                         net (fo=1, routed)           0.640    10.590    u_top/u_atomik/core_resp_state[39]_i_5_n_0
    SLICE_X61Y73         LUT5 (Prop_lut5_I2_O)        0.105    10.695 f  u_top/u_atomik/core_resp_state[39]_i_2/O
                         net (fo=2, routed)           0.558    11.253    u_top/u_atomik/p_512_in[39]
    SLICE_X61Y73         LUT6 (Prop_lut6_I4_O)        0.105    11.358 r  u_top/u_atomik/core_resp_acc_zero_i_8/O
                         net (fo=1, routed)           0.686    12.044    u_top/u_atomik/core_resp_acc_zero_i_8_n_0
    SLICE_X59Y74         LUT6 (Prop_lut6_I0_O)        0.105    12.149 r  u_top/u_atomik/core_resp_acc_zero_i_5/O
                         net (fo=1, routed)           0.116    12.265    u_top/u_atomik/core_resp_acc_zero_i_5_n_0
    SLICE_X59Y74         LUT4 (Prop_lut4_I3_O)        0.105    12.370 r  u_top/u_atomik/core_resp_acc_zero_i_1/O
                         net (fo=1, routed)           0.000    12.370    u_top/u_cdc/core_acc_zero
    SLICE_X59Y74         FDCE                                         r  u_top/u_cdc/core_resp_acc_zero_reg/D
  -------------------------------------------------------------------    -------------------

                         (clock atomik_clk rise edge)
                                                      7.125     7.125 r  
                         clock source latency         1.935     9.060    
                         propagated clock network latency
                                                      2.776    11.836    
                         clock pessimism              0.403    12.239    
                         clock uncertainty           -0.070    12.169    
    SLICE_X59Y74         FDCE (Setup_fdce_C_D)        0.030    12.199    u_top/u_cdc/core_resp_acc_zero_reg
  -------------------------------------------------------------------
                         required time                         12.199    
                         arrival time                         -12.370    
  -------------------------------------------------------------------
                         slack                                 -0.171    

Slack (VIOLATED) :        -0.171ns  (required time - arrival time)
  Source:                 u_top/u_atomik/banks[265].bank_acc_reg[265][39]/C
                            (rising edge-triggered cell FDRE clocked by atomik_clk  {rise@0.000ns fall@3.562ns period=7.125ns})
  Destination:            u_top/u_cdc/core_resp_acc_zero_reg/D
                            (rising edge-triggered cell FDCE clocked by atomik_clk  {rise@0.000ns fall@3.562ns period=7.125ns})
  Path Group:             atomik_clk
  Path Type:              Setup (Max at Slow Process Corner)
  Requirement:            7.125ns  (atomik_clk rise@7.125ns - atomik_clk rise@0.000ns)
  Data Path Delay:        6.990ns  (logic 1.114ns (15.936%)  route 5.876ns (84.064%))
  Logic Levels:           7  (LUT4=1 LUT5=1 LUT6=5)
  Clock Path Skew:        -0.266ns (DCD - SCD + CPR)
    Destination Clock Delay (DCD):    4.711ns = ( 11.836 - 7.125 ) 
    Source Clock Delay      (SCD):    5.379ns
    Clock Pessimism Removal (CPR):    0.403ns
  Clock Uncertainty:      0.070ns  ((TSJ^2 + DJ^2)^1/2) / 2 + PE
    Total System Jitter     (TSJ):    0.071ns
    Discrete Jitter          (DJ):    0.121ns
    Phase Error              (PE):    0.000ns

    Location             Delay type                Incr(ns)  Path(ns)    Netlist Resource(s)
  -------------------------------------------------------------------    -------------------
                         (clock atomik_clk rise edge)
                                                      0.000     0.000 r  
                         clock source latency         2.177     2.177    
                         propagated clock network latency
                                                      3.202     5.379    
    SLICE_X53Y149        FDRE                         0.000     5.379 r  u_top/u_atomik/banks[265].bank_acc_reg[265][39]/C
    SLICE_X53Y149        FDRE (Prop_fdre_C_Q)         0.379     5.758 r  u_top/u_atomik/banks[265].bank_acc_reg[265][39]/Q
                         net (fo=2, routed)           0.862     6.621    u_top/u_atomik/banks[265].bank_acc_reg[265]_243[27]
    SLICE_X58Y147        LUT6 (Prop_lut6_I2_O)        0.105     6.726 f  u_top/u_atomik/core_resp_state[39]_i_85/O
                         net (fo=1, routed)           1.764     8.490    u_top/u_atomik/core_resp_state[39]_i_85_n_0
    SLICE_X63Y103        LUT6 (Prop_lut6_I4_O)        0.105     8.595 r  u_top/u_atomik/core_resp_state[39]_i_17/O
                         net (fo=1, routed)           1.251     9.846    u_top/u_atomik/core_resp_state[39]_i_17_n_0
    SLICE_X62Y79         LUT6 (Prop_lut6_I2_O)        0.105     9.951 r  u_top/u_atomik/core_resp_state[39]_i_5/O
                         net (fo=1, routed)           0.640    10.590    u_top/u_atomik/core_resp_state[39]_i_5_n_0
    SLICE_X61Y73         LUT5 (Prop_lut5_I2_O)        0.105    10.695 f  u_top/u_atomik/core_resp_state[39]_i_2/O
                         net (fo=2, routed)           0.558    11.253    u_top/u_atomik/p_512_in[39]
    SLICE_X61Y73         LUT6 (Prop_lut6_I4_O)        0.105    11.358 r  u_top/u_atomik/core_resp_acc_zero_i_8/O
                         net (fo=1, routed)           0.686    12.044    u_top/u_atomik/core_resp_acc_zero_i_8_n_0
    SLICE_X59Y74         LUT6 (Prop_lut6_I0_O)        0.105    12.149 r  u_top/u_atomik/core_resp_acc_zero_i_5/O
                         net (fo=1, routed)           0.116    12.265    u_top/u_atomik/core_resp_acc_zero_i_5_n_0
    SLICE_X59Y74         LUT4 (Prop_lut4_I3_O)        0.105    12.370 r  u_top/u_atomik/core_resp_acc_zero_i_1/O
                         net (fo=1, routed)           0.000    12.370    u_top/u_cdc/core_acc_zero
    SLICE_X59Y74         FDCE                                         r  u_top/u_cdc/core_resp_acc_zero_reg/D
  -------------------------------------------------------------------    -------------------

                         (clock atomik_clk rise edge)
                                                      7.125     7.125 r  
                         clock source latency         1.935     9.060    
                         propagated clock network latency
                                                      2.776    11.836    
                         clock pessimism              0.403    12.239    
                         clock uncertainty           -0.070    12.169    
    SLICE_X59Y74         FDCE (Setup_fdce_C_D)        0.030    12.199    u_top/u_cdc/core_resp_acc_zero_reg
  -------------------------------------------------------------------
                         required time                         12.199    
                         arrival time                         -12.370    
  -------------------------------------------------------------------
                         slack                                 -0.171    

Slack (VIOLATED) :        -0.171ns  (required time - arrival time)
  Source:                 u_top/u_atomik/banks[265].bank_acc_reg[265][39]/C
                            (rising edge-triggered cell FDRE clocked by atomik_clk  {rise@0.000ns fall@3.562ns period=7.125ns})
  Destination:            u_top/u_cdc/core_resp_acc_zero_reg/D
                            (rising edge-triggered cell FDCE clocked by atomik_clk  {rise@0.000ns fall@3.562ns period=7.125ns})
  Path Group:             atomik_clk
  Path Type:              Setup (Max at Slow Process Corner)
  Requirement:            7.125ns  (atomik_clk rise@7.125ns - atomik_clk rise@0.000ns)
  Data Path Delay:        6.990ns  (logic 1.114ns (15.936%)  route 5.876ns (84.064%))
  Logic Levels:           7  (LUT4=1 LUT5=1 LUT6=5)
  Clock Path Skew:        -0.266ns (DCD - SCD + CPR)
    Destination Clock Delay (DCD):    4.711ns = ( 11.836 - 7.125 ) 
    Source Clock Delay      (SCD):    5.379ns
    Clock Pessimism Removal (CPR):    0.403ns
  Clock Uncertainty:      0.070ns  ((TSJ^2 + DJ^2)^1/2) / 2 + PE
    Total System Jitter     (TSJ):    0.071ns
    Discrete Jitter          (DJ):    0.121ns
    Phase Error              (PE):    0.000ns

    Location             Delay type                Incr(ns)  Path(ns)    Netlist Resource(s)
  -------------------------------------------------------------------    -------------------
                         (clock atomik_clk rise edge)
                                                      0.000     0.000 r  
                         clock source latency         2.177     2.177    
                         propagated clock network latency
                                                      3.202     5.379    
    SLICE_X53Y149        FDRE                         0.000     5.379 r  u_top/u_atomik/banks[265].bank_acc_reg[265][39]/C
    SLICE_X53Y149        FDRE (Prop_fdre_C_Q)         0.379     5.758 r  u_top/u_atomik/banks[265].bank_acc_reg[265][39]/Q
                         net (fo=2, routed)           0.862     6.621    u_top/u_atomik/banks[265].bank_acc_reg[265]_243[27]
    SLICE_X58Y147        LUT6 (Prop_lut6_I2_O)        0.105     6.726 r  u_top/u_atomik/core_resp_state[39]_i_85/O
                         net (fo=1, routed)           1.764     8.490    u_top/u_atomik/core_resp_state[39]_i_85_n_0
    SLICE_X63Y103        LUT6 (Prop_lut6_I4_O)        0.105     8.595 f  u_top/u_atomik/core_resp_state[39]_i_17/O
                         net (fo=1, routed)           1.251     9.846    u_top/u_atomik/core_resp_state[39]_i_17_n_0
    SLICE_X62Y79         LUT6 (Prop_lut6_I2_O)        0.105     9.951 r  u_top/u_atomik/core_resp_state[39]_i_5/O
                         net (fo=1, routed)           0.640    10.590    u_top/u_atomik/core_resp_state[39]_i_5_n_0
    SLICE_X61Y73         LUT5 (Prop_lut5_I2_O)        0.105    10.695 f  u_top/u_atomik/core_resp_state[39]_i_2/O
                         net (fo=2, routed)           0.558    11.253    u_top/u_atomik/p_512_in[39]
    SLICE_X61Y73         LUT6 (Prop_lut6_I4_O)        0.105    11.358 r  u_top/u_atomik/core_resp_acc_zero_i_8/O
                         net (fo=1, routed)           0.686    12.044    u_top/u_atomik/core_resp_acc_zero_i_8_n_0
    SLICE_X59Y74         LUT6 (Prop_lut6_I0_O)        0.105    12.149 r  u_top/u_atomik/core_resp_acc_zero_i_5/O
                         net (fo=1, routed)           0.116    12.265    u_top/u_atomik/core_resp_acc_zero_i_5_n_0
    SLICE_X59Y74         LUT4 (Prop_lut4_I3_O)        0.105    12.370 r  u_top/u_atomik/core_resp_acc_zero_i_1/O
                         net (fo=1, routed)           0.000    12.370    u_top/u_cdc/core_acc_zero
    SLICE_X59Y74         FDCE                                         r  u_top/u_cdc/core_resp_acc_zero_reg/D
  -------------------------------------------------------------------    -------------------

                         (clock atomik_clk rise edge)
                                                      7.125     7.125 r  
                         clock source latency         1.935     9.060    
                         propagated clock network latency
                                                      2.776    11.836    
                         clock pessimism              0.403    12.239    
                         clock uncertainty           -0.070    12.169    
    SLICE_X59Y74         FDCE (Setup_fdce_C_D)        0.030    12.199    u_top/u_cdc/core_resp_acc_zero_reg
  -------------------------------------------------------------------
                         required time                         12.199    
                         arrival time                         -12.370    
  -------------------------------------------------------------------
                         slack                                 -0.171    

Slack (VIOLATED) :        -0.171ns  (required time - arrival time)
  Source:                 u_top/u_atomik/banks[265].bank_acc_reg[265][39]/C
                            (rising edge-triggered cell FDRE clocked by atomik_clk  {rise@0.000ns fall@3.562ns period=7.125ns})
  Destination:            u_top/u_cdc/core_resp_acc_zero_reg/D
                            (rising edge-triggered cell FDCE clocked by atomik_clk  {rise@0.000ns fall@3.562ns period=7.125ns})
  Path Group:             atomik_clk
  Path Type:              Setup (Max at Slow Process Corner)
  Requirement:            7.125ns  (atomik_clk rise@7.125ns - atomik_clk rise@0.000ns)
  Data Path Delay:        6.990ns  (logic 1.114ns (15.936%)  route 5.876ns (84.064%))
  Logic Levels:           7  (LUT4=1 LUT5=1 LUT6=5)
  Clock Path Skew:        -0.266ns (DCD - SCD + CPR)
    Destination Clock Delay (DCD):    4.711ns = ( 11.836 - 7.125 ) 
    Source Clock Delay      (SCD):    5.379ns
    Clock Pessimism Removal (CPR):    0.403ns
  Clock Uncertainty:      0.070ns  ((TSJ^2 + DJ^2)^1/2) / 2 + PE
    Total System Jitter     (TSJ):    0.071ns
    Discrete Jitter          (DJ):    0.121ns
    Phase Error              (PE):    0.000ns

    Location             Delay type                Incr(ns)  Path(ns)    Netlist Resource(s)
  -------------------------------------------------------------------    -------------------
                         (clock atomik_clk rise edge)
                                                      0.000     0.000 r  
                         clock source latency         2.177     2.177    
                         propagated clock network latency
                                                      3.202     5.379    
    SLICE_X53Y149        FDRE                         0.000     5.379 r  u_top/u_atomik/banks[265].bank_acc_reg[265][39]/C
    SLICE_X53Y149        FDRE (Prop_fdre_C_Q)         0.379     5.758 r  u_top/u_atomik/banks[265].bank_acc_reg[265][39]/Q
                         net (fo=2, routed)           0.862     6.621    u_top/u_atomik/banks[265].bank_acc_reg[265]_243[27]
    SLICE_X58Y147        LUT6 (Prop_lut6_I2_O)        0.105     6.726 r  u_top/u_atomik/core_resp_state[39]_i_85/O
                         net (fo=1, routed)           1.764     8.490    u_top/u_atomik/core_resp_state[39]_i_85_n_0
    SLICE_X63Y103        LUT6 (Prop_lut6_I4_O)        0.105     8.595 r  u_top/u_atomik/core_resp_state[39]_i_17/O
                         net (fo=1, routed)           1.251     9.846    u_top/u_atomik/core_resp_state[39]_i_17_n_0
    SLICE_X62Y79         LUT6 (Prop_lut6_I2_O)        0.105     9.951 f  u_top/u_atomik/core_resp_state[39]_i_5/O
                         net (fo=1, routed)           0.640    10.590    u_top/u_atomik/core_resp_state[39]_i_5_n_0
    SLICE_X61Y73         LUT5 (Prop_lut5_I2_O)        0.105    10.695 f  u_top/u_atomik/core_resp_state[39]_i_2/O
                         net (fo=2, routed)           0.558    11.253    u_top/u_atomik/p_512_in[39]
    SLICE_X61Y73         LUT6 (Prop_lut6_I4_O)        0.105    11.358 r  u_top/u_atomik/core_resp_acc_zero_i_8/O
                         net (fo=1, routed)           0.686    12.044    u_top/u_atomik/core_resp_acc_zero_i_8_n_0
    SLICE_X59Y74         LUT6 (Prop_lut6_I0_O)        0.105    12.149 r  u_top/u_atomik/core_resp_acc_zero_i_5/O
                         net (fo=1, routed)           0.116    12.265    u_top/u_atomik/core_resp_acc_zero_i_5_n_0
    SLICE_X59Y74         LUT4 (Prop_lut4_I3_O)        0.105    12.370 r  u_top/u_atomik/core_resp_acc_zero_i_1/O
                         net (fo=1, routed)           0.000    12.370    u_top/u_cdc/core_acc_zero
    SLICE_X59Y74         FDCE                                         r  u_top/u_cdc/core_resp_acc_zero_reg/D
  -------------------------------------------------------------------    -------------------

                         (clock atomik_clk rise edge)
                                                      7.125     7.125 r  
                         clock source latency         1.935     9.060    
                         propagated clock network latency
                                                      2.776    11.836    
                         clock pessimism              0.403    12.239    
                         clock uncertainty           -0.070    12.169    
    SLICE_X59Y74         FDCE (Setup_fdce_C_D)        0.030    12.199    u_top/u_cdc/core_resp_acc_zero_reg
  -------------------------------------------------------------------
                         required time                         12.199    
                         arrival time                         -12.370    
  -------------------------------------------------------------------
                         slack                                 -0.171    

Slack (VIOLATED) :        -0.171ns  (required time - arrival time)
  Source:                 u_top/u_atomik/banks[265].bank_acc_reg[265][39]/C
                            (rising edge-triggered cell FDRE clocked by atomik_clk  {rise@0.000ns fall@3.562ns period=7.125ns})
  Destination:            u_top/u_cdc/core_resp_acc_zero_reg/D
                            (rising edge-triggered cell FDCE clocked by atomik_clk  {rise@0.000ns fall@3.562ns period=7.125ns})
  Path Group:             atomik_clk
  Path Type:              Setup (Max at Slow Process Corner)
  Requirement:            7.125ns  (atomik_clk rise@7.125ns - atomik_clk rise@0.000ns)
  Data Path Delay:        6.990ns  (logic 1.114ns (15.936%)  route 5.876ns (84.064%))
  Logic Levels:           7  (LUT4=1 LUT5=1 LUT6=5)
  Clock Path Skew:        -0.266ns (DCD - SCD + CPR)
    Destination Clock Delay (DCD):    4.711ns = ( 11.836 - 7.125 ) 
    Source Clock Delay      (SCD):    5.379ns
    Clock Pessimism Removal (CPR):    0.403ns
  Clock Uncertainty:      0.070ns  ((TSJ^2 + DJ^2)^1/2) / 2 + PE
    Total System Jitter     (TSJ):    0.071ns
    Discrete Jitter          (DJ):    0.121ns
    Phase Error              (PE):    0.000ns

    Location             Delay type                Incr(ns)  Path(ns)    Netlist Resource(s)
  -------------------------------------------------------------------    -------------------
                         (clock atomik_clk rise edge)
                                                      0.000     0.000 r  
                         clock source latency         2.177     2.177    
                         propagated clock network latency
                                                      3.202     5.379    
    SLICE_X53Y149        FDRE                         0.000     5.379 r  u_top/u_atomik/banks[265].bank_acc_reg[265][39]/C
    SLICE_X53Y149        FDRE (Prop_fdre_C_Q)         0.379     5.758 r  u_top/u_atomik/banks[265].bank_acc_reg[265][39]/Q
                         net (fo=2, routed)           0.862     6.621    u_top/u_atomik/banks[265].bank_acc_reg[265]_243[27]
    SLICE_X58Y147        LUT6 (Prop_lut6_I2_O)        0.105     6.726 f  u_top/u_atomik/core_resp_state[39]_i_85/O
                         net (fo=1, routed)           1.764     8.490    u_top/u_atomik/core_resp_state[39]_i_85_n_0
    SLICE_X63Y103        LUT6 (Prop_lut6_I4_O)        0.105     8.595 r  u_top/u_atomik/core_resp_state[39]_i_17/O
                         net (fo=1, routed)           1.251     9.846    u_top/u_atomik/core_resp_state[39]_i_17_n_0
    SLICE_X62Y79         LUT6 (Prop_lut6_I2_O)        0.105     9.951 f  u_top/u_atomik/core_resp_state[39]_i_5/O
                         net (fo=1, routed)           0.640    10.590    u_top/u_atomik/core_resp_state[39]_i_5_n_0
    SLICE_X61Y73         LUT5 (Prop_lut5_I2_O)        0.105    10.695 f  u_top/u_atomik/core_resp_state[39]_i_2/O
                         net (fo=2, routed)           0.558    11.253    u_top/u_atomik/p_512_in[39]
    SLICE_X61Y73         LUT6 (Prop_lut6_I4_O)        0.105    11.358 r  u_top/u_atomik/core_resp_acc_zero_i_8/O
                         net (fo=1, routed)           0.686    12.044    u_top/u_atomik/core_resp_acc_zero_i_8_n_0
    SLICE_X59Y74         LUT6 (Prop_lut6_I0_O)        0.105    12.149 r  u_top/u_atomik/core_resp_acc_zero_i_5/O
                         net (fo=1, routed)           0.116    12.265    u_top/u_atomik/core_resp_acc_zero_i_5_n_0
    SLICE_X59Y74         LUT4 (Prop_lut4_I3_O)        0.105    12.370 r  u_top/u_atomik/core_resp_acc_zero_i_1/O
                         net (fo=1, routed)           0.000    12.370    u_top/u_cdc/core_acc_zero
    SLICE_X59Y74         FDCE                                         r  u_top/u_cdc/core_resp_acc_zero_reg/D
  -------------------------------------------------------------------    -------------------

                         (clock atomik_clk rise edge)
                                                      7.125     7.125 r  
                         clock source latency         1.935     9.060    
                         propagated clock network latency
                                                      2.776    11.836    
                         clock pessimism              0.403    12.239    
                         clock uncertainty           -0.070    12.169    
    SLICE_X59Y74         FDCE (Setup_fdce_C_D)        0.030    12.199    u_top/u_cdc/core_resp_acc_zero_reg
  -------------------------------------------------------------------
                         required time                         12.199    
                         arrival time                         -12.370    
  -------------------------------------------------------------------
                         slack                                 -0.171    




