Copyright 1986-2022 Xilinx, Inc. All Rights Reserved. Copyright 2022-2025 Advanced Micro Devices, Inc. All Rights Reserved.
--------------------------------------------------------------------------------------------------------------------------------------------------------
| Tool Version : Vivado v.2025.2 (lin64) Build 6299465 Fri Nov 14 12:34:56 MST 2025
| Date         : Fri Mar 13 11:47:58 2026
| Host         : Jarvis running 64-bit Ubuntu 24.04.4 LTS
| Command      : report_timing -nworst 5 -path_type full -file /home/mattrock/Projects/ATOMiK/hardware/zynq/sweep/reports/crit_path_N4_F320_maximum.rpt
| Design       : sweep_top_N4_F320_maximum
| Device       : 7z020-clg400
| Speed File   : -2  PRODUCTION 1.12 2019-11-22
| Design State : Routed
--------------------------------------------------------------------------------------------------------------------------------------------------------

Timing Report

Slack (MET) :             0.016ns  (required time - arrival time)
  Source:                 u_top/u_atomik/banks[0].bank_acc_reg[0][16]/C
                            (rising edge-triggered cell FDRE clocked by atomik_clk  {rise@0.000ns fall@1.562ns period=3.125ns})
  Destination:            u_top/u_cdc/core_resp_acc_zero_reg/D
                            (rising edge-triggered cell FDCE clocked by atomik_clk  {rise@0.000ns fall@1.562ns period=3.125ns})
  Path Group:             atomik_clk
  Path Type:              Setup (Max at Slow Process Corner)
  Requirement:            3.125ns  (atomik_clk rise@3.125ns - atomik_clk rise@0.000ns)
  Data Path Delay:        3.017ns  (logic 0.853ns (28.278%)  route 2.164ns (71.722%))
  Logic Levels:           4  (LUT4=1 LUT6=3)
  Clock Path Skew:        -0.062ns (DCD - SCD + CPR)
    Destination Clock Delay (DCD):    4.944ns = ( 8.069 - 3.125 ) 
    Source Clock Delay      (SCD):    5.507ns
    Clock Pessimism Removal (CPR):    0.502ns
  Clock Uncertainty:      0.063ns  ((TSJ^2 + DJ^2)^1/2) / 2 + PE
    Total System Jitter     (TSJ):    0.071ns
    Discrete Jitter          (DJ):    0.103ns
    Phase Error              (PE):    0.000ns

    Location             Delay type                Incr(ns)  Path(ns)    Netlist Resource(s)
  -------------------------------------------------------------------    -------------------
                         (clock atomik_clk rise edge)
                                                      0.000     0.000 r  
                         clock source latency         2.177     2.177    
                         propagated clock network latency
                                                      3.330     5.507    
    SLICE_X96Y104        FDRE                         0.000     5.507 r  u_top/u_atomik/banks[0].bank_acc_reg[0][16]/C
    SLICE_X96Y104        FDRE (Prop_fdre_C_Q)         0.433     5.940 r  u_top/u_atomik/banks[0].bank_acc_reg[0][16]/Q
                         net (fo=3, routed)           0.575     6.516    u_top/u_atomik/banks[0].bank_acc_reg[0][63]_0[16]
    SLICE_X96Y104        LUT4 (Prop_lut4_I2_O)        0.105     6.621 f  u_top/u_atomik/i_57_LOPT_REMAP/O
                         net (fo=1, routed)           0.376     6.996    u_top/u_atomik/i_57/O_n
    SLICE_X97Y107        LUT6 (Prop_lut6_I5_O)        0.105     7.101 f  u_top/u_atomik/i_56_LOPT_REMAP/O
                         net (fo=1, routed)           0.665     7.767    u_top/u_atomik/i_56/O_n
    SLICE_X99Y107        LUT6 (Prop_lut6_I1_O)        0.105     7.872 f  u_top/u_atomik/i_49_LOPT_REMAP/O
                         net (fo=1, routed)           0.547     8.419    u_top/u_atomik/i_49/O_n
    SLICE_X99Y107        LUT6 (Prop_lut6_I4_O)        0.105     8.524 r  u_top/u_atomik/i_0_LOPT_REMAP/O
                         net (fo=1, routed)           0.000     8.524    u_top/u_cdc/acc_zero
    SLICE_X99Y107        FDCE                                         r  u_top/u_cdc/core_resp_acc_zero_reg/D
  -------------------------------------------------------------------    -------------------

                         (clock atomik_clk rise edge)
                                                      3.125     3.125 r  
                         clock source latency         1.935     5.060    
                         propagated clock network latency
                                                      3.008     8.069    
                         clock pessimism              0.502     8.570    
                         clock uncertainty           -0.063     8.508    
    SLICE_X99Y107        FDCE (Setup_fdce_C_D)        0.032     8.540    u_top/u_cdc/core_resp_acc_zero_reg
  -------------------------------------------------------------------
                         required time                          8.540    
                         arrival time                          -8.524    
  -------------------------------------------------------------------
                         slack                                  0.016    

Slack (MET) :             0.016ns  (required time - arrival time)
  Source:                 u_top/u_atomik/banks[0].bank_acc_reg[0][16]/C
                            (rising edge-triggered cell FDRE clocked by atomik_clk  {rise@0.000ns fall@1.562ns period=3.125ns})
  Destination:            u_top/u_cdc/core_resp_acc_zero_reg/D
                            (rising edge-triggered cell FDCE clocked by atomik_clk  {rise@0.000ns fall@1.562ns period=3.125ns})
  Path Group:             atomik_clk
  Path Type:              Setup (Max at Slow Process Corner)
  Requirement:            3.125ns  (atomik_clk rise@3.125ns - atomik_clk rise@0.000ns)
  Data Path Delay:        3.017ns  (logic 0.853ns (28.278%)  route 2.164ns (71.722%))
  Logic Levels:           4  (LUT4=1 LUT6=3)
  Clock Path Skew:        -0.062ns (DCD - SCD + CPR)
    Destination Clock Delay (DCD):    4.944ns = ( 8.069 - 3.125 ) 
    Source Clock Delay      (SCD):    5.507ns
    Clock Pessimism Removal (CPR):    0.502ns
  Clock Uncertainty:      0.063ns  ((TSJ^2 + DJ^2)^1/2) / 2 + PE
    Total System Jitter     (TSJ):    0.071ns
    Discrete Jitter          (DJ):    0.103ns
    Phase Error              (PE):    0.000ns

    Location             Delay type                Incr(ns)  Path(ns)    Netlist Resource(s)
  -------------------------------------------------------------------    -------------------
                         (clock atomik_clk rise edge)
                                                      0.000     0.000 r  
                         clock source latency         2.177     2.177    
                         propagated clock network latency
                                                      3.330     5.507    
    SLICE_X96Y104        FDRE                         0.000     5.507 r  u_top/u_atomik/banks[0].bank_acc_reg[0][16]/C
    SLICE_X96Y104        FDRE (Prop_fdre_C_Q)         0.433     5.940 f  u_top/u_atomik/banks[0].bank_acc_reg[0][16]/Q
                         net (fo=3, routed)           0.575     6.516    u_top/u_atomik/banks[0].bank_acc_reg[0][63]_0[16]
    SLICE_X96Y104        LUT4 (Prop_lut4_I2_O)        0.105     6.621 f  u_top/u_atomik/i_57_LOPT_REMAP/O
                         net (fo=1, routed)           0.376     6.996    u_top/u_atomik/i_57/O_n
    SLICE_X97Y107        LUT6 (Prop_lut6_I5_O)        0.105     7.101 f  u_top/u_atomik/i_56_LOPT_REMAP/O
                         net (fo=1, routed)           0.665     7.767    u_top/u_atomik/i_56/O_n
    SLICE_X99Y107        LUT6 (Prop_lut6_I1_O)        0.105     7.872 f  u_top/u_atomik/i_49_LOPT_REMAP/O
                         net (fo=1, routed)           0.547     8.419    u_top/u_atomik/i_49/O_n
    SLICE_X99Y107        LUT6 (Prop_lut6_I4_O)        0.105     8.524 r  u_top/u_atomik/i_0_LOPT_REMAP/O
                         net (fo=1, routed)           0.000     8.524    u_top/u_cdc/acc_zero
    SLICE_X99Y107        FDCE                                         r  u_top/u_cdc/core_resp_acc_zero_reg/D
  -------------------------------------------------------------------    -------------------

                         (clock atomik_clk rise edge)
                                                      3.125     3.125 r  
                         clock source latency         1.935     5.060    
                         propagated clock network latency
                                                      3.008     8.069    
                         clock pessimism              0.502     8.570    
                         clock uncertainty           -0.063     8.508    
    SLICE_X99Y107        FDCE (Setup_fdce_C_D)        0.032     8.540    u_top/u_cdc/core_resp_acc_zero_reg
  -------------------------------------------------------------------
                         required time                          8.540    
                         arrival time                          -8.524    
  -------------------------------------------------------------------
                         slack                                  0.016    

Slack (MET) :             0.016ns  (required time - arrival time)
  Source:                 u_top/u_atomik/banks[0].bank_acc_reg[0][16]/C
                            (rising edge-triggered cell FDRE clocked by atomik_clk  {rise@0.000ns fall@1.562ns period=3.125ns})
  Destination:            u_top/u_cdc/core_resp_acc_zero_reg/D
                            (rising edge-triggered cell FDCE clocked by atomik_clk  {rise@0.000ns fall@1.562ns period=3.125ns})
  Path Group:             atomik_clk
  Path Type:              Setup (Max at Slow Process Corner)
  Requirement:            3.125ns  (atomik_clk rise@3.125ns - atomik_clk rise@0.000ns)
  Data Path Delay:        3.017ns  (logic 0.853ns (28.278%)  route 2.164ns (71.722%))
  Logic Levels:           4  (LUT4=1 LUT6=3)
  Clock Path Skew:        -0.062ns (DCD - SCD + CPR)
    Destination Clock Delay (DCD):    4.944ns = ( 8.069 - 3.125 ) 
    Source Clock Delay      (SCD):    5.507ns
    Clock Pessimism Removal (CPR):    0.502ns
  Clock Uncertainty:      0.063ns  ((TSJ^2 + DJ^2)^1/2) / 2 + PE
    Total System Jitter     (TSJ):    0.071ns
    Discrete Jitter          (DJ):    0.103ns
    Phase Error              (PE):    0.000ns

    Location             Delay type                Incr(ns)  Path(ns)    Netlist Resource(s)
  -------------------------------------------------------------------    -------------------
                         (clock atomik_clk rise edge)
                                                      0.000     0.000 r  
                         clock source latency         2.177     2.177    
                         propagated clock network latency
                                                      3.330     5.507    
    SLICE_X96Y104        FDRE                         0.000     5.507 r  u_top/u_atomik/banks[0].bank_acc_reg[0][16]/C
    SLICE_X96Y104        FDRE (Prop_fdre_C_Q)         0.433     5.940 r  u_top/u_atomik/banks[0].bank_acc_reg[0][16]/Q
                         net (fo=3, routed)           0.575     6.516    u_top/u_atomik/banks[0].bank_acc_reg[0][63]_0[16]
    SLICE_X96Y104        LUT4 (Prop_lut4_I2_O)        0.105     6.621 r  u_top/u_atomik/i_57_LOPT_REMAP/O
                         net (fo=1, routed)           0.376     6.996    u_top/u_atomik/i_57/O_n
    SLICE_X97Y107        LUT6 (Prop_lut6_I5_O)        0.105     7.101 r  u_top/u_atomik/i_56_LOPT_REMAP/O
                         net (fo=1, routed)           0.665     7.767    u_top/u_atomik/i_56/O_n
    SLICE_X99Y107        LUT6 (Prop_lut6_I1_O)        0.105     7.872 r  u_top/u_atomik/i_49_LOPT_REMAP/O
                         net (fo=1, routed)           0.547     8.419    u_top/u_atomik/i_49/O_n
    SLICE_X99Y107        LUT6 (Prop_lut6_I4_O)        0.105     8.524 f  u_top/u_atomik/i_0_LOPT_REMAP/O
                         net (fo=1, routed)           0.000     8.524    u_top/u_cdc/acc_zero
    SLICE_X99Y107        FDCE                                         f  u_top/u_cdc/core_resp_acc_zero_reg/D
  -------------------------------------------------------------------    -------------------

                         (clock atomik_clk rise edge)
                                                      3.125     3.125 r  
                         clock source latency         1.935     5.060    
                         propagated clock network latency
                                                      3.008     8.069    
                         clock pessimism              0.502     8.570    
                         clock uncertainty           -0.063     8.508    
    SLICE_X99Y107        FDCE (Setup_fdce_C_D)        0.032     8.540    u_top/u_cdc/core_resp_acc_zero_reg
  -------------------------------------------------------------------
                         required time                          8.540    
                         arrival time                          -8.524    
  -------------------------------------------------------------------
                         slack                                  0.016    

Slack (MET) :             0.016ns  (required time - arrival time)
  Source:                 u_top/u_atomik/banks[0].bank_acc_reg[0][16]/C
                            (rising edge-triggered cell FDRE clocked by atomik_clk  {rise@0.000ns fall@1.562ns period=3.125ns})
  Destination:            u_top/u_cdc/core_resp_acc_zero_reg/D
                            (rising edge-triggered cell FDCE clocked by atomik_clk  {rise@0.000ns fall@1.562ns period=3.125ns})
  Path Group:             atomik_clk
  Path Type:              Setup (Max at Slow Process Corner)
  Requirement:            3.125ns  (atomik_clk rise@3.125ns - atomik_clk rise@0.000ns)
  Data Path Delay:        3.017ns  (logic 0.853ns (28.278%)  route 2.164ns (71.722%))
  Logic Levels:           4  (LUT4=1 LUT6=3)
  Clock Path Skew:        -0.062ns (DCD - SCD + CPR)
    Destination Clock Delay (DCD):    4.944ns = ( 8.069 - 3.125 ) 
    Source Clock Delay      (SCD):    5.507ns
    Clock Pessimism Removal (CPR):    0.502ns
  Clock Uncertainty:      0.063ns  ((TSJ^2 + DJ^2)^1/2) / 2 + PE
    Total System Jitter     (TSJ):    0.071ns
    Discrete Jitter          (DJ):    0.103ns
    Phase Error              (PE):    0.000ns

    Location             Delay type                Incr(ns)  Path(ns)    Netlist Resource(s)
  -------------------------------------------------------------------    -------------------
                         (clock atomik_clk rise edge)
                                                      0.000     0.000 r  
                         clock source latency         2.177     2.177    
                         propagated clock network latency
                                                      3.330     5.507    
    SLICE_X96Y104        FDRE                         0.000     5.507 r  u_top/u_atomik/banks[0].bank_acc_reg[0][16]/C
    SLICE_X96Y104        FDRE (Prop_fdre_C_Q)         0.433     5.940 f  u_top/u_atomik/banks[0].bank_acc_reg[0][16]/Q
                         net (fo=3, routed)           0.575     6.516    u_top/u_atomik/banks[0].bank_acc_reg[0][63]_0[16]
    SLICE_X96Y104        LUT4 (Prop_lut4_I2_O)        0.105     6.621 r  u_top/u_atomik/i_57_LOPT_REMAP/O
                         net (fo=1, routed)           0.376     6.996    u_top/u_atomik/i_57/O_n
    SLICE_X97Y107        LUT6 (Prop_lut6_I5_O)        0.105     7.101 r  u_top/u_atomik/i_56_LOPT_REMAP/O
                         net (fo=1, routed)           0.665     7.767    u_top/u_atomik/i_56/O_n
    SLICE_X99Y107        LUT6 (Prop_lut6_I1_O)        0.105     7.872 r  u_top/u_atomik/i_49_LOPT_REMAP/O
                         net (fo=1, routed)           0.547     8.419    u_top/u_atomik/i_49/O_n
    SLICE_X99Y107        LUT6 (Prop_lut6_I4_O)        0.105     8.524 f  u_top/u_atomik/i_0_LOPT_REMAP/O
                         net (fo=1, routed)           0.000     8.524    u_top/u_cdc/acc_zero
    SLICE_X99Y107        FDCE                                         f  u_top/u_cdc/core_resp_acc_zero_reg/D
  -------------------------------------------------------------------    -------------------

                         (clock atomik_clk rise edge)
                                                      3.125     3.125 r  
                         clock source latency         1.935     5.060    
                         propagated clock network latency
                                                      3.008     8.069    
                         clock pessimism              0.502     8.570    
                         clock uncertainty           -0.063     8.508    
    SLICE_X99Y107        FDCE (Setup_fdce_C_D)        0.032     8.540    u_top/u_cdc/core_resp_acc_zero_reg
  -------------------------------------------------------------------
                         required time                          8.540    
                         arrival time                          -8.524    
  -------------------------------------------------------------------
                         slack                                  0.016    

Slack (MET) :             0.023ns  (required time - arrival time)
  Source:                 u_top/u_atomik/banks[3].bank_acc_reg[3][47]/C
                            (rising edge-triggered cell FDRE clocked by atomik_clk  {rise@0.000ns fall@1.562ns period=3.125ns})
  Destination:            u_top/u_cdc/core_resp_acc_zero_reg/D
                            (rising edge-triggered cell FDCE clocked by atomik_clk  {rise@0.000ns fall@1.562ns period=3.125ns})
  Path Group:             atomik_clk
  Path Type:              Setup (Max at Slow Process Corner)
  Requirement:            3.125ns  (atomik_clk rise@3.125ns - atomik_clk rise@0.000ns)
  Data Path Delay:        3.045ns  (logic 1.030ns (33.825%)  route 2.015ns (66.175%))
  Logic Levels:           4  (LUT4=1 LUT6=3)
  Clock Path Skew:        -0.026ns (DCD - SCD + CPR)
    Destination Clock Delay (DCD):    4.944ns = ( 8.069 - 3.125 ) 
    Source Clock Delay      (SCD):    5.505ns
    Clock Pessimism Removal (CPR):    0.536ns
  Clock Uncertainty:      0.063ns  ((TSJ^2 + DJ^2)^1/2) / 2 + PE
    Total System Jitter     (TSJ):    0.071ns
    Discrete Jitter          (DJ):    0.103ns
    Phase Error              (PE):    0.000ns

    Location             Delay type                Incr(ns)  Path(ns)    Netlist Resource(s)
  -------------------------------------------------------------------    -------------------
                         (clock atomik_clk rise edge)
                                                      0.000     0.000 r  
                         clock source latency         2.177     2.177    
                         propagated clock network latency
                                                      3.328     5.505    
    SLICE_X100Y108       FDRE                         0.000     5.505 r  u_top/u_atomik/banks[3].bank_acc_reg[3][47]/C
    SLICE_X100Y108       FDRE (Prop_fdre_C_Q)         0.433     5.938 r  u_top/u_atomik/banks[3].bank_acc_reg[3][47]/Q
                         net (fo=3, routed)           0.796     6.735    u_top/u_atomik/banks[3].bank_acc_reg[3][63]_0[47]
    SLICE_X100Y108       LUT4 (Prop_lut4_I1_O)        0.119     6.854 f  u_top/u_atomik/i_48_LOPT_REMAP/O
                         net (fo=1, routed)           0.316     7.170    u_top/u_atomik/i_48/O_n
    SLICE_X101Y108       LUT6 (Prop_lut6_I0_O)        0.268     7.438 f  u_top/u_atomik/i_46_LOPT_REMAP/O
                         net (fo=1, routed)           0.670     8.108    u_top/u_atomik/i_46/O_n
    SLICE_X99Y109        LUT6 (Prop_lut6_I2_O)        0.105     8.213 f  u_top/u_atomik/i_30_LOPT_REMAP/O
                         net (fo=1, routed)           0.233     8.446    u_top/u_atomik/i_30/O_n
    SLICE_X99Y107        LUT6 (Prop_lut6_I5_O)        0.105     8.551 r  u_top/u_atomik/i_0_LOPT_REMAP/O
                         net (fo=1, routed)           0.000     8.551    u_top/u_cdc/acc_zero
    SLICE_X99Y107        FDCE                                         r  u_top/u_cdc/core_resp_acc_zero_reg/D
  -------------------------------------------------------------------    -------------------

                         (clock atomik_clk rise edge)
                                                      3.125     3.125 r  
                         clock source latency         1.935     5.060    
                         propagated clock network latency
                                                      3.008     8.069    
                         clock pessimism              0.536     8.604    
                         clock uncertainty           -0.063     8.542    
    SLICE_X99Y107        FDCE (Setup_fdce_C_D)        0.032     8.574    u_top/u_cdc/core_resp_acc_zero_reg
  -------------------------------------------------------------------
                         required time                          8.574    
                         arrival time                          -8.551    
  -------------------------------------------------------------------
                         slack                                  0.023    




