Copyright 1986-2022 Xilinx, Inc. All Rights Reserved. Copyright 2022-2025 Advanced Micro Devices, Inc. All Rights Reserved.
-----------------------------------------------------------------------------------------------------------------------------------------------------------
| Tool Version : Vivado v.2025.2 (lin64) Build 6299465 Fri Nov 14 12:34:56 MST 2025
| Date         : Fri Mar 13 13:58:47 2026
| Host         : Jarvis running 64-bit Ubuntu 24.04.4 LTS
| Command      : report_timing -nworst 5 -path_type full -file /home/mattrock/Projects/ATOMiK/hardware/zynq/sweep/reports/crit_path_N16_F285p7_maximum.rpt
| Design       : sweep_top_N16_F285p7_maximum
| Device       : 7z020-clg400
| Speed File   : -2  PRODUCTION 1.12 2019-11-22
| Design State : Routed
-----------------------------------------------------------------------------------------------------------------------------------------------------------

Timing Report

Slack (VIOLATED) :        -0.375ns  (required time - arrival time)
  Source:                 u_top/u_atomik/banks[3].bank_acc_reg[3][39]/C
                            (rising edge-triggered cell FDRE clocked by atomik_clk  {rise@0.000ns fall@1.750ns period=3.500ns})
  Destination:            u_top/u_cdc/core_resp_acc_zero_reg/D
                            (rising edge-triggered cell FDCE clocked by atomik_clk  {rise@0.000ns fall@1.750ns period=3.500ns})
  Path Group:             atomik_clk
  Path Type:              Setup (Max at Slow Process Corner)
  Requirement:            3.500ns  (atomik_clk rise@3.500ns - atomik_clk rise@0.000ns)
  Data Path Delay:        3.785ns  (logic 0.904ns (23.883%)  route 2.881ns (76.117%))
  Logic Levels:           5  (LUT6=5)
  Clock Path Skew:        -0.058ns (DCD - SCD + CPR)
    Destination Clock Delay (DCD):    4.944ns = ( 8.444 - 3.500 ) 
    Source Clock Delay      (SCD):    5.404ns
    Clock Pessimism Removal (CPR):    0.403ns
  Clock Uncertainty:      0.064ns  ((TSJ^2 + DJ^2)^1/2) / 2 + PE
    Total System Jitter     (TSJ):    0.071ns
    Discrete Jitter          (DJ):    0.106ns
    Phase Error              (PE):    0.000ns

    Location             Delay type                Incr(ns)  Path(ns)    Netlist Resource(s)
  -------------------------------------------------------------------    -------------------
                         (clock atomik_clk rise edge)
                                                      0.000     0.000 r  
                         clock source latency         2.177     2.177    
                         propagated clock network latency
                                                      3.227     5.404    
    SLICE_X106Y99        FDRE                         0.000     5.404 r  u_top/u_atomik/banks[3].bank_acc_reg[3][39]/C
    SLICE_X106Y99        FDRE (Prop_fdre_C_Q)         0.379     5.783 r  u_top/u_atomik/banks[3].bank_acc_reg[3][39]/Q
                         net (fo=2, routed)           0.871     6.654    u_top/u_atomik/banks[3].bank_acc_reg[3][63]_0[39]
    SLICE_X105Y100       LUT6 (Prop_lut6_I1_O)        0.105     6.759 r  u_top/u_atomik/i_2_LOPT_REMAP_14/O
                         net (fo=1, routed)           0.332     7.091    u_top/u_atomik/i_2/O_n_14
    SLICE_X104Y100       LUT6 (Prop_lut6_I2_O)        0.105     7.196 f  u_top/u_atomik/i_0_LOPT_REMAP_14/O
                         net (fo=2, routed)           0.795     7.991    u_top/u_atomik/p_16_in[39]
    SLICE_X104Y103       LUT6 (Prop_lut6_I4_O)        0.105     8.096 r  u_top/u_atomik/core_resp_acc_zero_i_8/O
                         net (fo=1, routed)           0.551     8.647    u_top/u_atomik/core_resp_acc_zero_i_8_n_0
    SLICE_X104Y103       LUT6 (Prop_lut6_I1_O)        0.105     8.752 r  u_top/u_atomik/core_resp_acc_zero_i_5_rewire_rewire/O
                         net (fo=1, routed)           0.333     9.085    u_top/u_atomik/core_resp_acc_zero_i_5_n_0
    SLICE_X103Y103       LUT6 (Prop_lut6_I5_O)        0.105     9.190 r  u_top/u_atomik/core_resp_acc_zero_i_1_rewire_rewire/O
                         net (fo=1, routed)           0.000     9.190    u_top/u_cdc/core_acc_zero
    SLICE_X103Y103       FDCE                                         r  u_top/u_cdc/core_resp_acc_zero_reg/D
  -------------------------------------------------------------------    -------------------

                         (clock atomik_clk rise edge)
                                                      3.500     3.500 r  
                         clock source latency         1.935     5.435    
                         propagated clock network latency
                                                      3.008     8.444    
                         clock pessimism              0.403     8.846    
                         clock uncertainty           -0.064     8.783    
    SLICE_X103Y103       FDCE (Setup_fdce_C_D)        0.032     8.815    u_top/u_cdc/core_resp_acc_zero_reg
  -------------------------------------------------------------------
                         required time                          8.815    
                         arrival time                          -9.190    
  -------------------------------------------------------------------
                         slack                                 -0.375    

Slack (VIOLATED) :        -0.375ns  (required time - arrival time)
  Source:                 u_top/u_atomik/banks[3].bank_acc_reg[3][39]/C
                            (rising edge-triggered cell FDRE clocked by atomik_clk  {rise@0.000ns fall@1.750ns period=3.500ns})
  Destination:            u_top/u_cdc/core_resp_acc_zero_reg/D
                            (rising edge-triggered cell FDCE clocked by atomik_clk  {rise@0.000ns fall@1.750ns period=3.500ns})
  Path Group:             atomik_clk
  Path Type:              Setup (Max at Slow Process Corner)
  Requirement:            3.500ns  (atomik_clk rise@3.500ns - atomik_clk rise@0.000ns)
  Data Path Delay:        3.785ns  (logic 0.904ns (23.883%)  route 2.881ns (76.117%))
  Logic Levels:           5  (LUT6=5)
  Clock Path Skew:        -0.058ns (DCD - SCD + CPR)
    Destination Clock Delay (DCD):    4.944ns = ( 8.444 - 3.500 ) 
    Source Clock Delay      (SCD):    5.404ns
    Clock Pessimism Removal (CPR):    0.403ns
  Clock Uncertainty:      0.064ns  ((TSJ^2 + DJ^2)^1/2) / 2 + PE
    Total System Jitter     (TSJ):    0.071ns
    Discrete Jitter          (DJ):    0.106ns
    Phase Error              (PE):    0.000ns

    Location             Delay type                Incr(ns)  Path(ns)    Netlist Resource(s)
  -------------------------------------------------------------------    -------------------
                         (clock atomik_clk rise edge)
                                                      0.000     0.000 r  
                         clock source latency         2.177     2.177    
                         propagated clock network latency
                                                      3.227     5.404    
    SLICE_X106Y99        FDRE                         0.000     5.404 r  u_top/u_atomik/banks[3].bank_acc_reg[3][39]/C
    SLICE_X106Y99        FDRE (Prop_fdre_C_Q)         0.379     5.783 f  u_top/u_atomik/banks[3].bank_acc_reg[3][39]/Q
                         net (fo=2, routed)           0.871     6.654    u_top/u_atomik/banks[3].bank_acc_reg[3][63]_0[39]
    SLICE_X105Y100       LUT6 (Prop_lut6_I1_O)        0.105     6.759 r  u_top/u_atomik/i_2_LOPT_REMAP_14/O
                         net (fo=1, routed)           0.332     7.091    u_top/u_atomik/i_2/O_n_14
    SLICE_X104Y100       LUT6 (Prop_lut6_I2_O)        0.105     7.196 f  u_top/u_atomik/i_0_LOPT_REMAP_14/O
                         net (fo=2, routed)           0.795     7.991    u_top/u_atomik/p_16_in[39]
    SLICE_X104Y103       LUT6 (Prop_lut6_I4_O)        0.105     8.096 r  u_top/u_atomik/core_resp_acc_zero_i_8/O
                         net (fo=1, routed)           0.551     8.647    u_top/u_atomik/core_resp_acc_zero_i_8_n_0
    SLICE_X104Y103       LUT6 (Prop_lut6_I1_O)        0.105     8.752 r  u_top/u_atomik/core_resp_acc_zero_i_5_rewire_rewire/O
                         net (fo=1, routed)           0.333     9.085    u_top/u_atomik/core_resp_acc_zero_i_5_n_0
    SLICE_X103Y103       LUT6 (Prop_lut6_I5_O)        0.105     9.190 r  u_top/u_atomik/core_resp_acc_zero_i_1_rewire_rewire/O
                         net (fo=1, routed)           0.000     9.190    u_top/u_cdc/core_acc_zero
    SLICE_X103Y103       FDCE                                         r  u_top/u_cdc/core_resp_acc_zero_reg/D
  -------------------------------------------------------------------    -------------------

                         (clock atomik_clk rise edge)
                                                      3.500     3.500 r  
                         clock source latency         1.935     5.435    
                         propagated clock network latency
                                                      3.008     8.444    
                         clock pessimism              0.403     8.846    
                         clock uncertainty           -0.064     8.783    
    SLICE_X103Y103       FDCE (Setup_fdce_C_D)        0.032     8.815    u_top/u_cdc/core_resp_acc_zero_reg
  -------------------------------------------------------------------
                         required time                          8.815    
                         arrival time                          -9.190    
  -------------------------------------------------------------------
                         slack                                 -0.375    

Slack (VIOLATED) :        -0.375ns  (required time - arrival time)
  Source:                 u_top/u_atomik/banks[3].bank_acc_reg[3][39]/C
                            (rising edge-triggered cell FDRE clocked by atomik_clk  {rise@0.000ns fall@1.750ns period=3.500ns})
  Destination:            u_top/u_cdc/core_resp_acc_zero_reg/D
                            (rising edge-triggered cell FDCE clocked by atomik_clk  {rise@0.000ns fall@1.750ns period=3.500ns})
  Path Group:             atomik_clk
  Path Type:              Setup (Max at Slow Process Corner)
  Requirement:            3.500ns  (atomik_clk rise@3.500ns - atomik_clk rise@0.000ns)
  Data Path Delay:        3.785ns  (logic 0.904ns (23.883%)  route 2.881ns (76.117%))
  Logic Levels:           5  (LUT6=5)
  Clock Path Skew:        -0.058ns (DCD - SCD + CPR)
    Destination Clock Delay (DCD):    4.944ns = ( 8.444 - 3.500 ) 
    Source Clock Delay      (SCD):    5.404ns
    Clock Pessimism Removal (CPR):    0.403ns
  Clock Uncertainty:      0.064ns  ((TSJ^2 + DJ^2)^1/2) / 2 + PE
    Total System Jitter     (TSJ):    0.071ns
    Discrete Jitter          (DJ):    0.106ns
    Phase Error              (PE):    0.000ns

    Location             Delay type                Incr(ns)  Path(ns)    Netlist Resource(s)
  -------------------------------------------------------------------    -------------------
                         (clock atomik_clk rise edge)
                                                      0.000     0.000 r  
                         clock source latency         2.177     2.177    
                         propagated clock network latency
                                                      3.227     5.404    
    SLICE_X106Y99        FDRE                         0.000     5.404 r  u_top/u_atomik/banks[3].bank_acc_reg[3][39]/C
    SLICE_X106Y99        FDRE (Prop_fdre_C_Q)         0.379     5.783 r  u_top/u_atomik/banks[3].bank_acc_reg[3][39]/Q
                         net (fo=2, routed)           0.871     6.654    u_top/u_atomik/banks[3].bank_acc_reg[3][63]_0[39]
    SLICE_X105Y100       LUT6 (Prop_lut6_I1_O)        0.105     6.759 f  u_top/u_atomik/i_2_LOPT_REMAP_14/O
                         net (fo=1, routed)           0.332     7.091    u_top/u_atomik/i_2/O_n_14
    SLICE_X104Y100       LUT6 (Prop_lut6_I2_O)        0.105     7.196 f  u_top/u_atomik/i_0_LOPT_REMAP_14/O
                         net (fo=2, routed)           0.795     7.991    u_top/u_atomik/p_16_in[39]
    SLICE_X104Y103       LUT6 (Prop_lut6_I4_O)        0.105     8.096 r  u_top/u_atomik/core_resp_acc_zero_i_8/O
                         net (fo=1, routed)           0.551     8.647    u_top/u_atomik/core_resp_acc_zero_i_8_n_0
    SLICE_X104Y103       LUT6 (Prop_lut6_I1_O)        0.105     8.752 r  u_top/u_atomik/core_resp_acc_zero_i_5_rewire_rewire/O
                         net (fo=1, routed)           0.333     9.085    u_top/u_atomik/core_resp_acc_zero_i_5_n_0
    SLICE_X103Y103       LUT6 (Prop_lut6_I5_O)        0.105     9.190 r  u_top/u_atomik/core_resp_acc_zero_i_1_rewire_rewire/O
                         net (fo=1, routed)           0.000     9.190    u_top/u_cdc/core_acc_zero
    SLICE_X103Y103       FDCE                                         r  u_top/u_cdc/core_resp_acc_zero_reg/D
  -------------------------------------------------------------------    -------------------

                         (clock atomik_clk rise edge)
                                                      3.500     3.500 r  
                         clock source latency         1.935     5.435    
                         propagated clock network latency
                                                      3.008     8.444    
                         clock pessimism              0.403     8.846    
                         clock uncertainty           -0.064     8.783    
    SLICE_X103Y103       FDCE (Setup_fdce_C_D)        0.032     8.815    u_top/u_cdc/core_resp_acc_zero_reg
  -------------------------------------------------------------------
                         required time                          8.815    
                         arrival time                          -9.190    
  -------------------------------------------------------------------
                         slack                                 -0.375    

Slack (VIOLATED) :        -0.375ns  (required time - arrival time)
  Source:                 u_top/u_atomik/banks[3].bank_acc_reg[3][39]/C
                            (rising edge-triggered cell FDRE clocked by atomik_clk  {rise@0.000ns fall@1.750ns period=3.500ns})
  Destination:            u_top/u_cdc/core_resp_acc_zero_reg/D
                            (rising edge-triggered cell FDCE clocked by atomik_clk  {rise@0.000ns fall@1.750ns period=3.500ns})
  Path Group:             atomik_clk
  Path Type:              Setup (Max at Slow Process Corner)
  Requirement:            3.500ns  (atomik_clk rise@3.500ns - atomik_clk rise@0.000ns)
  Data Path Delay:        3.785ns  (logic 0.904ns (23.883%)  route 2.881ns (76.117%))
  Logic Levels:           5  (LUT6=5)
  Clock Path Skew:        -0.058ns (DCD - SCD + CPR)
    Destination Clock Delay (DCD):    4.944ns = ( 8.444 - 3.500 ) 
    Source Clock Delay      (SCD):    5.404ns
    Clock Pessimism Removal (CPR):    0.403ns
  Clock Uncertainty:      0.064ns  ((TSJ^2 + DJ^2)^1/2) / 2 + PE
    Total System Jitter     (TSJ):    0.071ns
    Discrete Jitter          (DJ):    0.106ns
    Phase Error              (PE):    0.000ns

    Location             Delay type                Incr(ns)  Path(ns)    Netlist Resource(s)
  -------------------------------------------------------------------    -------------------
                         (clock atomik_clk rise edge)
                                                      0.000     0.000 r  
                         clock source latency         2.177     2.177    
                         propagated clock network latency
                                                      3.227     5.404    
    SLICE_X106Y99        FDRE                         0.000     5.404 r  u_top/u_atomik/banks[3].bank_acc_reg[3][39]/C
    SLICE_X106Y99        FDRE (Prop_fdre_C_Q)         0.379     5.783 f  u_top/u_atomik/banks[3].bank_acc_reg[3][39]/Q
                         net (fo=2, routed)           0.871     6.654    u_top/u_atomik/banks[3].bank_acc_reg[3][63]_0[39]
    SLICE_X105Y100       LUT6 (Prop_lut6_I1_O)        0.105     6.759 f  u_top/u_atomik/i_2_LOPT_REMAP_14/O
                         net (fo=1, routed)           0.332     7.091    u_top/u_atomik/i_2/O_n_14
    SLICE_X104Y100       LUT6 (Prop_lut6_I2_O)        0.105     7.196 f  u_top/u_atomik/i_0_LOPT_REMAP_14/O
                         net (fo=2, routed)           0.795     7.991    u_top/u_atomik/p_16_in[39]
    SLICE_X104Y103       LUT6 (Prop_lut6_I4_O)        0.105     8.096 r  u_top/u_atomik/core_resp_acc_zero_i_8/O
                         net (fo=1, routed)           0.551     8.647    u_top/u_atomik/core_resp_acc_zero_i_8_n_0
    SLICE_X104Y103       LUT6 (Prop_lut6_I1_O)        0.105     8.752 r  u_top/u_atomik/core_resp_acc_zero_i_5_rewire_rewire/O
                         net (fo=1, routed)           0.333     9.085    u_top/u_atomik/core_resp_acc_zero_i_5_n_0
    SLICE_X103Y103       LUT6 (Prop_lut6_I5_O)        0.105     9.190 r  u_top/u_atomik/core_resp_acc_zero_i_1_rewire_rewire/O
                         net (fo=1, routed)           0.000     9.190    u_top/u_cdc/core_acc_zero
    SLICE_X103Y103       FDCE                                         r  u_top/u_cdc/core_resp_acc_zero_reg/D
  -------------------------------------------------------------------    -------------------

                         (clock atomik_clk rise edge)
                                                      3.500     3.500 r  
                         clock source latency         1.935     5.435    
                         propagated clock network latency
                                                      3.008     8.444    
                         clock pessimism              0.403     8.846    
                         clock uncertainty           -0.064     8.783    
    SLICE_X103Y103       FDCE (Setup_fdce_C_D)        0.032     8.815    u_top/u_cdc/core_resp_acc_zero_reg
  -------------------------------------------------------------------
                         required time                          8.815    
                         arrival time                          -9.190    
  -------------------------------------------------------------------
                         slack                                 -0.375    

Slack (VIOLATED) :        -0.375ns  (required time - arrival time)
  Source:                 u_top/u_atomik/banks[3].bank_acc_reg[3][39]/C
                            (rising edge-triggered cell FDRE clocked by atomik_clk  {rise@0.000ns fall@1.750ns period=3.500ns})
  Destination:            u_top/u_cdc/core_resp_acc_zero_reg/D
                            (rising edge-triggered cell FDCE clocked by atomik_clk  {rise@0.000ns fall@1.750ns period=3.500ns})
  Path Group:             atomik_clk
  Path Type:              Setup (Max at Slow Process Corner)
  Requirement:            3.500ns  (atomik_clk rise@3.500ns - atomik_clk rise@0.000ns)
  Data Path Delay:        3.785ns  (logic 0.904ns (23.883%)  route 2.881ns (76.117%))
  Logic Levels:           5  (LUT6=5)
  Clock Path Skew:        -0.058ns (DCD - SCD + CPR)
    Destination Clock Delay (DCD):    4.944ns = ( 8.444 - 3.500 ) 
    Source Clock Delay      (SCD):    5.404ns
    Clock Pessimism Removal (CPR):    0.403ns
  Clock Uncertainty:      0.064ns  ((TSJ^2 + DJ^2)^1/2) / 2 + PE
    Total System Jitter     (TSJ):    0.071ns
    Discrete Jitter          (DJ):    0.106ns
    Phase Error              (PE):    0.000ns

    Location             Delay type                Incr(ns)  Path(ns)    Netlist Resource(s)
  -------------------------------------------------------------------    -------------------
                         (clock atomik_clk rise edge)
                                                      0.000     0.000 r  
                         clock source latency         2.177     2.177    
                         propagated clock network latency
                                                      3.227     5.404    
    SLICE_X106Y99        FDRE                         0.000     5.404 r  u_top/u_atomik/banks[3].bank_acc_reg[3][39]/C
    SLICE_X106Y99        FDRE (Prop_fdre_C_Q)         0.379     5.783 r  u_top/u_atomik/banks[3].bank_acc_reg[3][39]/Q
                         net (fo=2, routed)           0.871     6.654    u_top/u_atomik/banks[3].bank_acc_reg[3][63]_0[39]
    SLICE_X105Y100       LUT6 (Prop_lut6_I1_O)        0.105     6.759 r  u_top/u_atomik/i_2_LOPT_REMAP_14/O
                         net (fo=1, routed)           0.332     7.091    u_top/u_atomik/i_2/O_n_14
    SLICE_X104Y100       LUT6 (Prop_lut6_I2_O)        0.105     7.196 r  u_top/u_atomik/i_0_LOPT_REMAP_14/O
                         net (fo=2, routed)           0.795     7.991    u_top/u_atomik/p_16_in[39]
    SLICE_X104Y103       LUT6 (Prop_lut6_I4_O)        0.105     8.096 f  u_top/u_atomik/core_resp_acc_zero_i_8/O
                         net (fo=1, routed)           0.551     8.647    u_top/u_atomik/core_resp_acc_zero_i_8_n_0
    SLICE_X104Y103       LUT6 (Prop_lut6_I1_O)        0.105     8.752 f  u_top/u_atomik/core_resp_acc_zero_i_5_rewire_rewire/O
                         net (fo=1, routed)           0.333     9.085    u_top/u_atomik/core_resp_acc_zero_i_5_n_0
    SLICE_X103Y103       LUT6 (Prop_lut6_I5_O)        0.105     9.190 f  u_top/u_atomik/core_resp_acc_zero_i_1_rewire_rewire/O
                         net (fo=1, routed)           0.000     9.190    u_top/u_cdc/core_acc_zero
    SLICE_X103Y103       FDCE                                         f  u_top/u_cdc/core_resp_acc_zero_reg/D
  -------------------------------------------------------------------    -------------------

                         (clock atomik_clk rise edge)
                                                      3.500     3.500 r  
                         clock source latency         1.935     5.435    
                         propagated clock network latency
                                                      3.008     8.444    
                         clock pessimism              0.403     8.846    
                         clock uncertainty           -0.064     8.783    
    SLICE_X103Y103       FDCE (Setup_fdce_C_D)        0.032     8.815    u_top/u_cdc/core_resp_acc_zero_reg
  -------------------------------------------------------------------
                         required time                          8.815    
                         arrival time                          -9.190    
  -------------------------------------------------------------------
                         slack                                 -0.375    




