Copyright 1986-2022 Xilinx, Inc. All Rights Reserved. Copyright 2022-2025 Advanced Micro Devices, Inc. All Rights Reserved.
------------------------------------------------------------------------------------------------------------------------------------------------------------
| Tool Version : Vivado v.2025.2 (lin64) Build 6299465 Fri Nov 14 12:34:56 MST 2025
| Date         : Fri Mar 13 14:25:20 2026
| Host         : Jarvis running 64-bit Ubuntu 24.04.4 LTS
| Command      : report_timing -nworst 5 -path_type full -file /home/mattrock/Projects/ATOMiK/hardware/zynq/sweep/reports/crit_path_N16_F266p7_baseline.rpt
| Design       : sweep_top_N16_F266p7_baseline
| Device       : 7z020-clg400
| Speed File   : -2  PRODUCTION 1.12 2019-11-22
| Design State : Routed
------------------------------------------------------------------------------------------------------------------------------------------------------------

Timing Report

Slack (VIOLATED) :        -0.260ns  (required time - arrival time)
  Source:                 u_top/u_atomik/banks[7].bank_acc_reg[7][18]/C
                            (rising edge-triggered cell FDRE clocked by atomik_clk  {rise@0.000ns fall@1.875ns period=3.750ns})
  Destination:            u_top/u_cdc/core_resp_acc_zero_reg/D
                            (rising edge-triggered cell FDCE clocked by atomik_clk  {rise@0.000ns fall@1.875ns period=3.750ns})
  Path Group:             atomik_clk
  Path Type:              Setup (Max at Slow Process Corner)
  Requirement:            3.750ns  (atomik_clk rise@3.750ns - atomik_clk rise@0.000ns)
  Data Path Delay:        3.963ns  (logic 0.958ns (24.175%)  route 3.005ns (75.825%))
  Logic Levels:           5  (LUT4=2 LUT6=3)
  Clock Path Skew:        -0.055ns (DCD - SCD + CPR)
    Destination Clock Delay (DCD):    4.933ns = ( 8.683 - 3.750 ) 
    Source Clock Delay      (SCD):    5.489ns
    Clock Pessimism Removal (CPR):    0.502ns
  Clock Uncertainty:      0.064ns  ((TSJ^2 + DJ^2)^1/2) / 2 + PE
    Total System Jitter     (TSJ):    0.071ns
    Discrete Jitter          (DJ):    0.107ns
    Phase Error              (PE):    0.000ns

    Location             Delay type                Incr(ns)  Path(ns)    Netlist Resource(s)
  -------------------------------------------------------------------    -------------------
                         (clock atomik_clk rise edge)
                                                      0.000     0.000 r  
                         clock source latency         2.177     2.177    
                         propagated clock network latency
                                                      3.312     5.489    
    SLICE_X94Y123        FDRE                         0.000     5.489 r  u_top/u_atomik/banks[7].bank_acc_reg[7][18]/C
    SLICE_X94Y123        FDRE (Prop_fdre_C_Q)         0.433     5.922 r  u_top/u_atomik/banks[7].bank_acc_reg[7][18]/Q
                         net (fo=2, routed)           0.681     6.604    u_top/u_atomik/banks[7].bank_acc_reg[7][63]_0[18]
    SLICE_X103Y124       LUT4 (Prop_lut4_I2_O)        0.105     6.709 r  u_top/u_atomik/swap_data[18]_i_3/O
                         net (fo=1, routed)           0.633     7.341    u_top/u_atomik/swap_data[18]_i_3_n_0
    SLICE_X96Y122        LUT4 (Prop_lut4_I0_O)        0.105     7.446 f  u_top/u_atomik/swap_data[18]_i_2/O
                         net (fo=2, routed)           0.932     8.378    u_top/u_atomik/p_16_in[18]
    SLICE_X103Y121       LUT6 (Prop_lut6_I0_O)        0.105     8.483 r  u_top/u_atomik/core_resp_acc_zero_i_12/O
                         net (fo=1, routed)           0.523     9.005    u_top/u_atomik/core_resp_acc_zero_i_12_n_0
    SLICE_X105Y120       LUT6 (Prop_lut6_I4_O)        0.105     9.110 r  u_top/u_atomik/core_resp_acc_zero_i_5/O
                         net (fo=1, routed)           0.237     9.347    u_top/u_atomik/core_resp_acc_zero_i_5_n_0
    SLICE_X104Y121       LUT6 (Prop_lut6_I3_O)        0.105     9.452 r  u_top/u_atomik/core_resp_acc_zero_i_1_comp/O
                         net (fo=1, routed)           0.000     9.452    u_top/u_cdc/core_acc_zero
    SLICE_X104Y121       FDCE                                         r  u_top/u_cdc/core_resp_acc_zero_reg/D
  -------------------------------------------------------------------    -------------------

                         (clock atomik_clk rise edge)
                                                      3.750     3.750 r  
                         clock source latency         1.935     5.685    
                         propagated clock network latency
                                                      2.997     8.683    
                         clock pessimism              0.502     9.184    
                         clock uncertainty           -0.064     9.120    
    SLICE_X104Y121       FDCE (Setup_fdce_C_D)        0.072     9.192    u_top/u_cdc/core_resp_acc_zero_reg
  -------------------------------------------------------------------
                         required time                          9.192    
                         arrival time                          -9.452    
  -------------------------------------------------------------------
                         slack                                 -0.260    

Slack (VIOLATED) :        -0.260ns  (required time - arrival time)
  Source:                 u_top/u_atomik/banks[7].bank_acc_reg[7][18]/C
                            (rising edge-triggered cell FDRE clocked by atomik_clk  {rise@0.000ns fall@1.875ns period=3.750ns})
  Destination:            u_top/u_cdc/core_resp_acc_zero_reg/D
                            (rising edge-triggered cell FDCE clocked by atomik_clk  {rise@0.000ns fall@1.875ns period=3.750ns})
  Path Group:             atomik_clk
  Path Type:              Setup (Max at Slow Process Corner)
  Requirement:            3.750ns  (atomik_clk rise@3.750ns - atomik_clk rise@0.000ns)
  Data Path Delay:        3.963ns  (logic 0.958ns (24.175%)  route 3.005ns (75.825%))
  Logic Levels:           5  (LUT4=2 LUT6=3)
  Clock Path Skew:        -0.055ns (DCD - SCD + CPR)
    Destination Clock Delay (DCD):    4.933ns = ( 8.683 - 3.750 ) 
    Source Clock Delay      (SCD):    5.489ns
    Clock Pessimism Removal (CPR):    0.502ns
  Clock Uncertainty:      0.064ns  ((TSJ^2 + DJ^2)^1/2) / 2 + PE
    Total System Jitter     (TSJ):    0.071ns
    Discrete Jitter          (DJ):    0.107ns
    Phase Error              (PE):    0.000ns

    Location             Delay type                Incr(ns)  Path(ns)    Netlist Resource(s)
  -------------------------------------------------------------------    -------------------
                         (clock atomik_clk rise edge)
                                                      0.000     0.000 r  
                         clock source latency         2.177     2.177    
                         propagated clock network latency
                                                      3.312     5.489    
    SLICE_X94Y123        FDRE                         0.000     5.489 r  u_top/u_atomik/banks[7].bank_acc_reg[7][18]/C
    SLICE_X94Y123        FDRE (Prop_fdre_C_Q)         0.433     5.922 f  u_top/u_atomik/banks[7].bank_acc_reg[7][18]/Q
                         net (fo=2, routed)           0.681     6.604    u_top/u_atomik/banks[7].bank_acc_reg[7][63]_0[18]
    SLICE_X103Y124       LUT4 (Prop_lut4_I2_O)        0.105     6.709 r  u_top/u_atomik/swap_data[18]_i_3/O
                         net (fo=1, routed)           0.633     7.341    u_top/u_atomik/swap_data[18]_i_3_n_0
    SLICE_X96Y122        LUT4 (Prop_lut4_I0_O)        0.105     7.446 f  u_top/u_atomik/swap_data[18]_i_2/O
                         net (fo=2, routed)           0.932     8.378    u_top/u_atomik/p_16_in[18]
    SLICE_X103Y121       LUT6 (Prop_lut6_I0_O)        0.105     8.483 r  u_top/u_atomik/core_resp_acc_zero_i_12/O
                         net (fo=1, routed)           0.523     9.005    u_top/u_atomik/core_resp_acc_zero_i_12_n_0
    SLICE_X105Y120       LUT6 (Prop_lut6_I4_O)        0.105     9.110 r  u_top/u_atomik/core_resp_acc_zero_i_5/O
                         net (fo=1, routed)           0.237     9.347    u_top/u_atomik/core_resp_acc_zero_i_5_n_0
    SLICE_X104Y121       LUT6 (Prop_lut6_I3_O)        0.105     9.452 r  u_top/u_atomik/core_resp_acc_zero_i_1_comp/O
                         net (fo=1, routed)           0.000     9.452    u_top/u_cdc/core_acc_zero
    SLICE_X104Y121       FDCE                                         r  u_top/u_cdc/core_resp_acc_zero_reg/D
  -------------------------------------------------------------------    -------------------

                         (clock atomik_clk rise edge)
                                                      3.750     3.750 r  
                         clock source latency         1.935     5.685    
                         propagated clock network latency
                                                      2.997     8.683    
                         clock pessimism              0.502     9.184    
                         clock uncertainty           -0.064     9.120    
    SLICE_X104Y121       FDCE (Setup_fdce_C_D)        0.072     9.192    u_top/u_cdc/core_resp_acc_zero_reg
  -------------------------------------------------------------------
                         required time                          9.192    
                         arrival time                          -9.452    
  -------------------------------------------------------------------
                         slack                                 -0.260    

Slack (VIOLATED) :        -0.260ns  (required time - arrival time)
  Source:                 u_top/u_atomik/banks[7].bank_acc_reg[7][18]/C
                            (rising edge-triggered cell FDRE clocked by atomik_clk  {rise@0.000ns fall@1.875ns period=3.750ns})
  Destination:            u_top/u_cdc/core_resp_acc_zero_reg/D
                            (rising edge-triggered cell FDCE clocked by atomik_clk  {rise@0.000ns fall@1.875ns period=3.750ns})
  Path Group:             atomik_clk
  Path Type:              Setup (Max at Slow Process Corner)
  Requirement:            3.750ns  (atomik_clk rise@3.750ns - atomik_clk rise@0.000ns)
  Data Path Delay:        3.963ns  (logic 0.958ns (24.175%)  route 3.005ns (75.825%))
  Logic Levels:           5  (LUT4=2 LUT6=3)
  Clock Path Skew:        -0.055ns (DCD - SCD + CPR)
    Destination Clock Delay (DCD):    4.933ns = ( 8.683 - 3.750 ) 
    Source Clock Delay      (SCD):    5.489ns
    Clock Pessimism Removal (CPR):    0.502ns
  Clock Uncertainty:      0.064ns  ((TSJ^2 + DJ^2)^1/2) / 2 + PE
    Total System Jitter     (TSJ):    0.071ns
    Discrete Jitter          (DJ):    0.107ns
    Phase Error              (PE):    0.000ns

    Location             Delay type                Incr(ns)  Path(ns)    Netlist Resource(s)
  -------------------------------------------------------------------    -------------------
                         (clock atomik_clk rise edge)
                                                      0.000     0.000 r  
                         clock source latency         2.177     2.177    
                         propagated clock network latency
                                                      3.312     5.489    
    SLICE_X94Y123        FDRE                         0.000     5.489 r  u_top/u_atomik/banks[7].bank_acc_reg[7][18]/C
    SLICE_X94Y123        FDRE (Prop_fdre_C_Q)         0.433     5.922 r  u_top/u_atomik/banks[7].bank_acc_reg[7][18]/Q
                         net (fo=2, routed)           0.681     6.604    u_top/u_atomik/banks[7].bank_acc_reg[7][63]_0[18]
    SLICE_X103Y124       LUT4 (Prop_lut4_I2_O)        0.105     6.709 f  u_top/u_atomik/swap_data[18]_i_3/O
                         net (fo=1, routed)           0.633     7.341    u_top/u_atomik/swap_data[18]_i_3_n_0
    SLICE_X96Y122        LUT4 (Prop_lut4_I0_O)        0.105     7.446 f  u_top/u_atomik/swap_data[18]_i_2/O
                         net (fo=2, routed)           0.932     8.378    u_top/u_atomik/p_16_in[18]
    SLICE_X103Y121       LUT6 (Prop_lut6_I0_O)        0.105     8.483 r  u_top/u_atomik/core_resp_acc_zero_i_12/O
                         net (fo=1, routed)           0.523     9.005    u_top/u_atomik/core_resp_acc_zero_i_12_n_0
    SLICE_X105Y120       LUT6 (Prop_lut6_I4_O)        0.105     9.110 r  u_top/u_atomik/core_resp_acc_zero_i_5/O
                         net (fo=1, routed)           0.237     9.347    u_top/u_atomik/core_resp_acc_zero_i_5_n_0
    SLICE_X104Y121       LUT6 (Prop_lut6_I3_O)        0.105     9.452 r  u_top/u_atomik/core_resp_acc_zero_i_1_comp/O
                         net (fo=1, routed)           0.000     9.452    u_top/u_cdc/core_acc_zero
    SLICE_X104Y121       FDCE                                         r  u_top/u_cdc/core_resp_acc_zero_reg/D
  -------------------------------------------------------------------    -------------------

                         (clock atomik_clk rise edge)
                                                      3.750     3.750 r  
                         clock source latency         1.935     5.685    
                         propagated clock network latency
                                                      2.997     8.683    
                         clock pessimism              0.502     9.184    
                         clock uncertainty           -0.064     9.120    
    SLICE_X104Y121       FDCE (Setup_fdce_C_D)        0.072     9.192    u_top/u_cdc/core_resp_acc_zero_reg
  -------------------------------------------------------------------
                         required time                          9.192    
                         arrival time                          -9.452    
  -------------------------------------------------------------------
                         slack                                 -0.260    

Slack (VIOLATED) :        -0.260ns  (required time - arrival time)
  Source:                 u_top/u_atomik/banks[7].bank_acc_reg[7][18]/C
                            (rising edge-triggered cell FDRE clocked by atomik_clk  {rise@0.000ns fall@1.875ns period=3.750ns})
  Destination:            u_top/u_cdc/core_resp_acc_zero_reg/D
                            (rising edge-triggered cell FDCE clocked by atomik_clk  {rise@0.000ns fall@1.875ns period=3.750ns})
  Path Group:             atomik_clk
  Path Type:              Setup (Max at Slow Process Corner)
  Requirement:            3.750ns  (atomik_clk rise@3.750ns - atomik_clk rise@0.000ns)
  Data Path Delay:        3.963ns  (logic 0.958ns (24.175%)  route 3.005ns (75.825%))
  Logic Levels:           5  (LUT4=2 LUT6=3)
  Clock Path Skew:        -0.055ns (DCD - SCD + CPR)
    Destination Clock Delay (DCD):    4.933ns = ( 8.683 - 3.750 ) 
    Source Clock Delay      (SCD):    5.489ns
    Clock Pessimism Removal (CPR):    0.502ns
  Clock Uncertainty:      0.064ns  ((TSJ^2 + DJ^2)^1/2) / 2 + PE
    Total System Jitter     (TSJ):    0.071ns
    Discrete Jitter          (DJ):    0.107ns
    Phase Error              (PE):    0.000ns

    Location             Delay type                Incr(ns)  Path(ns)    Netlist Resource(s)
  -------------------------------------------------------------------    -------------------
                         (clock atomik_clk rise edge)
                                                      0.000     0.000 r  
                         clock source latency         2.177     2.177    
                         propagated clock network latency
                                                      3.312     5.489    
    SLICE_X94Y123        FDRE                         0.000     5.489 r  u_top/u_atomik/banks[7].bank_acc_reg[7][18]/C
    SLICE_X94Y123        FDRE (Prop_fdre_C_Q)         0.433     5.922 f  u_top/u_atomik/banks[7].bank_acc_reg[7][18]/Q
                         net (fo=2, routed)           0.681     6.604    u_top/u_atomik/banks[7].bank_acc_reg[7][63]_0[18]
    SLICE_X103Y124       LUT4 (Prop_lut4_I2_O)        0.105     6.709 f  u_top/u_atomik/swap_data[18]_i_3/O
                         net (fo=1, routed)           0.633     7.341    u_top/u_atomik/swap_data[18]_i_3_n_0
    SLICE_X96Y122        LUT4 (Prop_lut4_I0_O)        0.105     7.446 f  u_top/u_atomik/swap_data[18]_i_2/O
                         net (fo=2, routed)           0.932     8.378    u_top/u_atomik/p_16_in[18]
    SLICE_X103Y121       LUT6 (Prop_lut6_I0_O)        0.105     8.483 r  u_top/u_atomik/core_resp_acc_zero_i_12/O
                         net (fo=1, routed)           0.523     9.005    u_top/u_atomik/core_resp_acc_zero_i_12_n_0
    SLICE_X105Y120       LUT6 (Prop_lut6_I4_O)        0.105     9.110 r  u_top/u_atomik/core_resp_acc_zero_i_5/O
                         net (fo=1, routed)           0.237     9.347    u_top/u_atomik/core_resp_acc_zero_i_5_n_0
    SLICE_X104Y121       LUT6 (Prop_lut6_I3_O)        0.105     9.452 r  u_top/u_atomik/core_resp_acc_zero_i_1_comp/O
                         net (fo=1, routed)           0.000     9.452    u_top/u_cdc/core_acc_zero
    SLICE_X104Y121       FDCE                                         r  u_top/u_cdc/core_resp_acc_zero_reg/D
  -------------------------------------------------------------------    -------------------

                         (clock atomik_clk rise edge)
                                                      3.750     3.750 r  
                         clock source latency         1.935     5.685    
                         propagated clock network latency
                                                      2.997     8.683    
                         clock pessimism              0.502     9.184    
                         clock uncertainty           -0.064     9.120    
    SLICE_X104Y121       FDCE (Setup_fdce_C_D)        0.072     9.192    u_top/u_cdc/core_resp_acc_zero_reg
  -------------------------------------------------------------------
                         required time                          9.192    
                         arrival time                          -9.452    
  -------------------------------------------------------------------
                         slack                                 -0.260    

Slack (VIOLATED) :        -0.260ns  (required time - arrival time)
  Source:                 u_top/u_atomik/banks[7].bank_acc_reg[7][18]/C
                            (rising edge-triggered cell FDRE clocked by atomik_clk  {rise@0.000ns fall@1.875ns period=3.750ns})
  Destination:            u_top/u_cdc/core_resp_acc_zero_reg/D
                            (rising edge-triggered cell FDCE clocked by atomik_clk  {rise@0.000ns fall@1.875ns period=3.750ns})
  Path Group:             atomik_clk
  Path Type:              Setup (Max at Slow Process Corner)
  Requirement:            3.750ns  (atomik_clk rise@3.750ns - atomik_clk rise@0.000ns)
  Data Path Delay:        3.963ns  (logic 0.958ns (24.175%)  route 3.005ns (75.825%))
  Logic Levels:           5  (LUT4=2 LUT6=3)
  Clock Path Skew:        -0.055ns (DCD - SCD + CPR)
    Destination Clock Delay (DCD):    4.933ns = ( 8.683 - 3.750 ) 
    Source Clock Delay      (SCD):    5.489ns
    Clock Pessimism Removal (CPR):    0.502ns
  Clock Uncertainty:      0.064ns  ((TSJ^2 + DJ^2)^1/2) / 2 + PE
    Total System Jitter     (TSJ):    0.071ns
    Discrete Jitter          (DJ):    0.107ns
    Phase Error              (PE):    0.000ns

    Location             Delay type                Incr(ns)  Path(ns)    Netlist Resource(s)
  -------------------------------------------------------------------    -------------------
                         (clock atomik_clk rise edge)
                                                      0.000     0.000 r  
                         clock source latency         2.177     2.177    
                         propagated clock network latency
                                                      3.312     5.489    
    SLICE_X94Y123        FDRE                         0.000     5.489 r  u_top/u_atomik/banks[7].bank_acc_reg[7][18]/C
    SLICE_X94Y123        FDRE (Prop_fdre_C_Q)         0.433     5.922 r  u_top/u_atomik/banks[7].bank_acc_reg[7][18]/Q
                         net (fo=2, routed)           0.681     6.604    u_top/u_atomik/banks[7].bank_acc_reg[7][63]_0[18]
    SLICE_X103Y124       LUT4 (Prop_lut4_I2_O)        0.105     6.709 r  u_top/u_atomik/swap_data[18]_i_3/O
                         net (fo=1, routed)           0.633     7.341    u_top/u_atomik/swap_data[18]_i_3_n_0
    SLICE_X96Y122        LUT4 (Prop_lut4_I0_O)        0.105     7.446 r  u_top/u_atomik/swap_data[18]_i_2/O
                         net (fo=2, routed)           0.932     8.378    u_top/u_atomik/p_16_in[18]
    SLICE_X103Y121       LUT6 (Prop_lut6_I0_O)        0.105     8.483 f  u_top/u_atomik/core_resp_acc_zero_i_12/O
                         net (fo=1, routed)           0.523     9.005    u_top/u_atomik/core_resp_acc_zero_i_12_n_0
    SLICE_X105Y120       LUT6 (Prop_lut6_I4_O)        0.105     9.110 f  u_top/u_atomik/core_resp_acc_zero_i_5/O
                         net (fo=1, routed)           0.237     9.347    u_top/u_atomik/core_resp_acc_zero_i_5_n_0
    SLICE_X104Y121       LUT6 (Prop_lut6_I3_O)        0.105     9.452 f  u_top/u_atomik/core_resp_acc_zero_i_1_comp/O
                         net (fo=1, routed)           0.000     9.452    u_top/u_cdc/core_acc_zero
    SLICE_X104Y121       FDCE                                         f  u_top/u_cdc/core_resp_acc_zero_reg/D
  -------------------------------------------------------------------    -------------------

                         (clock atomik_clk rise edge)
                                                      3.750     3.750 r  
                         clock source latency         1.935     5.685    
                         propagated clock network latency
                                                      2.997     8.683    
                         clock pessimism              0.502     9.184    
                         clock uncertainty           -0.064     9.120    
    SLICE_X104Y121       FDCE (Setup_fdce_C_D)        0.072     9.192    u_top/u_cdc/core_resp_acc_zero_reg
  -------------------------------------------------------------------
                         required time                          9.192    
                         arrival time                          -9.452    
  -------------------------------------------------------------------
                         slack                                 -0.260    




