Copyright 1986-2022 Xilinx, Inc. All Rights Reserved. Copyright 2022-2025 Advanced Micro Devices, Inc. All Rights Reserved.
----------------------------------------------------------------------------------------------------------------------------------------------------
| Tool Version : Vivado v.2025.2 (lin64) Build 6299465 Fri Nov 14 12:34:56 MST 2025
| Date         : Fri Mar 13 23:57:34 2026
| Host         : Jarvis running 64-bit Ubuntu 24.04.4 LTS
| Command      : report_timing -nworst 5 -path_type full -file /home/mattrock/Projects/ATOMiK/hardware/zynq/sweep/reports/crit_path_N512_F123p1.rpt
| Design       : sweep_top_N512_F123p1
| Device       : 7z020-clg400
| Speed File   : -2  PRODUCTION 1.12 2019-11-22
| Design State : Routed
----------------------------------------------------------------------------------------------------------------------------------------------------

Timing Report

Slack (MET) :             0.329ns  (required time - arrival time)
  Source:                 u_top/u_atomik/banks[0].bank_acc_reg[0][4]/C
                            (rising edge-triggered cell FDRE clocked by atomik_clk  {rise@0.000ns fall@4.062ns period=8.125ns})
  Destination:            u_top/u_cdc/core_resp_acc_zero_reg/D
                            (rising edge-triggered cell FDCE clocked by atomik_clk  {rise@0.000ns fall@4.062ns period=8.125ns})
  Path Group:             atomik_clk
  Path Type:              Setup (Max at Slow Process Corner)
  Requirement:            8.125ns  (atomik_clk rise@8.125ns - atomik_clk rise@0.000ns)
  Data Path Delay:        7.482ns  (logic 1.168ns (15.610%)  route 6.314ns (84.390%))
  Logic Levels:           7  (LUT4=1 LUT5=1 LUT6=5)
  Clock Path Skew:        -0.272ns (DCD - SCD + CPR)
    Destination Clock Delay (DCD):    4.721ns = ( 12.846 - 8.125 ) 
    Source Clock Delay      (SCD):    5.383ns
    Clock Pessimism Removal (CPR):    0.391ns
  Clock Uncertainty:      0.071ns  ((TSJ^2 + DJ^2)^1/2) / 2 + PE
    Total System Jitter     (TSJ):    0.071ns
    Discrete Jitter          (DJ):    0.124ns
    Phase Error              (PE):    0.000ns

    Location             Delay type                Incr(ns)  Path(ns)    Netlist Resource(s)
  -------------------------------------------------------------------    -------------------
                         (clock atomik_clk rise edge)
                                                      0.000     0.000 r  
                         clock source latency         2.177     2.177    
                         propagated clock network latency
                                                      3.206     5.383    
    SLICE_X0Y1           FDRE                         0.000     5.383 r  u_top/u_atomik/banks[0].bank_acc_reg[0][4]/C
    SLICE_X0Y1           FDRE (Prop_fdre_C_Q)         0.433     5.816 r  u_top/u_atomik/banks[0].bank_acc_reg[0][4]/Q
                         net (fo=2, routed)           0.829     6.645    u_top/u_atomik/banks[0].bank_acc_reg[0][63]_0[4]
    SLICE_X5Y3           LUT6 (Prop_lut6_I3_O)        0.105     6.750 r  u_top/u_atomik/core_resp_state[4]_i_54/O
                         net (fo=1, routed)           0.992     7.742    u_top/u_atomik/core_resp_state[4]_i_54_n_0
    SLICE_X5Y7           LUT6 (Prop_lut6_I3_O)        0.105     7.847 r  u_top/u_atomik/core_resp_state[4]_i_12/O
                         net (fo=1, routed)           1.773     9.620    u_top/u_atomik/core_resp_state[4]_i_12_n_0
    SLICE_X36Y36         LUT6 (Prop_lut6_I3_O)        0.105     9.725 r  u_top/u_atomik/core_resp_state[4]_i_4/O
                         net (fo=1, routed)           1.004    10.729    u_top/u_atomik/core_resp_state[4]_i_4_n_0
    SLICE_X45Y60         LUT5 (Prop_lut5_I1_O)        0.105    10.834 f  u_top/u_atomik/core_resp_state[4]_i_2/O
                         net (fo=2, routed)           0.918    11.752    u_top/u_atomik/p_512_in[4]
    SLICE_X54Y65         LUT6 (Prop_lut6_I2_O)        0.105    11.857 r  u_top/u_atomik/core_resp_acc_zero_i_6/O
                         net (fo=1, routed)           0.476    12.333    u_top/u_atomik/core_resp_acc_zero_i_6_n_0
    SLICE_X62Y67         LUT6 (Prop_lut6_I0_O)        0.105    12.438 r  u_top/u_atomik/core_resp_acc_zero_i_2/O
                         net (fo=1, routed)           0.323    12.761    u_top/u_atomik/core_resp_acc_zero_i_2_n_0
    SLICE_X61Y66         LUT4 (Prop_lut4_I0_O)        0.105    12.866 r  u_top/u_atomik/core_resp_acc_zero_i_1/O
                         net (fo=1, routed)           0.000    12.866    u_top/u_cdc/core_acc_zero
    SLICE_X61Y66         FDCE                                         r  u_top/u_cdc/core_resp_acc_zero_reg/D
  -------------------------------------------------------------------    -------------------

                         (clock atomik_clk rise edge)
                                                      8.125     8.125 r  
                         clock source latency         1.935    10.060    
                         propagated clock network latency
                                                      2.786    12.846    
                         clock pessimism              0.391    13.237    
                         clock uncertainty           -0.071    13.165    
    SLICE_X61Y66         FDCE (Setup_fdce_C_D)        0.030    13.195    u_top/u_cdc/core_resp_acc_zero_reg
  -------------------------------------------------------------------
                         required time                         13.195    
                         arrival time                         -12.866    
  -------------------------------------------------------------------
                         slack                                  0.329    

Slack (MET) :             0.329ns  (required time - arrival time)
  Source:                 u_top/u_atomik/banks[0].bank_acc_reg[0][4]/C
                            (rising edge-triggered cell FDRE clocked by atomik_clk  {rise@0.000ns fall@4.062ns period=8.125ns})
  Destination:            u_top/u_cdc/core_resp_acc_zero_reg/D
                            (rising edge-triggered cell FDCE clocked by atomik_clk  {rise@0.000ns fall@4.062ns period=8.125ns})
  Path Group:             atomik_clk
  Path Type:              Setup (Max at Slow Process Corner)
  Requirement:            8.125ns  (atomik_clk rise@8.125ns - atomik_clk rise@0.000ns)
  Data Path Delay:        7.482ns  (logic 1.168ns (15.610%)  route 6.314ns (84.390%))
  Logic Levels:           7  (LUT4=1 LUT5=1 LUT6=5)
  Clock Path Skew:        -0.272ns (DCD - SCD + CPR)
    Destination Clock Delay (DCD):    4.721ns = ( 12.846 - 8.125 ) 
    Source Clock Delay      (SCD):    5.383ns
    Clock Pessimism Removal (CPR):    0.391ns
  Clock Uncertainty:      0.071ns  ((TSJ^2 + DJ^2)^1/2) / 2 + PE
    Total System Jitter     (TSJ):    0.071ns
    Discrete Jitter          (DJ):    0.124ns
    Phase Error              (PE):    0.000ns

    Location             Delay type                Incr(ns)  Path(ns)    Netlist Resource(s)
  -------------------------------------------------------------------    -------------------
                         (clock atomik_clk rise edge)
                                                      0.000     0.000 r  
                         clock source latency         2.177     2.177    
                         propagated clock network latency
                                                      3.206     5.383    
    SLICE_X0Y1           FDRE                         0.000     5.383 r  u_top/u_atomik/banks[0].bank_acc_reg[0][4]/C
    SLICE_X0Y1           FDRE (Prop_fdre_C_Q)         0.433     5.816 r  u_top/u_atomik/banks[0].bank_acc_reg[0][4]/Q
                         net (fo=2, routed)           0.829     6.645    u_top/u_atomik/banks[0].bank_acc_reg[0][63]_0[4]
    SLICE_X5Y3           LUT6 (Prop_lut6_I3_O)        0.105     6.750 f  u_top/u_atomik/core_resp_state[4]_i_54/O
                         net (fo=1, routed)           0.992     7.742    u_top/u_atomik/core_resp_state[4]_i_54_n_0
    SLICE_X5Y7           LUT6 (Prop_lut6_I3_O)        0.105     7.847 r  u_top/u_atomik/core_resp_state[4]_i_12/O
                         net (fo=1, routed)           1.773     9.620    u_top/u_atomik/core_resp_state[4]_i_12_n_0
    SLICE_X36Y36         LUT6 (Prop_lut6_I3_O)        0.105     9.725 r  u_top/u_atomik/core_resp_state[4]_i_4/O
                         net (fo=1, routed)           1.004    10.729    u_top/u_atomik/core_resp_state[4]_i_4_n_0
    SLICE_X45Y60         LUT5 (Prop_lut5_I1_O)        0.105    10.834 f  u_top/u_atomik/core_resp_state[4]_i_2/O
                         net (fo=2, routed)           0.918    11.752    u_top/u_atomik/p_512_in[4]
    SLICE_X54Y65         LUT6 (Prop_lut6_I2_O)        0.105    11.857 r  u_top/u_atomik/core_resp_acc_zero_i_6/O
                         net (fo=1, routed)           0.476    12.333    u_top/u_atomik/core_resp_acc_zero_i_6_n_0
    SLICE_X62Y67         LUT6 (Prop_lut6_I0_O)        0.105    12.438 r  u_top/u_atomik/core_resp_acc_zero_i_2/O
                         net (fo=1, routed)           0.323    12.761    u_top/u_atomik/core_resp_acc_zero_i_2_n_0
    SLICE_X61Y66         LUT4 (Prop_lut4_I0_O)        0.105    12.866 r  u_top/u_atomik/core_resp_acc_zero_i_1/O
                         net (fo=1, routed)           0.000    12.866    u_top/u_cdc/core_acc_zero
    SLICE_X61Y66         FDCE                                         r  u_top/u_cdc/core_resp_acc_zero_reg/D
  -------------------------------------------------------------------    -------------------

                         (clock atomik_clk rise edge)
                                                      8.125     8.125 r  
                         clock source latency         1.935    10.060    
                         propagated clock network latency
                                                      2.786    12.846    
                         clock pessimism              0.391    13.237    
                         clock uncertainty           -0.071    13.165    
    SLICE_X61Y66         FDCE (Setup_fdce_C_D)        0.030    13.195    u_top/u_cdc/core_resp_acc_zero_reg
  -------------------------------------------------------------------
                         required time                         13.195    
                         arrival time                         -12.866    
  -------------------------------------------------------------------
                         slack                                  0.329    

Slack (MET) :             0.329ns  (required time - arrival time)
  Source:                 u_top/u_atomik/banks[0].bank_acc_reg[0][4]/C
                            (rising edge-triggered cell FDRE clocked by atomik_clk  {rise@0.000ns fall@4.062ns period=8.125ns})
  Destination:            u_top/u_cdc/core_resp_acc_zero_reg/D
                            (rising edge-triggered cell FDCE clocked by atomik_clk  {rise@0.000ns fall@4.062ns period=8.125ns})
  Path Group:             atomik_clk
  Path Type:              Setup (Max at Slow Process Corner)
  Requirement:            8.125ns  (atomik_clk rise@8.125ns - atomik_clk rise@0.000ns)
  Data Path Delay:        7.482ns  (logic 1.168ns (15.610%)  route 6.314ns (84.390%))
  Logic Levels:           7  (LUT4=1 LUT5=1 LUT6=5)
  Clock Path Skew:        -0.272ns (DCD - SCD + CPR)
    Destination Clock Delay (DCD):    4.721ns = ( 12.846 - 8.125 ) 
    Source Clock Delay      (SCD):    5.383ns
    Clock Pessimism Removal (CPR):    0.391ns
  Clock Uncertainty:      0.071ns  ((TSJ^2 + DJ^2)^1/2) / 2 + PE
    Total System Jitter     (TSJ):    0.071ns
    Discrete Jitter          (DJ):    0.124ns
    Phase Error              (PE):    0.000ns

    Location             Delay type                Incr(ns)  Path(ns)    Netlist Resource(s)
  -------------------------------------------------------------------    -------------------
                         (clock atomik_clk rise edge)
                                                      0.000     0.000 r  
                         clock source latency         2.177     2.177    
                         propagated clock network latency
                                                      3.206     5.383    
    SLICE_X0Y1           FDRE                         0.000     5.383 r  u_top/u_atomik/banks[0].bank_acc_reg[0][4]/C
    SLICE_X0Y1           FDRE (Prop_fdre_C_Q)         0.433     5.816 r  u_top/u_atomik/banks[0].bank_acc_reg[0][4]/Q
                         net (fo=2, routed)           0.829     6.645    u_top/u_atomik/banks[0].bank_acc_reg[0][63]_0[4]
    SLICE_X5Y3           LUT6 (Prop_lut6_I3_O)        0.105     6.750 r  u_top/u_atomik/core_resp_state[4]_i_54/O
                         net (fo=1, routed)           0.992     7.742    u_top/u_atomik/core_resp_state[4]_i_54_n_0
    SLICE_X5Y7           LUT6 (Prop_lut6_I3_O)        0.105     7.847 r  u_top/u_atomik/core_resp_state[4]_i_12/O
                         net (fo=1, routed)           1.773     9.620    u_top/u_atomik/core_resp_state[4]_i_12_n_0
    SLICE_X36Y36         LUT6 (Prop_lut6_I3_O)        0.105     9.725 f  u_top/u_atomik/core_resp_state[4]_i_4/O
                         net (fo=1, routed)           1.004    10.729    u_top/u_atomik/core_resp_state[4]_i_4_n_0
    SLICE_X45Y60         LUT5 (Prop_lut5_I1_O)        0.105    10.834 f  u_top/u_atomik/core_resp_state[4]_i_2/O
                         net (fo=2, routed)           0.918    11.752    u_top/u_atomik/p_512_in[4]
    SLICE_X54Y65         LUT6 (Prop_lut6_I2_O)        0.105    11.857 r  u_top/u_atomik/core_resp_acc_zero_i_6/O
                         net (fo=1, routed)           0.476    12.333    u_top/u_atomik/core_resp_acc_zero_i_6_n_0
    SLICE_X62Y67         LUT6 (Prop_lut6_I0_O)        0.105    12.438 r  u_top/u_atomik/core_resp_acc_zero_i_2/O
                         net (fo=1, routed)           0.323    12.761    u_top/u_atomik/core_resp_acc_zero_i_2_n_0
    SLICE_X61Y66         LUT4 (Prop_lut4_I0_O)        0.105    12.866 r  u_top/u_atomik/core_resp_acc_zero_i_1/O
                         net (fo=1, routed)           0.000    12.866    u_top/u_cdc/core_acc_zero
    SLICE_X61Y66         FDCE                                         r  u_top/u_cdc/core_resp_acc_zero_reg/D
  -------------------------------------------------------------------    -------------------

                         (clock atomik_clk rise edge)
                                                      8.125     8.125 r  
                         clock source latency         1.935    10.060    
                         propagated clock network latency
                                                      2.786    12.846    
                         clock pessimism              0.391    13.237    
                         clock uncertainty           -0.071    13.165    
    SLICE_X61Y66         FDCE (Setup_fdce_C_D)        0.030    13.195    u_top/u_cdc/core_resp_acc_zero_reg
  -------------------------------------------------------------------
                         required time                         13.195    
                         arrival time                         -12.866    
  -------------------------------------------------------------------
                         slack                                  0.329    

Slack (MET) :             0.329ns  (required time - arrival time)
  Source:                 u_top/u_atomik/banks[0].bank_acc_reg[0][4]/C
                            (rising edge-triggered cell FDRE clocked by atomik_clk  {rise@0.000ns fall@4.062ns period=8.125ns})
  Destination:            u_top/u_cdc/core_resp_acc_zero_reg/D
                            (rising edge-triggered cell FDCE clocked by atomik_clk  {rise@0.000ns fall@4.062ns period=8.125ns})
  Path Group:             atomik_clk
  Path Type:              Setup (Max at Slow Process Corner)
  Requirement:            8.125ns  (atomik_clk rise@8.125ns - atomik_clk rise@0.000ns)
  Data Path Delay:        7.482ns  (logic 1.168ns (15.610%)  route 6.314ns (84.390%))
  Logic Levels:           7  (LUT4=1 LUT5=1 LUT6=5)
  Clock Path Skew:        -0.272ns (DCD - SCD + CPR)
    Destination Clock Delay (DCD):    4.721ns = ( 12.846 - 8.125 ) 
    Source Clock Delay      (SCD):    5.383ns
    Clock Pessimism Removal (CPR):    0.391ns
  Clock Uncertainty:      0.071ns  ((TSJ^2 + DJ^2)^1/2) / 2 + PE
    Total System Jitter     (TSJ):    0.071ns
    Discrete Jitter          (DJ):    0.124ns
    Phase Error              (PE):    0.000ns

    Location             Delay type                Incr(ns)  Path(ns)    Netlist Resource(s)
  -------------------------------------------------------------------    -------------------
                         (clock atomik_clk rise edge)
                                                      0.000     0.000 r  
                         clock source latency         2.177     2.177    
                         propagated clock network latency
                                                      3.206     5.383    
    SLICE_X0Y1           FDRE                         0.000     5.383 r  u_top/u_atomik/banks[0].bank_acc_reg[0][4]/C
    SLICE_X0Y1           FDRE (Prop_fdre_C_Q)         0.433     5.816 r  u_top/u_atomik/banks[0].bank_acc_reg[0][4]/Q
                         net (fo=2, routed)           0.829     6.645    u_top/u_atomik/banks[0].bank_acc_reg[0][63]_0[4]
    SLICE_X5Y3           LUT6 (Prop_lut6_I3_O)        0.105     6.750 f  u_top/u_atomik/core_resp_state[4]_i_54/O
                         net (fo=1, routed)           0.992     7.742    u_top/u_atomik/core_resp_state[4]_i_54_n_0
    SLICE_X5Y7           LUT6 (Prop_lut6_I3_O)        0.105     7.847 r  u_top/u_atomik/core_resp_state[4]_i_12/O
                         net (fo=1, routed)           1.773     9.620    u_top/u_atomik/core_resp_state[4]_i_12_n_0
    SLICE_X36Y36         LUT6 (Prop_lut6_I3_O)        0.105     9.725 f  u_top/u_atomik/core_resp_state[4]_i_4/O
                         net (fo=1, routed)           1.004    10.729    u_top/u_atomik/core_resp_state[4]_i_4_n_0
    SLICE_X45Y60         LUT5 (Prop_lut5_I1_O)        0.105    10.834 f  u_top/u_atomik/core_resp_state[4]_i_2/O
                         net (fo=2, routed)           0.918    11.752    u_top/u_atomik/p_512_in[4]
    SLICE_X54Y65         LUT6 (Prop_lut6_I2_O)        0.105    11.857 r  u_top/u_atomik/core_resp_acc_zero_i_6/O
                         net (fo=1, routed)           0.476    12.333    u_top/u_atomik/core_resp_acc_zero_i_6_n_0
    SLICE_X62Y67         LUT6 (Prop_lut6_I0_O)        0.105    12.438 r  u_top/u_atomik/core_resp_acc_zero_i_2/O
                         net (fo=1, routed)           0.323    12.761    u_top/u_atomik/core_resp_acc_zero_i_2_n_0
    SLICE_X61Y66         LUT4 (Prop_lut4_I0_O)        0.105    12.866 r  u_top/u_atomik/core_resp_acc_zero_i_1/O
                         net (fo=1, routed)           0.000    12.866    u_top/u_cdc/core_acc_zero
    SLICE_X61Y66         FDCE                                         r  u_top/u_cdc/core_resp_acc_zero_reg/D
  -------------------------------------------------------------------    -------------------

                         (clock atomik_clk rise edge)
                                                      8.125     8.125 r  
                         clock source latency         1.935    10.060    
                         propagated clock network latency
                                                      2.786    12.846    
                         clock pessimism              0.391    13.237    
                         clock uncertainty           -0.071    13.165    
    SLICE_X61Y66         FDCE (Setup_fdce_C_D)        0.030    13.195    u_top/u_cdc/core_resp_acc_zero_reg
  -------------------------------------------------------------------
                         required time                         13.195    
                         arrival time                         -12.866    
  -------------------------------------------------------------------
                         slack                                  0.329    

Slack (MET) :             0.329ns  (required time - arrival time)
  Source:                 u_top/u_atomik/banks[0].bank_acc_reg[0][4]/C
                            (rising edge-triggered cell FDRE clocked by atomik_clk  {rise@0.000ns fall@4.062ns period=8.125ns})
  Destination:            u_top/u_cdc/core_resp_acc_zero_reg/D
                            (rising edge-triggered cell FDCE clocked by atomik_clk  {rise@0.000ns fall@4.062ns period=8.125ns})
  Path Group:             atomik_clk
  Path Type:              Setup (Max at Slow Process Corner)
  Requirement:            8.125ns  (atomik_clk rise@8.125ns - atomik_clk rise@0.000ns)
  Data Path Delay:        7.482ns  (logic 1.168ns (15.610%)  route 6.314ns (84.390%))
  Logic Levels:           7  (LUT4=1 LUT5=1 LUT6=5)
  Clock Path Skew:        -0.272ns (DCD - SCD + CPR)
    Destination Clock Delay (DCD):    4.721ns = ( 12.846 - 8.125 ) 
    Source Clock Delay      (SCD):    5.383ns
    Clock Pessimism Removal (CPR):    0.391ns
  Clock Uncertainty:      0.071ns  ((TSJ^2 + DJ^2)^1/2) / 2 + PE
    Total System Jitter     (TSJ):    0.071ns
    Discrete Jitter          (DJ):    0.124ns
    Phase Error              (PE):    0.000ns

    Location             Delay type                Incr(ns)  Path(ns)    Netlist Resource(s)
  -------------------------------------------------------------------    -------------------
                         (clock atomik_clk rise edge)
                                                      0.000     0.000 r  
                         clock source latency         2.177     2.177    
                         propagated clock network latency
                                                      3.206     5.383    
    SLICE_X0Y1           FDRE                         0.000     5.383 r  u_top/u_atomik/banks[0].bank_acc_reg[0][4]/C
    SLICE_X0Y1           FDRE (Prop_fdre_C_Q)         0.433     5.816 r  u_top/u_atomik/banks[0].bank_acc_reg[0][4]/Q
                         net (fo=2, routed)           0.829     6.645    u_top/u_atomik/banks[0].bank_acc_reg[0][63]_0[4]
    SLICE_X5Y3           LUT6 (Prop_lut6_I3_O)        0.105     6.750 r  u_top/u_atomik/core_resp_state[4]_i_54/O
                         net (fo=1, routed)           0.992     7.742    u_top/u_atomik/core_resp_state[4]_i_54_n_0
    SLICE_X5Y7           LUT6 (Prop_lut6_I3_O)        0.105     7.847 f  u_top/u_atomik/core_resp_state[4]_i_12/O
                         net (fo=1, routed)           1.773     9.620    u_top/u_atomik/core_resp_state[4]_i_12_n_0
    SLICE_X36Y36         LUT6 (Prop_lut6_I3_O)        0.105     9.725 f  u_top/u_atomik/core_resp_state[4]_i_4/O
                         net (fo=1, routed)           1.004    10.729    u_top/u_atomik/core_resp_state[4]_i_4_n_0
    SLICE_X45Y60         LUT5 (Prop_lut5_I1_O)        0.105    10.834 f  u_top/u_atomik/core_resp_state[4]_i_2/O
                         net (fo=2, routed)           0.918    11.752    u_top/u_atomik/p_512_in[4]
    SLICE_X54Y65         LUT6 (Prop_lut6_I2_O)        0.105    11.857 r  u_top/u_atomik/core_resp_acc_zero_i_6/O
                         net (fo=1, routed)           0.476    12.333    u_top/u_atomik/core_resp_acc_zero_i_6_n_0
    SLICE_X62Y67         LUT6 (Prop_lut6_I0_O)        0.105    12.438 r  u_top/u_atomik/core_resp_acc_zero_i_2/O
                         net (fo=1, routed)           0.323    12.761    u_top/u_atomik/core_resp_acc_zero_i_2_n_0
    SLICE_X61Y66         LUT4 (Prop_lut4_I0_O)        0.105    12.866 r  u_top/u_atomik/core_resp_acc_zero_i_1/O
                         net (fo=1, routed)           0.000    12.866    u_top/u_cdc/core_acc_zero
    SLICE_X61Y66         FDCE                                         r  u_top/u_cdc/core_resp_acc_zero_reg/D
  -------------------------------------------------------------------    -------------------

                         (clock atomik_clk rise edge)
                                                      8.125     8.125 r  
                         clock source latency         1.935    10.060    
                         propagated clock network latency
                                                      2.786    12.846    
                         clock pessimism              0.391    13.237    
                         clock uncertainty           -0.071    13.165    
    SLICE_X61Y66         FDCE (Setup_fdce_C_D)        0.030    13.195    u_top/u_cdc/core_resp_acc_zero_reg
  -------------------------------------------------------------------
                         required time                         13.195    
                         arrival time                         -12.866    
  -------------------------------------------------------------------
                         slack                                  0.329    




