Copyright 1986-2022 Xilinx, Inc. All Rights Reserved. Copyright 2022-2025 Advanced Micro Devices, Inc. All Rights Reserved.
-------------------------------------------------------------------------------------------------------------------------------------------------------
| Tool Version : Vivado v.2025.2 (lin64) Build 6299465 Fri Nov 14 12:34:56 MST 2025
| Date         : Fri Mar 13 11:13:04 2026
| Host         : Jarvis running 64-bit Ubuntu 24.04.4 LTS
| Command      : report_timing -nworst 5 -path_type full -file /home/mattrock/Projects/ATOMiK/hardware/zynq/sweep/reports/crit_path_N1_F444p4_area.rpt
| Design       : sweep_top_N1_F444p4_area
| Device       : 7z020-clg400
| Speed File   : -2  PRODUCTION 1.12 2019-11-22
| Design State : Routed
-------------------------------------------------------------------------------------------------------------------------------------------------------

Timing Report

Slack (VIOLATED) :        -0.026ns  (required time - arrival time)
  Source:                 u_top/u_cdc/core_load_en_reg/C
                            (rising edge-triggered cell FDCE clocked by atomik_clk  {rise@0.000ns fall@1.125ns period=2.250ns})
  Destination:            u_top/u_atomik/u_state_bram/xpm_memory_base_inst/gen_wr_a.gen_word_narrow.mem_reg/DIBDI[27]
                            (rising edge-triggered cell RAMB36E1 clocked by atomik_clk  {rise@0.000ns fall@1.125ns period=2.250ns})
  Path Group:             atomik_clk
  Path Type:              Setup (Max at Slow Process Corner)
  Requirement:            2.250ns  (atomik_clk rise@2.250ns - atomik_clk rise@0.000ns)
  Data Path Delay:        1.868ns  (logic 0.487ns (26.067%)  route 1.381ns (73.933%))
  Logic Levels:           1  (LUT3=1)
  Clock Path Skew:        0.029ns (DCD - SCD + CPR)
    Destination Clock Delay (DCD):    4.825ns = ( 7.075 - 2.250 ) 
    Source Clock Delay      (SCD):    5.282ns
    Clock Pessimism Removal (CPR):    0.487ns
  Clock Uncertainty:      0.060ns  ((TSJ^2 + DJ^2)^1/2) / 2 + PE
    Total System Jitter     (TSJ):    0.071ns
    Discrete Jitter          (DJ):    0.097ns
    Phase Error              (PE):    0.000ns

    Location             Delay type                Incr(ns)  Path(ns)    Netlist Resource(s)
  -------------------------------------------------------------------    -------------------
                         (clock atomik_clk rise edge)
                                                      0.000     0.000 r  
                         clock source latency         2.177     2.177    
                         propagated clock network latency
                                                      3.105     5.282    
    SLICE_X81Y97         FDCE                         0.000     5.282 r  u_top/u_cdc/core_load_en_reg/C
    SLICE_X81Y97         FDCE (Prop_fdce_C_Q)         0.379     5.661 r  u_top/u_cdc/core_load_en_reg/Q
                         net (fo=74, routed)          1.016     6.678    u_top/u_cdc/core_load_en
    SLICE_X93Y99         LUT3 (Prop_lut3_I2_O)        0.108     6.786 r  u_top/u_cdc/atomik_cdc_brid_LUT3_62/O
                         net (fo=1, routed)           0.365     7.151    u_top/u_atomik/u_state_bram/xpm_memory_base_inst/dina[59]
    RAMB36_X4Y19         RAMB36E1                                     r  u_top/u_atomik/u_state_bram/xpm_memory_base_inst/gen_wr_a.gen_word_narrow.mem_reg/DIBDI[27]
  -------------------------------------------------------------------    -------------------

                         (clock atomik_clk rise edge)
                                                      2.250     2.250 r  
                         clock source latency         1.935     4.185    
                         propagated clock network latency
                                                      2.889     7.075    
                         clock pessimism              0.487     7.561    
                         clock uncertainty           -0.060     7.501    
    RAMB36_X4Y19         RAMB36E1 (Setup_ramb36e1_CLKBWRCLK_DIBDI[27])
                                                     -0.376     7.125    u_top/u_atomik/u_state_bram/xpm_memory_base_inst/gen_wr_a.gen_word_narrow.mem_reg
  -------------------------------------------------------------------
                         required time                          7.125    
                         arrival time                          -7.151    
  -------------------------------------------------------------------
                         slack                                 -0.026    

Slack (VIOLATED) :        -0.026ns  (required time - arrival time)
  Source:                 u_top/u_cdc/core_load_en_reg/C
                            (rising edge-triggered cell FDCE clocked by atomik_clk  {rise@0.000ns fall@1.125ns period=2.250ns})
  Destination:            u_top/u_atomik/u_state_bram/xpm_memory_base_inst/gen_wr_a.gen_word_narrow.mem_reg/DIBDI[27]
                            (rising edge-triggered cell RAMB36E1 clocked by atomik_clk  {rise@0.000ns fall@1.125ns period=2.250ns})
  Path Group:             atomik_clk
  Path Type:              Setup (Max at Slow Process Corner)
  Requirement:            2.250ns  (atomik_clk rise@2.250ns - atomik_clk rise@0.000ns)
  Data Path Delay:        1.868ns  (logic 0.487ns (26.067%)  route 1.381ns (73.933%))
  Logic Levels:           1  (LUT3=1)
  Clock Path Skew:        0.029ns (DCD - SCD + CPR)
    Destination Clock Delay (DCD):    4.825ns = ( 7.075 - 2.250 ) 
    Source Clock Delay      (SCD):    5.282ns
    Clock Pessimism Removal (CPR):    0.487ns
  Clock Uncertainty:      0.060ns  ((TSJ^2 + DJ^2)^1/2) / 2 + PE
    Total System Jitter     (TSJ):    0.071ns
    Discrete Jitter          (DJ):    0.097ns
    Phase Error              (PE):    0.000ns

    Location             Delay type                Incr(ns)  Path(ns)    Netlist Resource(s)
  -------------------------------------------------------------------    -------------------
                         (clock atomik_clk rise edge)
                                                      0.000     0.000 r  
                         clock source latency         2.177     2.177    
                         propagated clock network latency
                                                      3.105     5.282    
    SLICE_X81Y97         FDCE                         0.000     5.282 r  u_top/u_cdc/core_load_en_reg/C
    SLICE_X81Y97         FDCE (Prop_fdce_C_Q)         0.379     5.661 f  u_top/u_cdc/core_load_en_reg/Q
                         net (fo=74, routed)          1.016     6.678    u_top/u_cdc/core_load_en
    SLICE_X93Y99         LUT3 (Prop_lut3_I2_O)        0.108     6.786 r  u_top/u_cdc/atomik_cdc_brid_LUT3_62/O
                         net (fo=1, routed)           0.365     7.151    u_top/u_atomik/u_state_bram/xpm_memory_base_inst/dina[59]
    RAMB36_X4Y19         RAMB36E1                                     r  u_top/u_atomik/u_state_bram/xpm_memory_base_inst/gen_wr_a.gen_word_narrow.mem_reg/DIBDI[27]
  -------------------------------------------------------------------    -------------------

                         (clock atomik_clk rise edge)
                                                      2.250     2.250 r  
                         clock source latency         1.935     4.185    
                         propagated clock network latency
                                                      2.889     7.075    
                         clock pessimism              0.487     7.561    
                         clock uncertainty           -0.060     7.501    
    RAMB36_X4Y19         RAMB36E1 (Setup_ramb36e1_CLKBWRCLK_DIBDI[27])
                                                     -0.376     7.125    u_top/u_atomik/u_state_bram/xpm_memory_base_inst/gen_wr_a.gen_word_narrow.mem_reg
  -------------------------------------------------------------------
                         required time                          7.125    
                         arrival time                          -7.151    
  -------------------------------------------------------------------
                         slack                                 -0.026    

Slack (VIOLATED) :        -0.026ns  (required time - arrival time)
  Source:                 u_top/u_cdc/core_load_en_reg/C
                            (rising edge-triggered cell FDCE clocked by atomik_clk  {rise@0.000ns fall@1.125ns period=2.250ns})
  Destination:            u_top/u_atomik/u_state_bram/xpm_memory_base_inst/gen_wr_a.gen_word_narrow.mem_reg/DIBDI[27]
                            (rising edge-triggered cell RAMB36E1 clocked by atomik_clk  {rise@0.000ns fall@1.125ns period=2.250ns})
  Path Group:             atomik_clk
  Path Type:              Setup (Max at Slow Process Corner)
  Requirement:            2.250ns  (atomik_clk rise@2.250ns - atomik_clk rise@0.000ns)
  Data Path Delay:        1.868ns  (logic 0.487ns (26.067%)  route 1.381ns (73.933%))
  Logic Levels:           1  (LUT3=1)
  Clock Path Skew:        0.029ns (DCD - SCD + CPR)
    Destination Clock Delay (DCD):    4.825ns = ( 7.075 - 2.250 ) 
    Source Clock Delay      (SCD):    5.282ns
    Clock Pessimism Removal (CPR):    0.487ns
  Clock Uncertainty:      0.060ns  ((TSJ^2 + DJ^2)^1/2) / 2 + PE
    Total System Jitter     (TSJ):    0.071ns
    Discrete Jitter          (DJ):    0.097ns
    Phase Error              (PE):    0.000ns

    Location             Delay type                Incr(ns)  Path(ns)    Netlist Resource(s)
  -------------------------------------------------------------------    -------------------
                         (clock atomik_clk rise edge)
                                                      0.000     0.000 r  
                         clock source latency         2.177     2.177    
                         propagated clock network latency
                                                      3.105     5.282    
    SLICE_X81Y97         FDCE                         0.000     5.282 r  u_top/u_cdc/core_load_en_reg/C
    SLICE_X81Y97         FDCE (Prop_fdce_C_Q)         0.379     5.661 r  u_top/u_cdc/core_load_en_reg/Q
                         net (fo=74, routed)          1.016     6.678    u_top/u_cdc/core_load_en
    SLICE_X93Y99         LUT3 (Prop_lut3_I2_O)        0.108     6.786 f  u_top/u_cdc/atomik_cdc_brid_LUT3_62/O
                         net (fo=1, routed)           0.365     7.151    u_top/u_atomik/u_state_bram/xpm_memory_base_inst/dina[59]
    RAMB36_X4Y19         RAMB36E1                                     f  u_top/u_atomik/u_state_bram/xpm_memory_base_inst/gen_wr_a.gen_word_narrow.mem_reg/DIBDI[27]
  -------------------------------------------------------------------    -------------------

                         (clock atomik_clk rise edge)
                                                      2.250     2.250 r  
                         clock source latency         1.935     4.185    
                         propagated clock network latency
                                                      2.889     7.075    
                         clock pessimism              0.487     7.561    
                         clock uncertainty           -0.060     7.501    
    RAMB36_X4Y19         RAMB36E1 (Setup_ramb36e1_CLKBWRCLK_DIBDI[27])
                                                     -0.376     7.125    u_top/u_atomik/u_state_bram/xpm_memory_base_inst/gen_wr_a.gen_word_narrow.mem_reg
  -------------------------------------------------------------------
                         required time                          7.125    
                         arrival time                          -7.151    
  -------------------------------------------------------------------
                         slack                                 -0.026    

Slack (VIOLATED) :        -0.026ns  (required time - arrival time)
  Source:                 u_top/u_cdc/core_load_en_reg/C
                            (rising edge-triggered cell FDCE clocked by atomik_clk  {rise@0.000ns fall@1.125ns period=2.250ns})
  Destination:            u_top/u_atomik/u_state_bram/xpm_memory_base_inst/gen_wr_a.gen_word_narrow.mem_reg/DIBDI[27]
                            (rising edge-triggered cell RAMB36E1 clocked by atomik_clk  {rise@0.000ns fall@1.125ns period=2.250ns})
  Path Group:             atomik_clk
  Path Type:              Setup (Max at Slow Process Corner)
  Requirement:            2.250ns  (atomik_clk rise@2.250ns - atomik_clk rise@0.000ns)
  Data Path Delay:        1.868ns  (logic 0.487ns (26.067%)  route 1.381ns (73.933%))
  Logic Levels:           1  (LUT3=1)
  Clock Path Skew:        0.029ns (DCD - SCD + CPR)
    Destination Clock Delay (DCD):    4.825ns = ( 7.075 - 2.250 ) 
    Source Clock Delay      (SCD):    5.282ns
    Clock Pessimism Removal (CPR):    0.487ns
  Clock Uncertainty:      0.060ns  ((TSJ^2 + DJ^2)^1/2) / 2 + PE
    Total System Jitter     (TSJ):    0.071ns
    Discrete Jitter          (DJ):    0.097ns
    Phase Error              (PE):    0.000ns

    Location             Delay type                Incr(ns)  Path(ns)    Netlist Resource(s)
  -------------------------------------------------------------------    -------------------
                         (clock atomik_clk rise edge)
                                                      0.000     0.000 r  
                         clock source latency         2.177     2.177    
                         propagated clock network latency
                                                      3.105     5.282    
    SLICE_X81Y97         FDCE                         0.000     5.282 r  u_top/u_cdc/core_load_en_reg/C
    SLICE_X81Y97         FDCE (Prop_fdce_C_Q)         0.379     5.661 f  u_top/u_cdc/core_load_en_reg/Q
                         net (fo=74, routed)          1.016     6.678    u_top/u_cdc/core_load_en
    SLICE_X93Y99         LUT3 (Prop_lut3_I2_O)        0.108     6.786 f  u_top/u_cdc/atomik_cdc_brid_LUT3_62/O
                         net (fo=1, routed)           0.365     7.151    u_top/u_atomik/u_state_bram/xpm_memory_base_inst/dina[59]
    RAMB36_X4Y19         RAMB36E1                                     f  u_top/u_atomik/u_state_bram/xpm_memory_base_inst/gen_wr_a.gen_word_narrow.mem_reg/DIBDI[27]
  -------------------------------------------------------------------    -------------------

                         (clock atomik_clk rise edge)
                                                      2.250     2.250 r  
                         clock source latency         1.935     4.185    
                         propagated clock network latency
                                                      2.889     7.075    
                         clock pessimism              0.487     7.561    
                         clock uncertainty           -0.060     7.501    
    RAMB36_X4Y19         RAMB36E1 (Setup_ramb36e1_CLKBWRCLK_DIBDI[27])
                                                     -0.376     7.125    u_top/u_atomik/u_state_bram/xpm_memory_base_inst/gen_wr_a.gen_word_narrow.mem_reg
  -------------------------------------------------------------------
                         required time                          7.125    
                         arrival time                          -7.151    
  -------------------------------------------------------------------
                         slack                                 -0.026    

Slack (VIOLATED) :        -0.010ns  (required time - arrival time)
  Source:                 u_top/u_cdc/core_load_en_reg/C
                            (rising edge-triggered cell FDCE clocked by atomik_clk  {rise@0.000ns fall@1.125ns period=2.250ns})
  Destination:            u_top/u_atomik/active_addr_reg[0]/CE
                            (rising edge-triggered cell FDRE clocked by atomik_clk  {rise@0.000ns fall@1.125ns period=2.250ns})
  Path Group:             atomik_clk
  Path Type:              Setup (Max at Slow Process Corner)
  Requirement:            2.250ns  (atomik_clk rise@2.250ns - atomik_clk rise@0.000ns)
  Data Path Delay:        1.809ns  (logic 0.487ns (26.924%)  route 1.322ns (73.076%))
  Logic Levels:           1  (LUT2=1)
  Clock Path Skew:        -0.061ns (DCD - SCD + CPR)
    Destination Clock Delay (DCD):    4.735ns = ( 6.985 - 2.250 ) 
    Source Clock Delay      (SCD):    5.282ns
    Clock Pessimism Removal (CPR):    0.487ns
  Clock Uncertainty:      0.060ns  ((TSJ^2 + DJ^2)^1/2) / 2 + PE
    Total System Jitter     (TSJ):    0.071ns
    Discrete Jitter          (DJ):    0.097ns
    Phase Error              (PE):    0.000ns

    Location             Delay type                Incr(ns)  Path(ns)    Netlist Resource(s)
  -------------------------------------------------------------------    -------------------
                         (clock atomik_clk rise edge)
                                                      0.000     0.000 r  
                         clock source latency         2.177     2.177    
                         propagated clock network latency
                                                      3.105     5.282    
    SLICE_X81Y97         FDCE                         0.000     5.282 r  u_top/u_cdc/core_load_en_reg/C
    SLICE_X81Y97         FDCE (Prop_fdce_C_Q)         0.379     5.661 r  u_top/u_cdc/core_load_en_reg/Q
                         net (fo=74, routed)          0.804     6.466    u_top/u_cdc/core_load_en
    SLICE_X89Y95         LUT2 (Prop_lut2_I0_O)        0.108     6.574 r  u_top/u_cdc/atomik_cdc_brid_LUT2_65/O
                         net (fo=8, routed)           0.517     7.091    u_top/u_atomik/active_addr_reg[7]_0[0]
    SLICE_X89Y95         FDRE                                         r  u_top/u_atomik/active_addr_reg[0]/CE
  -------------------------------------------------------------------    -------------------

                         (clock atomik_clk rise edge)
                                                      2.250     2.250 r  
                         clock source latency         1.935     4.185    
                         propagated clock network latency
                                                      2.800     6.985    
                         clock pessimism              0.487     7.471    
                         clock uncertainty           -0.060     7.411    
    SLICE_X89Y95         FDRE (Setup_fdre_C_CE)      -0.330     7.081    u_top/u_atomik/active_addr_reg[0]
  -------------------------------------------------------------------
                         required time                          7.081    
                         arrival time                          -7.091    
  -------------------------------------------------------------------
                         slack                                 -0.010    




