Copyright 1986-2022 Xilinx, Inc. All Rights Reserved. Copyright 2022-2025 Advanced Micro Devices, Inc. All Rights Reserved.
-----------------------------------------------------------------------------------------------------------------------------------------------------------
| Tool Version : Vivado v.2025.2 (lin64) Build 6299465 Fri Nov 14 12:34:56 MST 2025
| Date         : Fri Mar 13 11:16:00 2026
| Host         : Jarvis running 64-bit Ubuntu 24.04.4 LTS
| Command      : report_timing -nworst 5 -path_type full -file /home/mattrock/Projects/ATOMiK/hardware/zynq/sweep/reports/crit_path_N1_F421p1_baseline.rpt
| Design       : sweep_top_N1_F421p1_baseline
| Device       : 7z020-clg400
| Speed File   : -2  PRODUCTION 1.12 2019-11-22
| Design State : Routed
-----------------------------------------------------------------------------------------------------------------------------------------------------------

Timing Report

Slack (VIOLATED) :        -0.209ns  (required time - arrival time)
  Source:                 u_top/u_atomik/banks[0].bank_acc_reg[0][18]/C
                            (rising edge-triggered cell FDRE clocked by atomik_clk  {rise@0.000ns fall@1.187ns period=2.375ns})
  Destination:            u_top/u_cdc/core_resp_acc_zero_reg/D
                            (rising edge-triggered cell FDCE clocked by atomik_clk  {rise@0.000ns fall@1.187ns period=2.375ns})
  Path Group:             atomik_clk
  Path Type:              Setup (Max at Slow Process Corner)
  Requirement:            2.375ns  (atomik_clk rise@2.375ns - atomik_clk rise@0.000ns)
  Data Path Delay:        2.568ns  (logic 0.748ns (29.126%)  route 1.820ns (70.875%))
  Logic Levels:           3  (LUT4=1 LUT6=2)
  Clock Path Skew:        -0.029ns (DCD - SCD + CPR)
    Destination Clock Delay (DCD):    4.937ns = ( 7.312 - 2.375 ) 
    Source Clock Delay      (SCD):    5.503ns
    Clock Pessimism Removal (CPR):    0.538ns
  Clock Uncertainty:      0.060ns  ((TSJ^2 + DJ^2)^1/2) / 2 + PE
    Total System Jitter     (TSJ):    0.071ns
    Discrete Jitter          (DJ):    0.098ns
    Phase Error              (PE):    0.000ns

    Location             Delay type                Incr(ns)  Path(ns)    Netlist Resource(s)
  -------------------------------------------------------------------    -------------------
                         (clock atomik_clk rise edge)
                                                      0.000     0.000 r  
                         clock source latency         2.177     2.177    
                         propagated clock network latency
                                                      3.326     5.503    
    SLICE_X94Y112        FDRE                         0.000     5.503 r  u_top/u_atomik/banks[0].bank_acc_reg[0][18]/C
    SLICE_X94Y112        FDRE (Prop_fdre_C_Q)         0.433     5.936 f  u_top/u_atomik/banks[0].bank_acc_reg[0][18]/Q
                         net (fo=3, routed)           0.803     6.739    u_top/u_atomik/Q[18]
    SLICE_X95Y113        LUT6 (Prop_lut6_I0_O)        0.105     6.844 r  u_top/u_atomik/core_resp_acc_zero_i_12/O
                         net (fo=1, routed)           0.551     7.395    u_top/u_atomik/core_resp_acc_zero_i_12_n_0
    SLICE_X95Y113        LUT6 (Prop_lut6_I4_O)        0.105     7.500 r  u_top/u_atomik/core_resp_acc_zero_i_5/O
                         net (fo=1, routed)           0.466     7.967    u_top/u_atomik/core_resp_acc_zero_i_5_n_0
    SLICE_X94Y114        LUT4 (Prop_lut4_I3_O)        0.105     8.072 r  u_top/u_atomik/core_resp_acc_zero_i_1/O
                         net (fo=1, routed)           0.000     8.072    u_top/u_cdc/acc_zero
    SLICE_X94Y114        FDCE                                         r  u_top/u_cdc/core_resp_acc_zero_reg/D
  -------------------------------------------------------------------    -------------------

                         (clock atomik_clk rise edge)
                                                      2.375     2.375 r  
                         clock source latency         1.935     4.310    
                         propagated clock network latency
                                                      3.001     7.312    
                         clock pessimism              0.538     7.849    
                         clock uncertainty           -0.060     7.789    
    SLICE_X94Y114        FDCE (Setup_fdce_C_D)        0.074     7.863    u_top/u_cdc/core_resp_acc_zero_reg
  -------------------------------------------------------------------
                         required time                          7.863    
                         arrival time                          -8.072    
  -------------------------------------------------------------------
                         slack                                 -0.209    

Slack (VIOLATED) :        -0.209ns  (required time - arrival time)
  Source:                 u_top/u_atomik/banks[0].bank_acc_reg[0][18]/C
                            (rising edge-triggered cell FDRE clocked by atomik_clk  {rise@0.000ns fall@1.187ns period=2.375ns})
  Destination:            u_top/u_cdc/core_resp_acc_zero_reg/D
                            (rising edge-triggered cell FDCE clocked by atomik_clk  {rise@0.000ns fall@1.187ns period=2.375ns})
  Path Group:             atomik_clk
  Path Type:              Setup (Max at Slow Process Corner)
  Requirement:            2.375ns  (atomik_clk rise@2.375ns - atomik_clk rise@0.000ns)
  Data Path Delay:        2.568ns  (logic 0.748ns (29.126%)  route 1.820ns (70.875%))
  Logic Levels:           3  (LUT4=1 LUT6=2)
  Clock Path Skew:        -0.029ns (DCD - SCD + CPR)
    Destination Clock Delay (DCD):    4.937ns = ( 7.312 - 2.375 ) 
    Source Clock Delay      (SCD):    5.503ns
    Clock Pessimism Removal (CPR):    0.538ns
  Clock Uncertainty:      0.060ns  ((TSJ^2 + DJ^2)^1/2) / 2 + PE
    Total System Jitter     (TSJ):    0.071ns
    Discrete Jitter          (DJ):    0.098ns
    Phase Error              (PE):    0.000ns

    Location             Delay type                Incr(ns)  Path(ns)    Netlist Resource(s)
  -------------------------------------------------------------------    -------------------
                         (clock atomik_clk rise edge)
                                                      0.000     0.000 r  
                         clock source latency         2.177     2.177    
                         propagated clock network latency
                                                      3.326     5.503    
    SLICE_X94Y112        FDRE                         0.000     5.503 r  u_top/u_atomik/banks[0].bank_acc_reg[0][18]/C
    SLICE_X94Y112        FDRE (Prop_fdre_C_Q)         0.433     5.936 r  u_top/u_atomik/banks[0].bank_acc_reg[0][18]/Q
                         net (fo=3, routed)           0.803     6.739    u_top/u_atomik/Q[18]
    SLICE_X95Y113        LUT6 (Prop_lut6_I0_O)        0.105     6.844 f  u_top/u_atomik/core_resp_acc_zero_i_12/O
                         net (fo=1, routed)           0.551     7.395    u_top/u_atomik/core_resp_acc_zero_i_12_n_0
    SLICE_X95Y113        LUT6 (Prop_lut6_I4_O)        0.105     7.500 f  u_top/u_atomik/core_resp_acc_zero_i_5/O
                         net (fo=1, routed)           0.466     7.967    u_top/u_atomik/core_resp_acc_zero_i_5_n_0
    SLICE_X94Y114        LUT4 (Prop_lut4_I3_O)        0.105     8.072 f  u_top/u_atomik/core_resp_acc_zero_i_1/O
                         net (fo=1, routed)           0.000     8.072    u_top/u_cdc/acc_zero
    SLICE_X94Y114        FDCE                                         f  u_top/u_cdc/core_resp_acc_zero_reg/D
  -------------------------------------------------------------------    -------------------

                         (clock atomik_clk rise edge)
                                                      2.375     2.375 r  
                         clock source latency         1.935     4.310    
                         propagated clock network latency
                                                      3.001     7.312    
                         clock pessimism              0.538     7.849    
                         clock uncertainty           -0.060     7.789    
    SLICE_X94Y114        FDCE (Setup_fdce_C_D)        0.074     7.863    u_top/u_cdc/core_resp_acc_zero_reg
  -------------------------------------------------------------------
                         required time                          7.863    
                         arrival time                          -8.072    
  -------------------------------------------------------------------
                         slack                                 -0.209    

Slack (VIOLATED) :        -0.180ns  (required time - arrival time)
  Source:                 u_top/u_atomik/banks[0].bank_acc_reg[0][17]/C
                            (rising edge-triggered cell FDRE clocked by atomik_clk  {rise@0.000ns fall@1.187ns period=2.375ns})
  Destination:            u_top/u_cdc/core_resp_acc_zero_reg/D
                            (rising edge-triggered cell FDCE clocked by atomik_clk  {rise@0.000ns fall@1.187ns period=2.375ns})
  Path Group:             atomik_clk
  Path Type:              Setup (Max at Slow Process Corner)
  Requirement:            2.375ns  (atomik_clk rise@2.375ns - atomik_clk rise@0.000ns)
  Data Path Delay:        2.539ns  (logic 0.694ns (27.333%)  route 1.845ns (72.667%))
  Logic Levels:           3  (LUT4=1 LUT6=2)
  Clock Path Skew:        -0.029ns (DCD - SCD + CPR)
    Destination Clock Delay (DCD):    4.937ns = ( 7.312 - 2.375 ) 
    Source Clock Delay      (SCD):    5.503ns
    Clock Pessimism Removal (CPR):    0.538ns
  Clock Uncertainty:      0.060ns  ((TSJ^2 + DJ^2)^1/2) / 2 + PE
    Total System Jitter     (TSJ):    0.071ns
    Discrete Jitter          (DJ):    0.098ns
    Phase Error              (PE):    0.000ns

    Location             Delay type                Incr(ns)  Path(ns)    Netlist Resource(s)
  -------------------------------------------------------------------    -------------------
                         (clock atomik_clk rise edge)
                                                      0.000     0.000 r  
                         clock source latency         2.177     2.177    
                         propagated clock network latency
                                                      3.326     5.503    
    SLICE_X95Y111        FDRE                         0.000     5.503 r  u_top/u_atomik/banks[0].bank_acc_reg[0][17]/C
    SLICE_X95Y111        FDRE (Prop_fdre_C_Q)         0.379     5.882 f  u_top/u_atomik/banks[0].bank_acc_reg[0][17]/Q
                         net (fo=3, routed)           0.828     6.710    u_top/u_atomik/Q[17]
    SLICE_X95Y113        LUT6 (Prop_lut6_I3_O)        0.105     6.815 r  u_top/u_atomik/core_resp_acc_zero_i_12/O
                         net (fo=1, routed)           0.551     7.366    u_top/u_atomik/core_resp_acc_zero_i_12_n_0
    SLICE_X95Y113        LUT6 (Prop_lut6_I4_O)        0.105     7.471 r  u_top/u_atomik/core_resp_acc_zero_i_5/O
                         net (fo=1, routed)           0.466     7.938    u_top/u_atomik/core_resp_acc_zero_i_5_n_0
    SLICE_X94Y114        LUT4 (Prop_lut4_I3_O)        0.105     8.043 r  u_top/u_atomik/core_resp_acc_zero_i_1/O
                         net (fo=1, routed)           0.000     8.043    u_top/u_cdc/acc_zero
    SLICE_X94Y114        FDCE                                         r  u_top/u_cdc/core_resp_acc_zero_reg/D
  -------------------------------------------------------------------    -------------------

                         (clock atomik_clk rise edge)
                                                      2.375     2.375 r  
                         clock source latency         1.935     4.310    
                         propagated clock network latency
                                                      3.001     7.312    
                         clock pessimism              0.538     7.849    
                         clock uncertainty           -0.060     7.789    
    SLICE_X94Y114        FDCE (Setup_fdce_C_D)        0.074     7.863    u_top/u_cdc/core_resp_acc_zero_reg
  -------------------------------------------------------------------
                         required time                          7.863    
                         arrival time                          -8.043    
  -------------------------------------------------------------------
                         slack                                 -0.180    

Slack (VIOLATED) :        -0.180ns  (required time - arrival time)
  Source:                 u_top/u_atomik/banks[0].bank_acc_reg[0][17]/C
                            (rising edge-triggered cell FDRE clocked by atomik_clk  {rise@0.000ns fall@1.187ns period=2.375ns})
  Destination:            u_top/u_cdc/core_resp_acc_zero_reg/D
                            (rising edge-triggered cell FDCE clocked by atomik_clk  {rise@0.000ns fall@1.187ns period=2.375ns})
  Path Group:             atomik_clk
  Path Type:              Setup (Max at Slow Process Corner)
  Requirement:            2.375ns  (atomik_clk rise@2.375ns - atomik_clk rise@0.000ns)
  Data Path Delay:        2.539ns  (logic 0.694ns (27.333%)  route 1.845ns (72.667%))
  Logic Levels:           3  (LUT4=1 LUT6=2)
  Clock Path Skew:        -0.029ns (DCD - SCD + CPR)
    Destination Clock Delay (DCD):    4.937ns = ( 7.312 - 2.375 ) 
    Source Clock Delay      (SCD):    5.503ns
    Clock Pessimism Removal (CPR):    0.538ns
  Clock Uncertainty:      0.060ns  ((TSJ^2 + DJ^2)^1/2) / 2 + PE
    Total System Jitter     (TSJ):    0.071ns
    Discrete Jitter          (DJ):    0.098ns
    Phase Error              (PE):    0.000ns

    Location             Delay type                Incr(ns)  Path(ns)    Netlist Resource(s)
  -------------------------------------------------------------------    -------------------
                         (clock atomik_clk rise edge)
                                                      0.000     0.000 r  
                         clock source latency         2.177     2.177    
                         propagated clock network latency
                                                      3.326     5.503    
    SLICE_X95Y111        FDRE                         0.000     5.503 r  u_top/u_atomik/banks[0].bank_acc_reg[0][17]/C
    SLICE_X95Y111        FDRE (Prop_fdre_C_Q)         0.379     5.882 r  u_top/u_atomik/banks[0].bank_acc_reg[0][17]/Q
                         net (fo=3, routed)           0.828     6.710    u_top/u_atomik/Q[17]
    SLICE_X95Y113        LUT6 (Prop_lut6_I3_O)        0.105     6.815 f  u_top/u_atomik/core_resp_acc_zero_i_12/O
                         net (fo=1, routed)           0.551     7.366    u_top/u_atomik/core_resp_acc_zero_i_12_n_0
    SLICE_X95Y113        LUT6 (Prop_lut6_I4_O)        0.105     7.471 f  u_top/u_atomik/core_resp_acc_zero_i_5/O
                         net (fo=1, routed)           0.466     7.938    u_top/u_atomik/core_resp_acc_zero_i_5_n_0
    SLICE_X94Y114        LUT4 (Prop_lut4_I3_O)        0.105     8.043 f  u_top/u_atomik/core_resp_acc_zero_i_1/O
                         net (fo=1, routed)           0.000     8.043    u_top/u_cdc/acc_zero
    SLICE_X94Y114        FDCE                                         f  u_top/u_cdc/core_resp_acc_zero_reg/D
  -------------------------------------------------------------------    -------------------

                         (clock atomik_clk rise edge)
                                                      2.375     2.375 r  
                         clock source latency         1.935     4.310    
                         propagated clock network latency
                                                      3.001     7.312    
                         clock pessimism              0.538     7.849    
                         clock uncertainty           -0.060     7.789    
    SLICE_X94Y114        FDCE (Setup_fdce_C_D)        0.074     7.863    u_top/u_cdc/core_resp_acc_zero_reg
  -------------------------------------------------------------------
                         required time                          7.863    
                         arrival time                          -8.043    
  -------------------------------------------------------------------
                         slack                                 -0.180    

Slack (VIOLATED) :        -0.170ns  (required time - arrival time)
  Source:                 u_top/u_atomik/banks[0].bank_acc_reg[0][19]/C
                            (rising edge-triggered cell FDRE clocked by atomik_clk  {rise@0.000ns fall@1.187ns period=2.375ns})
  Destination:            u_top/u_cdc/core_resp_acc_zero_reg/D
                            (rising edge-triggered cell FDCE clocked by atomik_clk  {rise@0.000ns fall@1.187ns period=2.375ns})
  Path Group:             atomik_clk
  Path Type:              Setup (Max at Slow Process Corner)
  Requirement:            2.375ns  (atomik_clk rise@2.375ns - atomik_clk rise@0.000ns)
  Data Path Delay:        2.534ns  (logic 0.748ns (29.515%)  route 1.786ns (70.485%))
  Logic Levels:           3  (LUT4=1 LUT6=2)
  Clock Path Skew:        -0.024ns (DCD - SCD + CPR)
    Destination Clock Delay (DCD):    4.937ns = ( 7.312 - 2.375 ) 
    Source Clock Delay      (SCD):    5.498ns
    Clock Pessimism Removal (CPR):    0.538ns
  Clock Uncertainty:      0.060ns  ((TSJ^2 + DJ^2)^1/2) / 2 + PE
    Total System Jitter     (TSJ):    0.071ns
    Discrete Jitter          (DJ):    0.098ns
    Phase Error              (PE):    0.000ns

    Location             Delay type                Incr(ns)  Path(ns)    Netlist Resource(s)
  -------------------------------------------------------------------    -------------------
                         (clock atomik_clk rise edge)
                                                      0.000     0.000 r  
                         clock source latency         2.177     2.177    
                         propagated clock network latency
                                                      3.321     5.498    
    SLICE_X94Y116        FDRE                         0.000     5.498 r  u_top/u_atomik/banks[0].bank_acc_reg[0][19]/C
    SLICE_X94Y116        FDRE (Prop_fdre_C_Q)         0.433     5.931 f  u_top/u_atomik/banks[0].bank_acc_reg[0][19]/Q
                         net (fo=3, routed)           0.769     6.700    u_top/u_atomik/Q[19]
    SLICE_X95Y113        LUT6 (Prop_lut6_I1_O)        0.105     6.805 r  u_top/u_atomik/core_resp_acc_zero_i_12/O
                         net (fo=1, routed)           0.551     7.357    u_top/u_atomik/core_resp_acc_zero_i_12_n_0
    SLICE_X95Y113        LUT6 (Prop_lut6_I4_O)        0.105     7.462 r  u_top/u_atomik/core_resp_acc_zero_i_5/O
                         net (fo=1, routed)           0.466     7.928    u_top/u_atomik/core_resp_acc_zero_i_5_n_0
    SLICE_X94Y114        LUT4 (Prop_lut4_I3_O)        0.105     8.033 r  u_top/u_atomik/core_resp_acc_zero_i_1/O
                         net (fo=1, routed)           0.000     8.033    u_top/u_cdc/acc_zero
    SLICE_X94Y114        FDCE                                         r  u_top/u_cdc/core_resp_acc_zero_reg/D
  -------------------------------------------------------------------    -------------------

                         (clock atomik_clk rise edge)
                                                      2.375     2.375 r  
                         clock source latency         1.935     4.310    
                         propagated clock network latency
                                                      3.001     7.312    
                         clock pessimism              0.538     7.849    
                         clock uncertainty           -0.060     7.789    
    SLICE_X94Y114        FDCE (Setup_fdce_C_D)        0.074     7.863    u_top/u_cdc/core_resp_acc_zero_reg
  -------------------------------------------------------------------
                         required time                          7.863    
                         arrival time                          -8.033    
  -------------------------------------------------------------------
                         slack                                 -0.170    




