Copyright 1986-2022 Xilinx, Inc. All Rights Reserved. Copyright 2022-2025 Advanced Micro Devices, Inc. All Rights Reserved.
------------------------------------------------------------------------------------------------------------------------------------------------------------
| Tool Version : Vivado v.2025.2 (lin64) Build 6299465 Fri Nov 14 12:34:56 MST 2025
| Date         : Fri Mar 13 16:57:41 2026
| Host         : Jarvis running 64-bit Ubuntu 24.04.4 LTS
| Command      : report_timing -nworst 5 -path_type full -file /home/mattrock/Projects/ATOMiK/hardware/zynq/sweep/reports/crit_path_N256_F142p9_maximum.rpt
| Design       : sweep_top_N256_F142p9_maximum
| Device       : 7z020-clg400
| Speed File   : -2  PRODUCTION 1.12 2019-11-22
| Design State : Routed
------------------------------------------------------------------------------------------------------------------------------------------------------------

Timing Report

Slack (MET) :             0.139ns  (required time - arrival time)
  Source:                 u_top/u_atomik/banks[117].bank_acc_reg[117][50]/C
                            (rising edge-triggered cell FDRE clocked by atomik_clk  {rise@0.000ns fall@3.500ns period=7.000ns})
  Destination:            u_top/u_cdc/core_resp_acc_zero_reg/D
                            (rising edge-triggered cell FDCE clocked by atomik_clk  {rise@0.000ns fall@3.500ns period=7.000ns})
  Path Group:             atomik_clk
  Path Type:              Setup (Max at Slow Process Corner)
  Requirement:            7.000ns  (atomik_clk rise@7.000ns - atomik_clk rise@0.000ns)
  Data Path Delay:        6.787ns  (logic 1.063ns (15.662%)  route 5.724ns (84.338%))
  Logic Levels:           6  (LUT4=1 LUT5=1 LUT6=4)
  Clock Path Skew:        -0.034ns (DCD - SCD + CPR)
    Destination Clock Delay (DCD):    4.924ns = ( 11.924 - 7.000 ) 
    Source Clock Delay      (SCD):    5.363ns
    Clock Pessimism Removal (CPR):    0.405ns
  Clock Uncertainty:      0.070ns  ((TSJ^2 + DJ^2)^1/2) / 2 + PE
    Total System Jitter     (TSJ):    0.071ns
    Discrete Jitter          (DJ):    0.121ns
    Phase Error              (PE):    0.000ns

    Location             Delay type                Incr(ns)  Path(ns)    Netlist Resource(s)
  -------------------------------------------------------------------    -------------------
                         (clock atomik_clk rise edge)
                                                      0.000     0.000 r  
                         clock source latency         2.194     2.194    
                         propagated clock network latency
                                                      3.169     5.363    
    SLICE_X96Y74         FDRE                         0.000     5.363 r  u_top/u_atomik/banks[117].bank_acc_reg[117][50]/C
    SLICE_X96Y74         FDRE (Prop_fdre_C_Q)         0.433     5.796 r  u_top/u_atomik/banks[117].bank_acc_reg[117][50]/Q
                         net (fo=3, routed)           1.165     6.961    u_top/u_atomik/banks[117].bank_acc_reg[117][63]_0[50]
    SLICE_X95Y72         LUT6 (Prop_lut6_I4_O)        0.105     7.066 r  u_top/u_atomik/i_2034_LOPT_REMAP/O
                         net (fo=1, routed)           0.899     7.965    u_top/u_atomik/i_2034/O_n
    SLICE_X89Y71         LUT6 (Prop_lut6_I1_O)        0.105     8.070 r  u_top/u_atomik/i_2028_LOPT_REMAP/O
                         net (fo=1, routed)           1.030     9.101    u_top/u_atomik/i_2028/O_n
    SLICE_X93Y69         LUT6 (Prop_lut6_I0_O)        0.105     9.206 r  u_top/u_atomik/i_1999_LOPT_REMAP/O
                         net (fo=1, routed)           1.167    10.372    u_top/u_atomik/i_1999/O_n
    SLICE_X92Y100        LUT6 (Prop_lut6_I5_O)        0.105    10.477 f  u_top/u_atomik/i_1947_LOPT_REMAP/O
                         net (fo=1, routed)           0.999    11.477    u_top/u_atomik/i_1947/O_n
    SLICE_X61Y104        LUT5 (Prop_lut5_I3_O)        0.105    11.582 f  u_top/u_atomik/i_1639_LOPT_REMAP/O
                         net (fo=1, routed)           0.463    12.045    u_top/u_atomik/i_1639/O_n
    SLICE_X60Y105        LUT4 (Prop_lut4_I0_O)        0.105    12.150 r  u_top/u_atomik/i_0_LOPT_REMAP/O
                         net (fo=1, routed)           0.000    12.150    u_top/u_cdc/acc_zero
    SLICE_X60Y105        FDCE                                         r  u_top/u_cdc/core_resp_acc_zero_reg/D
  -------------------------------------------------------------------    -------------------

                         (clock atomik_clk rise edge)
                                                      7.000     7.000 r  
                         clock source latency         1.951     8.951    
                         propagated clock network latency
                                                      2.972    11.924    
                         clock pessimism              0.405    12.328    
                         clock uncertainty           -0.070    12.259    
    SLICE_X60Y105        FDCE (Setup_fdce_C_D)        0.030    12.289    u_top/u_cdc/core_resp_acc_zero_reg
  -------------------------------------------------------------------
                         required time                         12.289    
                         arrival time                         -12.150    
  -------------------------------------------------------------------
                         slack                                  0.139    

Slack (MET) :             0.139ns  (required time - arrival time)
  Source:                 u_top/u_atomik/banks[117].bank_acc_reg[117][50]/C
                            (rising edge-triggered cell FDRE clocked by atomik_clk  {rise@0.000ns fall@3.500ns period=7.000ns})
  Destination:            u_top/u_cdc/core_resp_acc_zero_reg/D
                            (rising edge-triggered cell FDCE clocked by atomik_clk  {rise@0.000ns fall@3.500ns period=7.000ns})
  Path Group:             atomik_clk
  Path Type:              Setup (Max at Slow Process Corner)
  Requirement:            7.000ns  (atomik_clk rise@7.000ns - atomik_clk rise@0.000ns)
  Data Path Delay:        6.787ns  (logic 1.063ns (15.662%)  route 5.724ns (84.338%))
  Logic Levels:           6  (LUT4=1 LUT5=1 LUT6=4)
  Clock Path Skew:        -0.034ns (DCD - SCD + CPR)
    Destination Clock Delay (DCD):    4.924ns = ( 11.924 - 7.000 ) 
    Source Clock Delay      (SCD):    5.363ns
    Clock Pessimism Removal (CPR):    0.405ns
  Clock Uncertainty:      0.070ns  ((TSJ^2 + DJ^2)^1/2) / 2 + PE
    Total System Jitter     (TSJ):    0.071ns
    Discrete Jitter          (DJ):    0.121ns
    Phase Error              (PE):    0.000ns

    Location             Delay type                Incr(ns)  Path(ns)    Netlist Resource(s)
  -------------------------------------------------------------------    -------------------
                         (clock atomik_clk rise edge)
                                                      0.000     0.000 r  
                         clock source latency         2.194     2.194    
                         propagated clock network latency
                                                      3.169     5.363    
    SLICE_X96Y74         FDRE                         0.000     5.363 r  u_top/u_atomik/banks[117].bank_acc_reg[117][50]/C
    SLICE_X96Y74         FDRE (Prop_fdre_C_Q)         0.433     5.796 r  u_top/u_atomik/banks[117].bank_acc_reg[117][50]/Q
                         net (fo=3, routed)           1.165     6.961    u_top/u_atomik/banks[117].bank_acc_reg[117][63]_0[50]
    SLICE_X95Y72         LUT6 (Prop_lut6_I4_O)        0.105     7.066 f  u_top/u_atomik/i_2034_LOPT_REMAP/O
                         net (fo=1, routed)           0.899     7.965    u_top/u_atomik/i_2034/O_n
    SLICE_X89Y71         LUT6 (Prop_lut6_I1_O)        0.105     8.070 r  u_top/u_atomik/i_2028_LOPT_REMAP/O
                         net (fo=1, routed)           1.030     9.101    u_top/u_atomik/i_2028/O_n
    SLICE_X93Y69         LUT6 (Prop_lut6_I0_O)        0.105     9.206 r  u_top/u_atomik/i_1999_LOPT_REMAP/O
                         net (fo=1, routed)           1.167    10.372    u_top/u_atomik/i_1999/O_n
    SLICE_X92Y100        LUT6 (Prop_lut6_I5_O)        0.105    10.477 f  u_top/u_atomik/i_1947_LOPT_REMAP/O
                         net (fo=1, routed)           0.999    11.477    u_top/u_atomik/i_1947/O_n
    SLICE_X61Y104        LUT5 (Prop_lut5_I3_O)        0.105    11.582 f  u_top/u_atomik/i_1639_LOPT_REMAP/O
                         net (fo=1, routed)           0.463    12.045    u_top/u_atomik/i_1639/O_n
    SLICE_X60Y105        LUT4 (Prop_lut4_I0_O)        0.105    12.150 r  u_top/u_atomik/i_0_LOPT_REMAP/O
                         net (fo=1, routed)           0.000    12.150    u_top/u_cdc/acc_zero
    SLICE_X60Y105        FDCE                                         r  u_top/u_cdc/core_resp_acc_zero_reg/D
  -------------------------------------------------------------------    -------------------

                         (clock atomik_clk rise edge)
                                                      7.000     7.000 r  
                         clock source latency         1.951     8.951    
                         propagated clock network latency
                                                      2.972    11.924    
                         clock pessimism              0.405    12.328    
                         clock uncertainty           -0.070    12.259    
    SLICE_X60Y105        FDCE (Setup_fdce_C_D)        0.030    12.289    u_top/u_cdc/core_resp_acc_zero_reg
  -------------------------------------------------------------------
                         required time                         12.289    
                         arrival time                         -12.150    
  -------------------------------------------------------------------
                         slack                                  0.139    

Slack (MET) :             0.139ns  (required time - arrival time)
  Source:                 u_top/u_atomik/banks[117].bank_acc_reg[117][50]/C
                            (rising edge-triggered cell FDRE clocked by atomik_clk  {rise@0.000ns fall@3.500ns period=7.000ns})
  Destination:            u_top/u_cdc/core_resp_acc_zero_reg/D
                            (rising edge-triggered cell FDCE clocked by atomik_clk  {rise@0.000ns fall@3.500ns period=7.000ns})
  Path Group:             atomik_clk
  Path Type:              Setup (Max at Slow Process Corner)
  Requirement:            7.000ns  (atomik_clk rise@7.000ns - atomik_clk rise@0.000ns)
  Data Path Delay:        6.787ns  (logic 1.063ns (15.662%)  route 5.724ns (84.338%))
  Logic Levels:           6  (LUT4=1 LUT5=1 LUT6=4)
  Clock Path Skew:        -0.034ns (DCD - SCD + CPR)
    Destination Clock Delay (DCD):    4.924ns = ( 11.924 - 7.000 ) 
    Source Clock Delay      (SCD):    5.363ns
    Clock Pessimism Removal (CPR):    0.405ns
  Clock Uncertainty:      0.070ns  ((TSJ^2 + DJ^2)^1/2) / 2 + PE
    Total System Jitter     (TSJ):    0.071ns
    Discrete Jitter          (DJ):    0.121ns
    Phase Error              (PE):    0.000ns

    Location             Delay type                Incr(ns)  Path(ns)    Netlist Resource(s)
  -------------------------------------------------------------------    -------------------
                         (clock atomik_clk rise edge)
                                                      0.000     0.000 r  
                         clock source latency         2.194     2.194    
                         propagated clock network latency
                                                      3.169     5.363    
    SLICE_X96Y74         FDRE                         0.000     5.363 r  u_top/u_atomik/banks[117].bank_acc_reg[117][50]/C
    SLICE_X96Y74         FDRE (Prop_fdre_C_Q)         0.433     5.796 r  u_top/u_atomik/banks[117].bank_acc_reg[117][50]/Q
                         net (fo=3, routed)           1.165     6.961    u_top/u_atomik/banks[117].bank_acc_reg[117][63]_0[50]
    SLICE_X95Y72         LUT6 (Prop_lut6_I4_O)        0.105     7.066 r  u_top/u_atomik/i_2034_LOPT_REMAP/O
                         net (fo=1, routed)           0.899     7.965    u_top/u_atomik/i_2034/O_n
    SLICE_X89Y71         LUT6 (Prop_lut6_I1_O)        0.105     8.070 f  u_top/u_atomik/i_2028_LOPT_REMAP/O
                         net (fo=1, routed)           1.030     9.101    u_top/u_atomik/i_2028/O_n
    SLICE_X93Y69         LUT6 (Prop_lut6_I0_O)        0.105     9.206 r  u_top/u_atomik/i_1999_LOPT_REMAP/O
                         net (fo=1, routed)           1.167    10.372    u_top/u_atomik/i_1999/O_n
    SLICE_X92Y100        LUT6 (Prop_lut6_I5_O)        0.105    10.477 f  u_top/u_atomik/i_1947_LOPT_REMAP/O
                         net (fo=1, routed)           0.999    11.477    u_top/u_atomik/i_1947/O_n
    SLICE_X61Y104        LUT5 (Prop_lut5_I3_O)        0.105    11.582 f  u_top/u_atomik/i_1639_LOPT_REMAP/O
                         net (fo=1, routed)           0.463    12.045    u_top/u_atomik/i_1639/O_n
    SLICE_X60Y105        LUT4 (Prop_lut4_I0_O)        0.105    12.150 r  u_top/u_atomik/i_0_LOPT_REMAP/O
                         net (fo=1, routed)           0.000    12.150    u_top/u_cdc/acc_zero
    SLICE_X60Y105        FDCE                                         r  u_top/u_cdc/core_resp_acc_zero_reg/D
  -------------------------------------------------------------------    -------------------

                         (clock atomik_clk rise edge)
                                                      7.000     7.000 r  
                         clock source latency         1.951     8.951    
                         propagated clock network latency
                                                      2.972    11.924    
                         clock pessimism              0.405    12.328    
                         clock uncertainty           -0.070    12.259    
    SLICE_X60Y105        FDCE (Setup_fdce_C_D)        0.030    12.289    u_top/u_cdc/core_resp_acc_zero_reg
  -------------------------------------------------------------------
                         required time                         12.289    
                         arrival time                         -12.150    
  -------------------------------------------------------------------
                         slack                                  0.139    

Slack (MET) :             0.139ns  (required time - arrival time)
  Source:                 u_top/u_atomik/banks[117].bank_acc_reg[117][50]/C
                            (rising edge-triggered cell FDRE clocked by atomik_clk  {rise@0.000ns fall@3.500ns period=7.000ns})
  Destination:            u_top/u_cdc/core_resp_acc_zero_reg/D
                            (rising edge-triggered cell FDCE clocked by atomik_clk  {rise@0.000ns fall@3.500ns period=7.000ns})
  Path Group:             atomik_clk
  Path Type:              Setup (Max at Slow Process Corner)
  Requirement:            7.000ns  (atomik_clk rise@7.000ns - atomik_clk rise@0.000ns)
  Data Path Delay:        6.787ns  (logic 1.063ns (15.662%)  route 5.724ns (84.338%))
  Logic Levels:           6  (LUT4=1 LUT5=1 LUT6=4)
  Clock Path Skew:        -0.034ns (DCD - SCD + CPR)
    Destination Clock Delay (DCD):    4.924ns = ( 11.924 - 7.000 ) 
    Source Clock Delay      (SCD):    5.363ns
    Clock Pessimism Removal (CPR):    0.405ns
  Clock Uncertainty:      0.070ns  ((TSJ^2 + DJ^2)^1/2) / 2 + PE
    Total System Jitter     (TSJ):    0.071ns
    Discrete Jitter          (DJ):    0.121ns
    Phase Error              (PE):    0.000ns

    Location             Delay type                Incr(ns)  Path(ns)    Netlist Resource(s)
  -------------------------------------------------------------------    -------------------
                         (clock atomik_clk rise edge)
                                                      0.000     0.000 r  
                         clock source latency         2.194     2.194    
                         propagated clock network latency
                                                      3.169     5.363    
    SLICE_X96Y74         FDRE                         0.000     5.363 r  u_top/u_atomik/banks[117].bank_acc_reg[117][50]/C
    SLICE_X96Y74         FDRE (Prop_fdre_C_Q)         0.433     5.796 r  u_top/u_atomik/banks[117].bank_acc_reg[117][50]/Q
                         net (fo=3, routed)           1.165     6.961    u_top/u_atomik/banks[117].bank_acc_reg[117][63]_0[50]
    SLICE_X95Y72         LUT6 (Prop_lut6_I4_O)        0.105     7.066 r  u_top/u_atomik/i_2034_LOPT_REMAP/O
                         net (fo=1, routed)           0.899     7.965    u_top/u_atomik/i_2034/O_n
    SLICE_X89Y71         LUT6 (Prop_lut6_I1_O)        0.105     8.070 r  u_top/u_atomik/i_2028_LOPT_REMAP/O
                         net (fo=1, routed)           1.030     9.101    u_top/u_atomik/i_2028/O_n
    SLICE_X93Y69         LUT6 (Prop_lut6_I0_O)        0.105     9.206 f  u_top/u_atomik/i_1999_LOPT_REMAP/O
                         net (fo=1, routed)           1.167    10.372    u_top/u_atomik/i_1999/O_n
    SLICE_X92Y100        LUT6 (Prop_lut6_I5_O)        0.105    10.477 f  u_top/u_atomik/i_1947_LOPT_REMAP/O
                         net (fo=1, routed)           0.999    11.477    u_top/u_atomik/i_1947/O_n
    SLICE_X61Y104        LUT5 (Prop_lut5_I3_O)        0.105    11.582 f  u_top/u_atomik/i_1639_LOPT_REMAP/O
                         net (fo=1, routed)           0.463    12.045    u_top/u_atomik/i_1639/O_n
    SLICE_X60Y105        LUT4 (Prop_lut4_I0_O)        0.105    12.150 r  u_top/u_atomik/i_0_LOPT_REMAP/O
                         net (fo=1, routed)           0.000    12.150    u_top/u_cdc/acc_zero
    SLICE_X60Y105        FDCE                                         r  u_top/u_cdc/core_resp_acc_zero_reg/D
  -------------------------------------------------------------------    -------------------

                         (clock atomik_clk rise edge)
                                                      7.000     7.000 r  
                         clock source latency         1.951     8.951    
                         propagated clock network latency
                                                      2.972    11.924    
                         clock pessimism              0.405    12.328    
                         clock uncertainty           -0.070    12.259    
    SLICE_X60Y105        FDCE (Setup_fdce_C_D)        0.030    12.289    u_top/u_cdc/core_resp_acc_zero_reg
  -------------------------------------------------------------------
                         required time                         12.289    
                         arrival time                         -12.150    
  -------------------------------------------------------------------
                         slack                                  0.139    

Slack (MET) :             0.139ns  (required time - arrival time)
  Source:                 u_top/u_atomik/banks[117].bank_acc_reg[117][50]/C
                            (rising edge-triggered cell FDRE clocked by atomik_clk  {rise@0.000ns fall@3.500ns period=7.000ns})
  Destination:            u_top/u_cdc/core_resp_acc_zero_reg/D
                            (rising edge-triggered cell FDCE clocked by atomik_clk  {rise@0.000ns fall@3.500ns period=7.000ns})
  Path Group:             atomik_clk
  Path Type:              Setup (Max at Slow Process Corner)
  Requirement:            7.000ns  (atomik_clk rise@7.000ns - atomik_clk rise@0.000ns)
  Data Path Delay:        6.787ns  (logic 1.063ns (15.662%)  route 5.724ns (84.338%))
  Logic Levels:           6  (LUT4=1 LUT5=1 LUT6=4)
  Clock Path Skew:        -0.034ns (DCD - SCD + CPR)
    Destination Clock Delay (DCD):    4.924ns = ( 11.924 - 7.000 ) 
    Source Clock Delay      (SCD):    5.363ns
    Clock Pessimism Removal (CPR):    0.405ns
  Clock Uncertainty:      0.070ns  ((TSJ^2 + DJ^2)^1/2) / 2 + PE
    Total System Jitter     (TSJ):    0.071ns
    Discrete Jitter          (DJ):    0.121ns
    Phase Error              (PE):    0.000ns

    Location             Delay type                Incr(ns)  Path(ns)    Netlist Resource(s)
  -------------------------------------------------------------------    -------------------
                         (clock atomik_clk rise edge)
                                                      0.000     0.000 r  
                         clock source latency         2.194     2.194    
                         propagated clock network latency
                                                      3.169     5.363    
    SLICE_X96Y74         FDRE                         0.000     5.363 r  u_top/u_atomik/banks[117].bank_acc_reg[117][50]/C
    SLICE_X96Y74         FDRE (Prop_fdre_C_Q)         0.433     5.796 r  u_top/u_atomik/banks[117].bank_acc_reg[117][50]/Q
                         net (fo=3, routed)           1.165     6.961    u_top/u_atomik/banks[117].bank_acc_reg[117][63]_0[50]
    SLICE_X95Y72         LUT6 (Prop_lut6_I4_O)        0.105     7.066 r  u_top/u_atomik/i_2034_LOPT_REMAP/O
                         net (fo=1, routed)           0.899     7.965    u_top/u_atomik/i_2034/O_n
    SLICE_X89Y71         LUT6 (Prop_lut6_I1_O)        0.105     8.070 f  u_top/u_atomik/i_2028_LOPT_REMAP/O
                         net (fo=1, routed)           1.030     9.101    u_top/u_atomik/i_2028/O_n
    SLICE_X93Y69         LUT6 (Prop_lut6_I0_O)        0.105     9.206 f  u_top/u_atomik/i_1999_LOPT_REMAP/O
                         net (fo=1, routed)           1.167    10.372    u_top/u_atomik/i_1999/O_n
    SLICE_X92Y100        LUT6 (Prop_lut6_I5_O)        0.105    10.477 f  u_top/u_atomik/i_1947_LOPT_REMAP/O
                         net (fo=1, routed)           0.999    11.477    u_top/u_atomik/i_1947/O_n
    SLICE_X61Y104        LUT5 (Prop_lut5_I3_O)        0.105    11.582 f  u_top/u_atomik/i_1639_LOPT_REMAP/O
                         net (fo=1, routed)           0.463    12.045    u_top/u_atomik/i_1639/O_n
    SLICE_X60Y105        LUT4 (Prop_lut4_I0_O)        0.105    12.150 r  u_top/u_atomik/i_0_LOPT_REMAP/O
                         net (fo=1, routed)           0.000    12.150    u_top/u_cdc/acc_zero
    SLICE_X60Y105        FDCE                                         r  u_top/u_cdc/core_resp_acc_zero_reg/D
  -------------------------------------------------------------------    -------------------

                         (clock atomik_clk rise edge)
                                                      7.000     7.000 r  
                         clock source latency         1.951     8.951    
                         propagated clock network latency
                                                      2.972    11.924    
                         clock pessimism              0.405    12.328    
                         clock uncertainty           -0.070    12.259    
    SLICE_X60Y105        FDCE (Setup_fdce_C_D)        0.030    12.289    u_top/u_cdc/core_resp_acc_zero_reg
  -------------------------------------------------------------------
                         required time                         12.289    
                         arrival time                         -12.150    
  -------------------------------------------------------------------
                         slack                                  0.139    




