Copyright 1986-2022 Xilinx, Inc. All Rights Reserved. Copyright 2022-2025 Advanced Micro Devices, Inc. All Rights Reserved.
---------------------------------------------------------------------------------------------------------------------------------------------------------
| Tool Version : Vivado v.2025.2 (lin64) Build 6299465 Fri Nov 14 12:34:56 MST 2025
| Date         : Fri Mar 13 21:30:30 2026
| Host         : Jarvis running 64-bit Ubuntu 24.04.4 LTS
| Command      : report_timing -nworst 5 -path_type full -file /home/mattrock/Projects/ATOMiK/hardware/zynq/sweep/reports/crit_path_N256_F148p1_area.rpt
| Design       : sweep_top_N256_F148p1_area
| Device       : 7z020-clg400
| Speed File   : -2  PRODUCTION 1.12 2019-11-22
| Design State : Routed
---------------------------------------------------------------------------------------------------------------------------------------------------------

Timing Report

Slack (VIOLATED) :        -0.047ns  (required time - arrival time)
  Source:                 u_top/u_atomik/banks[195].bank_acc_reg[195][9]/C
                            (rising edge-triggered cell FDRE clocked by atomik_clk  {rise@0.000ns fall@3.375ns period=6.750ns})
  Destination:            u_top/u_cdc/core_resp_acc_zero_reg/D
                            (rising edge-triggered cell FDCE clocked by atomik_clk  {rise@0.000ns fall@3.375ns period=6.750ns})
  Path Group:             atomik_clk
  Path Type:              Setup (Max at Slow Process Corner)
  Requirement:            6.750ns  (atomik_clk rise@6.750ns - atomik_clk rise@0.000ns)
  Data Path Delay:        6.442ns  (logic 1.168ns (18.130%)  route 5.274ns (81.870%))
  Logic Levels:           7  (LUT4=1 LUT5=1 LUT6=5)
  Clock Path Skew:        -0.315ns (DCD - SCD + CPR)
    Destination Clock Delay (DCD):    4.787ns = ( 11.537 - 6.750 ) 
    Source Clock Delay      (SCD):    5.496ns
    Clock Pessimism Removal (CPR):    0.393ns
  Clock Uncertainty:      0.070ns  ((TSJ^2 + DJ^2)^1/2) / 2 + PE
    Total System Jitter     (TSJ):    0.071ns
    Discrete Jitter          (DJ):    0.120ns
    Phase Error              (PE):    0.000ns

    Location             Delay type                Incr(ns)  Path(ns)    Netlist Resource(s)
  -------------------------------------------------------------------    -------------------
                         (clock atomik_clk rise edge)
                                                      0.000     0.000 r  
                         clock source latency         2.194     2.194    
                         propagated clock network latency
                                                      3.302     5.496    
    SLICE_X82Y107        FDRE                         0.000     5.496 r  u_top/u_atomik/banks[195].bank_acc_reg[195][9]/C
    SLICE_X82Y107        FDRE (Prop_fdre_C_Q)         0.433     5.929 r  u_top/u_atomik/banks[195].bank_acc_reg[195][9]/Q
                         net (fo=3, routed)           1.153     7.081    u_top/u_atomik/banks[195].bank_acc_reg[195][63]_0[9]
    SLICE_X82Y96         LUT6 (Prop_lut6_I2_O)        0.105     7.186 r  u_top/u_atomik/core_resp_acc_zero_i_1960/O
                         net (fo=1, routed)           0.452     7.639    u_top/u_atomik/core_resp_acc_zero_i_1960_n_0
    SLICE_X83Y96         LUT6 (Prop_lut6_I4_O)        0.105     7.744 r  u_top/u_atomik/core_resp_acc_zero_i_853/O
                         net (fo=1, routed)           0.937     8.680    u_top/u_atomik/core_resp_acc_zero_i_853_n_0
    SLICE_X80Y90         LUT6 (Prop_lut6_I1_O)        0.105     8.785 r  u_top/u_atomik/core_resp_acc_zero_i_229/O
                         net (fo=1, routed)           0.806     9.591    u_top/u_atomik/core_resp_acc_zero_i_229_n_0
    SLICE_X81Y67         LUT6 (Prop_lut6_I3_O)        0.105     9.696 f  u_top/u_atomik/core_resp_acc_zero_i_62/O
                         net (fo=1, routed)           1.084    10.780    u_top/u_atomik/p_256_in[9]
    SLICE_X78Y43         LUT5 (Prop_lut5_I3_O)        0.105    10.885 f  u_top/u_atomik/core_resp_acc_zero_i_17/O
                         net (fo=1, routed)           0.500    11.385    u_top/u_atomik/core_resp_acc_zero_i_17_n_0
    SLICE_X63Y43         LUT6 (Prop_lut6_I5_O)        0.105    11.490 f  u_top/u_atomik/core_resp_acc_zero_i_3/O
                         net (fo=1, routed)           0.343    11.833    u_top/u_atomik/core_resp_acc_zero_i_3_n_0
    SLICE_X63Y43         LUT4 (Prop_lut4_I1_O)        0.105    11.938 r  u_top/u_atomik/core_resp_acc_zero_i_1/O
                         net (fo=1, routed)           0.000    11.938    u_top/u_cdc/acc_zero
    SLICE_X63Y43         FDCE                                         r  u_top/u_cdc/core_resp_acc_zero_reg/D
  -------------------------------------------------------------------    -------------------

                         (clock atomik_clk rise edge)
                                                      6.750     6.750 r  
                         clock source latency         1.951     8.701    
                         propagated clock network latency
                                                      2.836    11.537    
                         clock pessimism              0.393    11.930    
                         clock uncertainty           -0.070    11.861    
    SLICE_X63Y43         FDCE (Setup_fdce_C_D)        0.030    11.891    u_top/u_cdc/core_resp_acc_zero_reg
  -------------------------------------------------------------------
                         required time                         11.891    
                         arrival time                         -11.938    
  -------------------------------------------------------------------
                         slack                                 -0.047    

Slack (VIOLATED) :        -0.047ns  (required time - arrival time)
  Source:                 u_top/u_atomik/banks[195].bank_acc_reg[195][9]/C
                            (rising edge-triggered cell FDRE clocked by atomik_clk  {rise@0.000ns fall@3.375ns period=6.750ns})
  Destination:            u_top/u_cdc/core_resp_acc_zero_reg/D
                            (rising edge-triggered cell FDCE clocked by atomik_clk  {rise@0.000ns fall@3.375ns period=6.750ns})
  Path Group:             atomik_clk
  Path Type:              Setup (Max at Slow Process Corner)
  Requirement:            6.750ns  (atomik_clk rise@6.750ns - atomik_clk rise@0.000ns)
  Data Path Delay:        6.442ns  (logic 1.168ns (18.130%)  route 5.274ns (81.870%))
  Logic Levels:           7  (LUT4=1 LUT5=1 LUT6=5)
  Clock Path Skew:        -0.315ns (DCD - SCD + CPR)
    Destination Clock Delay (DCD):    4.787ns = ( 11.537 - 6.750 ) 
    Source Clock Delay      (SCD):    5.496ns
    Clock Pessimism Removal (CPR):    0.393ns
  Clock Uncertainty:      0.070ns  ((TSJ^2 + DJ^2)^1/2) / 2 + PE
    Total System Jitter     (TSJ):    0.071ns
    Discrete Jitter          (DJ):    0.120ns
    Phase Error              (PE):    0.000ns

    Location             Delay type                Incr(ns)  Path(ns)    Netlist Resource(s)
  -------------------------------------------------------------------    -------------------
                         (clock atomik_clk rise edge)
                                                      0.000     0.000 r  
                         clock source latency         2.194     2.194    
                         propagated clock network latency
                                                      3.302     5.496    
    SLICE_X82Y107        FDRE                         0.000     5.496 r  u_top/u_atomik/banks[195].bank_acc_reg[195][9]/C
    SLICE_X82Y107        FDRE (Prop_fdre_C_Q)         0.433     5.929 f  u_top/u_atomik/banks[195].bank_acc_reg[195][9]/Q
                         net (fo=3, routed)           1.153     7.081    u_top/u_atomik/banks[195].bank_acc_reg[195][63]_0[9]
    SLICE_X82Y96         LUT6 (Prop_lut6_I2_O)        0.105     7.186 r  u_top/u_atomik/core_resp_acc_zero_i_1960/O
                         net (fo=1, routed)           0.452     7.639    u_top/u_atomik/core_resp_acc_zero_i_1960_n_0
    SLICE_X83Y96         LUT6 (Prop_lut6_I4_O)        0.105     7.744 r  u_top/u_atomik/core_resp_acc_zero_i_853/O
                         net (fo=1, routed)           0.937     8.680    u_top/u_atomik/core_resp_acc_zero_i_853_n_0
    SLICE_X80Y90         LUT6 (Prop_lut6_I1_O)        0.105     8.785 r  u_top/u_atomik/core_resp_acc_zero_i_229/O
                         net (fo=1, routed)           0.806     9.591    u_top/u_atomik/core_resp_acc_zero_i_229_n_0
    SLICE_X81Y67         LUT6 (Prop_lut6_I3_O)        0.105     9.696 f  u_top/u_atomik/core_resp_acc_zero_i_62/O
                         net (fo=1, routed)           1.084    10.780    u_top/u_atomik/p_256_in[9]
    SLICE_X78Y43         LUT5 (Prop_lut5_I3_O)        0.105    10.885 f  u_top/u_atomik/core_resp_acc_zero_i_17/O
                         net (fo=1, routed)           0.500    11.385    u_top/u_atomik/core_resp_acc_zero_i_17_n_0
    SLICE_X63Y43         LUT6 (Prop_lut6_I5_O)        0.105    11.490 f  u_top/u_atomik/core_resp_acc_zero_i_3/O
                         net (fo=1, routed)           0.343    11.833    u_top/u_atomik/core_resp_acc_zero_i_3_n_0
    SLICE_X63Y43         LUT4 (Prop_lut4_I1_O)        0.105    11.938 r  u_top/u_atomik/core_resp_acc_zero_i_1/O
                         net (fo=1, routed)           0.000    11.938    u_top/u_cdc/acc_zero
    SLICE_X63Y43         FDCE                                         r  u_top/u_cdc/core_resp_acc_zero_reg/D
  -------------------------------------------------------------------    -------------------

                         (clock atomik_clk rise edge)
                                                      6.750     6.750 r  
                         clock source latency         1.951     8.701    
                         propagated clock network latency
                                                      2.836    11.537    
                         clock pessimism              0.393    11.930    
                         clock uncertainty           -0.070    11.861    
    SLICE_X63Y43         FDCE (Setup_fdce_C_D)        0.030    11.891    u_top/u_cdc/core_resp_acc_zero_reg
  -------------------------------------------------------------------
                         required time                         11.891    
                         arrival time                         -11.938    
  -------------------------------------------------------------------
                         slack                                 -0.047    

Slack (VIOLATED) :        -0.047ns  (required time - arrival time)
  Source:                 u_top/u_atomik/banks[195].bank_acc_reg[195][9]/C
                            (rising edge-triggered cell FDRE clocked by atomik_clk  {rise@0.000ns fall@3.375ns period=6.750ns})
  Destination:            u_top/u_cdc/core_resp_acc_zero_reg/D
                            (rising edge-triggered cell FDCE clocked by atomik_clk  {rise@0.000ns fall@3.375ns period=6.750ns})
  Path Group:             atomik_clk
  Path Type:              Setup (Max at Slow Process Corner)
  Requirement:            6.750ns  (atomik_clk rise@6.750ns - atomik_clk rise@0.000ns)
  Data Path Delay:        6.442ns  (logic 1.168ns (18.130%)  route 5.274ns (81.870%))
  Logic Levels:           7  (LUT4=1 LUT5=1 LUT6=5)
  Clock Path Skew:        -0.315ns (DCD - SCD + CPR)
    Destination Clock Delay (DCD):    4.787ns = ( 11.537 - 6.750 ) 
    Source Clock Delay      (SCD):    5.496ns
    Clock Pessimism Removal (CPR):    0.393ns
  Clock Uncertainty:      0.070ns  ((TSJ^2 + DJ^2)^1/2) / 2 + PE
    Total System Jitter     (TSJ):    0.071ns
    Discrete Jitter          (DJ):    0.120ns
    Phase Error              (PE):    0.000ns

    Location             Delay type                Incr(ns)  Path(ns)    Netlist Resource(s)
  -------------------------------------------------------------------    -------------------
                         (clock atomik_clk rise edge)
                                                      0.000     0.000 r  
                         clock source latency         2.194     2.194    
                         propagated clock network latency
                                                      3.302     5.496    
    SLICE_X82Y107        FDRE                         0.000     5.496 r  u_top/u_atomik/banks[195].bank_acc_reg[195][9]/C
    SLICE_X82Y107        FDRE (Prop_fdre_C_Q)         0.433     5.929 r  u_top/u_atomik/banks[195].bank_acc_reg[195][9]/Q
                         net (fo=3, routed)           1.153     7.081    u_top/u_atomik/banks[195].bank_acc_reg[195][63]_0[9]
    SLICE_X82Y96         LUT6 (Prop_lut6_I2_O)        0.105     7.186 r  u_top/u_atomik/core_resp_acc_zero_i_1960/O
                         net (fo=1, routed)           0.452     7.639    u_top/u_atomik/core_resp_acc_zero_i_1960_n_0
    SLICE_X83Y96         LUT6 (Prop_lut6_I4_O)        0.105     7.744 f  u_top/u_atomik/core_resp_acc_zero_i_853/O
                         net (fo=1, routed)           0.937     8.680    u_top/u_atomik/core_resp_acc_zero_i_853_n_0
    SLICE_X80Y90         LUT6 (Prop_lut6_I1_O)        0.105     8.785 r  u_top/u_atomik/core_resp_acc_zero_i_229/O
                         net (fo=1, routed)           0.806     9.591    u_top/u_atomik/core_resp_acc_zero_i_229_n_0
    SLICE_X81Y67         LUT6 (Prop_lut6_I3_O)        0.105     9.696 f  u_top/u_atomik/core_resp_acc_zero_i_62/O
                         net (fo=1, routed)           1.084    10.780    u_top/u_atomik/p_256_in[9]
    SLICE_X78Y43         LUT5 (Prop_lut5_I3_O)        0.105    10.885 f  u_top/u_atomik/core_resp_acc_zero_i_17/O
                         net (fo=1, routed)           0.500    11.385    u_top/u_atomik/core_resp_acc_zero_i_17_n_0
    SLICE_X63Y43         LUT6 (Prop_lut6_I5_O)        0.105    11.490 f  u_top/u_atomik/core_resp_acc_zero_i_3/O
                         net (fo=1, routed)           0.343    11.833    u_top/u_atomik/core_resp_acc_zero_i_3_n_0
    SLICE_X63Y43         LUT4 (Prop_lut4_I1_O)        0.105    11.938 r  u_top/u_atomik/core_resp_acc_zero_i_1/O
                         net (fo=1, routed)           0.000    11.938    u_top/u_cdc/acc_zero
    SLICE_X63Y43         FDCE                                         r  u_top/u_cdc/core_resp_acc_zero_reg/D
  -------------------------------------------------------------------    -------------------

                         (clock atomik_clk rise edge)
                                                      6.750     6.750 r  
                         clock source latency         1.951     8.701    
                         propagated clock network latency
                                                      2.836    11.537    
                         clock pessimism              0.393    11.930    
                         clock uncertainty           -0.070    11.861    
    SLICE_X63Y43         FDCE (Setup_fdce_C_D)        0.030    11.891    u_top/u_cdc/core_resp_acc_zero_reg
  -------------------------------------------------------------------
                         required time                         11.891    
                         arrival time                         -11.938    
  -------------------------------------------------------------------
                         slack                                 -0.047    

Slack (VIOLATED) :        -0.047ns  (required time - arrival time)
  Source:                 u_top/u_atomik/banks[195].bank_acc_reg[195][9]/C
                            (rising edge-triggered cell FDRE clocked by atomik_clk  {rise@0.000ns fall@3.375ns period=6.750ns})
  Destination:            u_top/u_cdc/core_resp_acc_zero_reg/D
                            (rising edge-triggered cell FDCE clocked by atomik_clk  {rise@0.000ns fall@3.375ns period=6.750ns})
  Path Group:             atomik_clk
  Path Type:              Setup (Max at Slow Process Corner)
  Requirement:            6.750ns  (atomik_clk rise@6.750ns - atomik_clk rise@0.000ns)
  Data Path Delay:        6.442ns  (logic 1.168ns (18.130%)  route 5.274ns (81.870%))
  Logic Levels:           7  (LUT4=1 LUT5=1 LUT6=5)
  Clock Path Skew:        -0.315ns (DCD - SCD + CPR)
    Destination Clock Delay (DCD):    4.787ns = ( 11.537 - 6.750 ) 
    Source Clock Delay      (SCD):    5.496ns
    Clock Pessimism Removal (CPR):    0.393ns
  Clock Uncertainty:      0.070ns  ((TSJ^2 + DJ^2)^1/2) / 2 + PE
    Total System Jitter     (TSJ):    0.071ns
    Discrete Jitter          (DJ):    0.120ns
    Phase Error              (PE):    0.000ns

    Location             Delay type                Incr(ns)  Path(ns)    Netlist Resource(s)
  -------------------------------------------------------------------    -------------------
                         (clock atomik_clk rise edge)
                                                      0.000     0.000 r  
                         clock source latency         2.194     2.194    
                         propagated clock network latency
                                                      3.302     5.496    
    SLICE_X82Y107        FDRE                         0.000     5.496 r  u_top/u_atomik/banks[195].bank_acc_reg[195][9]/C
    SLICE_X82Y107        FDRE (Prop_fdre_C_Q)         0.433     5.929 f  u_top/u_atomik/banks[195].bank_acc_reg[195][9]/Q
                         net (fo=3, routed)           1.153     7.081    u_top/u_atomik/banks[195].bank_acc_reg[195][63]_0[9]
    SLICE_X82Y96         LUT6 (Prop_lut6_I2_O)        0.105     7.186 r  u_top/u_atomik/core_resp_acc_zero_i_1960/O
                         net (fo=1, routed)           0.452     7.639    u_top/u_atomik/core_resp_acc_zero_i_1960_n_0
    SLICE_X83Y96         LUT6 (Prop_lut6_I4_O)        0.105     7.744 f  u_top/u_atomik/core_resp_acc_zero_i_853/O
                         net (fo=1, routed)           0.937     8.680    u_top/u_atomik/core_resp_acc_zero_i_853_n_0
    SLICE_X80Y90         LUT6 (Prop_lut6_I1_O)        0.105     8.785 r  u_top/u_atomik/core_resp_acc_zero_i_229/O
                         net (fo=1, routed)           0.806     9.591    u_top/u_atomik/core_resp_acc_zero_i_229_n_0
    SLICE_X81Y67         LUT6 (Prop_lut6_I3_O)        0.105     9.696 f  u_top/u_atomik/core_resp_acc_zero_i_62/O
                         net (fo=1, routed)           1.084    10.780    u_top/u_atomik/p_256_in[9]
    SLICE_X78Y43         LUT5 (Prop_lut5_I3_O)        0.105    10.885 f  u_top/u_atomik/core_resp_acc_zero_i_17/O
                         net (fo=1, routed)           0.500    11.385    u_top/u_atomik/core_resp_acc_zero_i_17_n_0
    SLICE_X63Y43         LUT6 (Prop_lut6_I5_O)        0.105    11.490 f  u_top/u_atomik/core_resp_acc_zero_i_3/O
                         net (fo=1, routed)           0.343    11.833    u_top/u_atomik/core_resp_acc_zero_i_3_n_0
    SLICE_X63Y43         LUT4 (Prop_lut4_I1_O)        0.105    11.938 r  u_top/u_atomik/core_resp_acc_zero_i_1/O
                         net (fo=1, routed)           0.000    11.938    u_top/u_cdc/acc_zero
    SLICE_X63Y43         FDCE                                         r  u_top/u_cdc/core_resp_acc_zero_reg/D
  -------------------------------------------------------------------    -------------------

                         (clock atomik_clk rise edge)
                                                      6.750     6.750 r  
                         clock source latency         1.951     8.701    
                         propagated clock network latency
                                                      2.836    11.537    
                         clock pessimism              0.393    11.930    
                         clock uncertainty           -0.070    11.861    
    SLICE_X63Y43         FDCE (Setup_fdce_C_D)        0.030    11.891    u_top/u_cdc/core_resp_acc_zero_reg
  -------------------------------------------------------------------
                         required time                         11.891    
                         arrival time                         -11.938    
  -------------------------------------------------------------------
                         slack                                 -0.047    

Slack (VIOLATED) :        -0.047ns  (required time - arrival time)
  Source:                 u_top/u_atomik/banks[195].bank_acc_reg[195][9]/C
                            (rising edge-triggered cell FDRE clocked by atomik_clk  {rise@0.000ns fall@3.375ns period=6.750ns})
  Destination:            u_top/u_cdc/core_resp_acc_zero_reg/D
                            (rising edge-triggered cell FDCE clocked by atomik_clk  {rise@0.000ns fall@3.375ns period=6.750ns})
  Path Group:             atomik_clk
  Path Type:              Setup (Max at Slow Process Corner)
  Requirement:            6.750ns  (atomik_clk rise@6.750ns - atomik_clk rise@0.000ns)
  Data Path Delay:        6.442ns  (logic 1.168ns (18.130%)  route 5.274ns (81.870%))
  Logic Levels:           7  (LUT4=1 LUT5=1 LUT6=5)
  Clock Path Skew:        -0.315ns (DCD - SCD + CPR)
    Destination Clock Delay (DCD):    4.787ns = ( 11.537 - 6.750 ) 
    Source Clock Delay      (SCD):    5.496ns
    Clock Pessimism Removal (CPR):    0.393ns
  Clock Uncertainty:      0.070ns  ((TSJ^2 + DJ^2)^1/2) / 2 + PE
    Total System Jitter     (TSJ):    0.071ns
    Discrete Jitter          (DJ):    0.120ns
    Phase Error              (PE):    0.000ns

    Location             Delay type                Incr(ns)  Path(ns)    Netlist Resource(s)
  -------------------------------------------------------------------    -------------------
                         (clock atomik_clk rise edge)
                                                      0.000     0.000 r  
                         clock source latency         2.194     2.194    
                         propagated clock network latency
                                                      3.302     5.496    
    SLICE_X82Y107        FDRE                         0.000     5.496 r  u_top/u_atomik/banks[195].bank_acc_reg[195][9]/C
    SLICE_X82Y107        FDRE (Prop_fdre_C_Q)         0.433     5.929 r  u_top/u_atomik/banks[195].bank_acc_reg[195][9]/Q
                         net (fo=3, routed)           1.153     7.081    u_top/u_atomik/banks[195].bank_acc_reg[195][63]_0[9]
    SLICE_X82Y96         LUT6 (Prop_lut6_I2_O)        0.105     7.186 r  u_top/u_atomik/core_resp_acc_zero_i_1960/O
                         net (fo=1, routed)           0.452     7.639    u_top/u_atomik/core_resp_acc_zero_i_1960_n_0
    SLICE_X83Y96         LUT6 (Prop_lut6_I4_O)        0.105     7.744 r  u_top/u_atomik/core_resp_acc_zero_i_853/O
                         net (fo=1, routed)           0.937     8.680    u_top/u_atomik/core_resp_acc_zero_i_853_n_0
    SLICE_X80Y90         LUT6 (Prop_lut6_I1_O)        0.105     8.785 f  u_top/u_atomik/core_resp_acc_zero_i_229/O
                         net (fo=1, routed)           0.806     9.591    u_top/u_atomik/core_resp_acc_zero_i_229_n_0
    SLICE_X81Y67         LUT6 (Prop_lut6_I3_O)        0.105     9.696 f  u_top/u_atomik/core_resp_acc_zero_i_62/O
                         net (fo=1, routed)           1.084    10.780    u_top/u_atomik/p_256_in[9]
    SLICE_X78Y43         LUT5 (Prop_lut5_I3_O)        0.105    10.885 f  u_top/u_atomik/core_resp_acc_zero_i_17/O
                         net (fo=1, routed)           0.500    11.385    u_top/u_atomik/core_resp_acc_zero_i_17_n_0
    SLICE_X63Y43         LUT6 (Prop_lut6_I5_O)        0.105    11.490 f  u_top/u_atomik/core_resp_acc_zero_i_3/O
                         net (fo=1, routed)           0.343    11.833    u_top/u_atomik/core_resp_acc_zero_i_3_n_0
    SLICE_X63Y43         LUT4 (Prop_lut4_I1_O)        0.105    11.938 r  u_top/u_atomik/core_resp_acc_zero_i_1/O
                         net (fo=1, routed)           0.000    11.938    u_top/u_cdc/acc_zero
    SLICE_X63Y43         FDCE                                         r  u_top/u_cdc/core_resp_acc_zero_reg/D
  -------------------------------------------------------------------    -------------------

                         (clock atomik_clk rise edge)
                                                      6.750     6.750 r  
                         clock source latency         1.951     8.701    
                         propagated clock network latency
                                                      2.836    11.537    
                         clock pessimism              0.393    11.930    
                         clock uncertainty           -0.070    11.861    
    SLICE_X63Y43         FDCE (Setup_fdce_C_D)        0.030    11.891    u_top/u_cdc/core_resp_acc_zero_reg
  -------------------------------------------------------------------
                         required time                         11.891    
                         arrival time                         -11.938    
  -------------------------------------------------------------------
                         slack                                 -0.047    




