Copyright 1986-2022 Xilinx, Inc. All Rights Reserved. Copyright 2022-2025 Advanced Micro Devices, Inc. All Rights Reserved.
-----------------------------------------------------------------------------------------------------------------------------------------------------------
| Tool Version : Vivado v.2025.2 (lin64) Build 6299465 Fri Nov 14 12:34:56 MST 2025
| Date         : Fri Mar 13 13:49:26 2026
| Host         : Jarvis running 64-bit Ubuntu 24.04.4 LTS
| Command      : report_timing -nworst 5 -path_type full -file /home/mattrock/Projects/ATOMiK/hardware/zynq/sweep/reports/crit_path_N16_F275p9_maximum.rpt
| Design       : sweep_top_N16_F275p9_maximum
| Device       : 7z020-clg400
| Speed File   : -2  PRODUCTION 1.12 2019-11-22
| Design State : Routed
-----------------------------------------------------------------------------------------------------------------------------------------------------------

Timing Report

Slack (VIOLATED) :        -0.078ns  (required time - arrival time)
  Source:                 u_top/u_atomik/banks[9].bank_acc_reg[9][45]/C
                            (rising edge-triggered cell FDRE clocked by atomik_clk  {rise@0.000ns fall@1.812ns period=3.625ns})
  Destination:            u_top/u_cdc/core_resp_acc_zero_reg/D
                            (rising edge-triggered cell FDCE clocked by atomik_clk  {rise@0.000ns fall@1.812ns period=3.625ns})
  Path Group:             atomik_clk
  Path Type:              Setup (Max at Slow Process Corner)
  Requirement:            3.625ns  (atomik_clk rise@3.625ns - atomik_clk rise@0.000ns)
  Data Path Delay:        3.541ns  (logic 1.008ns (28.466%)  route 2.533ns (71.534%))
  Logic Levels:           5  (LUT4=1 LUT6=4)
  Clock Path Skew:        -0.130ns (DCD - SCD + CPR)
    Destination Clock Delay (DCD):    4.944ns = ( 8.569 - 3.625 ) 
    Source Clock Delay      (SCD):    5.575ns
    Clock Pessimism Removal (CPR):    0.502ns
  Clock Uncertainty:      0.064ns  ((TSJ^2 + DJ^2)^1/2) / 2 + PE
    Total System Jitter     (TSJ):    0.071ns
    Discrete Jitter          (DJ):    0.106ns
    Phase Error              (PE):    0.000ns

    Location             Delay type                Incr(ns)  Path(ns)    Netlist Resource(s)
  -------------------------------------------------------------------    -------------------
                         (clock atomik_clk rise edge)
                                                      0.000     0.000 r  
                         clock source latency         2.177     2.177    
                         propagated clock network latency
                                                      3.398     5.575    
    SLICE_X110Y108       FDRE                         0.000     5.575 r  u_top/u_atomik/banks[9].bank_acc_reg[9][45]/C
    SLICE_X110Y108       FDRE (Prop_fdre_C_Q)         0.348     5.923 r  u_top/u_atomik/banks[9].bank_acc_reg[9][45]/Q
                         net (fo=2, routed)           0.933     6.856    u_top/u_atomik/banks[9].bank_acc_reg[9][63]_0[45]
    SLICE_X106Y108       LUT6 (Prop_lut6_I0_O)        0.240     7.096 r  u_top/u_atomik/i_1_LOPT_REMAP_1/O
                         net (fo=1, routed)           0.311     7.408    u_top/u_atomik/i_1/O_n_1
    SLICE_X105Y108       LUT6 (Prop_lut6_I3_O)        0.105     7.513 f  u_top/u_atomik/i_0_LOPT_REMAP_1/O
                         net (fo=2, routed)           0.695     8.208    u_top/u_atomik/p_16_in[45]
    SLICE_X105Y107       LUT6 (Prop_lut6_I4_O)        0.105     8.313 r  u_top/u_atomik/core_resp_acc_zero_i_11/O
                         net (fo=1, routed)           0.481     8.794    u_top/u_atomik/core_resp_acc_zero_i_11_n_0
    SLICE_X103Y106       LUT6 (Prop_lut6_I3_O)        0.105     8.899 r  u_top/u_atomik/core_resp_acc_zero_i_5/O
                         net (fo=1, routed)           0.113     9.012    u_top/u_atomik/core_resp_acc_zero_i_5_n_0
    SLICE_X103Y106       LUT4 (Prop_lut4_I3_O)        0.105     9.117 r  u_top/u_atomik/core_resp_acc_zero_i_1/O
                         net (fo=1, routed)           0.000     9.117    u_top/u_cdc/core_acc_zero
    SLICE_X103Y106       FDCE                                         r  u_top/u_cdc/core_resp_acc_zero_reg/D
  -------------------------------------------------------------------    -------------------

                         (clock atomik_clk rise edge)
                                                      3.625     3.625 r  
                         clock source latency         1.935     5.560    
                         propagated clock network latency
                                                      3.008     8.569    
                         clock pessimism              0.502     9.070    
                         clock uncertainty           -0.064     9.007    
    SLICE_X103Y106       FDCE (Setup_fdce_C_D)        0.032     9.039    u_top/u_cdc/core_resp_acc_zero_reg
  -------------------------------------------------------------------
                         required time                          9.039    
                         arrival time                          -9.117    
  -------------------------------------------------------------------
                         slack                                 -0.078    

Slack (VIOLATED) :        -0.078ns  (required time - arrival time)
  Source:                 u_top/u_atomik/banks[9].bank_acc_reg[9][45]/C
                            (rising edge-triggered cell FDRE clocked by atomik_clk  {rise@0.000ns fall@1.812ns period=3.625ns})
  Destination:            u_top/u_cdc/core_resp_acc_zero_reg/D
                            (rising edge-triggered cell FDCE clocked by atomik_clk  {rise@0.000ns fall@1.812ns period=3.625ns})
  Path Group:             atomik_clk
  Path Type:              Setup (Max at Slow Process Corner)
  Requirement:            3.625ns  (atomik_clk rise@3.625ns - atomik_clk rise@0.000ns)
  Data Path Delay:        3.541ns  (logic 1.008ns (28.466%)  route 2.533ns (71.534%))
  Logic Levels:           5  (LUT4=1 LUT6=4)
  Clock Path Skew:        -0.130ns (DCD - SCD + CPR)
    Destination Clock Delay (DCD):    4.944ns = ( 8.569 - 3.625 ) 
    Source Clock Delay      (SCD):    5.575ns
    Clock Pessimism Removal (CPR):    0.502ns
  Clock Uncertainty:      0.064ns  ((TSJ^2 + DJ^2)^1/2) / 2 + PE
    Total System Jitter     (TSJ):    0.071ns
    Discrete Jitter          (DJ):    0.106ns
    Phase Error              (PE):    0.000ns

    Location             Delay type                Incr(ns)  Path(ns)    Netlist Resource(s)
  -------------------------------------------------------------------    -------------------
                         (clock atomik_clk rise edge)
                                                      0.000     0.000 r  
                         clock source latency         2.177     2.177    
                         propagated clock network latency
                                                      3.398     5.575    
    SLICE_X110Y108       FDRE                         0.000     5.575 r  u_top/u_atomik/banks[9].bank_acc_reg[9][45]/C
    SLICE_X110Y108       FDRE (Prop_fdre_C_Q)         0.348     5.923 f  u_top/u_atomik/banks[9].bank_acc_reg[9][45]/Q
                         net (fo=2, routed)           0.933     6.856    u_top/u_atomik/banks[9].bank_acc_reg[9][63]_0[45]
    SLICE_X106Y108       LUT6 (Prop_lut6_I0_O)        0.240     7.096 r  u_top/u_atomik/i_1_LOPT_REMAP_1/O
                         net (fo=1, routed)           0.311     7.408    u_top/u_atomik/i_1/O_n_1
    SLICE_X105Y108       LUT6 (Prop_lut6_I3_O)        0.105     7.513 f  u_top/u_atomik/i_0_LOPT_REMAP_1/O
                         net (fo=2, routed)           0.695     8.208    u_top/u_atomik/p_16_in[45]
    SLICE_X105Y107       LUT6 (Prop_lut6_I4_O)        0.105     8.313 r  u_top/u_atomik/core_resp_acc_zero_i_11/O
                         net (fo=1, routed)           0.481     8.794    u_top/u_atomik/core_resp_acc_zero_i_11_n_0
    SLICE_X103Y106       LUT6 (Prop_lut6_I3_O)        0.105     8.899 r  u_top/u_atomik/core_resp_acc_zero_i_5/O
                         net (fo=1, routed)           0.113     9.012    u_top/u_atomik/core_resp_acc_zero_i_5_n_0
    SLICE_X103Y106       LUT4 (Prop_lut4_I3_O)        0.105     9.117 r  u_top/u_atomik/core_resp_acc_zero_i_1/O
                         net (fo=1, routed)           0.000     9.117    u_top/u_cdc/core_acc_zero
    SLICE_X103Y106       FDCE                                         r  u_top/u_cdc/core_resp_acc_zero_reg/D
  -------------------------------------------------------------------    -------------------

                         (clock atomik_clk rise edge)
                                                      3.625     3.625 r  
                         clock source latency         1.935     5.560    
                         propagated clock network latency
                                                      3.008     8.569    
                         clock pessimism              0.502     9.070    
                         clock uncertainty           -0.064     9.007    
    SLICE_X103Y106       FDCE (Setup_fdce_C_D)        0.032     9.039    u_top/u_cdc/core_resp_acc_zero_reg
  -------------------------------------------------------------------
                         required time                          9.039    
                         arrival time                          -9.117    
  -------------------------------------------------------------------
                         slack                                 -0.078    

Slack (VIOLATED) :        -0.078ns  (required time - arrival time)
  Source:                 u_top/u_atomik/banks[9].bank_acc_reg[9][45]/C
                            (rising edge-triggered cell FDRE clocked by atomik_clk  {rise@0.000ns fall@1.812ns period=3.625ns})
  Destination:            u_top/u_cdc/core_resp_acc_zero_reg/D
                            (rising edge-triggered cell FDCE clocked by atomik_clk  {rise@0.000ns fall@1.812ns period=3.625ns})
  Path Group:             atomik_clk
  Path Type:              Setup (Max at Slow Process Corner)
  Requirement:            3.625ns  (atomik_clk rise@3.625ns - atomik_clk rise@0.000ns)
  Data Path Delay:        3.541ns  (logic 1.008ns (28.466%)  route 2.533ns (71.534%))
  Logic Levels:           5  (LUT4=1 LUT6=4)
  Clock Path Skew:        -0.130ns (DCD - SCD + CPR)
    Destination Clock Delay (DCD):    4.944ns = ( 8.569 - 3.625 ) 
    Source Clock Delay      (SCD):    5.575ns
    Clock Pessimism Removal (CPR):    0.502ns
  Clock Uncertainty:      0.064ns  ((TSJ^2 + DJ^2)^1/2) / 2 + PE
    Total System Jitter     (TSJ):    0.071ns
    Discrete Jitter          (DJ):    0.106ns
    Phase Error              (PE):    0.000ns

    Location             Delay type                Incr(ns)  Path(ns)    Netlist Resource(s)
  -------------------------------------------------------------------    -------------------
                         (clock atomik_clk rise edge)
                                                      0.000     0.000 r  
                         clock source latency         2.177     2.177    
                         propagated clock network latency
                                                      3.398     5.575    
    SLICE_X110Y108       FDRE                         0.000     5.575 r  u_top/u_atomik/banks[9].bank_acc_reg[9][45]/C
    SLICE_X110Y108       FDRE (Prop_fdre_C_Q)         0.348     5.923 r  u_top/u_atomik/banks[9].bank_acc_reg[9][45]/Q
                         net (fo=2, routed)           0.933     6.856    u_top/u_atomik/banks[9].bank_acc_reg[9][63]_0[45]
    SLICE_X106Y108       LUT6 (Prop_lut6_I0_O)        0.240     7.096 f  u_top/u_atomik/i_1_LOPT_REMAP_1/O
                         net (fo=1, routed)           0.311     7.408    u_top/u_atomik/i_1/O_n_1
    SLICE_X105Y108       LUT6 (Prop_lut6_I3_O)        0.105     7.513 f  u_top/u_atomik/i_0_LOPT_REMAP_1/O
                         net (fo=2, routed)           0.695     8.208    u_top/u_atomik/p_16_in[45]
    SLICE_X105Y107       LUT6 (Prop_lut6_I4_O)        0.105     8.313 r  u_top/u_atomik/core_resp_acc_zero_i_11/O
                         net (fo=1, routed)           0.481     8.794    u_top/u_atomik/core_resp_acc_zero_i_11_n_0
    SLICE_X103Y106       LUT6 (Prop_lut6_I3_O)        0.105     8.899 r  u_top/u_atomik/core_resp_acc_zero_i_5/O
                         net (fo=1, routed)           0.113     9.012    u_top/u_atomik/core_resp_acc_zero_i_5_n_0
    SLICE_X103Y106       LUT4 (Prop_lut4_I3_O)        0.105     9.117 r  u_top/u_atomik/core_resp_acc_zero_i_1/O
                         net (fo=1, routed)           0.000     9.117    u_top/u_cdc/core_acc_zero
    SLICE_X103Y106       FDCE                                         r  u_top/u_cdc/core_resp_acc_zero_reg/D
  -------------------------------------------------------------------    -------------------

                         (clock atomik_clk rise edge)
                                                      3.625     3.625 r  
                         clock source latency         1.935     5.560    
                         propagated clock network latency
                                                      3.008     8.569    
                         clock pessimism              0.502     9.070    
                         clock uncertainty           -0.064     9.007    
    SLICE_X103Y106       FDCE (Setup_fdce_C_D)        0.032     9.039    u_top/u_cdc/core_resp_acc_zero_reg
  -------------------------------------------------------------------
                         required time                          9.039    
                         arrival time                          -9.117    
  -------------------------------------------------------------------
                         slack                                 -0.078    

Slack (VIOLATED) :        -0.078ns  (required time - arrival time)
  Source:                 u_top/u_atomik/banks[9].bank_acc_reg[9][45]/C
                            (rising edge-triggered cell FDRE clocked by atomik_clk  {rise@0.000ns fall@1.812ns period=3.625ns})
  Destination:            u_top/u_cdc/core_resp_acc_zero_reg/D
                            (rising edge-triggered cell FDCE clocked by atomik_clk  {rise@0.000ns fall@1.812ns period=3.625ns})
  Path Group:             atomik_clk
  Path Type:              Setup (Max at Slow Process Corner)
  Requirement:            3.625ns  (atomik_clk rise@3.625ns - atomik_clk rise@0.000ns)
  Data Path Delay:        3.541ns  (logic 1.008ns (28.466%)  route 2.533ns (71.534%))
  Logic Levels:           5  (LUT4=1 LUT6=4)
  Clock Path Skew:        -0.130ns (DCD - SCD + CPR)
    Destination Clock Delay (DCD):    4.944ns = ( 8.569 - 3.625 ) 
    Source Clock Delay      (SCD):    5.575ns
    Clock Pessimism Removal (CPR):    0.502ns
  Clock Uncertainty:      0.064ns  ((TSJ^2 + DJ^2)^1/2) / 2 + PE
    Total System Jitter     (TSJ):    0.071ns
    Discrete Jitter          (DJ):    0.106ns
    Phase Error              (PE):    0.000ns

    Location             Delay type                Incr(ns)  Path(ns)    Netlist Resource(s)
  -------------------------------------------------------------------    -------------------
                         (clock atomik_clk rise edge)
                                                      0.000     0.000 r  
                         clock source latency         2.177     2.177    
                         propagated clock network latency
                                                      3.398     5.575    
    SLICE_X110Y108       FDRE                         0.000     5.575 r  u_top/u_atomik/banks[9].bank_acc_reg[9][45]/C
    SLICE_X110Y108       FDRE (Prop_fdre_C_Q)         0.348     5.923 f  u_top/u_atomik/banks[9].bank_acc_reg[9][45]/Q
                         net (fo=2, routed)           0.933     6.856    u_top/u_atomik/banks[9].bank_acc_reg[9][63]_0[45]
    SLICE_X106Y108       LUT6 (Prop_lut6_I0_O)        0.240     7.096 f  u_top/u_atomik/i_1_LOPT_REMAP_1/O
                         net (fo=1, routed)           0.311     7.408    u_top/u_atomik/i_1/O_n_1
    SLICE_X105Y108       LUT6 (Prop_lut6_I3_O)        0.105     7.513 f  u_top/u_atomik/i_0_LOPT_REMAP_1/O
                         net (fo=2, routed)           0.695     8.208    u_top/u_atomik/p_16_in[45]
    SLICE_X105Y107       LUT6 (Prop_lut6_I4_O)        0.105     8.313 r  u_top/u_atomik/core_resp_acc_zero_i_11/O
                         net (fo=1, routed)           0.481     8.794    u_top/u_atomik/core_resp_acc_zero_i_11_n_0
    SLICE_X103Y106       LUT6 (Prop_lut6_I3_O)        0.105     8.899 r  u_top/u_atomik/core_resp_acc_zero_i_5/O
                         net (fo=1, routed)           0.113     9.012    u_top/u_atomik/core_resp_acc_zero_i_5_n_0
    SLICE_X103Y106       LUT4 (Prop_lut4_I3_O)        0.105     9.117 r  u_top/u_atomik/core_resp_acc_zero_i_1/O
                         net (fo=1, routed)           0.000     9.117    u_top/u_cdc/core_acc_zero
    SLICE_X103Y106       FDCE                                         r  u_top/u_cdc/core_resp_acc_zero_reg/D
  -------------------------------------------------------------------    -------------------

                         (clock atomik_clk rise edge)
                                                      3.625     3.625 r  
                         clock source latency         1.935     5.560    
                         propagated clock network latency
                                                      3.008     8.569    
                         clock pessimism              0.502     9.070    
                         clock uncertainty           -0.064     9.007    
    SLICE_X103Y106       FDCE (Setup_fdce_C_D)        0.032     9.039    u_top/u_cdc/core_resp_acc_zero_reg
  -------------------------------------------------------------------
                         required time                          9.039    
                         arrival time                          -9.117    
  -------------------------------------------------------------------
                         slack                                 -0.078    

Slack (VIOLATED) :        -0.078ns  (required time - arrival time)
  Source:                 u_top/u_atomik/banks[9].bank_acc_reg[9][45]/C
                            (rising edge-triggered cell FDRE clocked by atomik_clk  {rise@0.000ns fall@1.812ns period=3.625ns})
  Destination:            u_top/u_cdc/core_resp_acc_zero_reg/D
                            (rising edge-triggered cell FDCE clocked by atomik_clk  {rise@0.000ns fall@1.812ns period=3.625ns})
  Path Group:             atomik_clk
  Path Type:              Setup (Max at Slow Process Corner)
  Requirement:            3.625ns  (atomik_clk rise@3.625ns - atomik_clk rise@0.000ns)
  Data Path Delay:        3.541ns  (logic 1.008ns (28.466%)  route 2.533ns (71.534%))
  Logic Levels:           5  (LUT4=1 LUT6=4)
  Clock Path Skew:        -0.130ns (DCD - SCD + CPR)
    Destination Clock Delay (DCD):    4.944ns = ( 8.569 - 3.625 ) 
    Source Clock Delay      (SCD):    5.575ns
    Clock Pessimism Removal (CPR):    0.502ns
  Clock Uncertainty:      0.064ns  ((TSJ^2 + DJ^2)^1/2) / 2 + PE
    Total System Jitter     (TSJ):    0.071ns
    Discrete Jitter          (DJ):    0.106ns
    Phase Error              (PE):    0.000ns

    Location             Delay type                Incr(ns)  Path(ns)    Netlist Resource(s)
  -------------------------------------------------------------------    -------------------
                         (clock atomik_clk rise edge)
                                                      0.000     0.000 r  
                         clock source latency         2.177     2.177    
                         propagated clock network latency
                                                      3.398     5.575    
    SLICE_X110Y108       FDRE                         0.000     5.575 r  u_top/u_atomik/banks[9].bank_acc_reg[9][45]/C
    SLICE_X110Y108       FDRE (Prop_fdre_C_Q)         0.348     5.923 r  u_top/u_atomik/banks[9].bank_acc_reg[9][45]/Q
                         net (fo=2, routed)           0.933     6.856    u_top/u_atomik/banks[9].bank_acc_reg[9][63]_0[45]
    SLICE_X106Y108       LUT6 (Prop_lut6_I0_O)        0.240     7.096 r  u_top/u_atomik/i_1_LOPT_REMAP_1/O
                         net (fo=1, routed)           0.311     7.408    u_top/u_atomik/i_1/O_n_1
    SLICE_X105Y108       LUT6 (Prop_lut6_I3_O)        0.105     7.513 r  u_top/u_atomik/i_0_LOPT_REMAP_1/O
                         net (fo=2, routed)           0.695     8.208    u_top/u_atomik/p_16_in[45]
    SLICE_X105Y107       LUT6 (Prop_lut6_I4_O)        0.105     8.313 f  u_top/u_atomik/core_resp_acc_zero_i_11/O
                         net (fo=1, routed)           0.481     8.794    u_top/u_atomik/core_resp_acc_zero_i_11_n_0
    SLICE_X103Y106       LUT6 (Prop_lut6_I3_O)        0.105     8.899 f  u_top/u_atomik/core_resp_acc_zero_i_5/O
                         net (fo=1, routed)           0.113     9.012    u_top/u_atomik/core_resp_acc_zero_i_5_n_0
    SLICE_X103Y106       LUT4 (Prop_lut4_I3_O)        0.105     9.117 f  u_top/u_atomik/core_resp_acc_zero_i_1/O
                         net (fo=1, routed)           0.000     9.117    u_top/u_cdc/core_acc_zero
    SLICE_X103Y106       FDCE                                         f  u_top/u_cdc/core_resp_acc_zero_reg/D
  -------------------------------------------------------------------    -------------------

                         (clock atomik_clk rise edge)
                                                      3.625     3.625 r  
                         clock source latency         1.935     5.560    
                         propagated clock network latency
                                                      3.008     8.569    
                         clock pessimism              0.502     9.070    
                         clock uncertainty           -0.064     9.007    
    SLICE_X103Y106       FDCE (Setup_fdce_C_D)        0.032     9.039    u_top/u_cdc/core_resp_acc_zero_reg
  -------------------------------------------------------------------
                         required time                          9.039    
                         arrival time                          -9.117    
  -------------------------------------------------------------------
                         slack                                 -0.078    




