Copyright 1986-2022 Xilinx, Inc. All Rights Reserved. Copyright 2022-2025 Advanced Micro Devices, Inc. All Rights Reserved.
-----------------------------------------------------------------------------------------------------------------------------------------------------------
| Tool Version : Vivado v.2025.2 (lin64) Build 6299465 Fri Nov 14 12:34:56 MST 2025
| Date         : Fri Mar 13 12:42:40 2026
| Host         : Jarvis running 64-bit Ubuntu 24.04.4 LTS
| Command      : report_timing -nworst 5 -path_type full -file /home/mattrock/Projects/ATOMiK/hardware/zynq/sweep/reports/crit_path_N4_F363p6_baseline.rpt
| Design       : sweep_top_N4_F363p6_baseline
| Device       : 7z020-clg400
| Speed File   : -2  PRODUCTION 1.12 2019-11-22
| Design State : Routed
-----------------------------------------------------------------------------------------------------------------------------------------------------------

Timing Report

Slack (VIOLATED) :        -0.197ns  (required time - arrival time)
  Source:                 u_top/u_atomik/banks[3].bank_acc_reg[3][40]/C
                            (rising edge-triggered cell FDRE clocked by atomik_clk  {rise@0.000ns fall@1.375ns period=2.750ns})
  Destination:            u_top/u_cdc/core_resp_acc_zero_reg/D
                            (rising edge-triggered cell FDCE clocked by atomik_clk  {rise@0.000ns fall@1.375ns period=2.750ns})
  Path Group:             atomik_clk
  Path Type:              Setup (Max at Slow Process Corner)
  Requirement:            2.750ns  (atomik_clk rise@2.750ns - atomik_clk rise@0.000ns)
  Data Path Delay:        2.855ns  (logic 0.853ns (29.876%)  route 2.002ns (70.124%))
  Logic Levels:           4  (LUT4=2 LUT6=2)
  Clock Path Skew:        -0.060ns (DCD - SCD + CPR)
    Destination Clock Delay (DCD):    4.938ns = ( 7.688 - 2.750 ) 
    Source Clock Delay      (SCD):    5.499ns
    Clock Pessimism Removal (CPR):    0.502ns
  Clock Uncertainty:      0.062ns  ((TSJ^2 + DJ^2)^1/2) / 2 + PE
    Total System Jitter     (TSJ):    0.071ns
    Discrete Jitter          (DJ):    0.101ns
    Phase Error              (PE):    0.000ns

    Location             Delay type                Incr(ns)  Path(ns)    Netlist Resource(s)
  -------------------------------------------------------------------    -------------------
                         (clock atomik_clk rise edge)
                                                      0.000     0.000 r  
                         clock source latency         2.177     2.177    
                         propagated clock network latency
                                                      3.322     5.499    
    SLICE_X96Y115        FDRE                         0.000     5.499 r  u_top/u_atomik/banks[3].bank_acc_reg[3][40]/C
    SLICE_X96Y115        FDRE (Prop_fdre_C_Q)         0.433     5.932 r  u_top/u_atomik/banks[3].bank_acc_reg[3][40]/Q
                         net (fo=3, routed)           0.652     6.584    u_top/u_atomik/banks[3].bank_acc_reg[3][63]_0[40]
    SLICE_X97Y117        LUT4 (Prop_lut4_I1_O)        0.105     6.689 f  u_top/u_atomik/core_resp_acc_zero_i_62/O
                         net (fo=1, routed)           0.784     7.473    u_top/u_atomik/p_4_in[40]
    SLICE_X101Y117       LUT6 (Prop_lut6_I2_O)        0.105     7.578 r  u_top/u_atomik/core_resp_acc_zero_i_27/O
                         net (fo=1, routed)           0.451     8.029    u_top/u_atomik/core_resp_acc_zero_i_27_n_0
    SLICE_X101Y116       LUT6 (Prop_lut6_I3_O)        0.105     8.134 r  u_top/u_atomik/core_resp_acc_zero_i_5/O
                         net (fo=1, routed)           0.116     8.250    u_top/u_atomik/core_resp_acc_zero_i_5_n_0
    SLICE_X101Y116       LUT4 (Prop_lut4_I3_O)        0.105     8.355 r  u_top/u_atomik/core_resp_acc_zero_i_1/O
                         net (fo=1, routed)           0.000     8.355    u_top/u_cdc/acc_zero
    SLICE_X101Y116       FDCE                                         r  u_top/u_cdc/core_resp_acc_zero_reg/D
  -------------------------------------------------------------------    -------------------

                         (clock atomik_clk rise edge)
                                                      2.750     2.750 r  
                         clock source latency         1.935     4.685    
                         propagated clock network latency
                                                      3.002     7.688    
                         clock pessimism              0.502     8.189    
                         clock uncertainty           -0.062     8.128    
    SLICE_X101Y116       FDCE (Setup_fdce_C_D)        0.030     8.158    u_top/u_cdc/core_resp_acc_zero_reg
  -------------------------------------------------------------------
                         required time                          8.158    
                         arrival time                          -8.355    
  -------------------------------------------------------------------
                         slack                                 -0.197    

Slack (VIOLATED) :        -0.197ns  (required time - arrival time)
  Source:                 u_top/u_atomik/banks[3].bank_acc_reg[3][40]/C
                            (rising edge-triggered cell FDRE clocked by atomik_clk  {rise@0.000ns fall@1.375ns period=2.750ns})
  Destination:            u_top/u_cdc/core_resp_acc_zero_reg/D
                            (rising edge-triggered cell FDCE clocked by atomik_clk  {rise@0.000ns fall@1.375ns period=2.750ns})
  Path Group:             atomik_clk
  Path Type:              Setup (Max at Slow Process Corner)
  Requirement:            2.750ns  (atomik_clk rise@2.750ns - atomik_clk rise@0.000ns)
  Data Path Delay:        2.855ns  (logic 0.853ns (29.876%)  route 2.002ns (70.124%))
  Logic Levels:           4  (LUT4=2 LUT6=2)
  Clock Path Skew:        -0.060ns (DCD - SCD + CPR)
    Destination Clock Delay (DCD):    4.938ns = ( 7.688 - 2.750 ) 
    Source Clock Delay      (SCD):    5.499ns
    Clock Pessimism Removal (CPR):    0.502ns
  Clock Uncertainty:      0.062ns  ((TSJ^2 + DJ^2)^1/2) / 2 + PE
    Total System Jitter     (TSJ):    0.071ns
    Discrete Jitter          (DJ):    0.101ns
    Phase Error              (PE):    0.000ns

    Location             Delay type                Incr(ns)  Path(ns)    Netlist Resource(s)
  -------------------------------------------------------------------    -------------------
                         (clock atomik_clk rise edge)
                                                      0.000     0.000 r  
                         clock source latency         2.177     2.177    
                         propagated clock network latency
                                                      3.322     5.499    
    SLICE_X96Y115        FDRE                         0.000     5.499 r  u_top/u_atomik/banks[3].bank_acc_reg[3][40]/C
    SLICE_X96Y115        FDRE (Prop_fdre_C_Q)         0.433     5.932 f  u_top/u_atomik/banks[3].bank_acc_reg[3][40]/Q
                         net (fo=3, routed)           0.652     6.584    u_top/u_atomik/banks[3].bank_acc_reg[3][63]_0[40]
    SLICE_X97Y117        LUT4 (Prop_lut4_I1_O)        0.105     6.689 f  u_top/u_atomik/core_resp_acc_zero_i_62/O
                         net (fo=1, routed)           0.784     7.473    u_top/u_atomik/p_4_in[40]
    SLICE_X101Y117       LUT6 (Prop_lut6_I2_O)        0.105     7.578 r  u_top/u_atomik/core_resp_acc_zero_i_27/O
                         net (fo=1, routed)           0.451     8.029    u_top/u_atomik/core_resp_acc_zero_i_27_n_0
    SLICE_X101Y116       LUT6 (Prop_lut6_I3_O)        0.105     8.134 r  u_top/u_atomik/core_resp_acc_zero_i_5/O
                         net (fo=1, routed)           0.116     8.250    u_top/u_atomik/core_resp_acc_zero_i_5_n_0
    SLICE_X101Y116       LUT4 (Prop_lut4_I3_O)        0.105     8.355 r  u_top/u_atomik/core_resp_acc_zero_i_1/O
                         net (fo=1, routed)           0.000     8.355    u_top/u_cdc/acc_zero
    SLICE_X101Y116       FDCE                                         r  u_top/u_cdc/core_resp_acc_zero_reg/D
  -------------------------------------------------------------------    -------------------

                         (clock atomik_clk rise edge)
                                                      2.750     2.750 r  
                         clock source latency         1.935     4.685    
                         propagated clock network latency
                                                      3.002     7.688    
                         clock pessimism              0.502     8.189    
                         clock uncertainty           -0.062     8.128    
    SLICE_X101Y116       FDCE (Setup_fdce_C_D)        0.030     8.158    u_top/u_cdc/core_resp_acc_zero_reg
  -------------------------------------------------------------------
                         required time                          8.158    
                         arrival time                          -8.355    
  -------------------------------------------------------------------
                         slack                                 -0.197    

Slack (VIOLATED) :        -0.197ns  (required time - arrival time)
  Source:                 u_top/u_atomik/banks[3].bank_acc_reg[3][40]/C
                            (rising edge-triggered cell FDRE clocked by atomik_clk  {rise@0.000ns fall@1.375ns period=2.750ns})
  Destination:            u_top/u_cdc/core_resp_acc_zero_reg/D
                            (rising edge-triggered cell FDCE clocked by atomik_clk  {rise@0.000ns fall@1.375ns period=2.750ns})
  Path Group:             atomik_clk
  Path Type:              Setup (Max at Slow Process Corner)
  Requirement:            2.750ns  (atomik_clk rise@2.750ns - atomik_clk rise@0.000ns)
  Data Path Delay:        2.855ns  (logic 0.853ns (29.876%)  route 2.002ns (70.124%))
  Logic Levels:           4  (LUT4=2 LUT6=2)
  Clock Path Skew:        -0.060ns (DCD - SCD + CPR)
    Destination Clock Delay (DCD):    4.938ns = ( 7.688 - 2.750 ) 
    Source Clock Delay      (SCD):    5.499ns
    Clock Pessimism Removal (CPR):    0.502ns
  Clock Uncertainty:      0.062ns  ((TSJ^2 + DJ^2)^1/2) / 2 + PE
    Total System Jitter     (TSJ):    0.071ns
    Discrete Jitter          (DJ):    0.101ns
    Phase Error              (PE):    0.000ns

    Location             Delay type                Incr(ns)  Path(ns)    Netlist Resource(s)
  -------------------------------------------------------------------    -------------------
                         (clock atomik_clk rise edge)
                                                      0.000     0.000 r  
                         clock source latency         2.177     2.177    
                         propagated clock network latency
                                                      3.322     5.499    
    SLICE_X96Y115        FDRE                         0.000     5.499 r  u_top/u_atomik/banks[3].bank_acc_reg[3][40]/C
    SLICE_X96Y115        FDRE (Prop_fdre_C_Q)         0.433     5.932 r  u_top/u_atomik/banks[3].bank_acc_reg[3][40]/Q
                         net (fo=3, routed)           0.652     6.584    u_top/u_atomik/banks[3].bank_acc_reg[3][63]_0[40]
    SLICE_X97Y117        LUT4 (Prop_lut4_I1_O)        0.105     6.689 r  u_top/u_atomik/core_resp_acc_zero_i_62/O
                         net (fo=1, routed)           0.784     7.473    u_top/u_atomik/p_4_in[40]
    SLICE_X101Y117       LUT6 (Prop_lut6_I2_O)        0.105     7.578 f  u_top/u_atomik/core_resp_acc_zero_i_27/O
                         net (fo=1, routed)           0.451     8.029    u_top/u_atomik/core_resp_acc_zero_i_27_n_0
    SLICE_X101Y116       LUT6 (Prop_lut6_I3_O)        0.105     8.134 f  u_top/u_atomik/core_resp_acc_zero_i_5/O
                         net (fo=1, routed)           0.116     8.250    u_top/u_atomik/core_resp_acc_zero_i_5_n_0
    SLICE_X101Y116       LUT4 (Prop_lut4_I3_O)        0.105     8.355 f  u_top/u_atomik/core_resp_acc_zero_i_1/O
                         net (fo=1, routed)           0.000     8.355    u_top/u_cdc/acc_zero
    SLICE_X101Y116       FDCE                                         f  u_top/u_cdc/core_resp_acc_zero_reg/D
  -------------------------------------------------------------------    -------------------

                         (clock atomik_clk rise edge)
                                                      2.750     2.750 r  
                         clock source latency         1.935     4.685    
                         propagated clock network latency
                                                      3.002     7.688    
                         clock pessimism              0.502     8.189    
                         clock uncertainty           -0.062     8.128    
    SLICE_X101Y116       FDCE (Setup_fdce_C_D)        0.030     8.158    u_top/u_cdc/core_resp_acc_zero_reg
  -------------------------------------------------------------------
                         required time                          8.158    
                         arrival time                          -8.355    
  -------------------------------------------------------------------
                         slack                                 -0.197    

Slack (VIOLATED) :        -0.197ns  (required time - arrival time)
  Source:                 u_top/u_atomik/banks[3].bank_acc_reg[3][40]/C
                            (rising edge-triggered cell FDRE clocked by atomik_clk  {rise@0.000ns fall@1.375ns period=2.750ns})
  Destination:            u_top/u_cdc/core_resp_acc_zero_reg/D
                            (rising edge-triggered cell FDCE clocked by atomik_clk  {rise@0.000ns fall@1.375ns period=2.750ns})
  Path Group:             atomik_clk
  Path Type:              Setup (Max at Slow Process Corner)
  Requirement:            2.750ns  (atomik_clk rise@2.750ns - atomik_clk rise@0.000ns)
  Data Path Delay:        2.855ns  (logic 0.853ns (29.876%)  route 2.002ns (70.124%))
  Logic Levels:           4  (LUT4=2 LUT6=2)
  Clock Path Skew:        -0.060ns (DCD - SCD + CPR)
    Destination Clock Delay (DCD):    4.938ns = ( 7.688 - 2.750 ) 
    Source Clock Delay      (SCD):    5.499ns
    Clock Pessimism Removal (CPR):    0.502ns
  Clock Uncertainty:      0.062ns  ((TSJ^2 + DJ^2)^1/2) / 2 + PE
    Total System Jitter     (TSJ):    0.071ns
    Discrete Jitter          (DJ):    0.101ns
    Phase Error              (PE):    0.000ns

    Location             Delay type                Incr(ns)  Path(ns)    Netlist Resource(s)
  -------------------------------------------------------------------    -------------------
                         (clock atomik_clk rise edge)
                                                      0.000     0.000 r  
                         clock source latency         2.177     2.177    
                         propagated clock network latency
                                                      3.322     5.499    
    SLICE_X96Y115        FDRE                         0.000     5.499 r  u_top/u_atomik/banks[3].bank_acc_reg[3][40]/C
    SLICE_X96Y115        FDRE (Prop_fdre_C_Q)         0.433     5.932 f  u_top/u_atomik/banks[3].bank_acc_reg[3][40]/Q
                         net (fo=3, routed)           0.652     6.584    u_top/u_atomik/banks[3].bank_acc_reg[3][63]_0[40]
    SLICE_X97Y117        LUT4 (Prop_lut4_I1_O)        0.105     6.689 r  u_top/u_atomik/core_resp_acc_zero_i_62/O
                         net (fo=1, routed)           0.784     7.473    u_top/u_atomik/p_4_in[40]
    SLICE_X101Y117       LUT6 (Prop_lut6_I2_O)        0.105     7.578 f  u_top/u_atomik/core_resp_acc_zero_i_27/O
                         net (fo=1, routed)           0.451     8.029    u_top/u_atomik/core_resp_acc_zero_i_27_n_0
    SLICE_X101Y116       LUT6 (Prop_lut6_I3_O)        0.105     8.134 f  u_top/u_atomik/core_resp_acc_zero_i_5/O
                         net (fo=1, routed)           0.116     8.250    u_top/u_atomik/core_resp_acc_zero_i_5_n_0
    SLICE_X101Y116       LUT4 (Prop_lut4_I3_O)        0.105     8.355 f  u_top/u_atomik/core_resp_acc_zero_i_1/O
                         net (fo=1, routed)           0.000     8.355    u_top/u_cdc/acc_zero
    SLICE_X101Y116       FDCE                                         f  u_top/u_cdc/core_resp_acc_zero_reg/D
  -------------------------------------------------------------------    -------------------

                         (clock atomik_clk rise edge)
                                                      2.750     2.750 r  
                         clock source latency         1.935     4.685    
                         propagated clock network latency
                                                      3.002     7.688    
                         clock pessimism              0.502     8.189    
                         clock uncertainty           -0.062     8.128    
    SLICE_X101Y116       FDCE (Setup_fdce_C_D)        0.030     8.158    u_top/u_cdc/core_resp_acc_zero_reg
  -------------------------------------------------------------------
                         required time                          8.158    
                         arrival time                          -8.355    
  -------------------------------------------------------------------
                         slack                                 -0.197    

Slack (VIOLATED) :        -0.177ns  (required time - arrival time)
  Source:                 u_top/u_atomik/banks[3].bank_acc_reg[3][32]/C
                            (rising edge-triggered cell FDRE clocked by atomik_clk  {rise@0.000ns fall@1.375ns period=2.750ns})
  Destination:            u_top/u_cdc/core_resp_acc_zero_reg/D
                            (rising edge-triggered cell FDCE clocked by atomik_clk  {rise@0.000ns fall@1.375ns period=2.750ns})
  Path Group:             atomik_clk
  Path Type:              Setup (Max at Slow Process Corner)
  Requirement:            2.750ns  (atomik_clk rise@2.750ns - atomik_clk rise@0.000ns)
  Data Path Delay:        2.864ns  (logic 0.799ns (27.899%)  route 2.065ns (72.101%))
  Logic Levels:           4  (LUT4=2 LUT6=2)
  Clock Path Skew:        -0.031ns (DCD - SCD + CPR)
    Destination Clock Delay (DCD):    4.938ns = ( 7.688 - 2.750 ) 
    Source Clock Delay      (SCD):    5.504ns
    Clock Pessimism Removal (CPR):    0.536ns
  Clock Uncertainty:      0.062ns  ((TSJ^2 + DJ^2)^1/2) / 2 + PE
    Total System Jitter     (TSJ):    0.071ns
    Discrete Jitter          (DJ):    0.101ns
    Phase Error              (PE):    0.000ns

    Location             Delay type                Incr(ns)  Path(ns)    Netlist Resource(s)
  -------------------------------------------------------------------    -------------------
                         (clock atomik_clk rise edge)
                                                      0.000     0.000 r  
                         clock source latency         2.177     2.177    
                         propagated clock network latency
                                                      3.327     5.504    
    SLICE_X99Y110        FDRE                         0.000     5.504 r  u_top/u_atomik/banks[3].bank_acc_reg[3][32]/C
    SLICE_X99Y110        FDRE (Prop_fdre_C_Q)         0.379     5.883 r  u_top/u_atomik/banks[3].bank_acc_reg[3][32]/Q
                         net (fo=3, routed)           0.586     6.470    u_top/u_atomik/banks[3].bank_acc_reg[3][63]_0[32]
    SLICE_X101Y109       LUT4 (Prop_lut4_I1_O)        0.105     6.575 f  u_top/u_atomik/core_resp_acc_zero_i_53/O
                         net (fo=1, routed)           0.821     7.396    u_top/u_atomik/p_4_in[32]
    SLICE_X100Y116       LUT6 (Prop_lut6_I5_O)        0.105     7.501 r  u_top/u_atomik/core_resp_acc_zero_i_25/O
                         net (fo=1, routed)           0.541     8.043    u_top/u_atomik/core_resp_acc_zero_i_25_n_0
    SLICE_X101Y116       LUT6 (Prop_lut6_I1_O)        0.105     8.148 r  u_top/u_atomik/core_resp_acc_zero_i_5/O
                         net (fo=1, routed)           0.116     8.263    u_top/u_atomik/core_resp_acc_zero_i_5_n_0
    SLICE_X101Y116       LUT4 (Prop_lut4_I3_O)        0.105     8.368 r  u_top/u_atomik/core_resp_acc_zero_i_1/O
                         net (fo=1, routed)           0.000     8.368    u_top/u_cdc/acc_zero
    SLICE_X101Y116       FDCE                                         r  u_top/u_cdc/core_resp_acc_zero_reg/D
  -------------------------------------------------------------------    -------------------

                         (clock atomik_clk rise edge)
                                                      2.750     2.750 r  
                         clock source latency         1.935     4.685    
                         propagated clock network latency
                                                      3.002     7.688    
                         clock pessimism              0.536     8.223    
                         clock uncertainty           -0.062     8.162    
    SLICE_X101Y116       FDCE (Setup_fdce_C_D)        0.030     8.192    u_top/u_cdc/core_resp_acc_zero_reg
  -------------------------------------------------------------------
                         required time                          8.192    
                         arrival time                          -8.368    
  -------------------------------------------------------------------
                         slack                                 -0.177    




