Copyright 1986-2022 Xilinx, Inc. All Rights Reserved. Copyright 2022-2025 Advanced Micro Devices, Inc. All Rights Reserved.
--------------------------------------------------------------------------------------------------------------------------------------------------
| Tool Version : Vivado v.2025.2 (lin64) Build 6299465 Fri Nov 14 12:34:56 MST 2025
| Date         : Sat Mar 14 00:24:44 2026
| Host         : Jarvis running 64-bit Ubuntu 24.04.4 LTS
| Command      : report_timing -nworst 5 -path_type full -file /home/mattrock/Projects/ATOMiK/hardware/zynq/sweep/reports/crit_path_N512_F125.rpt
| Design       : sweep_top_N512_F125
| Device       : 7z020-clg400
| Speed File   : -2  PRODUCTION 1.12 2019-11-22
| Design State : Routed
--------------------------------------------------------------------------------------------------------------------------------------------------

Timing Report

Slack (MET) :             0.112ns  (required time - arrival time)
  Source:                 u_top/u_atomik/banks[104].bank_acc_reg[104][50]/C
                            (rising edge-triggered cell FDRE clocked by atomik_clk  {rise@0.000ns fall@4.000ns period=8.000ns})
  Destination:            u_top/u_cdc/core_resp_acc_zero_reg/D
                            (rising edge-triggered cell FDCE clocked by atomik_clk  {rise@0.000ns fall@4.000ns period=8.000ns})
  Path Group:             atomik_clk
  Path Type:              Setup (Max at Slow Process Corner)
  Requirement:            8.000ns  (atomik_clk rise@8.000ns - atomik_clk rise@0.000ns)
  Data Path Delay:        7.615ns  (logic 1.114ns (14.630%)  route 6.501ns (85.370%))
  Logic Levels:           7  (LUT4=1 LUT5=1 LUT6=5)
  Clock Path Skew:        -0.278ns (DCD - SCD + CPR)
    Destination Clock Delay (DCD):    4.715ns = ( 12.715 - 8.000 ) 
    Source Clock Delay      (SCD):    5.383ns
    Clock Pessimism Removal (CPR):    0.391ns
  Clock Uncertainty:      0.071ns  ((TSJ^2 + DJ^2)^1/2) / 2 + PE
    Total System Jitter     (TSJ):    0.071ns
    Discrete Jitter          (DJ):    0.124ns
    Phase Error              (PE):    0.000ns

    Location             Delay type                Incr(ns)  Path(ns)    Netlist Resource(s)
  -------------------------------------------------------------------    -------------------
                         (clock atomik_clk rise edge)
                                                      0.000     0.000 r  
                         clock source latency         2.177     2.177    
                         propagated clock network latency
                                                      3.206     5.383    
    SLICE_X3Y2           FDRE                         0.000     5.383 r  u_top/u_atomik/banks[104].bank_acc_reg[104][50]/C
    SLICE_X3Y2           FDRE (Prop_fdre_C_Q)         0.379     5.762 r  u_top/u_atomik/banks[104].bank_acc_reg[104][50]/Q
                         net (fo=2, routed)           0.941     6.703    u_top/u_atomik/banks[104].bank_acc_reg[104][63]_0[50]
    SLICE_X6Y3           LUT6 (Prop_lut6_I0_O)        0.105     6.808 r  u_top/u_atomik/core_resp_state[50]_i_63/O
                         net (fo=1, routed)           0.863     7.671    u_top/u_atomik/core_resp_state[50]_i_63_n_0
    SLICE_X8Y4           LUT6 (Prop_lut6_I0_O)        0.105     7.776 r  u_top/u_atomik/core_resp_state[50]_i_14/O
                         net (fo=1, routed)           1.490     9.267    u_top/u_atomik/core_resp_state[50]_i_14_n_0
    SLICE_X39Y29         LUT6 (Prop_lut6_I5_O)        0.105     9.372 r  u_top/u_atomik/core_resp_state[50]_i_4/O
                         net (fo=1, routed)           1.165    10.537    u_top/u_atomik/core_resp_state[50]_i_4_n_0
    SLICE_X53Y56         LUT5 (Prop_lut5_I1_O)        0.105    10.642 f  u_top/u_atomik/core_resp_state[50]_i_2/O
                         net (fo=2, routed)           0.912    11.554    u_top/u_atomik/p_512_in[50]
    SLICE_X63Y70         LUT6 (Prop_lut6_I5_O)        0.105    11.659 r  u_top/u_atomik/core_resp_acc_zero_i_10/O
                         net (fo=1, routed)           0.651    12.310    u_top/u_atomik/core_resp_acc_zero_i_10_n_0
    SLICE_X63Y69         LUT6 (Prop_lut6_I2_O)        0.105    12.415 r  u_top/u_atomik/core_resp_acc_zero_i_5/O
                         net (fo=1, routed)           0.478    12.893    u_top/u_atomik/core_resp_acc_zero_i_5_n_0
    SLICE_X62Y71         LUT4 (Prop_lut4_I3_O)        0.105    12.998 r  u_top/u_atomik/core_resp_acc_zero_i_1/O
                         net (fo=1, routed)           0.000    12.998    u_top/u_cdc/core_acc_zero
    SLICE_X62Y71         FDCE                                         r  u_top/u_cdc/core_resp_acc_zero_reg/D
  -------------------------------------------------------------------    -------------------

                         (clock atomik_clk rise edge)
                                                      8.000     8.000 r  
                         clock source latency         1.935     9.935    
                         propagated clock network latency
                                                      2.780    12.715    
                         clock pessimism              0.391    13.106    
                         clock uncertainty           -0.071    13.034    
    SLICE_X62Y71         FDCE (Setup_fdce_C_D)        0.076    13.110    u_top/u_cdc/core_resp_acc_zero_reg
  -------------------------------------------------------------------
                         required time                         13.110    
                         arrival time                         -12.998    
  -------------------------------------------------------------------
                         slack                                  0.112    

Slack (MET) :             0.112ns  (required time - arrival time)
  Source:                 u_top/u_atomik/banks[104].bank_acc_reg[104][50]/C
                            (rising edge-triggered cell FDRE clocked by atomik_clk  {rise@0.000ns fall@4.000ns period=8.000ns})
  Destination:            u_top/u_cdc/core_resp_acc_zero_reg/D
                            (rising edge-triggered cell FDCE clocked by atomik_clk  {rise@0.000ns fall@4.000ns period=8.000ns})
  Path Group:             atomik_clk
  Path Type:              Setup (Max at Slow Process Corner)
  Requirement:            8.000ns  (atomik_clk rise@8.000ns - atomik_clk rise@0.000ns)
  Data Path Delay:        7.615ns  (logic 1.114ns (14.630%)  route 6.501ns (85.370%))
  Logic Levels:           7  (LUT4=1 LUT5=1 LUT6=5)
  Clock Path Skew:        -0.278ns (DCD - SCD + CPR)
    Destination Clock Delay (DCD):    4.715ns = ( 12.715 - 8.000 ) 
    Source Clock Delay      (SCD):    5.383ns
    Clock Pessimism Removal (CPR):    0.391ns
  Clock Uncertainty:      0.071ns  ((TSJ^2 + DJ^2)^1/2) / 2 + PE
    Total System Jitter     (TSJ):    0.071ns
    Discrete Jitter          (DJ):    0.124ns
    Phase Error              (PE):    0.000ns

    Location             Delay type                Incr(ns)  Path(ns)    Netlist Resource(s)
  -------------------------------------------------------------------    -------------------
                         (clock atomik_clk rise edge)
                                                      0.000     0.000 r  
                         clock source latency         2.177     2.177    
                         propagated clock network latency
                                                      3.206     5.383    
    SLICE_X3Y2           FDRE                         0.000     5.383 r  u_top/u_atomik/banks[104].bank_acc_reg[104][50]/C
    SLICE_X3Y2           FDRE (Prop_fdre_C_Q)         0.379     5.762 r  u_top/u_atomik/banks[104].bank_acc_reg[104][50]/Q
                         net (fo=2, routed)           0.941     6.703    u_top/u_atomik/banks[104].bank_acc_reg[104][63]_0[50]
    SLICE_X6Y3           LUT6 (Prop_lut6_I0_O)        0.105     6.808 f  u_top/u_atomik/core_resp_state[50]_i_63/O
                         net (fo=1, routed)           0.863     7.671    u_top/u_atomik/core_resp_state[50]_i_63_n_0
    SLICE_X8Y4           LUT6 (Prop_lut6_I0_O)        0.105     7.776 r  u_top/u_atomik/core_resp_state[50]_i_14/O
                         net (fo=1, routed)           1.490     9.267    u_top/u_atomik/core_resp_state[50]_i_14_n_0
    SLICE_X39Y29         LUT6 (Prop_lut6_I5_O)        0.105     9.372 r  u_top/u_atomik/core_resp_state[50]_i_4/O
                         net (fo=1, routed)           1.165    10.537    u_top/u_atomik/core_resp_state[50]_i_4_n_0
    SLICE_X53Y56         LUT5 (Prop_lut5_I1_O)        0.105    10.642 f  u_top/u_atomik/core_resp_state[50]_i_2/O
                         net (fo=2, routed)           0.912    11.554    u_top/u_atomik/p_512_in[50]
    SLICE_X63Y70         LUT6 (Prop_lut6_I5_O)        0.105    11.659 r  u_top/u_atomik/core_resp_acc_zero_i_10/O
                         net (fo=1, routed)           0.651    12.310    u_top/u_atomik/core_resp_acc_zero_i_10_n_0
    SLICE_X63Y69         LUT6 (Prop_lut6_I2_O)        0.105    12.415 r  u_top/u_atomik/core_resp_acc_zero_i_5/O
                         net (fo=1, routed)           0.478    12.893    u_top/u_atomik/core_resp_acc_zero_i_5_n_0
    SLICE_X62Y71         LUT4 (Prop_lut4_I3_O)        0.105    12.998 r  u_top/u_atomik/core_resp_acc_zero_i_1/O
                         net (fo=1, routed)           0.000    12.998    u_top/u_cdc/core_acc_zero
    SLICE_X62Y71         FDCE                                         r  u_top/u_cdc/core_resp_acc_zero_reg/D
  -------------------------------------------------------------------    -------------------

                         (clock atomik_clk rise edge)
                                                      8.000     8.000 r  
                         clock source latency         1.935     9.935    
                         propagated clock network latency
                                                      2.780    12.715    
                         clock pessimism              0.391    13.106    
                         clock uncertainty           -0.071    13.034    
    SLICE_X62Y71         FDCE (Setup_fdce_C_D)        0.076    13.110    u_top/u_cdc/core_resp_acc_zero_reg
  -------------------------------------------------------------------
                         required time                         13.110    
                         arrival time                         -12.998    
  -------------------------------------------------------------------
                         slack                                  0.112    

Slack (MET) :             0.112ns  (required time - arrival time)
  Source:                 u_top/u_atomik/banks[104].bank_acc_reg[104][50]/C
                            (rising edge-triggered cell FDRE clocked by atomik_clk  {rise@0.000ns fall@4.000ns period=8.000ns})
  Destination:            u_top/u_cdc/core_resp_acc_zero_reg/D
                            (rising edge-triggered cell FDCE clocked by atomik_clk  {rise@0.000ns fall@4.000ns period=8.000ns})
  Path Group:             atomik_clk
  Path Type:              Setup (Max at Slow Process Corner)
  Requirement:            8.000ns  (atomik_clk rise@8.000ns - atomik_clk rise@0.000ns)
  Data Path Delay:        7.615ns  (logic 1.114ns (14.630%)  route 6.501ns (85.370%))
  Logic Levels:           7  (LUT4=1 LUT5=1 LUT6=5)
  Clock Path Skew:        -0.278ns (DCD - SCD + CPR)
    Destination Clock Delay (DCD):    4.715ns = ( 12.715 - 8.000 ) 
    Source Clock Delay      (SCD):    5.383ns
    Clock Pessimism Removal (CPR):    0.391ns
  Clock Uncertainty:      0.071ns  ((TSJ^2 + DJ^2)^1/2) / 2 + PE
    Total System Jitter     (TSJ):    0.071ns
    Discrete Jitter          (DJ):    0.124ns
    Phase Error              (PE):    0.000ns

    Location             Delay type                Incr(ns)  Path(ns)    Netlist Resource(s)
  -------------------------------------------------------------------    -------------------
                         (clock atomik_clk rise edge)
                                                      0.000     0.000 r  
                         clock source latency         2.177     2.177    
                         propagated clock network latency
                                                      3.206     5.383    
    SLICE_X3Y2           FDRE                         0.000     5.383 r  u_top/u_atomik/banks[104].bank_acc_reg[104][50]/C
    SLICE_X3Y2           FDRE (Prop_fdre_C_Q)         0.379     5.762 r  u_top/u_atomik/banks[104].bank_acc_reg[104][50]/Q
                         net (fo=2, routed)           0.941     6.703    u_top/u_atomik/banks[104].bank_acc_reg[104][63]_0[50]
    SLICE_X6Y3           LUT6 (Prop_lut6_I0_O)        0.105     6.808 r  u_top/u_atomik/core_resp_state[50]_i_63/O
                         net (fo=1, routed)           0.863     7.671    u_top/u_atomik/core_resp_state[50]_i_63_n_0
    SLICE_X8Y4           LUT6 (Prop_lut6_I0_O)        0.105     7.776 f  u_top/u_atomik/core_resp_state[50]_i_14/O
                         net (fo=1, routed)           1.490     9.267    u_top/u_atomik/core_resp_state[50]_i_14_n_0
    SLICE_X39Y29         LUT6 (Prop_lut6_I5_O)        0.105     9.372 r  u_top/u_atomik/core_resp_state[50]_i_4/O
                         net (fo=1, routed)           1.165    10.537    u_top/u_atomik/core_resp_state[50]_i_4_n_0
    SLICE_X53Y56         LUT5 (Prop_lut5_I1_O)        0.105    10.642 f  u_top/u_atomik/core_resp_state[50]_i_2/O
                         net (fo=2, routed)           0.912    11.554    u_top/u_atomik/p_512_in[50]
    SLICE_X63Y70         LUT6 (Prop_lut6_I5_O)        0.105    11.659 r  u_top/u_atomik/core_resp_acc_zero_i_10/O
                         net (fo=1, routed)           0.651    12.310    u_top/u_atomik/core_resp_acc_zero_i_10_n_0
    SLICE_X63Y69         LUT6 (Prop_lut6_I2_O)        0.105    12.415 r  u_top/u_atomik/core_resp_acc_zero_i_5/O
                         net (fo=1, routed)           0.478    12.893    u_top/u_atomik/core_resp_acc_zero_i_5_n_0
    SLICE_X62Y71         LUT4 (Prop_lut4_I3_O)        0.105    12.998 r  u_top/u_atomik/core_resp_acc_zero_i_1/O
                         net (fo=1, routed)           0.000    12.998    u_top/u_cdc/core_acc_zero
    SLICE_X62Y71         FDCE                                         r  u_top/u_cdc/core_resp_acc_zero_reg/D
  -------------------------------------------------------------------    -------------------

                         (clock atomik_clk rise edge)
                                                      8.000     8.000 r  
                         clock source latency         1.935     9.935    
                         propagated clock network latency
                                                      2.780    12.715    
                         clock pessimism              0.391    13.106    
                         clock uncertainty           -0.071    13.034    
    SLICE_X62Y71         FDCE (Setup_fdce_C_D)        0.076    13.110    u_top/u_cdc/core_resp_acc_zero_reg
  -------------------------------------------------------------------
                         required time                         13.110    
                         arrival time                         -12.998    
  -------------------------------------------------------------------
                         slack                                  0.112    

Slack (MET) :             0.112ns  (required time - arrival time)
  Source:                 u_top/u_atomik/banks[104].bank_acc_reg[104][50]/C
                            (rising edge-triggered cell FDRE clocked by atomik_clk  {rise@0.000ns fall@4.000ns period=8.000ns})
  Destination:            u_top/u_cdc/core_resp_acc_zero_reg/D
                            (rising edge-triggered cell FDCE clocked by atomik_clk  {rise@0.000ns fall@4.000ns period=8.000ns})
  Path Group:             atomik_clk
  Path Type:              Setup (Max at Slow Process Corner)
  Requirement:            8.000ns  (atomik_clk rise@8.000ns - atomik_clk rise@0.000ns)
  Data Path Delay:        7.615ns  (logic 1.114ns (14.630%)  route 6.501ns (85.370%))
  Logic Levels:           7  (LUT4=1 LUT5=1 LUT6=5)
  Clock Path Skew:        -0.278ns (DCD - SCD + CPR)
    Destination Clock Delay (DCD):    4.715ns = ( 12.715 - 8.000 ) 
    Source Clock Delay      (SCD):    5.383ns
    Clock Pessimism Removal (CPR):    0.391ns
  Clock Uncertainty:      0.071ns  ((TSJ^2 + DJ^2)^1/2) / 2 + PE
    Total System Jitter     (TSJ):    0.071ns
    Discrete Jitter          (DJ):    0.124ns
    Phase Error              (PE):    0.000ns

    Location             Delay type                Incr(ns)  Path(ns)    Netlist Resource(s)
  -------------------------------------------------------------------    -------------------
                         (clock atomik_clk rise edge)
                                                      0.000     0.000 r  
                         clock source latency         2.177     2.177    
                         propagated clock network latency
                                                      3.206     5.383    
    SLICE_X3Y2           FDRE                         0.000     5.383 r  u_top/u_atomik/banks[104].bank_acc_reg[104][50]/C
    SLICE_X3Y2           FDRE (Prop_fdre_C_Q)         0.379     5.762 r  u_top/u_atomik/banks[104].bank_acc_reg[104][50]/Q
                         net (fo=2, routed)           0.941     6.703    u_top/u_atomik/banks[104].bank_acc_reg[104][63]_0[50]
    SLICE_X6Y3           LUT6 (Prop_lut6_I0_O)        0.105     6.808 r  u_top/u_atomik/core_resp_state[50]_i_63/O
                         net (fo=1, routed)           0.863     7.671    u_top/u_atomik/core_resp_state[50]_i_63_n_0
    SLICE_X8Y4           LUT6 (Prop_lut6_I0_O)        0.105     7.776 r  u_top/u_atomik/core_resp_state[50]_i_14/O
                         net (fo=1, routed)           1.490     9.267    u_top/u_atomik/core_resp_state[50]_i_14_n_0
    SLICE_X39Y29         LUT6 (Prop_lut6_I5_O)        0.105     9.372 f  u_top/u_atomik/core_resp_state[50]_i_4/O
                         net (fo=1, routed)           1.165    10.537    u_top/u_atomik/core_resp_state[50]_i_4_n_0
    SLICE_X53Y56         LUT5 (Prop_lut5_I1_O)        0.105    10.642 f  u_top/u_atomik/core_resp_state[50]_i_2/O
                         net (fo=2, routed)           0.912    11.554    u_top/u_atomik/p_512_in[50]
    SLICE_X63Y70         LUT6 (Prop_lut6_I5_O)        0.105    11.659 r  u_top/u_atomik/core_resp_acc_zero_i_10/O
                         net (fo=1, routed)           0.651    12.310    u_top/u_atomik/core_resp_acc_zero_i_10_n_0
    SLICE_X63Y69         LUT6 (Prop_lut6_I2_O)        0.105    12.415 r  u_top/u_atomik/core_resp_acc_zero_i_5/O
                         net (fo=1, routed)           0.478    12.893    u_top/u_atomik/core_resp_acc_zero_i_5_n_0
    SLICE_X62Y71         LUT4 (Prop_lut4_I3_O)        0.105    12.998 r  u_top/u_atomik/core_resp_acc_zero_i_1/O
                         net (fo=1, routed)           0.000    12.998    u_top/u_cdc/core_acc_zero
    SLICE_X62Y71         FDCE                                         r  u_top/u_cdc/core_resp_acc_zero_reg/D
  -------------------------------------------------------------------    -------------------

                         (clock atomik_clk rise edge)
                                                      8.000     8.000 r  
                         clock source latency         1.935     9.935    
                         propagated clock network latency
                                                      2.780    12.715    
                         clock pessimism              0.391    13.106    
                         clock uncertainty           -0.071    13.034    
    SLICE_X62Y71         FDCE (Setup_fdce_C_D)        0.076    13.110    u_top/u_cdc/core_resp_acc_zero_reg
  -------------------------------------------------------------------
                         required time                         13.110    
                         arrival time                         -12.998    
  -------------------------------------------------------------------
                         slack                                  0.112    

Slack (MET) :             0.112ns  (required time - arrival time)
  Source:                 u_top/u_atomik/banks[104].bank_acc_reg[104][50]/C
                            (rising edge-triggered cell FDRE clocked by atomik_clk  {rise@0.000ns fall@4.000ns period=8.000ns})
  Destination:            u_top/u_cdc/core_resp_acc_zero_reg/D
                            (rising edge-triggered cell FDCE clocked by atomik_clk  {rise@0.000ns fall@4.000ns period=8.000ns})
  Path Group:             atomik_clk
  Path Type:              Setup (Max at Slow Process Corner)
  Requirement:            8.000ns  (atomik_clk rise@8.000ns - atomik_clk rise@0.000ns)
  Data Path Delay:        7.615ns  (logic 1.114ns (14.630%)  route 6.501ns (85.370%))
  Logic Levels:           7  (LUT4=1 LUT5=1 LUT6=5)
  Clock Path Skew:        -0.278ns (DCD - SCD + CPR)
    Destination Clock Delay (DCD):    4.715ns = ( 12.715 - 8.000 ) 
    Source Clock Delay      (SCD):    5.383ns
    Clock Pessimism Removal (CPR):    0.391ns
  Clock Uncertainty:      0.071ns  ((TSJ^2 + DJ^2)^1/2) / 2 + PE
    Total System Jitter     (TSJ):    0.071ns
    Discrete Jitter          (DJ):    0.124ns
    Phase Error              (PE):    0.000ns

    Location             Delay type                Incr(ns)  Path(ns)    Netlist Resource(s)
  -------------------------------------------------------------------    -------------------
                         (clock atomik_clk rise edge)
                                                      0.000     0.000 r  
                         clock source latency         2.177     2.177    
                         propagated clock network latency
                                                      3.206     5.383    
    SLICE_X3Y2           FDRE                         0.000     5.383 r  u_top/u_atomik/banks[104].bank_acc_reg[104][50]/C
    SLICE_X3Y2           FDRE (Prop_fdre_C_Q)         0.379     5.762 r  u_top/u_atomik/banks[104].bank_acc_reg[104][50]/Q
                         net (fo=2, routed)           0.941     6.703    u_top/u_atomik/banks[104].bank_acc_reg[104][63]_0[50]
    SLICE_X6Y3           LUT6 (Prop_lut6_I0_O)        0.105     6.808 f  u_top/u_atomik/core_resp_state[50]_i_63/O
                         net (fo=1, routed)           0.863     7.671    u_top/u_atomik/core_resp_state[50]_i_63_n_0
    SLICE_X8Y4           LUT6 (Prop_lut6_I0_O)        0.105     7.776 r  u_top/u_atomik/core_resp_state[50]_i_14/O
                         net (fo=1, routed)           1.490     9.267    u_top/u_atomik/core_resp_state[50]_i_14_n_0
    SLICE_X39Y29         LUT6 (Prop_lut6_I5_O)        0.105     9.372 f  u_top/u_atomik/core_resp_state[50]_i_4/O
                         net (fo=1, routed)           1.165    10.537    u_top/u_atomik/core_resp_state[50]_i_4_n_0
    SLICE_X53Y56         LUT5 (Prop_lut5_I1_O)        0.105    10.642 f  u_top/u_atomik/core_resp_state[50]_i_2/O
                         net (fo=2, routed)           0.912    11.554    u_top/u_atomik/p_512_in[50]
    SLICE_X63Y70         LUT6 (Prop_lut6_I5_O)        0.105    11.659 r  u_top/u_atomik/core_resp_acc_zero_i_10/O
                         net (fo=1, routed)           0.651    12.310    u_top/u_atomik/core_resp_acc_zero_i_10_n_0
    SLICE_X63Y69         LUT6 (Prop_lut6_I2_O)        0.105    12.415 r  u_top/u_atomik/core_resp_acc_zero_i_5/O
                         net (fo=1, routed)           0.478    12.893    u_top/u_atomik/core_resp_acc_zero_i_5_n_0
    SLICE_X62Y71         LUT4 (Prop_lut4_I3_O)        0.105    12.998 r  u_top/u_atomik/core_resp_acc_zero_i_1/O
                         net (fo=1, routed)           0.000    12.998    u_top/u_cdc/core_acc_zero
    SLICE_X62Y71         FDCE                                         r  u_top/u_cdc/core_resp_acc_zero_reg/D
  -------------------------------------------------------------------    -------------------

                         (clock atomik_clk rise edge)
                                                      8.000     8.000 r  
                         clock source latency         1.935     9.935    
                         propagated clock network latency
                                                      2.780    12.715    
                         clock pessimism              0.391    13.106    
                         clock uncertainty           -0.071    13.034    
    SLICE_X62Y71         FDCE (Setup_fdce_C_D)        0.076    13.110    u_top/u_cdc/core_resp_acc_zero_reg
  -------------------------------------------------------------------
                         required time                         13.110    
                         arrival time                         -12.998    
  -------------------------------------------------------------------
                         slack                                  0.112    




