Copyright 1986-2022 Xilinx, Inc. All Rights Reserved. Copyright 2022-2025 Advanced Micro Devices, Inc. All Rights Reserved.
---------------------------------------------------------------------------------------------------------------------------------------------------------------------------
| Tool Version : Vivado v.2025.2 (lin64) Build 6299465 Fri Nov 14 12:34:56 MST 2025
| Date         : Fri Mar 13 16:39:54 2026
| Host         : Jarvis running 64-bit Ubuntu 24.04.4 LTS
| Command      : report_utilization -hierarchical -hierarchical_depth 2 -file /home/mattrock/Projects/ATOMiK/hardware/zynq/sweep/reports/hier_util_N256_F140p3_maximum.rpt
| Design       : sweep_top_N256_F140p3_maximum
| Device       : xc7z020clg400-2
| Speed File   : -2
| Design State : Routed
---------------------------------------------------------------------------------------------------------------------------------------------------------------------------

Utilization Design Information

Table of Contents
-----------------
1. Utilization by Hierarchy

1. Utilization by Hierarchy
---------------------------

+-----------------------------------+---------------------------+------------+------------+---------+------+-------+--------+--------+------------+
|              Instance             |           Module          | Total LUTs | Logic LUTs | LUTRAMs | SRLs |  FFs  | RAMB36 | RAMB18 | DSP Blocks |
+-----------------------------------+---------------------------+------------+------------+---------+------+-------+--------+--------+------------+
| sweep_top_N256_F140p3_maximum     |                     (top) |      15194 |      15194 |       0 |    0 | 17114 |      1 |      0 |          0 |
|   (sweep_top_N256_F140p3_maximum) |                     (top) |          0 |          0 |       0 |    0 |     0 |      0 |      0 |          0 |
|   u_top                           |           atomik_zynq_top |      15194 |      15194 |       0 |    0 | 17114 |      1 |      0 |          0 |
|     (u_atomik)                    | atomik_core_zynq_parallel |       6850 |       6850 |       0 |    0 | 16478 |      0 |      0 |          0 |
|     u_cdc                         |         atomik_cdc_bridge |       8244 |       8244 |       0 |    0 |   304 |      0 |      0 |          0 |
|     u_wrapper                     |   atomik_axi4lite_wrapper |         98 |         98 |       0 |    0 |   332 |      0 |      0 |          0 |
+-----------------------------------+---------------------------+------------+------------+---------+------+-------+--------+--------+------------+
* Note: The sum of lower-level cells may be larger than their parent cells total, due to cross-hierarchy LUT combining


