Copyright 1986-2022 Xilinx, Inc. All Rights Reserved. Copyright 2022-2025 Advanced Micro Devices, Inc. All Rights Reserved.
---------------------------------------------------------------------------------------------------------------------------------------------
| Tool Version : Vivado v.2025.2 (lin64) Build 6299465 Fri Nov 14 12:34:56 MST 2025
| Date         : Thu Mar 12 17:58:21 2026
| Host         : Jarvis running 64-bit Ubuntu 24.04.4 LTS
| Command      : report_timing_summary -file /home/mattrock/Projects/ATOMiK/hardware/zynq/sweep/reports/timing_N4_F400.rpt
| Design       : sweep_top_N4_F400
| Device       : 7z020-clg400
| Speed File   : -2  PRODUCTION 1.12 2019-11-22
| Design State : Routed
---------------------------------------------------------------------------------------------------------------------------------------------

Timing Summary Report

------------------------------------------------------------------------------------------------
| Timer Settings
| --------------
------------------------------------------------------------------------------------------------

  Enable Multi Corner Analysis               :  Yes
  Enable Pessimism Removal                   :  Yes
  Pessimism Removal Resolution               :  Nearest Common Node
  Enable Input Delay Default Clock           :  No
  Enable Preset / Clear Arcs                 :  No
  Disable Flight Delays                      :  No
  Ignore I/O Paths                           :  No
  Timing Early Launch at Borrowing Latches   :  No
  Borrow Time for Max Delay Exceptions       :  Yes
  Merge Timing Exceptions                    :  Yes
  Inter-SLR Compensation                     :  Conservative

  Corner  Analyze    Analyze    
  Name    Max Paths  Min Paths  
  ------  ---------  ---------  
  Slow    Yes        Yes        
  Fast    Yes        Yes        


------------------------------------------------------------------------------------------------
| Report Methodology
| ------------------
------------------------------------------------------------------------------------------------

No report available as report_methodology has not been run prior. Run report_methodology on the current design for the summary of methodology violations.



check_timing report

Table of Contents
-----------------
1. checking no_clock (0)
2. checking constant_clock (0)
3. checking pulse_width_clock (0)
4. checking unconstrained_internal_endpoints (0)
5. checking no_input_delay (50)
6. checking no_output_delay (37)
7. checking multiple_clock (0)
8. checking generated_clocks (0)
9. checking loops (0)
10. checking partial_input_delay (0)
11. checking partial_output_delay (0)
12. checking latch_loops (0)

1. checking no_clock (0)
------------------------
 There are 0 register/latch pins with no clock.


2. checking constant_clock (0)
------------------------------
 There are 0 register/latch pins with constant_clock.


3. checking pulse_width_clock (0)
---------------------------------
 There are 0 register/latch pins which need pulse_width check


4. checking unconstrained_internal_endpoints (0)
------------------------------------------------
 There are 0 pins that are not constrained for maximum delay.

 There are 0 pins that are not constrained for maximum delay due to constant clock.


5. checking no_input_delay (50)
-------------------------------
 There are 50 input ports with no input delay specified. (HIGH)

 There are 0 input ports with no input delay but user has a false path constraint.


6. checking no_output_delay (37)
--------------------------------
 There are 37 ports with no output delay specified. (HIGH)

 There are 0 ports with no output delay but user has a false path constraint

 There are 0 ports with no output delay but with a timing clock defined on it or propagating through it


7. checking multiple_clock (0)
------------------------------
 There are 0 register/latch pins with multiple clocks.


8. checking generated_clocks (0)
--------------------------------
 There are 0 generated clocks that are not connected to a clock source.


9. checking loops (0)
---------------------
 There are 0 combinational loops in the design.


10. checking partial_input_delay (0)
------------------------------------
 There are 0 input ports with partial input delay specified.


11. checking partial_output_delay (0)
-------------------------------------
 There are 0 ports with partial output delay specified.


12. checking latch_loops (0)
----------------------------
 There are 0 combinational latch loops in the design through latch input



------------------------------------------------------------------------------------------------
| Design Timing Summary
| ---------------------
------------------------------------------------------------------------------------------------

    WNS(ns)      TNS(ns)  TNS Failing Endpoints  TNS Total Endpoints      WHS(ns)      THS(ns)  THS Failing Endpoints  THS Total Endpoints     WPWS(ns)     TPWS(ns)  TPWS Failing Endpoints  TPWS Total Endpoints  
    -------      -------  ---------------------  -------------------      -------      -------  ---------------------  -------------------     --------     --------  ----------------------  --------------------  
     -0.440       -1.215                     20                 2130        0.037        0.000                      0                 2130        0.028        0.000                       0                  1005  


Timing constraints are not met.


------------------------------------------------------------------------------------------------
| Clock Summary
| -------------
------------------------------------------------------------------------------------------------

Clock         Waveform(ns)         Period(ns)      Frequency(MHz)
-----         ------------         ----------      --------------
fclk_clk0     {0.000 5.000}        10.000          100.000         
  atomik_clk  {0.000 1.250}        2.500           400.000         
  axi_clk     {0.000 5.000}        10.000          100.000         
  clkfb       {0.000 5.000}        10.000          100.000         


------------------------------------------------------------------------------------------------
| Intra Clock Table
| -----------------
------------------------------------------------------------------------------------------------

Clock             WNS(ns)      TNS(ns)  TNS Failing Endpoints  TNS Total Endpoints      WHS(ns)      THS(ns)  THS Failing Endpoints  THS Total Endpoints     WPWS(ns)     TPWS(ns)  TPWS Failing Endpoints  TPWS Total Endpoints  
-----             -------      -------  ---------------------  -------------------      -------      -------  ---------------------  -------------------     --------     --------  ----------------------  --------------------  
fclk_clk0                                                                                                                                                       3.000        0.000                       0                     1  
  atomik_clk       -0.440       -1.215                     20                 1297        0.069        0.000                      0                 1297        0.028        0.000                       0                   519  
  axi_clk           4.983        0.000                      0                  833        0.037        0.000                      0                  833        4.500        0.000                       0                   483  
  clkfb                                                                                                                                                         8.751        0.000                       0                     2  


------------------------------------------------------------------------------------------------
| Inter Clock Table
| -----------------
------------------------------------------------------------------------------------------------

From Clock    To Clock          WNS(ns)      TNS(ns)  TNS Failing Endpoints  TNS Total Endpoints      WHS(ns)      THS(ns)  THS Failing Endpoints  THS Total Endpoints  
----------    --------          -------      -------  ---------------------  -------------------      -------      -------  ---------------------  -------------------  


------------------------------------------------------------------------------------------------
| Other Path Groups Table
| -----------------------
------------------------------------------------------------------------------------------------

Path Group    From Clock    To Clock          WNS(ns)      TNS(ns)  TNS Failing Endpoints  TNS Total Endpoints      WHS(ns)      THS(ns)  THS Failing Endpoints  THS Total Endpoints  
----------    ----------    --------          -------      -------  ---------------------  -------------------      -------      -------  ---------------------  -------------------  


------------------------------------------------------------------------------------------------
| Timing Details
| --------------
------------------------------------------------------------------------------------------------


---------------------------------------------------------------------------------------------------
From Clock:  fclk_clk0
  To Clock:  fclk_clk0

Setup :           NA  Failing Endpoints,  Worst Slack           NA  ,  Total Violation           NA
Hold  :           NA  Failing Endpoints,  Worst Slack           NA  ,  Total Violation           NA
PW    :            0  Failing Endpoints,  Worst Slack        3.000ns,  Total Violation        0.000ns
---------------------------------------------------------------------------------------------------


Pulse Width Checks
--------------------------------------------------------------------------------------
Clock Name:         fclk_clk0
Waveform(ns):       { 0.000 5.000 }
Period(ns):         10.000
Sources:            { fclk_clk0 }

Check Type        Corner  Lib Pin            Reference Pin  Required(ns)  Actual(ns)  Slack(ns)  Location         Pin
Min Period        n/a     MMCME2_ADV/CLKIN1  n/a            1.249         10.000      8.751      MMCME2_ADV_X0Y0  u_top/u_clk/u_mmcm/CLKIN1
Max Period        n/a     MMCME2_ADV/CLKIN1  n/a            100.000       10.000      90.000     MMCME2_ADV_X0Y0  u_top/u_clk/u_mmcm/CLKIN1
Low Pulse Width   Slow    MMCME2_ADV/CLKIN1  n/a            2.000         5.000       3.000      MMCME2_ADV_X0Y0  u_top/u_clk/u_mmcm/CLKIN1
High Pulse Width  Slow    MMCME2_ADV/CLKIN1  n/a            2.000         5.000       3.000      MMCME2_ADV_X0Y0  u_top/u_clk/u_mmcm/CLKIN1



---------------------------------------------------------------------------------------------------
From Clock:  atomik_clk
  To Clock:  atomik_clk

Setup :           20  Failing Endpoints,  Worst Slack       -0.440ns,  Total Violation       -1.215ns
Hold  :            0  Failing Endpoints,  Worst Slack        0.069ns,  Total Violation        0.000ns
PW    :            0  Failing Endpoints,  Worst Slack        0.028ns,  Total Violation        0.000ns
---------------------------------------------------------------------------------------------------


Max Delay Paths
--------------------------------------------------------------------------------------
Slack (VIOLATED) :        -0.440ns  (required time - arrival time)
  Source:                 u_top/u_atomik/banks[1].bank_acc_reg[1][7]/C
                            (rising edge-triggered cell FDRE clocked by atomik_clk  {rise@0.000ns fall@1.250ns period=2.500ns})
  Destination:            u_top/u_cdc/core_resp_acc_zero_reg/D
                            (rising edge-triggered cell FDCE clocked by atomik_clk  {rise@0.000ns fall@1.250ns period=2.500ns})
  Path Group:             atomik_clk
  Path Type:              Setup (Max at Slow Process Corner)
  Requirement:            2.500ns  (atomik_clk rise@2.500ns - atomik_clk rise@0.000ns)
  Data Path Delay:        2.780ns  (logic 0.853ns (30.682%)  route 1.927ns (69.318%))
  Logic Levels:           4  (LUT4=2 LUT6=2)
  Clock Path Skew:        -0.129ns (DCD - SCD + CPR)
    Destination Clock Delay (DCD):    4.941ns = ( 7.441 - 2.500 ) 
    Source Clock Delay      (SCD):    5.571ns
    Clock Pessimism Removal (CPR):    0.502ns
  Clock Uncertainty:      0.061ns  ((TSJ^2 + DJ^2)^1/2) / 2 + PE
    Total System Jitter     (TSJ):    0.071ns
    Discrete Jitter          (DJ):    0.099ns
    Phase Error              (PE):    0.000ns

    Location             Delay type                Incr(ns)  Path(ns)    Netlist Resource(s)
  -------------------------------------------------------------------    -------------------
                         (clock atomik_clk rise edge)
                                                      0.000     0.000 r  
    U7                                                0.000     0.000 r  fclk_clk0 (IN)
                         net (fo=0)                   0.000     0.000    fclk_clk0
    U7                   IBUF (Prop_ibuf_I_O)         0.990     0.990 r  fclk_clk0_IBUF_inst/O
                         net (fo=1, routed)           1.110     2.100    u_top/u_clk/fclk_clk0
    MMCME2_ADV_X0Y0      MMCME2_ADV (Prop_mmcme2_adv_CLKIN1_CLKOUT0)
                                                      0.077     2.177 r  u_top/u_clk/u_mmcm/CLKOUT0
                         net (fo=1, routed)           1.567     3.744    u_top/u_clk/clkout0_unbuf
    BUFGCTRL_X0Y0        BUFG (Prop_bufg_I_O)         0.085     3.829 r  u_top/u_clk/u_bufg_atomik/O
                         net (fo=517, routed)         1.742     5.571    u_top/u_atomik/CLK
    SLICE_X108Y110       FDRE                                         r  u_top/u_atomik/banks[1].bank_acc_reg[1][7]/C
  -------------------------------------------------------------------    -------------------
    SLICE_X108Y110       FDRE (Prop_fdre_C_Q)         0.433     6.004 r  u_top/u_atomik/banks[1].bank_acc_reg[1][7]/Q
                         net (fo=3, routed)           0.532     6.536    u_top/u_atomik/banks[1].bank_acc_reg[1][63]_0[7]
    SLICE_X107Y110       LUT4 (Prop_lut4_I0_O)        0.105     6.641 f  u_top/u_atomik/core_resp_acc_zero_i_31/O
                         net (fo=1, routed)           0.743     7.384    u_top/u_atomik/p_4_in[7]
    SLICE_X105Y110       LUT6 (Prop_lut6_I1_O)        0.105     7.489 r  u_top/u_atomik/core_resp_acc_zero_i_6/O
                         net (fo=1, routed)           0.204     7.694    u_top/u_atomik/core_resp_acc_zero_i_6_n_0
    SLICE_X105Y110       LUT6 (Prop_lut6_I0_O)        0.105     7.799 r  u_top/u_atomik/core_resp_acc_zero_i_2/O
                         net (fo=1, routed)           0.448     8.247    u_top/u_atomik/core_resp_acc_zero_i_2_n_0
    SLICE_X103Y112       LUT4 (Prop_lut4_I0_O)        0.105     8.352 r  u_top/u_atomik/core_resp_acc_zero_i_1/O
                         net (fo=1, routed)           0.000     8.352    u_top/u_cdc/acc_zero
    SLICE_X103Y112       FDCE                                         r  u_top/u_cdc/core_resp_acc_zero_reg/D
  -------------------------------------------------------------------    -------------------

                         (clock atomik_clk rise edge)
                                                      2.500     2.500 r  
    U7                                                0.000     2.500 r  fclk_clk0 (IN)
                         net (fo=0)                   0.000     2.500    fclk_clk0
    U7                   IBUF (Prop_ibuf_I_O)         0.859     3.359 r  fclk_clk0_IBUF_inst/O
                         net (fo=1, routed)           1.004     4.362    u_top/u_clk/fclk_clk0
    MMCME2_ADV_X0Y0      MMCME2_ADV (Prop_mmcme2_adv_CLKIN1_CLKOUT0)
                                                      0.073     4.435 r  u_top/u_clk/u_mmcm/CLKOUT0
                         net (fo=1, routed)           1.426     5.862    u_top/u_clk/clkout0_unbuf
    BUFGCTRL_X0Y0        BUFG (Prop_bufg_I_O)         0.077     5.939 r  u_top/u_clk/u_bufg_atomik/O
                         net (fo=517, routed)         1.502     7.441    u_top/u_cdc/FSM_onehot_core_state_reg[0]_0
    SLICE_X103Y112       FDCE                                         r  u_top/u_cdc/core_resp_acc_zero_reg/C
                         clock pessimism              0.502     7.942    
                         clock uncertainty           -0.061     7.882    
    SLICE_X103Y112       FDCE (Setup_fdce_C_D)        0.030     7.912    u_top/u_cdc/core_resp_acc_zero_reg
  -------------------------------------------------------------------
                         required time                          7.912    
                         arrival time                          -8.352    
  -------------------------------------------------------------------
                         slack                                 -0.440    





Min Delay Paths
--------------------------------------------------------------------------------------
Slack (MET) :             0.069ns  (arrival time - required time)
  Source:                 u_top/u_atomik/active_addr_reg[7]/C
                            (rising edge-triggered cell FDRE clocked by atomik_clk  {rise@0.000ns fall@1.250ns period=2.500ns})
  Destination:            u_top/u_atomik/u_state_bram/xpm_memory_base_inst/gen_wr_a.gen_word_narrow.mem_reg/ADDRARDADDR[13]
                            (rising edge-triggered cell RAMB36E1 clocked by atomik_clk  {rise@0.000ns fall@1.250ns period=2.500ns})
  Path Group:             atomik_clk
  Path Type:              Hold (Min at Fast Process Corner)
  Requirement:            0.000ns  (atomik_clk rise@0.000ns - atomik_clk rise@0.000ns)
  Data Path Delay:        0.306ns  (logic 0.141ns (46.137%)  route 0.165ns (53.863%))
  Logic Levels:           0  
  Clock Path Skew:        0.054ns (DCD - SCD - CPR)
    Destination Clock Delay (DCD):    2.608ns
    Source Clock Delay      (SCD):    2.014ns
    Clock Pessimism Removal (CPR):    0.541ns

    Location             Delay type                Incr(ns)  Path(ns)    Netlist Resource(s)
  -------------------------------------------------------------------    -------------------
                         (clock atomik_clk rise edge)
                                                      0.000     0.000 r  
    U7                                                0.000     0.000 r  fclk_clk0 (IN)
                         net (fo=0)                   0.000     0.000    fclk_clk0
    U7                   IBUF (Prop_ibuf_I_O)         0.286     0.286 r  fclk_clk0_IBUF_inst/O
                         net (fo=1, routed)           0.440     0.727    u_top/u_clk/fclk_clk0
    MMCME2_ADV_X0Y0      MMCME2_ADV (Prop_mmcme2_adv_CLKIN1_CLKOUT0)
                                                      0.050     0.777 r  u_top/u_clk/u_mmcm/CLKOUT0
                         net (fo=1, routed)           0.518     1.294    u_top/u_clk/clkout0_unbuf
    BUFGCTRL_X0Y0        BUFG (Prop_bufg_I_O)         0.026     1.320 r  u_top/u_clk/u_bufg_atomik/O
                         net (fo=517, routed)         0.693     2.014    u_top/u_atomik/CLK
    SLICE_X105Y100       FDRE                                         r  u_top/u_atomik/active_addr_reg[7]/C
  -------------------------------------------------------------------    -------------------
    SLICE_X105Y100       FDRE (Prop_fdre_C_Q)         0.141     2.155 r  u_top/u_atomik/active_addr_reg[7]/Q
                         net (fo=2, routed)           0.165     2.319    u_top/u_atomik/u_state_bram/xpm_memory_base_inst/addrb[7]
    RAMB36_X5Y20         RAMB36E1                                     r  u_top/u_atomik/u_state_bram/xpm_memory_base_inst/gen_wr_a.gen_word_narrow.mem_reg/ADDRARDADDR[13]
  -------------------------------------------------------------------    -------------------

                         (clock atomik_clk rise edge)
                                                      0.000     0.000 r  
    U7                                                0.000     0.000 r  fclk_clk0 (IN)
                         net (fo=0)                   0.000     0.000    fclk_clk0
    U7                   IBUF (Prop_ibuf_I_O)         0.476     0.476 r  fclk_clk0_IBUF_inst/O
                         net (fo=1, routed)           0.480     0.956    u_top/u_clk/fclk_clk0
    MMCME2_ADV_X0Y0      MMCME2_ADV (Prop_mmcme2_adv_CLKIN1_CLKOUT0)
                                                      0.053     1.009 r  u_top/u_clk/u_mmcm/CLKOUT0
                         net (fo=1, routed)           0.564     1.573    u_top/u_clk/clkout0_unbuf
    BUFGCTRL_X0Y0        BUFG (Prop_bufg_I_O)         0.029     1.602 r  u_top/u_clk/u_bufg_atomik/O
                         net (fo=517, routed)         1.006     2.608    u_top/u_atomik/u_state_bram/xpm_memory_base_inst/clka
    RAMB36_X5Y20         RAMB36E1                                     r  u_top/u_atomik/u_state_bram/xpm_memory_base_inst/gen_wr_a.gen_word_narrow.mem_reg/CLKARDCLK
                         clock pessimism             -0.541     2.067    
    RAMB36_X5Y20         RAMB36E1 (Hold_ramb36e1_CLKARDCLK_ADDRARDADDR[13])
                                                      0.183     2.250    u_top/u_atomik/u_state_bram/xpm_memory_base_inst/gen_wr_a.gen_word_narrow.mem_reg
  -------------------------------------------------------------------
                         required time                         -2.250    
                         arrival time                           2.319    
  -------------------------------------------------------------------
                         slack                                  0.069    





Pulse Width Checks
--------------------------------------------------------------------------------------
Clock Name:         atomik_clk
Waveform(ns):       { 0.000 1.250 }
Period(ns):         2.500
Sources:            { u_top/u_clk/u_mmcm/CLKOUT0 }

Check Type        Corner  Lib Pin             Reference Pin  Required(ns)  Actual(ns)  Slack(ns)  Location         Pin
Min Period        n/a     RAMB36E1/CLKARDCLK  n/a            2.472         2.500       0.028      RAMB36_X5Y20     u_top/u_atomik/u_state_bram/xpm_memory_base_inst/gen_wr_a.gen_word_narrow.mem_reg/CLKARDCLK
Max Period        n/a     MMCME2_ADV/CLKOUT0  n/a            213.360       2.500       210.860    MMCME2_ADV_X0Y0  u_top/u_clk/u_mmcm/CLKOUT0
Low Pulse Width   Slow    FDRE/C              n/a            0.500         1.250       0.750      SLICE_X105Y100   u_top/u_atomik/active_addr_reg[0]/C
High Pulse Width  Slow    FDRE/C              n/a            0.500         1.250       0.750      SLICE_X105Y100   u_top/u_atomik/active_addr_reg[0]/C



---------------------------------------------------------------------------------------------------
From Clock:  axi_clk
  To Clock:  axi_clk

Setup :            0  Failing Endpoints,  Worst Slack        4.983ns,  Total Violation        0.000ns
Hold  :            0  Failing Endpoints,  Worst Slack        0.037ns,  Total Violation        0.000ns
PW    :            0  Failing Endpoints,  Worst Slack        4.500ns,  Total Violation        0.000ns
---------------------------------------------------------------------------------------------------


Max Delay Paths
--------------------------------------------------------------------------------------
Slack (MET) :             4.983ns  (required time - arrival time)
  Source:                 u_top/u_wrapper/op_pending_reg/C
                            (rising edge-triggered cell FDRE clocked by axi_clk  {rise@0.000ns fall@5.000ns period=10.000ns})
  Destination:            u_top/u_wrapper/reg_accum_lo_reg[13]/CE
                            (rising edge-triggered cell FDRE clocked by axi_clk  {rise@0.000ns fall@5.000ns period=10.000ns})
  Path Group:             axi_clk
  Path Type:              Setup (Max at Slow Process Corner)
  Requirement:            10.000ns  (axi_clk rise@10.000ns - axi_clk rise@0.000ns)
  Data Path Delay:        4.707ns  (logic 0.643ns (13.662%)  route 4.064ns (86.338%))
  Logic Levels:           2  (LUT3=1 LUT6=1)
  Clock Path Skew:        -0.069ns (DCD - SCD + CPR)
    Destination Clock Delay (DCD):    4.936ns = ( 14.936 - 10.000 ) 
    Source Clock Delay      (SCD):    5.407ns
    Clock Pessimism Removal (CPR):    0.403ns
  Clock Uncertainty:      0.074ns  ((TSJ^2 + DJ^2)^1/2) / 2 + PE
    Total System Jitter     (TSJ):    0.071ns
    Discrete Jitter          (DJ):    0.129ns
    Phase Error              (PE):    0.000ns

    Location             Delay type                Incr(ns)  Path(ns)    Netlist Resource(s)
  -------------------------------------------------------------------    -------------------
                         (clock axi_clk rise edge)    0.000     0.000 r  
    U7                                                0.000     0.000 r  fclk_clk0 (IN)
                         net (fo=0)                   0.000     0.000    fclk_clk0
    U7                   IBUF (Prop_ibuf_I_O)         0.990     0.990 r  fclk_clk0_IBUF_inst/O
                         net (fo=1, routed)           1.110     2.100    u_top/u_clk/fclk_clk0
    MMCME2_ADV_X0Y0      MMCME2_ADV (Prop_mmcme2_adv_CLKIN1_CLKOUT1)
                                                      0.077     2.177 r  u_top/u_clk/u_mmcm/CLKOUT1
                         net (fo=1, routed)           1.567     3.744    u_top/u_clk/clkout1_unbuf
    BUFGCTRL_X0Y1        BUFG (Prop_bufg_I_O)         0.085     3.829 r  u_top/u_clk/u_bufg_axi/O
                         net (fo=481, routed)         1.578     5.407    u_top/u_wrapper/CLK
    SLICE_X112Y98        FDRE                                         r  u_top/u_wrapper/op_pending_reg/C
  -------------------------------------------------------------------    -------------------
    SLICE_X112Y98        FDRE (Prop_fdre_C_Q)         0.433     5.840 f  u_top/u_wrapper/op_pending_reg/Q
                         net (fo=6, routed)           0.978     6.819    u_top/u_wrapper/op_pending_reg_n_0
    SLICE_X112Y99        LUT3 (Prop_lut3_I2_O)        0.105     6.924 r  u_top/u_wrapper/reg_load_data_lo[31]_i_3/O
                         net (fo=5, routed)           0.949     7.873    u_top/u_wrapper/reg_load_data_lo[31]_i_3_n_0
    SLICE_X111Y100       LUT6 (Prop_lut6_I5_O)        0.105     7.978 r  u_top/u_wrapper/reg_accum_lo[31]_i_1/O
                         net (fo=32, routed)          2.137    10.114    u_top/u_wrapper/reg_accum_lo_1[0]
    SLICE_X101Y118       FDRE                                         r  u_top/u_wrapper/reg_accum_lo_reg[13]/CE
  -------------------------------------------------------------------    -------------------

                         (clock axi_clk rise edge)   10.000    10.000 r  
    U7                                                0.000    10.000 r  fclk_clk0 (IN)
                         net (fo=0)                   0.000    10.000    fclk_clk0
    U7                   IBUF (Prop_ibuf_I_O)         0.859    10.859 r  fclk_clk0_IBUF_inst/O
                         net (fo=1, routed)           1.004    11.862    u_top/u_clk/fclk_clk0
    MMCME2_ADV_X0Y0      MMCME2_ADV (Prop_mmcme2_adv_CLKIN1_CLKOUT1)
                                                      0.073    11.935 r  u_top/u_clk/u_mmcm/CLKOUT1
                         net (fo=1, routed)           1.426    13.362    u_top/u_clk/clkout1_unbuf
    BUFGCTRL_X0Y1        BUFG (Prop_bufg_I_O)         0.077    13.439 r  u_top/u_clk/u_bufg_axi/O
                         net (fo=481, routed)         1.497    14.936    u_top/u_wrapper/CLK
    SLICE_X101Y118       FDRE                                         r  u_top/u_wrapper/reg_accum_lo_reg[13]/C
                         clock pessimism              0.403    15.338    
                         clock uncertainty           -0.074    15.265    
    SLICE_X101Y118       FDRE (Setup_fdre_C_CE)      -0.168    15.097    u_top/u_wrapper/reg_accum_lo_reg[13]
  -------------------------------------------------------------------
                         required time                         15.097    
                         arrival time                         -10.114    
  -------------------------------------------------------------------
                         slack                                  4.983    





Min Delay Paths
--------------------------------------------------------------------------------------
Slack (MET) :             0.037ns  (arrival time - required time)
  Source:                 u_top/u_wrapper/reg_load_data_lo_reg[2]/C
                            (rising edge-triggered cell FDRE clocked by axi_clk  {rise@0.000ns fall@5.000ns period=10.000ns})
  Destination:            u_top/u_wrapper/cdc_req_data_reg[2]/D
                            (rising edge-triggered cell FDRE clocked by axi_clk  {rise@0.000ns fall@5.000ns period=10.000ns})
  Path Group:             axi_clk
  Path Type:              Hold (Min at Fast Process Corner)
  Requirement:            0.000ns  (axi_clk rise@0.000ns - axi_clk rise@0.000ns)
  Data Path Delay:        0.311ns  (logic 0.186ns (59.810%)  route 0.125ns (40.190%))
  Logic Levels:           1  (LUT4=1)
  Clock Path Skew:        0.183ns (DCD - SCD - CPR)
    Destination Clock Delay (DCD):    2.510ns
    Source Clock Delay      (SCD):    2.041ns
    Clock Pessimism Removal (CPR):    0.287ns

    Location             Delay type                Incr(ns)  Path(ns)    Netlist Resource(s)
  -------------------------------------------------------------------    -------------------
                         (clock axi_clk rise edge)    0.000     0.000 r  
    U7                                                0.000     0.000 r  fclk_clk0 (IN)
                         net (fo=0)                   0.000     0.000    fclk_clk0
    U7                   IBUF (Prop_ibuf_I_O)         0.286     0.286 r  fclk_clk0_IBUF_inst/O
                         net (fo=1, routed)           0.440     0.727    u_top/u_clk/fclk_clk0
    MMCME2_ADV_X0Y0      MMCME2_ADV (Prop_mmcme2_adv_CLKIN1_CLKOUT1)
                                                      0.050     0.777 r  u_top/u_clk/u_mmcm/CLKOUT1
                         net (fo=1, routed)           0.518     1.294    u_top/u_clk/clkout1_unbuf
    BUFGCTRL_X0Y1        BUFG (Prop_bufg_I_O)         0.026     1.320 r  u_top/u_clk/u_bufg_axi/O
                         net (fo=481, routed)         0.720     2.041    u_top/u_wrapper/CLK
    SLICE_X107Y100       FDRE                                         r  u_top/u_wrapper/reg_load_data_lo_reg[2]/C
  -------------------------------------------------------------------    -------------------
    SLICE_X107Y100       FDRE (Prop_fdre_C_Q)         0.141     2.182 r  u_top/u_wrapper/reg_load_data_lo_reg[2]/Q
                         net (fo=1, routed)           0.125     2.307    u_top/u_wrapper/data0[2]
    SLICE_X109Y99        LUT4 (Prop_lut4_I3_O)        0.045     2.352 r  u_top/u_wrapper/cdc_req_data[2]_i_1/O
                         net (fo=1, routed)           0.000     2.352    u_top/u_wrapper/cdc_req_data[2]
    SLICE_X109Y99        FDRE                                         r  u_top/u_wrapper/cdc_req_data_reg[2]/D
  -------------------------------------------------------------------    -------------------

                         (clock axi_clk rise edge)    0.000     0.000 r  
    U7                                                0.000     0.000 r  fclk_clk0 (IN)
                         net (fo=0)                   0.000     0.000    fclk_clk0
    U7                   IBUF (Prop_ibuf_I_O)         0.476     0.476 r  fclk_clk0_IBUF_inst/O
                         net (fo=1, routed)           0.480     0.956    u_top/u_clk/fclk_clk0
    MMCME2_ADV_X0Y0      MMCME2_ADV (Prop_mmcme2_adv_CLKIN1_CLKOUT1)
                                                      0.053     1.009 r  u_top/u_clk/u_mmcm/CLKOUT1
                         net (fo=1, routed)           0.564     1.573    u_top/u_clk/clkout1_unbuf
    BUFGCTRL_X0Y1        BUFG (Prop_bufg_I_O)         0.029     1.602 r  u_top/u_clk/u_bufg_axi/O
                         net (fo=481, routed)         0.908     2.510    u_top/u_wrapper/CLK
    SLICE_X109Y99        FDRE                                         r  u_top/u_wrapper/cdc_req_data_reg[2]/C
                         clock pessimism             -0.287     2.223    
    SLICE_X109Y99        FDRE (Hold_fdre_C_D)         0.091     2.314    u_top/u_wrapper/cdc_req_data_reg[2]
  -------------------------------------------------------------------
                         required time                         -2.314    
                         arrival time                           2.352    
  -------------------------------------------------------------------
                         slack                                  0.037    





Pulse Width Checks
--------------------------------------------------------------------------------------
Clock Name:         axi_clk
Waveform(ns):       { 0.000 5.000 }
Period(ns):         10.000
Sources:            { u_top/u_clk/u_mmcm/CLKOUT1 }

Check Type        Corner  Lib Pin             Reference Pin  Required(ns)  Actual(ns)  Slack(ns)  Location         Pin
Min Period        n/a     BUFG/I              n/a            1.592         10.000      8.408      BUFGCTRL_X0Y1    u_top/u_clk/u_bufg_axi/I
Max Period        n/a     MMCME2_ADV/CLKOUT1  n/a            213.360       10.000      203.360    MMCME2_ADV_X0Y0  u_top/u_clk/u_mmcm/CLKOUT1
Low Pulse Width   Slow    FDPE/C              n/a            0.500         5.000       4.500      SLICE_X112Y107   u_top/u_cdc/FSM_onehot_axi_state_reg[0]/C
High Pulse Width  Slow    FDPE/C              n/a            0.500         5.000       4.500      SLICE_X112Y107   u_top/u_cdc/FSM_onehot_axi_state_reg[0]/C



---------------------------------------------------------------------------------------------------
From Clock:  clkfb
  To Clock:  clkfb

Setup :           NA  Failing Endpoints,  Worst Slack           NA  ,  Total Violation           NA
Hold  :           NA  Failing Endpoints,  Worst Slack           NA  ,  Total Violation           NA
PW    :            0  Failing Endpoints,  Worst Slack        8.751ns,  Total Violation        0.000ns
---------------------------------------------------------------------------------------------------


Pulse Width Checks
--------------------------------------------------------------------------------------
Clock Name:         clkfb
Waveform(ns):       { 0.000 5.000 }
Period(ns):         10.000
Sources:            { u_top/u_clk/u_mmcm/CLKFBOUT }

Check Type  Corner  Lib Pin              Reference Pin  Required(ns)  Actual(ns)  Slack(ns)  Location         Pin
Min Period  n/a     MMCME2_ADV/CLKFBOUT  n/a            1.249         10.000      8.751      MMCME2_ADV_X0Y0  u_top/u_clk/u_mmcm/CLKFBOUT
Max Period  n/a     MMCME2_ADV/CLKFBIN   n/a            100.000       10.000      90.000     MMCME2_ADV_X0Y0  u_top/u_clk/u_mmcm/CLKFBIN



