Copyright 1986-2022 Xilinx, Inc. All Rights Reserved. Copyright 2022-2025 Advanced Micro Devices, Inc. All Rights Reserved.
---------------------------------------------------------------------------------------------------------------------------------------------
| Tool Version : Vivado v.2025.2 (lin64) Build 6299465 Fri Nov 14 12:34:56 MST 2025
| Date         : Fri Mar 13 11:04:43 2026
| Host         : Jarvis running 64-bit Ubuntu 24.04.4 LTS
| Command      : report_timing_summary -file /home/mattrock/Projects/ATOMiK/hardware/zynq/sweep/reports/timing_N1_F444p4.rpt
| Design       : sweep_top_N1_F444p4
| Device       : 7z020-clg400
| Speed File   : -2  PRODUCTION 1.12 2019-11-22
| Design State : Routed
---------------------------------------------------------------------------------------------------------------------------------------------

Timing Summary Report

------------------------------------------------------------------------------------------------
| Timer Settings
| --------------
------------------------------------------------------------------------------------------------

  Enable Multi Corner Analysis               :  Yes
  Enable Pessimism Removal                   :  Yes
  Pessimism Removal Resolution               :  Nearest Common Node
  Enable Input Delay Default Clock           :  No
  Enable Preset / Clear Arcs                 :  No
  Disable Flight Delays                      :  No
  Ignore I/O Paths                           :  No
  Timing Early Launch at Borrowing Latches   :  No
  Borrow Time for Max Delay Exceptions       :  Yes
  Merge Timing Exceptions                    :  Yes
  Inter-SLR Compensation                     :  Conservative

  Corner  Analyze    Analyze    
  Name    Max Paths  Min Paths  
  ------  ---------  ---------  
  Slow    Yes        Yes        
  Fast    Yes        Yes        


------------------------------------------------------------------------------------------------
| Report Methodology
| ------------------
------------------------------------------------------------------------------------------------

No report available as report_methodology has not been run prior. Run report_methodology on the current design for the summary of methodology violations.



check_timing report

Table of Contents
-----------------
1. checking no_clock (0)
2. checking constant_clock (0)
3. checking pulse_width_clock (0)
4. checking unconstrained_internal_endpoints (0)
5. checking no_input_delay (50)
6. checking no_output_delay (37)
7. checking multiple_clock (0)
8. checking generated_clocks (0)
9. checking loops (0)
10. checking partial_input_delay (0)
11. checking partial_output_delay (0)
12. checking latch_loops (0)

1. checking no_clock (0)
------------------------
 There are 0 register/latch pins with no clock.


2. checking constant_clock (0)
------------------------------
 There are 0 register/latch pins with constant_clock.


3. checking pulse_width_clock (0)
---------------------------------
 There are 0 register/latch pins which need pulse_width check


4. checking unconstrained_internal_endpoints (0)
------------------------------------------------
 There are 0 pins that are not constrained for maximum delay.

 There are 0 pins that are not constrained for maximum delay due to constant clock.


5. checking no_input_delay (50)
-------------------------------
 There are 50 input ports with no input delay specified. (HIGH)

 There are 0 input ports with no input delay but user has a false path constraint.


6. checking no_output_delay (37)
--------------------------------
 There are 37 ports with no output delay specified. (HIGH)

 There are 0 ports with no output delay but user has a false path constraint

 There are 0 ports with no output delay but with a timing clock defined on it or propagating through it


7. checking multiple_clock (0)
------------------------------
 There are 0 register/latch pins with multiple clocks.


8. checking generated_clocks (0)
--------------------------------
 There are 0 generated clocks that are not connected to a clock source.


9. checking loops (0)
---------------------
 There are 0 combinational loops in the design.


10. checking partial_input_delay (0)
------------------------------------
 There are 0 input ports with partial input delay specified.


11. checking partial_output_delay (0)
-------------------------------------
 There are 0 ports with partial output delay specified.


12. checking latch_loops (0)
----------------------------
 There are 0 combinational latch loops in the design through latch input



------------------------------------------------------------------------------------------------
| Design Timing Summary
| ---------------------
------------------------------------------------------------------------------------------------

    WNS(ns)      TNS(ns)  TNS Failing Endpoints  TNS Total Endpoints      WHS(ns)      THS(ns)  THS Failing Endpoints  THS Total Endpoints     WPWS(ns)     TPWS(ns)  TPWS Failing Endpoints  TPWS Total Endpoints  
    -------      -------  ---------------------  -------------------      -------      -------  ---------------------  -------------------     --------     --------  ----------------------  --------------------  
      0.009        0.000                      0                 1510        0.069        0.000                      0                 1510       -0.222       -0.444                       2                   795  


Timing constraints are not met.


------------------------------------------------------------------------------------------------
| Clock Summary
| -------------
------------------------------------------------------------------------------------------------

Clock         Waveform(ns)         Period(ns)      Frequency(MHz)
-----         ------------         ----------      --------------
fclk_clk0     {0.000 5.000}        10.000          100.000         
  atomik_clk  {0.000 1.125}        2.250           444.444         
  axi_clk     {0.000 5.000}        10.000          100.000         
  clkfb       {0.000 5.000}        10.000          100.000         


------------------------------------------------------------------------------------------------
| Intra Clock Table
| -----------------
------------------------------------------------------------------------------------------------

Clock             WNS(ns)      TNS(ns)  TNS Failing Endpoints  TNS Total Endpoints      WHS(ns)      THS(ns)  THS Failing Endpoints  THS Total Endpoints     WPWS(ns)     TPWS(ns)  TPWS Failing Endpoints  TPWS Total Endpoints  
-----             -------      -------  ---------------------  -------------------      -------      -------  ---------------------  -------------------     --------     --------  ----------------------  --------------------  
fclk_clk0                                                                                                                                                       3.000        0.000                       0                     1  
  atomik_clk        0.009        0.000                      0                  677        0.069        0.000                      0                  677       -0.222       -0.444                       2                   309  
  axi_clk           5.715        0.000                      0                  833        0.105        0.000                      0                  833        4.500        0.000                       0                   483  
  clkfb                                                                                                                                                         8.751        0.000                       0                     2  


------------------------------------------------------------------------------------------------
| Inter Clock Table
| -----------------
------------------------------------------------------------------------------------------------

From Clock    To Clock          WNS(ns)      TNS(ns)  TNS Failing Endpoints  TNS Total Endpoints      WHS(ns)      THS(ns)  THS Failing Endpoints  THS Total Endpoints  
----------    --------          -------      -------  ---------------------  -------------------      -------      -------  ---------------------  -------------------  


------------------------------------------------------------------------------------------------
| Other Path Groups Table
| -----------------------
------------------------------------------------------------------------------------------------

Path Group    From Clock    To Clock          WNS(ns)      TNS(ns)  TNS Failing Endpoints  TNS Total Endpoints      WHS(ns)      THS(ns)  THS Failing Endpoints  THS Total Endpoints  
----------    ----------    --------          -------      -------  ---------------------  -------------------      -------      -------  ---------------------  -------------------  


------------------------------------------------------------------------------------------------
| Timing Details
| --------------
------------------------------------------------------------------------------------------------


---------------------------------------------------------------------------------------------------
From Clock:  fclk_clk0
  To Clock:  fclk_clk0

Setup :           NA  Failing Endpoints,  Worst Slack           NA  ,  Total Violation           NA
Hold  :           NA  Failing Endpoints,  Worst Slack           NA  ,  Total Violation           NA
PW    :            0  Failing Endpoints,  Worst Slack        3.000ns,  Total Violation        0.000ns
---------------------------------------------------------------------------------------------------


Pulse Width Checks
--------------------------------------------------------------------------------------
Clock Name:         fclk_clk0
Waveform(ns):       { 0.000 5.000 }
Period(ns):         10.000
Sources:            { fclk_clk0 }

Check Type        Corner  Lib Pin            Reference Pin  Required(ns)  Actual(ns)  Slack(ns)  Location         Pin
Min Period        n/a     MMCME2_ADV/CLKIN1  n/a            1.249         10.000      8.751      MMCME2_ADV_X0Y0  u_top/u_clk/u_mmcm/CLKIN1
Max Period        n/a     MMCME2_ADV/CLKIN1  n/a            100.000       10.000      90.000     MMCME2_ADV_X0Y0  u_top/u_clk/u_mmcm/CLKIN1
Low Pulse Width   Slow    MMCME2_ADV/CLKIN1  n/a            2.000         5.000       3.000      MMCME2_ADV_X0Y0  u_top/u_clk/u_mmcm/CLKIN1
High Pulse Width  Slow    MMCME2_ADV/CLKIN1  n/a            2.000         5.000       3.000      MMCME2_ADV_X0Y0  u_top/u_clk/u_mmcm/CLKIN1



---------------------------------------------------------------------------------------------------
From Clock:  atomik_clk
  To Clock:  atomik_clk

Setup :            0  Failing Endpoints,  Worst Slack        0.009ns,  Total Violation        0.000ns
Hold  :            0  Failing Endpoints,  Worst Slack        0.069ns,  Total Violation        0.000ns
PW    :            2  Failing Endpoints,  Worst Slack       -0.222ns,  Total Violation       -0.444ns
---------------------------------------------------------------------------------------------------


Max Delay Paths
--------------------------------------------------------------------------------------
Slack (MET) :             0.009ns  (required time - arrival time)
  Source:                 u_top/u_cdc/core_load_en_reg_replica/C
                            (rising edge-triggered cell FDCE clocked by atomik_clk  {rise@0.000ns fall@1.125ns period=2.250ns})
  Destination:            u_top/u_atomik/u_state_bram/xpm_memory_base_inst/gen_wr_a.gen_word_narrow.mem_reg/ADDRBWRADDR[11]
                            (rising edge-triggered cell RAMB36E1 clocked by atomik_clk  {rise@0.000ns fall@1.125ns period=2.250ns})
  Path Group:             atomik_clk
  Path Type:              Setup (Max at Slow Process Corner)
  Requirement:            2.250ns  (atomik_clk rise@2.250ns - atomik_clk rise@0.000ns)
  Data Path Delay:        1.600ns  (logic 0.484ns (30.249%)  route 1.116ns (69.751%))
  Logic Levels:           1  (LUT3=1)
  Clock Path Skew:        -0.091ns (DCD - SCD + CPR)
    Destination Clock Delay (DCD):    4.815ns = ( 7.065 - 2.250 ) 
    Source Clock Delay      (SCD):    5.392ns
    Clock Pessimism Removal (CPR):    0.487ns
  Clock Uncertainty:      0.060ns  ((TSJ^2 + DJ^2)^1/2) / 2 + PE
    Total System Jitter     (TSJ):    0.071ns
    Discrete Jitter          (DJ):    0.097ns
    Phase Error              (PE):    0.000ns

    Location             Delay type                Incr(ns)  Path(ns)    Netlist Resource(s)
  -------------------------------------------------------------------    -------------------
                         (clock atomik_clk rise edge)
                                                      0.000     0.000 r  
    U7                                                0.000     0.000 r  fclk_clk0 (IN)
                         net (fo=0)                   0.000     0.000    fclk_clk0
    U7                   IBUF (Prop_ibuf_I_O)         0.990     0.990 r  fclk_clk0_IBUF_inst/O
                         net (fo=1, routed)           1.110     2.100    u_top/u_clk/fclk_clk0
    MMCME2_ADV_X0Y0      MMCME2_ADV (Prop_mmcme2_adv_CLKIN1_CLKOUT0)
                                                      0.077     2.177 r  u_top/u_clk/u_mmcm/CLKOUT0
                         net (fo=1, routed)           1.567     3.744    u_top/u_clk/clkout0_unbuf
    BUFGCTRL_X0Y1        BUFG (Prop_bufg_I_O)         0.085     3.829 r  u_top/u_clk/u_bufg_atomik/O
                         net (fo=307, routed)         1.563     5.392    u_top/u_cdc/FSM_onehot_core_state_reg[0]_0
    SLICE_X111Y78        FDCE                                         r  u_top/u_cdc/core_load_en_reg_replica/C
  -------------------------------------------------------------------    -------------------
    SLICE_X111Y78        FDCE (Prop_fdce_C_Q)         0.379     5.771 r  u_top/u_cdc/core_load_en_reg_replica/Q
                         net (fo=53, routed)          0.449     6.221    u_top/u_cdc/core_load_en_repN
    SLICE_X109Y77        LUT3 (Prop_lut3_I1_O)        0.105     6.326 r  u_top/u_cdc/u_state_bram_i_4/O
                         net (fo=1, routed)           0.667     6.993    u_top/u_atomik/u_state_bram/xpm_memory_base_inst/addra[5]
    RAMB36_X5Y15         RAMB36E1                                     r  u_top/u_atomik/u_state_bram/xpm_memory_base_inst/gen_wr_a.gen_word_narrow.mem_reg/ADDRBWRADDR[11]
  -------------------------------------------------------------------    -------------------

                         (clock atomik_clk rise edge)
                                                      2.250     2.250 r  
    U7                                                0.000     2.250 r  fclk_clk0 (IN)
                         net (fo=0)                   0.000     2.250    fclk_clk0
    U7                   IBUF (Prop_ibuf_I_O)         0.859     3.109 r  fclk_clk0_IBUF_inst/O
                         net (fo=1, routed)           1.004     4.112    u_top/u_clk/fclk_clk0
    MMCME2_ADV_X0Y0      MMCME2_ADV (Prop_mmcme2_adv_CLKIN1_CLKOUT0)
                                                      0.073     4.185 r  u_top/u_clk/u_mmcm/CLKOUT0
                         net (fo=1, routed)           1.426     5.612    u_top/u_clk/clkout0_unbuf
    BUFGCTRL_X0Y1        BUFG (Prop_bufg_I_O)         0.077     5.689 r  u_top/u_clk/u_bufg_atomik/O
                         net (fo=307, routed)         1.376     7.065    u_top/u_atomik/u_state_bram/xpm_memory_base_inst/clka
    RAMB36_X5Y15         RAMB36E1                                     r  u_top/u_atomik/u_state_bram/xpm_memory_base_inst/gen_wr_a.gen_word_narrow.mem_reg/CLKBWRCLK
                         clock pessimism              0.487     7.551    
                         clock uncertainty           -0.060     7.491    
    RAMB36_X5Y15         RAMB36E1 (Setup_ramb36e1_CLKBWRCLK_ADDRBWRADDR[11])
                                                     -0.490     7.001    u_top/u_atomik/u_state_bram/xpm_memory_base_inst/gen_wr_a.gen_word_narrow.mem_reg
  -------------------------------------------------------------------
                         required time                          7.001    
                         arrival time                          -6.993    
  -------------------------------------------------------------------
                         slack                                  0.009    





Min Delay Paths
--------------------------------------------------------------------------------------
Slack (MET) :             0.069ns  (arrival time - required time)
  Source:                 u_top/u_atomik/active_addr_reg[0]/C
                            (rising edge-triggered cell FDRE clocked by atomik_clk  {rise@0.000ns fall@1.125ns period=2.250ns})
  Destination:            u_top/u_atomik/u_state_bram/xpm_memory_base_inst/gen_wr_a.gen_word_narrow.mem_reg/ADDRARDADDR[6]
                            (rising edge-triggered cell RAMB36E1 clocked by atomik_clk  {rise@0.000ns fall@1.125ns period=2.250ns})
  Path Group:             atomik_clk
  Path Type:              Hold (Min at Fast Process Corner)
  Requirement:            0.000ns  (atomik_clk rise@0.000ns - atomik_clk rise@0.000ns)
  Data Path Delay:        0.305ns  (logic 0.141ns (46.288%)  route 0.164ns (53.712%))
  Logic Levels:           0  
  Clock Path Skew:        0.053ns (DCD - SCD - CPR)
    Destination Clock Delay (DCD):    2.510ns
    Source Clock Delay      (SCD):    1.920ns
    Clock Pessimism Removal (CPR):    0.537ns

    Location             Delay type                Incr(ns)  Path(ns)    Netlist Resource(s)
  -------------------------------------------------------------------    -------------------
                         (clock atomik_clk rise edge)
                                                      0.000     0.000 r  
    U7                                                0.000     0.000 r  fclk_clk0 (IN)
                         net (fo=0)                   0.000     0.000    fclk_clk0
    U7                   IBUF (Prop_ibuf_I_O)         0.286     0.286 r  fclk_clk0_IBUF_inst/O
                         net (fo=1, routed)           0.440     0.727    u_top/u_clk/fclk_clk0
    MMCME2_ADV_X0Y0      MMCME2_ADV (Prop_mmcme2_adv_CLKIN1_CLKOUT0)
                                                      0.050     0.777 r  u_top/u_clk/u_mmcm/CLKOUT0
                         net (fo=1, routed)           0.518     1.294    u_top/u_clk/clkout0_unbuf
    BUFGCTRL_X0Y1        BUFG (Prop_bufg_I_O)         0.026     1.320 r  u_top/u_clk/u_bufg_atomik/O
                         net (fo=307, routed)         0.600     1.920    u_top/u_atomik/CLK
    SLICE_X105Y77        FDRE                                         r  u_top/u_atomik/active_addr_reg[0]/C
  -------------------------------------------------------------------    -------------------
    SLICE_X105Y77        FDRE (Prop_fdre_C_Q)         0.141     2.061 r  u_top/u_atomik/active_addr_reg[0]/Q
                         net (fo=2, routed)           0.164     2.225    u_top/u_atomik/u_state_bram/xpm_memory_base_inst/addrb[0]
    RAMB36_X5Y15         RAMB36E1                                     r  u_top/u_atomik/u_state_bram/xpm_memory_base_inst/gen_wr_a.gen_word_narrow.mem_reg/ADDRARDADDR[6]
  -------------------------------------------------------------------    -------------------

                         (clock atomik_clk rise edge)
                                                      0.000     0.000 r  
    U7                                                0.000     0.000 r  fclk_clk0 (IN)
                         net (fo=0)                   0.000     0.000    fclk_clk0
    U7                   IBUF (Prop_ibuf_I_O)         0.476     0.476 r  fclk_clk0_IBUF_inst/O
                         net (fo=1, routed)           0.480     0.956    u_top/u_clk/fclk_clk0
    MMCME2_ADV_X0Y0      MMCME2_ADV (Prop_mmcme2_adv_CLKIN1_CLKOUT0)
                                                      0.053     1.009 r  u_top/u_clk/u_mmcm/CLKOUT0
                         net (fo=1, routed)           0.564     1.573    u_top/u_clk/clkout0_unbuf
    BUFGCTRL_X0Y1        BUFG (Prop_bufg_I_O)         0.029     1.602 r  u_top/u_clk/u_bufg_atomik/O
                         net (fo=307, routed)         0.908     2.510    u_top/u_atomik/u_state_bram/xpm_memory_base_inst/clka
    RAMB36_X5Y15         RAMB36E1                                     r  u_top/u_atomik/u_state_bram/xpm_memory_base_inst/gen_wr_a.gen_word_narrow.mem_reg/CLKARDCLK
                         clock pessimism             -0.537     1.973    
    RAMB36_X5Y15         RAMB36E1 (Hold_ramb36e1_CLKARDCLK_ADDRARDADDR[6])
                                                      0.183     2.156    u_top/u_atomik/u_state_bram/xpm_memory_base_inst/gen_wr_a.gen_word_narrow.mem_reg
  -------------------------------------------------------------------
                         required time                         -2.156    
                         arrival time                           2.225    
  -------------------------------------------------------------------
                         slack                                  0.069    





Pulse Width Checks
--------------------------------------------------------------------------------------
Clock Name:         atomik_clk
Waveform(ns):       { 0.000 1.125 }
Period(ns):         2.250
Sources:            { u_top/u_clk/u_mmcm/CLKOUT0 }

Check Type        Corner  Lib Pin             Reference Pin  Required(ns)  Actual(ns)  Slack(ns)  Location         Pin
Min Period        n/a     RAMB36E1/CLKARDCLK  n/a            2.472         2.250       -0.222     RAMB36_X5Y15     u_top/u_atomik/u_state_bram/xpm_memory_base_inst/gen_wr_a.gen_word_narrow.mem_reg/CLKARDCLK
Max Period        n/a     MMCME2_ADV/CLKOUT0  n/a            213.360       2.250       211.110    MMCME2_ADV_X0Y0  u_top/u_clk/u_mmcm/CLKOUT0
Low Pulse Width   Slow    FDRE/C              n/a            0.500         1.125       0.625      SLICE_X105Y77    u_top/u_atomik/active_addr_reg[0]/C
High Pulse Width  Slow    FDRE/C              n/a            0.500         1.125       0.625      SLICE_X105Y77    u_top/u_atomik/active_addr_reg[0]/C



---------------------------------------------------------------------------------------------------
From Clock:  axi_clk
  To Clock:  axi_clk

Setup :            0  Failing Endpoints,  Worst Slack        5.715ns,  Total Violation        0.000ns
Hold  :            0  Failing Endpoints,  Worst Slack        0.105ns,  Total Violation        0.000ns
PW    :            0  Failing Endpoints,  Worst Slack        4.500ns,  Total Violation        0.000ns
---------------------------------------------------------------------------------------------------


Max Delay Paths
--------------------------------------------------------------------------------------
Slack (MET) :             5.715ns  (required time - arrival time)
  Source:                 u_top/u_wrapper/ar_addr_reg_reg[2]/C
                            (rising edge-triggered cell FDRE clocked by axi_clk  {rise@0.000ns fall@5.000ns period=10.000ns})
  Destination:            u_top/u_wrapper/state_snapshot_reg[32]/CE
                            (rising edge-triggered cell FDRE clocked by axi_clk  {rise@0.000ns fall@5.000ns period=10.000ns})
  Path Group:             axi_clk
  Path Type:              Setup (Max at Slow Process Corner)
  Requirement:            10.000ns  (axi_clk rise@10.000ns - axi_clk rise@0.000ns)
  Data Path Delay:        3.866ns  (logic 0.611ns (15.806%)  route 3.255ns (84.194%))
  Logic Levels:           2  (LUT3=1 LUT6=1)
  Clock Path Skew:        -0.015ns (DCD - SCD + CPR)
    Destination Clock Delay (DCD):    4.851ns = ( 14.851 - 10.000 ) 
    Source Clock Delay      (SCD):    5.389ns
    Clock Pessimism Removal (CPR):    0.524ns
  Clock Uncertainty:      0.074ns  ((TSJ^2 + DJ^2)^1/2) / 2 + PE
    Total System Jitter     (TSJ):    0.071ns
    Discrete Jitter          (DJ):    0.129ns
    Phase Error              (PE):    0.000ns

    Location             Delay type                Incr(ns)  Path(ns)    Netlist Resource(s)
  -------------------------------------------------------------------    -------------------
                         (clock axi_clk rise edge)    0.000     0.000 r  
    U7                                                0.000     0.000 r  fclk_clk0 (IN)
                         net (fo=0)                   0.000     0.000    fclk_clk0
    U7                   IBUF (Prop_ibuf_I_O)         0.990     0.990 r  fclk_clk0_IBUF_inst/O
                         net (fo=1, routed)           1.110     2.100    u_top/u_clk/fclk_clk0
    MMCME2_ADV_X0Y0      MMCME2_ADV (Prop_mmcme2_adv_CLKIN1_CLKOUT1)
                                                      0.077     2.177 r  u_top/u_clk/u_mmcm/CLKOUT1
                         net (fo=1, routed)           1.567     3.744    u_top/u_clk/clkout1_unbuf
    BUFGCTRL_X0Y0        BUFG (Prop_bufg_I_O)         0.085     3.829 r  u_top/u_clk/u_bufg_axi/O
                         net (fo=481, routed)         1.560     5.389    u_top/u_wrapper/CLK
    SLICE_X113Y76        FDRE                                         r  u_top/u_wrapper/ar_addr_reg_reg[2]/C
  -------------------------------------------------------------------    -------------------
    SLICE_X113Y76        FDRE (Prop_fdre_C_Q)         0.379     5.768 r  u_top/u_wrapper/ar_addr_reg_reg[2]/Q
                         net (fo=6, routed)           0.702     6.471    u_top/u_wrapper/ar_addr_reg[2]
    SLICE_X113Y77        LUT6 (Prop_lut6_I0_O)        0.105     6.576 r  u_top/u_wrapper/state_snapshot[63]_i_2/O
                         net (fo=31, routed)          1.715     8.291    u_top/u_wrapper/state_snapshot[63]_i_2_n_0
    SLICE_X113Y92        LUT3 (Prop_lut3_I0_O)        0.127     8.418 r  u_top/u_wrapper/state_snapshot[63]_i_1/O
                         net (fo=33, routed)          0.837     9.255    u_top/u_wrapper/state_snapshot[0]
    SLICE_X111Y85        FDRE                                         r  u_top/u_wrapper/state_snapshot_reg[32]/CE
  -------------------------------------------------------------------    -------------------

                         (clock axi_clk rise edge)   10.000    10.000 r  
    U7                                                0.000    10.000 r  fclk_clk0 (IN)
                         net (fo=0)                   0.000    10.000    fclk_clk0
    U7                   IBUF (Prop_ibuf_I_O)         0.859    10.859 r  fclk_clk0_IBUF_inst/O
                         net (fo=1, routed)           1.004    11.862    u_top/u_clk/fclk_clk0
    MMCME2_ADV_X0Y0      MMCME2_ADV (Prop_mmcme2_adv_CLKIN1_CLKOUT1)
                                                      0.073    11.935 r  u_top/u_clk/u_mmcm/CLKOUT1
                         net (fo=1, routed)           1.426    13.362    u_top/u_clk/clkout1_unbuf
    BUFGCTRL_X0Y0        BUFG (Prop_bufg_I_O)         0.077    13.439 r  u_top/u_clk/u_bufg_axi/O
                         net (fo=481, routed)         1.412    14.851    u_top/u_wrapper/CLK
    SLICE_X111Y85        FDRE                                         r  u_top/u_wrapper/state_snapshot_reg[32]/C
                         clock pessimism              0.524    15.374    
                         clock uncertainty           -0.074    15.301    
    SLICE_X111Y85        FDRE (Setup_fdre_C_CE)      -0.331    14.970    u_top/u_wrapper/state_snapshot_reg[32]
  -------------------------------------------------------------------
                         required time                         14.970    
                         arrival time                          -9.255    
  -------------------------------------------------------------------
                         slack                                  5.715    





Min Delay Paths
--------------------------------------------------------------------------------------
Slack (MET) :             0.105ns  (arrival time - required time)
  Source:                 u_top/u_wrapper/state_snapshot_reg[36]/C
                            (rising edge-triggered cell FDRE clocked by axi_clk  {rise@0.000ns fall@5.000ns period=10.000ns})
  Destination:            u_top/u_wrapper/s_axi_rdata_reg[4]/D
                            (rising edge-triggered cell FDRE clocked by axi_clk  {rise@0.000ns fall@5.000ns period=10.000ns})
  Path Group:             axi_clk
  Path Type:              Hold (Min at Fast Process Corner)
  Requirement:            0.000ns  (axi_clk rise@0.000ns - axi_clk rise@0.000ns)
  Data Path Delay:        0.239ns  (logic 0.186ns (77.679%)  route 0.053ns (22.321%))
  Logic Levels:           1  (LUT4=1)
  Clock Path Skew:        0.013ns (DCD - SCD - CPR)
    Destination Clock Delay (DCD):    2.503ns
    Source Clock Delay      (SCD):    1.951ns
    Clock Pessimism Removal (CPR):    0.539ns

    Location             Delay type                Incr(ns)  Path(ns)    Netlist Resource(s)
  -------------------------------------------------------------------    -------------------
                         (clock axi_clk rise edge)    0.000     0.000 r  
    U7                                                0.000     0.000 r  fclk_clk0 (IN)
                         net (fo=0)                   0.000     0.000    fclk_clk0
    U7                   IBUF (Prop_ibuf_I_O)         0.286     0.286 r  fclk_clk0_IBUF_inst/O
                         net (fo=1, routed)           0.440     0.727    u_top/u_clk/fclk_clk0
    MMCME2_ADV_X0Y0      MMCME2_ADV (Prop_mmcme2_adv_CLKIN1_CLKOUT1)
                                                      0.050     0.777 r  u_top/u_clk/u_mmcm/CLKOUT1
                         net (fo=1, routed)           0.518     1.294    u_top/u_clk/clkout1_unbuf
    BUFGCTRL_X0Y0        BUFG (Prop_bufg_I_O)         0.026     1.320 r  u_top/u_clk/u_bufg_axi/O
                         net (fo=481, routed)         0.631     1.951    u_top/u_wrapper/CLK
    SLICE_X113Y81        FDRE                                         r  u_top/u_wrapper/state_snapshot_reg[36]/C
  -------------------------------------------------------------------    -------------------
    SLICE_X113Y81        FDRE (Prop_fdre_C_Q)         0.141     2.092 r  u_top/u_wrapper/state_snapshot_reg[36]/Q
                         net (fo=1, routed)           0.053     2.146    u_top/u_wrapper/data1[4]
    SLICE_X112Y81        LUT4 (Prop_lut4_I0_O)        0.045     2.191 r  u_top/u_wrapper/s_axi_rdata[4]_i_1/O
                         net (fo=1, routed)           0.000     2.191    u_top/u_wrapper/s_axi_rdata[4]
    SLICE_X112Y81        FDRE                                         r  u_top/u_wrapper/s_axi_rdata_reg[4]/D
  -------------------------------------------------------------------    -------------------

                         (clock axi_clk rise edge)    0.000     0.000 r  
    U7                                                0.000     0.000 r  fclk_clk0 (IN)
                         net (fo=0)                   0.000     0.000    fclk_clk0
    U7                   IBUF (Prop_ibuf_I_O)         0.476     0.476 r  fclk_clk0_IBUF_inst/O
                         net (fo=1, routed)           0.480     0.956    u_top/u_clk/fclk_clk0
    MMCME2_ADV_X0Y0      MMCME2_ADV (Prop_mmcme2_adv_CLKIN1_CLKOUT1)
                                                      0.053     1.009 r  u_top/u_clk/u_mmcm/CLKOUT1
                         net (fo=1, routed)           0.564     1.573    u_top/u_clk/clkout1_unbuf
    BUFGCTRL_X0Y0        BUFG (Prop_bufg_I_O)         0.029     1.602 r  u_top/u_clk/u_bufg_axi/O
                         net (fo=481, routed)         0.901     2.503    u_top/u_wrapper/CLK
    SLICE_X112Y81        FDRE                                         r  u_top/u_wrapper/s_axi_rdata_reg[4]/C
                         clock pessimism             -0.539     1.964    
    SLICE_X112Y81        FDRE (Hold_fdre_C_D)         0.121     2.085    u_top/u_wrapper/s_axi_rdata_reg[4]
  -------------------------------------------------------------------
                         required time                         -2.085    
                         arrival time                           2.191    
  -------------------------------------------------------------------
                         slack                                  0.105    





Pulse Width Checks
--------------------------------------------------------------------------------------
Clock Name:         axi_clk
Waveform(ns):       { 0.000 5.000 }
Period(ns):         10.000
Sources:            { u_top/u_clk/u_mmcm/CLKOUT1 }

Check Type        Corner  Lib Pin             Reference Pin  Required(ns)  Actual(ns)  Slack(ns)  Location         Pin
Min Period        n/a     BUFG/I              n/a            1.592         10.000      8.408      BUFGCTRL_X0Y0    u_top/u_clk/u_bufg_axi/I
Max Period        n/a     MMCME2_ADV/CLKOUT1  n/a            213.360       10.000      203.360    MMCME2_ADV_X0Y0  u_top/u_clk/u_mmcm/CLKOUT1
Low Pulse Width   Slow    FDPE/C              n/a            0.500         5.000       4.500      SLICE_X110Y87    u_top/u_cdc/FSM_onehot_axi_state_reg[0]/C
High Pulse Width  Slow    FDPE/C              n/a            0.500         5.000       4.500      SLICE_X110Y87    u_top/u_cdc/FSM_onehot_axi_state_reg[0]/C



---------------------------------------------------------------------------------------------------
From Clock:  clkfb
  To Clock:  clkfb

Setup :           NA  Failing Endpoints,  Worst Slack           NA  ,  Total Violation           NA
Hold  :           NA  Failing Endpoints,  Worst Slack           NA  ,  Total Violation           NA
PW    :            0  Failing Endpoints,  Worst Slack        8.751ns,  Total Violation        0.000ns
---------------------------------------------------------------------------------------------------


Pulse Width Checks
--------------------------------------------------------------------------------------
Clock Name:         clkfb
Waveform(ns):       { 0.000 5.000 }
Period(ns):         10.000
Sources:            { u_top/u_clk/u_mmcm/CLKFBOUT }

Check Type  Corner  Lib Pin              Reference Pin  Required(ns)  Actual(ns)  Slack(ns)  Location         Pin
Min Period  n/a     MMCME2_ADV/CLKFBOUT  n/a            1.249         10.000      8.751      MMCME2_ADV_X0Y0  u_top/u_clk/u_mmcm/CLKFBOUT
Max Period  n/a     MMCME2_ADV/CLKFBIN   n/a            100.000       10.000      90.000     MMCME2_ADV_X0Y0  u_top/u_clk/u_mmcm/CLKFBIN



