Copyright 1986-2022 Xilinx, Inc. All Rights Reserved. Copyright 2022-2025 Advanced Micro Devices, Inc. All Rights Reserved.
---------------------------------------------------------------------------------------------------------------------------------------------
| Tool Version : Vivado v.2025.2 (lin64) Build 6299465 Fri Nov 14 12:34:56 MST 2025
| Date         : Thu Mar 12 13:49:19 2026
| Host         : Jarvis running 64-bit Ubuntu 24.04.4 LTS
| Command      : report_timing_summary -file /home/mattrock/Projects/ATOMiK/hardware/zynq/sweep/reports/timing_N1_F266p7.rpt
| Design       : sweep_top_N1_F266p7
| Device       : 7z020-clg400
| Speed File   : -2  PRODUCTION 1.12 2019-11-22
| Design State : Routed
---------------------------------------------------------------------------------------------------------------------------------------------

Timing Summary Report

------------------------------------------------------------------------------------------------
| Timer Settings
| --------------
------------------------------------------------------------------------------------------------

  Enable Multi Corner Analysis               :  Yes
  Enable Pessimism Removal                   :  Yes
  Pessimism Removal Resolution               :  Nearest Common Node
  Enable Input Delay Default Clock           :  No
  Enable Preset / Clear Arcs                 :  No
  Disable Flight Delays                      :  No
  Ignore I/O Paths                           :  No
  Timing Early Launch at Borrowing Latches   :  No
  Borrow Time for Max Delay Exceptions       :  Yes
  Merge Timing Exceptions                    :  Yes
  Inter-SLR Compensation                     :  Conservative

  Corner  Analyze    Analyze    
  Name    Max Paths  Min Paths  
  ------  ---------  ---------  
  Slow    Yes        Yes        
  Fast    Yes        Yes        


------------------------------------------------------------------------------------------------
| Report Methodology
| ------------------
------------------------------------------------------------------------------------------------

No report available as report_methodology has not been run prior. Run report_methodology on the current design for the summary of methodology violations.



check_timing report

Table of Contents
-----------------
1. checking no_clock (0)
2. checking constant_clock (0)
3. checking pulse_width_clock (0)
4. checking unconstrained_internal_endpoints (0)
5. checking no_input_delay (50)
6. checking no_output_delay (37)
7. checking multiple_clock (0)
8. checking generated_clocks (0)
9. checking loops (0)
10. checking partial_input_delay (0)
11. checking partial_output_delay (0)
12. checking latch_loops (0)

1. checking no_clock (0)
------------------------
 There are 0 register/latch pins with no clock.


2. checking constant_clock (0)
------------------------------
 There are 0 register/latch pins with constant_clock.


3. checking pulse_width_clock (0)
---------------------------------
 There are 0 register/latch pins which need pulse_width check


4. checking unconstrained_internal_endpoints (0)
------------------------------------------------
 There are 0 pins that are not constrained for maximum delay.

 There are 0 pins that are not constrained for maximum delay due to constant clock.


5. checking no_input_delay (50)
-------------------------------
 There are 50 input ports with no input delay specified. (HIGH)

 There are 0 input ports with no input delay but user has a false path constraint.


6. checking no_output_delay (37)
--------------------------------
 There are 37 ports with no output delay specified. (HIGH)

 There are 0 ports with no output delay but user has a false path constraint

 There are 0 ports with no output delay but with a timing clock defined on it or propagating through it


7. checking multiple_clock (0)
------------------------------
 There are 0 register/latch pins with multiple clocks.


8. checking generated_clocks (0)
--------------------------------
 There are 0 generated clocks that are not connected to a clock source.


9. checking loops (0)
---------------------
 There are 0 combinational loops in the design.


10. checking partial_input_delay (0)
------------------------------------
 There are 0 input ports with partial input delay specified.


11. checking partial_output_delay (0)
-------------------------------------
 There are 0 ports with partial output delay specified.


12. checking latch_loops (0)
----------------------------
 There are 0 combinational latch loops in the design through latch input



------------------------------------------------------------------------------------------------
| Design Timing Summary
| ---------------------
------------------------------------------------------------------------------------------------

    WNS(ns)      TNS(ns)  TNS Failing Endpoints  TNS Total Endpoints      WHS(ns)      THS(ns)  THS Failing Endpoints  THS Total Endpoints     WPWS(ns)     TPWS(ns)  TPWS Failing Endpoints  TPWS Total Endpoints  
    -------      -------  ---------------------  -------------------      -------      -------  ---------------------  -------------------     --------     --------  ----------------------  --------------------  
      0.244        0.000                      0                 1494        0.103        0.000                      0                 1494        1.278        0.000                       0                   785  


All user specified timing constraints are met.


------------------------------------------------------------------------------------------------
| Clock Summary
| -------------
------------------------------------------------------------------------------------------------

Clock         Waveform(ns)         Period(ns)      Frequency(MHz)
-----         ------------         ----------      --------------
fclk_clk0     {0.000 5.000}        10.000          100.000         
  atomik_clk  {0.000 1.875}        3.750           266.667         
  axi_clk     {0.000 5.000}        10.000          100.000         
  clkfb       {0.000 5.000}        10.000          100.000         


------------------------------------------------------------------------------------------------
| Intra Clock Table
| -----------------
------------------------------------------------------------------------------------------------

Clock             WNS(ns)      TNS(ns)  TNS Failing Endpoints  TNS Total Endpoints      WHS(ns)      THS(ns)  THS Failing Endpoints  THS Total Endpoints     WPWS(ns)     TPWS(ns)  TPWS Failing Endpoints  TPWS Total Endpoints  
-----             -------      -------  ---------------------  -------------------      -------      -------  ---------------------  -------------------     --------     --------  ----------------------  --------------------  
fclk_clk0                                                                                                                                                       3.000        0.000                       0                     1  
  atomik_clk        0.244        0.000                      0                  661        0.151        0.000                      0                  661        1.278        0.000                       0                   299  
  axi_clk           5.722        0.000                      0                  833        0.103        0.000                      0                  833        4.500        0.000                       0                   483  
  clkfb                                                                                                                                                         8.751        0.000                       0                     2  


------------------------------------------------------------------------------------------------
| Inter Clock Table
| -----------------
------------------------------------------------------------------------------------------------

From Clock    To Clock          WNS(ns)      TNS(ns)  TNS Failing Endpoints  TNS Total Endpoints      WHS(ns)      THS(ns)  THS Failing Endpoints  THS Total Endpoints  
----------    --------          -------      -------  ---------------------  -------------------      -------      -------  ---------------------  -------------------  


------------------------------------------------------------------------------------------------
| Other Path Groups Table
| -----------------------
------------------------------------------------------------------------------------------------

Path Group    From Clock    To Clock          WNS(ns)      TNS(ns)  TNS Failing Endpoints  TNS Total Endpoints      WHS(ns)      THS(ns)  THS Failing Endpoints  THS Total Endpoints  
----------    ----------    --------          -------      -------  ---------------------  -------------------      -------      -------  ---------------------  -------------------  


------------------------------------------------------------------------------------------------
| Timing Details
| --------------
------------------------------------------------------------------------------------------------


---------------------------------------------------------------------------------------------------
From Clock:  fclk_clk0
  To Clock:  fclk_clk0

Setup :           NA  Failing Endpoints,  Worst Slack           NA  ,  Total Violation           NA
Hold  :           NA  Failing Endpoints,  Worst Slack           NA  ,  Total Violation           NA
PW    :            0  Failing Endpoints,  Worst Slack        3.000ns,  Total Violation        0.000ns
---------------------------------------------------------------------------------------------------


Pulse Width Checks
--------------------------------------------------------------------------------------
Clock Name:         fclk_clk0
Waveform(ns):       { 0.000 5.000 }
Period(ns):         10.000
Sources:            { fclk_clk0 }

Check Type        Corner  Lib Pin            Reference Pin  Required(ns)  Actual(ns)  Slack(ns)  Location         Pin
Min Period        n/a     MMCME2_ADV/CLKIN1  n/a            1.249         10.000      8.751      MMCME2_ADV_X0Y0  u_top/u_clk/u_mmcm/CLKIN1
Max Period        n/a     MMCME2_ADV/CLKIN1  n/a            100.000       10.000      90.000     MMCME2_ADV_X0Y0  u_top/u_clk/u_mmcm/CLKIN1
Low Pulse Width   Slow    MMCME2_ADV/CLKIN1  n/a            2.000         5.000       3.000      MMCME2_ADV_X0Y0  u_top/u_clk/u_mmcm/CLKIN1
High Pulse Width  Slow    MMCME2_ADV/CLKIN1  n/a            2.000         5.000       3.000      MMCME2_ADV_X0Y0  u_top/u_clk/u_mmcm/CLKIN1



---------------------------------------------------------------------------------------------------
From Clock:  atomik_clk
  To Clock:  atomik_clk

Setup :            0  Failing Endpoints,  Worst Slack        0.244ns,  Total Violation        0.000ns
Hold  :            0  Failing Endpoints,  Worst Slack        0.151ns,  Total Violation        0.000ns
PW    :            0  Failing Endpoints,  Worst Slack        1.278ns,  Total Violation        0.000ns
---------------------------------------------------------------------------------------------------


Max Delay Paths
--------------------------------------------------------------------------------------
Slack (MET) :             0.244ns  (required time - arrival time)
  Source:                 u_top/u_atomik/u_state_bram/xpm_memory_base_inst/gen_wr_a.gen_word_narrow.mem_reg/CLKARDCLK
                            (rising edge-triggered cell RAMB36E1 clocked by atomik_clk  {rise@0.000ns fall@1.875ns period=3.750ns})
  Destination:            u_top/u_atomik/swap_data_reg[57]/D
                            (rising edge-triggered cell FDRE clocked by atomik_clk  {rise@0.000ns fall@1.875ns period=3.750ns})
  Path Group:             atomik_clk
  Path Type:              Setup (Max at Slow Process Corner)
  Requirement:            3.750ns  (atomik_clk rise@3.750ns - atomik_clk rise@0.000ns)
  Data Path Delay:        3.299ns  (logic 2.230ns (67.599%)  route 1.069ns (32.401%))
  Logic Levels:           1  (LUT2=1)
  Clock Path Skew:        -0.068ns (DCD - SCD + CPR)
    Destination Clock Delay (DCD):    4.935ns = ( 8.685 - 3.750 ) 
    Source Clock Delay      (SCD):    5.538ns
    Clock Pessimism Removal (CPR):    0.536ns
  Clock Uncertainty:      0.064ns  ((TSJ^2 + DJ^2)^1/2) / 2 + PE
    Total System Jitter     (TSJ):    0.071ns
    Discrete Jitter          (DJ):    0.107ns
    Phase Error              (PE):    0.000ns

    Location             Delay type                Incr(ns)  Path(ns)    Netlist Resource(s)
  -------------------------------------------------------------------    -------------------
                         (clock atomik_clk rise edge)
                                                      0.000     0.000 r  
    U7                                                0.000     0.000 r  fclk_clk0 (IN)
                         net (fo=0)                   0.000     0.000    fclk_clk0
    U7                   IBUF (Prop_ibuf_I_O)         0.990     0.990 r  fclk_clk0_IBUF_inst/O
                         net (fo=1, routed)           1.110     2.100    u_top/u_clk/fclk_clk0
    MMCME2_ADV_X0Y0      MMCME2_ADV (Prop_mmcme2_adv_CLKIN1_CLKOUT0)
                                                      0.077     2.177 r  u_top/u_clk/u_mmcm/CLKOUT0
                         net (fo=1, routed)           1.567     3.744    u_top/u_clk/clkout0_unbuf
    BUFGCTRL_X0Y1        BUFG (Prop_bufg_I_O)         0.085     3.829 r  u_top/u_clk/u_bufg_atomik/O
                         net (fo=297, routed)         1.709     5.538    u_top/u_atomik/u_state_bram/xpm_memory_base_inst/clka
    RAMB36_X4Y22         RAMB36E1                                     r  u_top/u_atomik/u_state_bram/xpm_memory_base_inst/gen_wr_a.gen_word_narrow.mem_reg/CLKARDCLK
  -------------------------------------------------------------------    -------------------
    RAMB36_X4Y22         RAMB36E1 (Prop_ramb36e1_CLKARDCLK_DOBDO[25])
                                                      2.125     7.663 r  u_top/u_atomik/u_state_bram/xpm_memory_base_inst/gen_wr_a.gen_word_narrow.mem_reg/DOBDO[25]
                         net (fo=1, routed)           0.517     8.180    u_top/u_atomik/mem_rd_data[57]
    SLICE_X90Y115        LUT2 (Prop_lut2_I1_O)        0.105     8.285 r  u_top/u_atomik/core_resp_state[57]_i_1/O
                         net (fo=2, routed)           0.552     8.837    u_top/u_atomik/D[57]
    SLICE_X91Y115        FDRE                                         r  u_top/u_atomik/swap_data_reg[57]/D
  -------------------------------------------------------------------    -------------------

                         (clock atomik_clk rise edge)
                                                      3.750     3.750 r  
    U7                                                0.000     3.750 r  fclk_clk0 (IN)
                         net (fo=0)                   0.000     3.750    fclk_clk0
    U7                   IBUF (Prop_ibuf_I_O)         0.859     4.609 r  fclk_clk0_IBUF_inst/O
                         net (fo=1, routed)           1.004     5.612    u_top/u_clk/fclk_clk0
    MMCME2_ADV_X0Y0      MMCME2_ADV (Prop_mmcme2_adv_CLKIN1_CLKOUT0)
                                                      0.073     5.685 r  u_top/u_clk/u_mmcm/CLKOUT0
                         net (fo=1, routed)           1.426     7.112    u_top/u_clk/clkout0_unbuf
    BUFGCTRL_X0Y1        BUFG (Prop_bufg_I_O)         0.077     7.189 r  u_top/u_clk/u_bufg_atomik/O
                         net (fo=297, routed)         1.496     8.685    u_top/u_atomik/CLK
    SLICE_X91Y115        FDRE                                         r  u_top/u_atomik/swap_data_reg[57]/C
                         clock pessimism              0.536     9.220    
                         clock uncertainty           -0.064     9.156    
    SLICE_X91Y115        FDRE (Setup_fdre_C_D)       -0.075     9.081    u_top/u_atomik/swap_data_reg[57]
  -------------------------------------------------------------------
                         required time                          9.081    
                         arrival time                          -8.837    
  -------------------------------------------------------------------
                         slack                                  0.244    





Min Delay Paths
--------------------------------------------------------------------------------------
Slack (MET) :             0.151ns  (arrival time - required time)
  Source:                 u_top/u_cdc/core_delta_reg[0]/C
                            (rising edge-triggered cell FDCE clocked by atomik_clk  {rise@0.000ns fall@1.875ns period=3.750ns})
  Destination:            u_top/u_atomik/accumulator_reg[0]/D
                            (rising edge-triggered cell FDRE clocked by atomik_clk  {rise@0.000ns fall@1.875ns period=3.750ns})
  Path Group:             atomik_clk
  Path Type:              Hold (Min at Fast Process Corner)
  Requirement:            0.000ns  (atomik_clk rise@0.000ns - atomik_clk rise@0.000ns)
  Data Path Delay:        0.284ns  (logic 0.186ns (65.486%)  route 0.098ns (34.514%))
  Logic Levels:           1  (LUT2=1)
  Clock Path Skew:        0.013ns (DCD - SCD - CPR)
    Destination Clock Delay (DCD):    2.565ns
    Source Clock Delay      (SCD):    2.010ns
    Clock Pessimism Removal (CPR):    0.543ns

    Location             Delay type                Incr(ns)  Path(ns)    Netlist Resource(s)
  -------------------------------------------------------------------    -------------------
                         (clock atomik_clk rise edge)
                                                      0.000     0.000 r  
    U7                                                0.000     0.000 r  fclk_clk0 (IN)
                         net (fo=0)                   0.000     0.000    fclk_clk0
    U7                   IBUF (Prop_ibuf_I_O)         0.286     0.286 r  fclk_clk0_IBUF_inst/O
                         net (fo=1, routed)           0.440     0.727    u_top/u_clk/fclk_clk0
    MMCME2_ADV_X0Y0      MMCME2_ADV (Prop_mmcme2_adv_CLKIN1_CLKOUT0)
                                                      0.050     0.777 r  u_top/u_clk/u_mmcm/CLKOUT0
                         net (fo=1, routed)           0.518     1.294    u_top/u_clk/clkout0_unbuf
    BUFGCTRL_X0Y1        BUFG (Prop_bufg_I_O)         0.026     1.320 r  u_top/u_clk/u_bufg_atomik/O
                         net (fo=297, routed)         0.689     2.010    u_top/u_cdc/FSM_sequential_core_state_reg[0]_0
    SLICE_X93Y108        FDCE                                         r  u_top/u_cdc/core_delta_reg[0]/C
  -------------------------------------------------------------------    -------------------
    SLICE_X93Y108        FDCE (Prop_fdce_C_Q)         0.141     2.151 r  u_top/u_cdc/core_delta_reg[0]/Q
                         net (fo=2, routed)           0.098     2.249    u_top/u_cdc/core_init_data[0]
    SLICE_X92Y108        LUT2 (Prop_lut2_I0_O)        0.045     2.294 r  u_top/u_cdc/accumulator[0]_i_1/O
                         net (fo=1, routed)           0.000     2.294    u_top/u_atomik/accumulator_reg[63]_1[0]
    SLICE_X92Y108        FDRE                                         r  u_top/u_atomik/accumulator_reg[0]/D
  -------------------------------------------------------------------    -------------------

                         (clock atomik_clk rise edge)
                                                      0.000     0.000 r  
    U7                                                0.000     0.000 r  fclk_clk0 (IN)
                         net (fo=0)                   0.000     0.000    fclk_clk0
    U7                   IBUF (Prop_ibuf_I_O)         0.476     0.476 r  fclk_clk0_IBUF_inst/O
                         net (fo=1, routed)           0.480     0.956    u_top/u_clk/fclk_clk0
    MMCME2_ADV_X0Y0      MMCME2_ADV (Prop_mmcme2_adv_CLKIN1_CLKOUT0)
                                                      0.053     1.009 r  u_top/u_clk/u_mmcm/CLKOUT0
                         net (fo=1, routed)           0.564     1.573    u_top/u_clk/clkout0_unbuf
    BUFGCTRL_X0Y1        BUFG (Prop_bufg_I_O)         0.029     1.602 r  u_top/u_clk/u_bufg_atomik/O
                         net (fo=297, routed)         0.963     2.565    u_top/u_atomik/CLK
    SLICE_X92Y108        FDRE                                         r  u_top/u_atomik/accumulator_reg[0]/C
                         clock pessimism             -0.543     2.023    
    SLICE_X92Y108        FDRE (Hold_fdre_C_D)         0.120     2.143    u_top/u_atomik/accumulator_reg[0]
  -------------------------------------------------------------------
                         required time                         -2.143    
                         arrival time                           2.294    
  -------------------------------------------------------------------
                         slack                                  0.151    





Pulse Width Checks
--------------------------------------------------------------------------------------
Clock Name:         atomik_clk
Waveform(ns):       { 0.000 1.875 }
Period(ns):         3.750
Sources:            { u_top/u_clk/u_mmcm/CLKOUT0 }

Check Type        Corner  Lib Pin             Reference Pin  Required(ns)  Actual(ns)  Slack(ns)  Location         Pin
Min Period        n/a     RAMB36E1/CLKARDCLK  n/a            2.472         3.750       1.278      RAMB36_X4Y22     u_top/u_atomik/u_state_bram/xpm_memory_base_inst/gen_wr_a.gen_word_narrow.mem_reg/CLKARDCLK
Max Period        n/a     MMCME2_ADV/CLKOUT0  n/a            213.360       3.750       209.610    MMCME2_ADV_X0Y0  u_top/u_clk/u_mmcm/CLKOUT0
Low Pulse Width   Slow    FDRE/C              n/a            0.500         1.875       1.375      SLICE_X92Y108    u_top/u_atomik/accumulator_reg[0]/C
High Pulse Width  Slow    FDRE/C              n/a            0.500         1.875       1.375      SLICE_X92Y108    u_top/u_atomik/accumulator_reg[0]/C



---------------------------------------------------------------------------------------------------
From Clock:  axi_clk
  To Clock:  axi_clk

Setup :            0  Failing Endpoints,  Worst Slack        5.722ns,  Total Violation        0.000ns
Hold  :            0  Failing Endpoints,  Worst Slack        0.103ns,  Total Violation        0.000ns
PW    :            0  Failing Endpoints,  Worst Slack        4.500ns,  Total Violation        0.000ns
---------------------------------------------------------------------------------------------------


Max Delay Paths
--------------------------------------------------------------------------------------
Slack (MET) :             5.722ns  (required time - arrival time)
  Source:                 u_top/u_wrapper/ar_addr_reg_reg[1]/C
                            (rising edge-triggered cell FDRE clocked by axi_clk  {rise@0.000ns fall@5.000ns period=10.000ns})
  Destination:            u_top/u_wrapper/state_snapshot_reg[50]/CE
                            (rising edge-triggered cell FDRE clocked by axi_clk  {rise@0.000ns fall@5.000ns period=10.000ns})
  Path Group:             axi_clk
  Path Type:              Setup (Max at Slow Process Corner)
  Requirement:            10.000ns  (axi_clk rise@10.000ns - axi_clk rise@0.000ns)
  Data Path Delay:        3.910ns  (logic 0.666ns (17.031%)  route 3.244ns (82.969%))
  Logic Levels:           2  (LUT3=1 LUT6=1)
  Clock Path Skew:        0.005ns (DCD - SCD + CPR)
    Destination Clock Delay (DCD):    4.940ns = ( 14.940 - 10.000 ) 
    Source Clock Delay      (SCD):    5.337ns
    Clock Pessimism Removal (CPR):    0.403ns
  Clock Uncertainty:      0.074ns  ((TSJ^2 + DJ^2)^1/2) / 2 + PE
    Total System Jitter     (TSJ):    0.071ns
    Discrete Jitter          (DJ):    0.129ns
    Phase Error              (PE):    0.000ns

    Location             Delay type                Incr(ns)  Path(ns)    Netlist Resource(s)
  -------------------------------------------------------------------    -------------------
                         (clock axi_clk rise edge)    0.000     0.000 r  
    U7                                                0.000     0.000 r  fclk_clk0 (IN)
                         net (fo=0)                   0.000     0.000    fclk_clk0
    U7                   IBUF (Prop_ibuf_I_O)         0.990     0.990 r  fclk_clk0_IBUF_inst/O
                         net (fo=1, routed)           1.110     2.100    u_top/u_clk/fclk_clk0
    MMCME2_ADV_X0Y0      MMCME2_ADV (Prop_mmcme2_adv_CLKIN1_CLKOUT1)
                                                      0.077     2.177 r  u_top/u_clk/u_mmcm/CLKOUT1
                         net (fo=1, routed)           1.567     3.744    u_top/u_clk/clkout1_unbuf
    BUFGCTRL_X0Y0        BUFG (Prop_bufg_I_O)         0.085     3.829 r  u_top/u_clk/u_bufg_axi/O
                         net (fo=481, routed)         1.508     5.337    u_top/u_wrapper/CLK
    SLICE_X98Y96         FDRE                                         r  u_top/u_wrapper/ar_addr_reg_reg[1]/C
  -------------------------------------------------------------------    -------------------
    SLICE_X98Y96         FDRE (Prop_fdre_C_Q)         0.433     5.770 f  u_top/u_wrapper/ar_addr_reg_reg[1]/Q
                         net (fo=5, routed)           0.681     6.452    u_top/u_wrapper/ar_addr_reg[1]
    SLICE_X98Y96         LUT6 (Prop_lut6_I3_O)        0.105     6.557 r  u_top/u_wrapper/state_snapshot[63]_i_2/O
                         net (fo=31, routed)          0.710     7.267    u_top/u_wrapper/state_snapshot[63]_i_2_n_0
    SLICE_X106Y96        LUT3 (Prop_lut3_I0_O)        0.128     7.395 r  u_top/u_wrapper/state_snapshot[63]_i_1/O
                         net (fo=33, routed)          1.853     9.248    u_top/u_wrapper/state_snapshot[0]
    SLICE_X104Y114       FDRE                                         r  u_top/u_wrapper/state_snapshot_reg[50]/CE
  -------------------------------------------------------------------    -------------------

                         (clock axi_clk rise edge)   10.000    10.000 r  
    U7                                                0.000    10.000 r  fclk_clk0 (IN)
                         net (fo=0)                   0.000    10.000    fclk_clk0
    U7                   IBUF (Prop_ibuf_I_O)         0.859    10.859 r  fclk_clk0_IBUF_inst/O
                         net (fo=1, routed)           1.004    11.862    u_top/u_clk/fclk_clk0
    MMCME2_ADV_X0Y0      MMCME2_ADV (Prop_mmcme2_adv_CLKIN1_CLKOUT1)
                                                      0.073    11.935 r  u_top/u_clk/u_mmcm/CLKOUT1
                         net (fo=1, routed)           1.426    13.362    u_top/u_clk/clkout1_unbuf
    BUFGCTRL_X0Y0        BUFG (Prop_bufg_I_O)         0.077    13.439 r  u_top/u_clk/u_bufg_axi/O
                         net (fo=481, routed)         1.501    14.940    u_top/u_wrapper/CLK
    SLICE_X104Y114       FDRE                                         r  u_top/u_wrapper/state_snapshot_reg[50]/C
                         clock pessimism              0.403    15.342    
                         clock uncertainty           -0.074    15.269    
    SLICE_X104Y114       FDRE (Setup_fdre_C_CE)      -0.299    14.970    u_top/u_wrapper/state_snapshot_reg[50]
  -------------------------------------------------------------------
                         required time                         14.970    
                         arrival time                          -9.248    
  -------------------------------------------------------------------
                         slack                                  5.722    





Min Delay Paths
--------------------------------------------------------------------------------------
Slack (MET) :             0.103ns  (arrival time - required time)
  Source:                 u_top/u_wrapper/cdc_req_addr_reg[4]/C
                            (rising edge-triggered cell FDRE clocked by axi_clk  {rise@0.000ns fall@5.000ns period=10.000ns})
  Destination:            u_top/u_cdc/lat_addr_reg[4]/D
                            (rising edge-triggered cell FDCE clocked by axi_clk  {rise@0.000ns fall@5.000ns period=10.000ns})
  Path Group:             axi_clk
  Path Type:              Hold (Min at Fast Process Corner)
  Requirement:            0.000ns  (axi_clk rise@0.000ns - axi_clk rise@0.000ns)
  Data Path Delay:        0.192ns  (logic 0.141ns (73.267%)  route 0.051ns (26.733%))
  Logic Levels:           0  
  Clock Path Skew:        0.013ns (DCD - SCD - CPR)
    Destination Clock Delay (DCD):    2.567ns
    Source Clock Delay      (SCD):    2.012ns
    Clock Pessimism Removal (CPR):    0.543ns

    Location             Delay type                Incr(ns)  Path(ns)    Netlist Resource(s)
  -------------------------------------------------------------------    -------------------
                         (clock axi_clk rise edge)    0.000     0.000 r  
    U7                                                0.000     0.000 r  fclk_clk0 (IN)
                         net (fo=0)                   0.000     0.000    fclk_clk0
    U7                   IBUF (Prop_ibuf_I_O)         0.286     0.286 r  fclk_clk0_IBUF_inst/O
                         net (fo=1, routed)           0.440     0.727    u_top/u_clk/fclk_clk0
    MMCME2_ADV_X0Y0      MMCME2_ADV (Prop_mmcme2_adv_CLKIN1_CLKOUT1)
                                                      0.050     0.777 r  u_top/u_clk/u_mmcm/CLKOUT1
                         net (fo=1, routed)           0.518     1.294    u_top/u_clk/clkout1_unbuf
    BUFGCTRL_X0Y0        BUFG (Prop_bufg_I_O)         0.026     1.320 r  u_top/u_clk/u_bufg_axi/O
                         net (fo=481, routed)         0.691     2.012    u_top/u_wrapper/CLK
    SLICE_X97Y106        FDRE                                         r  u_top/u_wrapper/cdc_req_addr_reg[4]/C
  -------------------------------------------------------------------    -------------------
    SLICE_X97Y106        FDRE (Prop_fdre_C_Q)         0.141     2.153 r  u_top/u_wrapper/cdc_req_addr_reg[4]/Q
                         net (fo=1, routed)           0.051     2.204    u_top/u_cdc/lat_addr_reg[7]_0[4]
    SLICE_X96Y106        FDCE                                         r  u_top/u_cdc/lat_addr_reg[4]/D
  -------------------------------------------------------------------    -------------------

                         (clock axi_clk rise edge)    0.000     0.000 r  
    U7                                                0.000     0.000 r  fclk_clk0 (IN)
                         net (fo=0)                   0.000     0.000    fclk_clk0
    U7                   IBUF (Prop_ibuf_I_O)         0.476     0.476 r  fclk_clk0_IBUF_inst/O
                         net (fo=1, routed)           0.480     0.956    u_top/u_clk/fclk_clk0
    MMCME2_ADV_X0Y0      MMCME2_ADV (Prop_mmcme2_adv_CLKIN1_CLKOUT1)
                                                      0.053     1.009 r  u_top/u_clk/u_mmcm/CLKOUT1
                         net (fo=1, routed)           0.564     1.573    u_top/u_clk/clkout1_unbuf
    BUFGCTRL_X0Y0        BUFG (Prop_bufg_I_O)         0.029     1.602 r  u_top/u_clk/u_bufg_axi/O
                         net (fo=481, routed)         0.965     2.567    u_top/u_cdc/CLK
    SLICE_X96Y106        FDCE                                         r  u_top/u_cdc/lat_addr_reg[4]/C
                         clock pessimism             -0.543     2.025    
    SLICE_X96Y106        FDCE (Hold_fdce_C_D)         0.076     2.101    u_top/u_cdc/lat_addr_reg[4]
  -------------------------------------------------------------------
                         required time                         -2.101    
                         arrival time                           2.204    
  -------------------------------------------------------------------
                         slack                                  0.103    





Pulse Width Checks
--------------------------------------------------------------------------------------
Clock Name:         axi_clk
Waveform(ns):       { 0.000 5.000 }
Period(ns):         10.000
Sources:            { u_top/u_clk/u_mmcm/CLKOUT1 }

Check Type        Corner  Lib Pin             Reference Pin  Required(ns)  Actual(ns)  Slack(ns)  Location         Pin
Min Period        n/a     BUFG/I              n/a            1.592         10.000      8.408      BUFGCTRL_X0Y0    u_top/u_clk/u_bufg_axi/I
Max Period        n/a     MMCME2_ADV/CLKOUT1  n/a            213.360       10.000      203.360    MMCME2_ADV_X0Y0  u_top/u_clk/u_mmcm/CLKOUT1
Low Pulse Width   Slow    FDPE/C              n/a            0.500         5.000       4.500      SLICE_X102Y107   u_top/u_cdc/FSM_onehot_axi_state_reg[0]/C
High Pulse Width  Slow    FDPE/C              n/a            0.500         5.000       4.500      SLICE_X102Y107   u_top/u_cdc/FSM_onehot_axi_state_reg[0]/C



---------------------------------------------------------------------------------------------------
From Clock:  clkfb
  To Clock:  clkfb

Setup :           NA  Failing Endpoints,  Worst Slack           NA  ,  Total Violation           NA
Hold  :           NA  Failing Endpoints,  Worst Slack           NA  ,  Total Violation           NA
PW    :            0  Failing Endpoints,  Worst Slack        8.751ns,  Total Violation        0.000ns
---------------------------------------------------------------------------------------------------


Pulse Width Checks
--------------------------------------------------------------------------------------
Clock Name:         clkfb
Waveform(ns):       { 0.000 5.000 }
Period(ns):         10.000
Sources:            { u_top/u_clk/u_mmcm/CLKFBOUT }

Check Type  Corner  Lib Pin              Reference Pin  Required(ns)  Actual(ns)  Slack(ns)  Location         Pin
Min Period  n/a     MMCME2_ADV/CLKFBOUT  n/a            1.249         10.000      8.751      MMCME2_ADV_X0Y0  u_top/u_clk/u_mmcm/CLKFBOUT
Max Period  n/a     MMCME2_ADV/CLKFBIN   n/a            100.000       10.000      90.000     MMCME2_ADV_X0Y0  u_top/u_clk/u_mmcm/CLKFBIN



