Copyright 1986-2022 Xilinx, Inc. All Rights Reserved. Copyright 2022-2025 Advanced Micro Devices, Inc. All Rights Reserved.
---------------------------------------------------------------------------------------------------------------------------------------------
| Tool Version : Vivado v.2025.2 (lin64) Build 6299465 Fri Nov 14 12:34:56 MST 2025
| Date         : Fri Mar 13 19:01:47 2026
| Host         : Jarvis running 64-bit Ubuntu 24.04.4 LTS
| Command      : report_timing_summary -file /home/mattrock/Projects/ATOMiK/hardware/zynq/sweep/reports/timing_N256_F153p8_maximum.rpt
| Design       : sweep_top_N256_F153p8_maximum
| Device       : 7z020-clg400
| Speed File   : -2  PRODUCTION 1.12 2019-11-22
| Design State : Routed
---------------------------------------------------------------------------------------------------------------------------------------------

Timing Summary Report

------------------------------------------------------------------------------------------------
| Timer Settings
| --------------
------------------------------------------------------------------------------------------------

  Enable Multi Corner Analysis               :  Yes
  Enable Pessimism Removal                   :  Yes
  Pessimism Removal Resolution               :  Nearest Common Node
  Enable Input Delay Default Clock           :  No
  Enable Preset / Clear Arcs                 :  No
  Disable Flight Delays                      :  No
  Ignore I/O Paths                           :  No
  Timing Early Launch at Borrowing Latches   :  No
  Borrow Time for Max Delay Exceptions       :  Yes
  Merge Timing Exceptions                    :  Yes
  Inter-SLR Compensation                     :  Conservative

  Corner  Analyze    Analyze    
  Name    Max Paths  Min Paths  
  ------  ---------  ---------  
  Slow    Yes        Yes        
  Fast    Yes        Yes        


------------------------------------------------------------------------------------------------
| Report Methodology
| ------------------
------------------------------------------------------------------------------------------------

No report available as report_methodology has not been run prior. Run report_methodology on the current design for the summary of methodology violations.



check_timing report

Table of Contents
-----------------
1. checking no_clock (0)
2. checking constant_clock (0)
3. checking pulse_width_clock (0)
4. checking unconstrained_internal_endpoints (0)
5. checking no_input_delay (50)
6. checking no_output_delay (37)
7. checking multiple_clock (0)
8. checking generated_clocks (0)
9. checking loops (0)
10. checking partial_input_delay (0)
11. checking partial_output_delay (0)
12. checking latch_loops (0)

1. checking no_clock (0)
------------------------
 There are 0 register/latch pins with no clock.


2. checking constant_clock (0)
------------------------------
 There are 0 register/latch pins with constant_clock.


3. checking pulse_width_clock (0)
---------------------------------
 There are 0 register/latch pins which need pulse_width check


4. checking unconstrained_internal_endpoints (0)
------------------------------------------------
 There are 0 pins that are not constrained for maximum delay.

 There are 0 pins that are not constrained for maximum delay due to constant clock.


5. checking no_input_delay (50)
-------------------------------
 There are 50 input ports with no input delay specified. (HIGH)

 There are 0 input ports with no input delay but user has a false path constraint.


6. checking no_output_delay (37)
--------------------------------
 There are 37 ports with no output delay specified. (HIGH)

 There are 0 ports with no output delay but user has a false path constraint

 There are 0 ports with no output delay but with a timing clock defined on it or propagating through it


7. checking multiple_clock (0)
------------------------------
 There are 0 register/latch pins with multiple clocks.


8. checking generated_clocks (0)
--------------------------------
 There are 0 generated clocks that are not connected to a clock source.


9. checking loops (0)
---------------------
 There are 0 combinational loops in the design.


10. checking partial_input_delay (0)
------------------------------------
 There are 0 input ports with partial input delay specified.


11. checking partial_output_delay (0)
-------------------------------------
 There are 0 ports with partial output delay specified.


12. checking latch_loops (0)
----------------------------
 There are 0 combinational latch loops in the design through latch input



------------------------------------------------------------------------------------------------
| Design Timing Summary
| ---------------------
------------------------------------------------------------------------------------------------

    WNS(ns)      TNS(ns)  TNS Failing Endpoints  TNS Total Endpoints      WHS(ns)      THS(ns)  THS Failing Endpoints  THS Total Endpoints     WPWS(ns)     TPWS(ns)  TPWS Failing Endpoints  TPWS Total Endpoints  
    -------      -------  ---------------------  -------------------      -------      -------  ---------------------  -------------------     --------     --------  ----------------------  --------------------  
     -0.087       -0.087                      1                50498        0.103        0.000                      0                50498        2.750        0.000                       0                 17123  


Timing constraints are not met.


------------------------------------------------------------------------------------------------
| Clock Summary
| -------------
------------------------------------------------------------------------------------------------

Clock         Waveform(ns)         Period(ns)      Frequency(MHz)
-----         ------------         ----------      --------------
fclk_clk0     {0.000 5.000}        10.000          100.000         
  atomik_clk  {0.000 3.250}        6.500           153.846         
  axi_clk     {0.000 5.000}        10.000          100.000         
  clkfb       {0.000 5.000}        10.000          100.000         


------------------------------------------------------------------------------------------------
| Intra Clock Table
| -----------------
------------------------------------------------------------------------------------------------

Clock             WNS(ns)      TNS(ns)  TNS Failing Endpoints  TNS Total Endpoints      WHS(ns)      THS(ns)  THS Failing Endpoints  THS Total Endpoints     WPWS(ns)     TPWS(ns)  TPWS Failing Endpoints  TPWS Total Endpoints  
-----             -------      -------  ---------------------  -------------------      -------      -------  ---------------------  -------------------     --------     --------  ----------------------  --------------------  
fclk_clk0                                                                                                                                                       3.000        0.000                       0                     1  
  atomik_clk       -0.087       -0.087                      1                49665        0.147        0.000                      0                49665        2.750        0.000                       0                 16637  
  axi_clk           4.568        0.000                      0                  833        0.103        0.000                      0                  833        4.500        0.000                       0                   483  
  clkfb                                                                                                                                                         8.751        0.000                       0                     2  


------------------------------------------------------------------------------------------------
| Inter Clock Table
| -----------------
------------------------------------------------------------------------------------------------

From Clock    To Clock          WNS(ns)      TNS(ns)  TNS Failing Endpoints  TNS Total Endpoints      WHS(ns)      THS(ns)  THS Failing Endpoints  THS Total Endpoints  
----------    --------          -------      -------  ---------------------  -------------------      -------      -------  ---------------------  -------------------  


------------------------------------------------------------------------------------------------
| Other Path Groups Table
| -----------------------
------------------------------------------------------------------------------------------------

Path Group    From Clock    To Clock          WNS(ns)      TNS(ns)  TNS Failing Endpoints  TNS Total Endpoints      WHS(ns)      THS(ns)  THS Failing Endpoints  THS Total Endpoints  
----------    ----------    --------          -------      -------  ---------------------  -------------------      -------      -------  ---------------------  -------------------  


------------------------------------------------------------------------------------------------
| Timing Details
| --------------
------------------------------------------------------------------------------------------------


---------------------------------------------------------------------------------------------------
From Clock:  fclk_clk0
  To Clock:  fclk_clk0

Setup :           NA  Failing Endpoints,  Worst Slack           NA  ,  Total Violation           NA
Hold  :           NA  Failing Endpoints,  Worst Slack           NA  ,  Total Violation           NA
PW    :            0  Failing Endpoints,  Worst Slack        3.000ns,  Total Violation        0.000ns
---------------------------------------------------------------------------------------------------


Pulse Width Checks
--------------------------------------------------------------------------------------
Clock Name:         fclk_clk0
Waveform(ns):       { 0.000 5.000 }
Period(ns):         10.000
Sources:            { fclk_clk0 }

Check Type        Corner  Lib Pin            Reference Pin  Required(ns)  Actual(ns)  Slack(ns)  Location         Pin
Min Period        n/a     MMCME2_ADV/CLKIN1  n/a            1.249         10.000      8.751      MMCME2_ADV_X1Y1  u_top/u_clk/u_mmcm/CLKIN1
Max Period        n/a     MMCME2_ADV/CLKIN1  n/a            100.000       10.000      90.000     MMCME2_ADV_X1Y1  u_top/u_clk/u_mmcm/CLKIN1
Low Pulse Width   Slow    MMCME2_ADV/CLKIN1  n/a            2.000         5.000       3.000      MMCME2_ADV_X1Y1  u_top/u_clk/u_mmcm/CLKIN1
High Pulse Width  Slow    MMCME2_ADV/CLKIN1  n/a            2.000         5.000       3.000      MMCME2_ADV_X1Y1  u_top/u_clk/u_mmcm/CLKIN1



---------------------------------------------------------------------------------------------------
From Clock:  atomik_clk
  To Clock:  atomik_clk

Setup :            1  Failing Endpoint ,  Worst Slack       -0.087ns,  Total Violation       -0.087ns
Hold  :            0  Failing Endpoints,  Worst Slack        0.147ns,  Total Violation        0.000ns
PW    :            0  Failing Endpoints,  Worst Slack        2.750ns,  Total Violation        0.000ns
---------------------------------------------------------------------------------------------------


Max Delay Paths
--------------------------------------------------------------------------------------
Slack (VIOLATED) :        -0.087ns  (required time - arrival time)
  Source:                 u_top/u_atomik/banks[52].bank_acc_reg[52][35]/C
                            (rising edge-triggered cell FDRE clocked by atomik_clk  {rise@0.000ns fall@3.250ns period=6.500ns})
  Destination:            u_top/u_cdc/core_resp_acc_zero_reg/D
                            (rising edge-triggered cell FDCE clocked by atomik_clk  {rise@0.000ns fall@3.250ns period=6.500ns})
  Path Group:             atomik_clk
  Path Type:              Setup (Max at Slow Process Corner)
  Requirement:            6.500ns  (atomik_clk rise@6.500ns - atomik_clk rise@0.000ns)
  Data Path Delay:        6.482ns  (logic 1.114ns (17.187%)  route 5.368ns (82.813%))
  Logic Levels:           7  (LUT4=1 LUT5=1 LUT6=5)
  Clock Path Skew:        -0.068ns (DCD - SCD + CPR)
    Destination Clock Delay (DCD):    4.789ns = ( 11.289 - 6.500 ) 
    Source Clock Delay      (SCD):    5.251ns
    Clock Pessimism Removal (CPR):    0.393ns
  Clock Uncertainty:      0.069ns  ((TSJ^2 + DJ^2)^1/2) / 2 + PE
    Total System Jitter     (TSJ):    0.071ns
    Discrete Jitter          (DJ):    0.119ns
    Phase Error              (PE):    0.000ns

    Location             Delay type                Incr(ns)  Path(ns)    Netlist Resource(s)
  -------------------------------------------------------------------    -------------------
                         (clock atomik_clk rise edge)
                                                      0.000     0.000 r  
    U14                                               0.000     0.000 r  fclk_clk0 (IN)
                         net (fo=0)                   0.000     0.000    fclk_clk0
    U14                  IBUF (Prop_ibuf_I_O)         1.007     1.007 r  fclk_clk0_IBUF_inst/O
                         net (fo=1, routed)           1.110     2.117    u_top/u_clk/fclk_clk0
    MMCME2_ADV_X1Y1      MMCME2_ADV (Prop_mmcme2_adv_CLKIN1_CLKOUT0)
                                                      0.077     2.194 r  u_top/u_clk/u_mmcm/CLKOUT0
                         net (fo=1, routed)           1.597     3.791    u_top/u_clk/clkout0_unbuf
    BUFGCTRL_X0Y16       BUFG (Prop_bufg_I_O)         0.085     3.876 r  u_top/u_clk/u_bufg_atomik/O
                         net (fo=16635, routed)       1.375     5.251    u_top/u_atomik/CLK
    SLICE_X40Y78         FDRE                                         r  u_top/u_atomik/banks[52].bank_acc_reg[52][35]/C
  -------------------------------------------------------------------    -------------------
    SLICE_X40Y78         FDRE (Prop_fdre_C_Q)         0.379     5.630 r  u_top/u_atomik/banks[52].bank_acc_reg[52][35]/Q
                         net (fo=3, routed)           1.182     6.811    u_top/u_atomik/banks[52].bank_acc_reg[52][63]_0[35]
    SLICE_X31Y81         LUT6 (Prop_lut6_I3_O)        0.105     6.916 r  u_top/u_atomik/i_2797_LOPT_REMAP/O
                         net (fo=1, routed)           1.544     8.461    u_top/u_atomik/i_2797/O_n
    SLICE_X57Y62         LUT6 (Prop_lut6_I1_O)        0.105     8.566 r  u_top/u_atomik/i_2791_LOPT_REMAP/O
                         net (fo=1, routed)           0.669     9.234    u_top/u_atomik/i_2791/O_n
    SLICE_X59Y63         LUT6 (Prop_lut6_I5_O)        0.105     9.339 r  u_top/u_atomik/i_2776_LOPT_REMAP/O
                         net (fo=1, routed)           0.420     9.759    u_top/u_atomik/i_2776/O_n
    SLICE_X61Y56         LUT6 (Prop_lut6_I4_O)        0.105     9.864 f  u_top/u_atomik/i_2768_LOPT_REMAP/O
                         net (fo=1, routed)           0.504    10.368    u_top/u_atomik/i_2768/O_n
    SLICE_X65Y49         LUT6 (Prop_lut6_I0_O)        0.105    10.473 f  u_top/u_atomik/i_2767_LOPT_REMAP/O
                         net (fo=1, routed)           0.509    10.981    u_top/u_atomik/i_2767/O_n
    SLICE_X67Y48         LUT5 (Prop_lut5_I3_O)        0.105    11.086 f  u_top/u_atomik/i_2459_LOPT_REMAP/O
                         net (fo=1, routed)           0.541    11.627    u_top/u_atomik/i_2459/O_n
    SLICE_X67Y49         LUT4 (Prop_lut4_I1_O)        0.105    11.732 r  u_top/u_atomik/i_0_LOPT_REMAP/O
                         net (fo=1, routed)           0.000    11.732    u_top/u_cdc/acc_zero
    SLICE_X67Y49         FDCE                                         r  u_top/u_cdc/core_resp_acc_zero_reg/D
  -------------------------------------------------------------------    -------------------

                         (clock atomik_clk rise edge)
                                                      6.500     6.500 r  
    U14                                               0.000     6.500 r  fclk_clk0 (IN)
                         net (fo=0)                   0.000     6.500    fclk_clk0
    U14                  IBUF (Prop_ibuf_I_O)         0.875     7.375 r  fclk_clk0_IBUF_inst/O
                         net (fo=1, routed)           1.004     8.378    u_top/u_clk/fclk_clk0
    MMCME2_ADV_X1Y1      MMCME2_ADV (Prop_mmcme2_adv_CLKIN1_CLKOUT0)
                                                      0.073     8.451 r  u_top/u_clk/u_mmcm/CLKOUT0
                         net (fo=1, routed)           1.454     9.906    u_top/u_clk/clkout0_unbuf
    BUFGCTRL_X0Y16       BUFG (Prop_bufg_I_O)         0.077     9.983 r  u_top/u_clk/u_bufg_atomik/O
                         net (fo=16635, routed)       1.307    11.289    u_top/u_cdc/FSM_onehot_core_state_reg[0]_0
    SLICE_X67Y49         FDCE                                         r  u_top/u_cdc/core_resp_acc_zero_reg/C
                         clock pessimism              0.393    11.682    
                         clock uncertainty           -0.069    11.613    
    SLICE_X67Y49         FDCE (Setup_fdce_C_D)        0.032    11.645    u_top/u_cdc/core_resp_acc_zero_reg
  -------------------------------------------------------------------
                         required time                         11.645    
                         arrival time                         -11.732    
  -------------------------------------------------------------------
                         slack                                 -0.087    





Min Delay Paths
--------------------------------------------------------------------------------------
Slack (MET) :             0.147ns  (arrival time - required time)
  Source:                 u_top/u_cdc/core_delta_reg[20]/C
                            (rising edge-triggered cell FDCE clocked by atomik_clk  {rise@0.000ns fall@3.250ns period=6.500ns})
  Destination:            u_top/u_atomik/banks[59].bank_acc_reg[59][20]/D
                            (rising edge-triggered cell FDRE clocked by atomik_clk  {rise@0.000ns fall@3.250ns period=6.500ns})
  Path Group:             atomik_clk
  Path Type:              Hold (Min at Fast Process Corner)
  Requirement:            0.000ns  (atomik_clk rise@0.000ns - atomik_clk rise@0.000ns)
  Data Path Delay:        0.504ns  (logic 0.186ns (36.926%)  route 0.318ns (63.074%))
  Logic Levels:           1  (LUT2=1)
  Clock Path Skew:        0.265ns (DCD - SCD - CPR)
    Destination Clock Delay (DCD):    2.536ns
    Source Clock Delay      (SCD):    1.988ns
    Clock Pessimism Removal (CPR):    0.283ns

    Location             Delay type                Incr(ns)  Path(ns)    Netlist Resource(s)
  -------------------------------------------------------------------    -------------------
                         (clock atomik_clk rise edge)
                                                      0.000     0.000 r  
    U14                                               0.000     0.000 r  fclk_clk0 (IN)
                         net (fo=0)                   0.000     0.000    fclk_clk0
    U14                  IBUF (Prop_ibuf_I_O)         0.302     0.302 r  fclk_clk0_IBUF_inst/O
                         net (fo=1, routed)           0.440     0.742    u_top/u_clk/fclk_clk0
    MMCME2_ADV_X1Y1      MMCME2_ADV (Prop_mmcme2_adv_CLKIN1_CLKOUT0)
                                                      0.050     0.792 r  u_top/u_clk/u_mmcm/CLKOUT0
                         net (fo=1, routed)           0.529     1.321    u_top/u_clk/clkout0_unbuf
    BUFGCTRL_X0Y16       BUFG (Prop_bufg_I_O)         0.026     1.347 r  u_top/u_clk/u_bufg_atomik/O
                         net (fo=16635, routed)       0.641     1.988    u_top/u_cdc/FSM_onehot_core_state_reg[0]_0
    SLICE_X109Y45        FDCE                                         r  u_top/u_cdc/core_delta_reg[20]/C
  -------------------------------------------------------------------    -------------------
    SLICE_X109Y45        FDCE (Prop_fdce_C_Q)         0.141     2.129 r  u_top/u_cdc/core_delta_reg[20]/Q
                         net (fo=257, routed)         0.318     2.447    u_top/u_cdc/core_init_data[20]
    SLICE_X109Y50        LUT2 (Prop_lut2_I0_O)        0.045     2.492 r  u_top/u_cdc/banks[59].bank_acc[59][20]_i_1/O
                         net (fo=1, routed)           0.000     2.492    u_top/u_atomik/banks[59].bank_acc_reg[59][63]_1[20]
    SLICE_X109Y50        FDRE                                         r  u_top/u_atomik/banks[59].bank_acc_reg[59][20]/D
  -------------------------------------------------------------------    -------------------

                         (clock atomik_clk rise edge)
                                                      0.000     0.000 r  
    U14                                               0.000     0.000 r  fclk_clk0 (IN)
                         net (fo=0)                   0.000     0.000    fclk_clk0
    U14                  IBUF (Prop_ibuf_I_O)         0.492     0.492 r  fclk_clk0_IBUF_inst/O
                         net (fo=1, routed)           0.480     0.972    u_top/u_clk/fclk_clk0
    MMCME2_ADV_X1Y1      MMCME2_ADV (Prop_mmcme2_adv_CLKIN1_CLKOUT0)
                                                      0.053     1.025 r  u_top/u_clk/u_mmcm/CLKOUT0
                         net (fo=1, routed)           0.576     1.601    u_top/u_clk/clkout0_unbuf
    BUFGCTRL_X0Y16       BUFG (Prop_bufg_I_O)         0.029     1.630 r  u_top/u_clk/u_bufg_atomik/O
                         net (fo=16635, routed)       0.906     2.536    u_top/u_atomik/CLK
    SLICE_X109Y50        FDRE                                         r  u_top/u_atomik/banks[59].bank_acc_reg[59][20]/C
                         clock pessimism             -0.283     2.253    
    SLICE_X109Y50        FDRE (Hold_fdre_C_D)         0.091     2.344    u_top/u_atomik/banks[59].bank_acc_reg[59][20]
  -------------------------------------------------------------------
                         required time                         -2.344    
                         arrival time                           2.492    
  -------------------------------------------------------------------
                         slack                                  0.147    





Pulse Width Checks
--------------------------------------------------------------------------------------
Clock Name:         atomik_clk
Waveform(ns):       { 0.000 3.250 }
Period(ns):         6.500
Sources:            { u_top/u_clk/u_mmcm/CLKOUT0 }

Check Type        Corner  Lib Pin             Reference Pin  Required(ns)  Actual(ns)  Slack(ns)  Location         Pin
Min Period        n/a     RAMB36E1/CLKARDCLK  n/a            2.472         6.500       4.028      RAMB36_X3Y9      u_top/u_atomik/u_state_bram/xpm_memory_base_inst/gen_wr_a.gen_word_narrow.mem_reg/CLKARDCLK
Max Period        n/a     MMCME2_ADV/CLKOUT0  n/a            213.360       6.500       206.860    MMCME2_ADV_X1Y1  u_top/u_clk/u_mmcm/CLKOUT0
Low Pulse Width   Slow    FDRE/C              n/a            0.500         3.250       2.750      SLICE_X71Y43     u_top/u_atomik/active_addr_reg[0]/C
High Pulse Width  Slow    FDRE/C              n/a            0.500         3.250       2.750      SLICE_X71Y43     u_top/u_atomik/active_addr_reg[0]/C



---------------------------------------------------------------------------------------------------
From Clock:  axi_clk
  To Clock:  axi_clk

Setup :            0  Failing Endpoints,  Worst Slack        4.568ns,  Total Violation        0.000ns
Hold  :            0  Failing Endpoints,  Worst Slack        0.103ns,  Total Violation        0.000ns
PW    :            0  Failing Endpoints,  Worst Slack        4.500ns,  Total Violation        0.000ns
---------------------------------------------------------------------------------------------------


Max Delay Paths
--------------------------------------------------------------------------------------
Slack (MET) :             4.568ns  (required time - arrival time)
  Source:                 u_top/u_wrapper/ar_addr_reg_reg[4]/C
                            (rising edge-triggered cell FDRE clocked by axi_clk  {rise@0.000ns fall@5.000ns period=10.000ns})
  Destination:            u_top/u_wrapper/state_snapshot_reg[33]/CE
                            (rising edge-triggered cell FDRE clocked by axi_clk  {rise@0.000ns fall@5.000ns period=10.000ns})
  Path Group:             axi_clk
  Path Type:              Setup (Max at Slow Process Corner)
  Requirement:            10.000ns  (axi_clk rise@10.000ns - axi_clk rise@0.000ns)
  Data Path Delay:        4.909ns  (logic 0.704ns (14.341%)  route 4.205ns (85.659%))
  Logic Levels:           2  (LUT3=1 LUT6=1)
  Clock Path Skew:        -0.112ns (DCD - SCD + CPR)
    Destination Clock Delay (DCD):    4.795ns = ( 14.795 - 10.000 ) 
    Source Clock Delay      (SCD):    5.397ns
    Clock Pessimism Removal (CPR):    0.489ns
  Clock Uncertainty:      0.074ns  ((TSJ^2 + DJ^2)^1/2) / 2 + PE
    Total System Jitter     (TSJ):    0.071ns
    Discrete Jitter          (DJ):    0.129ns
    Phase Error              (PE):    0.000ns

    Location             Delay type                Incr(ns)  Path(ns)    Netlist Resource(s)
  -------------------------------------------------------------------    -------------------
                         (clock axi_clk rise edge)    0.000     0.000 r  
    U14                                               0.000     0.000 r  fclk_clk0 (IN)
                         net (fo=0)                   0.000     0.000    fclk_clk0
    U14                  IBUF (Prop_ibuf_I_O)         1.007     1.007 r  fclk_clk0_IBUF_inst/O
                         net (fo=1, routed)           1.110     2.117    u_top/u_clk/fclk_clk0
    MMCME2_ADV_X1Y1      MMCME2_ADV (Prop_mmcme2_adv_CLKIN1_CLKOUT1)
                                                      0.077     2.194 r  u_top/u_clk/u_mmcm/CLKOUT1
                         net (fo=1, routed)           1.597     3.791    u_top/u_clk/clkout1_unbuf
    BUFGCTRL_X0Y17       BUFG (Prop_bufg_I_O)         0.085     3.876 r  u_top/u_clk/u_bufg_axi/O
                         net (fo=481, routed)         1.521     5.397    u_top/u_wrapper/CLK
    SLICE_X93Y41         FDRE                                         r  u_top/u_wrapper/ar_addr_reg_reg[4]/C
  -------------------------------------------------------------------    -------------------
    SLICE_X93Y41         FDRE (Prop_fdre_C_Q)         0.348     5.745 r  u_top/u_wrapper/ar_addr_reg_reg[4]/Q
                         net (fo=4, routed)           0.757     6.502    u_top/u_wrapper/ar_addr_reg[4]
    SLICE_X96Y42         LUT6 (Prop_lut6_I2_O)        0.242     6.744 r  u_top/u_wrapper/state_snapshot[63]_i_2/O
                         net (fo=1, routed)           1.648     8.391    u_top/u_wrapper/acc_zero_snapshot
    SLICE_X97Y72         LUT3 (Prop_lut3_I2_O)        0.114     8.505 r  u_top/u_wrapper/state_snapshot[63]_i_1/O
                         net (fo=33, routed)          1.800    10.306    u_top/u_wrapper/state_snapshot[0]
    SLICE_X89Y44         FDRE                                         r  u_top/u_wrapper/state_snapshot_reg[33]/CE
  -------------------------------------------------------------------    -------------------

                         (clock axi_clk rise edge)   10.000    10.000 r  
    U14                                               0.000    10.000 r  fclk_clk0 (IN)
                         net (fo=0)                   0.000    10.000    fclk_clk0
    U14                  IBUF (Prop_ibuf_I_O)         0.875    10.875 r  fclk_clk0_IBUF_inst/O
                         net (fo=1, routed)           1.004    11.878    u_top/u_clk/fclk_clk0
    MMCME2_ADV_X1Y1      MMCME2_ADV (Prop_mmcme2_adv_CLKIN1_CLKOUT1)
                                                      0.073    11.951 r  u_top/u_clk/u_mmcm/CLKOUT1
                         net (fo=1, routed)           1.454    13.406    u_top/u_clk/clkout1_unbuf
    BUFGCTRL_X0Y17       BUFG (Prop_bufg_I_O)         0.077    13.483 r  u_top/u_clk/u_bufg_axi/O
                         net (fo=481, routed)         1.313    14.795    u_top/u_wrapper/CLK
    SLICE_X89Y44         FDRE                                         r  u_top/u_wrapper/state_snapshot_reg[33]/C
                         clock pessimism              0.489    15.285    
                         clock uncertainty           -0.074    15.211    
    SLICE_X89Y44         FDRE (Setup_fdre_C_CE)      -0.337    14.874    u_top/u_wrapper/state_snapshot_reg[33]
  -------------------------------------------------------------------
                         required time                         14.874    
                         arrival time                         -10.306    
  -------------------------------------------------------------------
                         slack                                  4.568    





Min Delay Paths
--------------------------------------------------------------------------------------
Slack (MET) :             0.103ns  (arrival time - required time)
  Source:                 u_top/u_wrapper/cdc_req_data_reg[36]/C
                            (rising edge-triggered cell FDRE clocked by axi_clk  {rise@0.000ns fall@5.000ns period=10.000ns})
  Destination:            u_top/u_cdc/lat_data_reg[36]/D
                            (rising edge-triggered cell FDCE clocked by axi_clk  {rise@0.000ns fall@5.000ns period=10.000ns})
  Path Group:             axi_clk
  Path Type:              Hold (Min at Fast Process Corner)
  Requirement:            0.000ns  (axi_clk rise@0.000ns - axi_clk rise@0.000ns)
  Data Path Delay:        0.192ns  (logic 0.141ns (73.267%)  route 0.051ns (26.733%))
  Logic Levels:           0  
  Clock Path Skew:        0.013ns (DCD - SCD - CPR)
    Destination Clock Delay (DCD):    2.512ns
    Source Clock Delay      (SCD):    1.959ns
    Clock Pessimism Removal (CPR):    0.540ns

    Location             Delay type                Incr(ns)  Path(ns)    Netlist Resource(s)
  -------------------------------------------------------------------    -------------------
                         (clock axi_clk rise edge)    0.000     0.000 r  
    U14                                               0.000     0.000 r  fclk_clk0 (IN)
                         net (fo=0)                   0.000     0.000    fclk_clk0
    U14                  IBUF (Prop_ibuf_I_O)         0.302     0.302 r  fclk_clk0_IBUF_inst/O
                         net (fo=1, routed)           0.440     0.742    u_top/u_clk/fclk_clk0
    MMCME2_ADV_X1Y1      MMCME2_ADV (Prop_mmcme2_adv_CLKIN1_CLKOUT1)
                                                      0.050     0.792 r  u_top/u_clk/u_mmcm/CLKOUT1
                         net (fo=1, routed)           0.529     1.321    u_top/u_clk/clkout1_unbuf
    BUFGCTRL_X0Y17       BUFG (Prop_bufg_I_O)         0.026     1.347 r  u_top/u_clk/u_bufg_axi/O
                         net (fo=481, routed)         0.612     1.959    u_top/u_wrapper/CLK
    SLICE_X95Y42         FDRE                                         r  u_top/u_wrapper/cdc_req_data_reg[36]/C
  -------------------------------------------------------------------    -------------------
    SLICE_X95Y42         FDRE (Prop_fdre_C_Q)         0.141     2.100 r  u_top/u_wrapper/cdc_req_data_reg[36]/Q
                         net (fo=1, routed)           0.051     2.151    u_top/u_cdc/lat_data_reg[63]_0[36]
    SLICE_X94Y42         FDCE                                         r  u_top/u_cdc/lat_data_reg[36]/D
  -------------------------------------------------------------------    -------------------

                         (clock axi_clk rise edge)    0.000     0.000 r  
    U14                                               0.000     0.000 r  fclk_clk0 (IN)
                         net (fo=0)                   0.000     0.000    fclk_clk0
    U14                  IBUF (Prop_ibuf_I_O)         0.492     0.492 r  fclk_clk0_IBUF_inst/O
                         net (fo=1, routed)           0.480     0.972    u_top/u_clk/fclk_clk0
    MMCME2_ADV_X1Y1      MMCME2_ADV (Prop_mmcme2_adv_CLKIN1_CLKOUT1)
                                                      0.053     1.025 r  u_top/u_clk/u_mmcm/CLKOUT1
                         net (fo=1, routed)           0.576     1.601    u_top/u_clk/clkout1_unbuf
    BUFGCTRL_X0Y17       BUFG (Prop_bufg_I_O)         0.029     1.630 r  u_top/u_clk/u_bufg_axi/O
                         net (fo=481, routed)         0.882     2.512    u_top/u_cdc/CLK
    SLICE_X94Y42         FDCE                                         r  u_top/u_cdc/lat_data_reg[36]/C
                         clock pessimism             -0.540     1.972    
    SLICE_X94Y42         FDCE (Hold_fdce_C_D)         0.076     2.048    u_top/u_cdc/lat_data_reg[36]
  -------------------------------------------------------------------
                         required time                         -2.048    
                         arrival time                           2.151    
  -------------------------------------------------------------------
                         slack                                  0.103    





Pulse Width Checks
--------------------------------------------------------------------------------------
Clock Name:         axi_clk
Waveform(ns):       { 0.000 5.000 }
Period(ns):         10.000
Sources:            { u_top/u_clk/u_mmcm/CLKOUT1 }

Check Type        Corner  Lib Pin             Reference Pin  Required(ns)  Actual(ns)  Slack(ns)  Location         Pin
Min Period        n/a     BUFG/I              n/a            1.592         10.000      8.408      BUFGCTRL_X0Y17   u_top/u_clk/u_bufg_axi/I
Max Period        n/a     MMCME2_ADV/CLKOUT1  n/a            213.360       10.000      203.360    MMCME2_ADV_X1Y1  u_top/u_clk/u_mmcm/CLKOUT1
Low Pulse Width   Slow    FDPE/C              n/a            0.500         5.000       4.500      SLICE_X112Y39    u_top/u_cdc/FSM_onehot_axi_state_reg[0]/C
High Pulse Width  Slow    FDPE/C              n/a            0.500         5.000       4.500      SLICE_X112Y39    u_top/u_cdc/FSM_onehot_axi_state_reg[0]/C



---------------------------------------------------------------------------------------------------
From Clock:  clkfb
  To Clock:  clkfb

Setup :           NA  Failing Endpoints,  Worst Slack           NA  ,  Total Violation           NA
Hold  :           NA  Failing Endpoints,  Worst Slack           NA  ,  Total Violation           NA
PW    :            0  Failing Endpoints,  Worst Slack        8.751ns,  Total Violation        0.000ns
---------------------------------------------------------------------------------------------------


Pulse Width Checks
--------------------------------------------------------------------------------------
Clock Name:         clkfb
Waveform(ns):       { 0.000 5.000 }
Period(ns):         10.000
Sources:            { u_top/u_clk/u_mmcm/CLKFBOUT }

Check Type  Corner  Lib Pin              Reference Pin  Required(ns)  Actual(ns)  Slack(ns)  Location         Pin
Min Period  n/a     MMCME2_ADV/CLKFBOUT  n/a            1.249         10.000      8.751      MMCME2_ADV_X1Y1  u_top/u_clk/u_mmcm/CLKFBOUT
Max Period  n/a     MMCME2_ADV/CLKFBIN   n/a            100.000       10.000      90.000     MMCME2_ADV_X1Y1  u_top/u_clk/u_mmcm/CLKFBIN



