Copyright 1986-2022 Xilinx, Inc. All Rights Reserved. Copyright 2022-2025 Advanced Micro Devices, Inc. All Rights Reserved.
---------------------------------------------------------------------------------------------------------------------------------------------
| Tool Version : Vivado v.2025.2 (lin64) Build 6299465 Fri Nov 14 12:34:56 MST 2025
| Date         : Fri Mar 13 18:26:42 2026
| Host         : Jarvis running 64-bit Ubuntu 24.04.4 LTS
| Command      : report_timing_summary -file /home/mattrock/Projects/ATOMiK/hardware/zynq/sweep/reports/timing_N256_F150p9_maximum.rpt
| Design       : sweep_top_N256_F150p9_maximum
| Device       : 7z020-clg400
| Speed File   : -2  PRODUCTION 1.12 2019-11-22
| Design State : Routed
---------------------------------------------------------------------------------------------------------------------------------------------

Timing Summary Report

------------------------------------------------------------------------------------------------
| Timer Settings
| --------------
------------------------------------------------------------------------------------------------

  Enable Multi Corner Analysis               :  Yes
  Enable Pessimism Removal                   :  Yes
  Pessimism Removal Resolution               :  Nearest Common Node
  Enable Input Delay Default Clock           :  No
  Enable Preset / Clear Arcs                 :  No
  Disable Flight Delays                      :  No
  Ignore I/O Paths                           :  No
  Timing Early Launch at Borrowing Latches   :  No
  Borrow Time for Max Delay Exceptions       :  Yes
  Merge Timing Exceptions                    :  Yes
  Inter-SLR Compensation                     :  Conservative

  Corner  Analyze    Analyze    
  Name    Max Paths  Min Paths  
  ------  ---------  ---------  
  Slow    Yes        Yes        
  Fast    Yes        Yes        


------------------------------------------------------------------------------------------------
| Report Methodology
| ------------------
------------------------------------------------------------------------------------------------

No report available as report_methodology has not been run prior. Run report_methodology on the current design for the summary of methodology violations.



check_timing report

Table of Contents
-----------------
1. checking no_clock (0)
2. checking constant_clock (0)
3. checking pulse_width_clock (0)
4. checking unconstrained_internal_endpoints (0)
5. checking no_input_delay (50)
6. checking no_output_delay (37)
7. checking multiple_clock (0)
8. checking generated_clocks (0)
9. checking loops (0)
10. checking partial_input_delay (0)
11. checking partial_output_delay (0)
12. checking latch_loops (0)

1. checking no_clock (0)
------------------------
 There are 0 register/latch pins with no clock.


2. checking constant_clock (0)
------------------------------
 There are 0 register/latch pins with constant_clock.


3. checking pulse_width_clock (0)
---------------------------------
 There are 0 register/latch pins which need pulse_width check


4. checking unconstrained_internal_endpoints (0)
------------------------------------------------
 There are 0 pins that are not constrained for maximum delay.

 There are 0 pins that are not constrained for maximum delay due to constant clock.


5. checking no_input_delay (50)
-------------------------------
 There are 50 input ports with no input delay specified. (HIGH)

 There are 0 input ports with no input delay but user has a false path constraint.


6. checking no_output_delay (37)
--------------------------------
 There are 37 ports with no output delay specified. (HIGH)

 There are 0 ports with no output delay but user has a false path constraint

 There are 0 ports with no output delay but with a timing clock defined on it or propagating through it


7. checking multiple_clock (0)
------------------------------
 There are 0 register/latch pins with multiple clocks.


8. checking generated_clocks (0)
--------------------------------
 There are 0 generated clocks that are not connected to a clock source.


9. checking loops (0)
---------------------
 There are 0 combinational loops in the design.


10. checking partial_input_delay (0)
------------------------------------
 There are 0 input ports with partial input delay specified.


11. checking partial_output_delay (0)
-------------------------------------
 There are 0 ports with partial output delay specified.


12. checking latch_loops (0)
----------------------------
 There are 0 combinational latch loops in the design through latch input



------------------------------------------------------------------------------------------------
| Design Timing Summary
| ---------------------
------------------------------------------------------------------------------------------------

    WNS(ns)      TNS(ns)  TNS Failing Endpoints  TNS Total Endpoints      WHS(ns)      THS(ns)  THS Failing Endpoints  THS Total Endpoints     WPWS(ns)     TPWS(ns)  TPWS Failing Endpoints  TPWS Total Endpoints  
    -------      -------  ---------------------  -------------------      -------      -------  ---------------------  -------------------     --------     --------  ----------------------  --------------------  
     -0.142       -0.142                      1                50616        0.058        0.000                      0                50616        2.812        0.000                       0                 17205  


Timing constraints are not met.


------------------------------------------------------------------------------------------------
| Clock Summary
| -------------
------------------------------------------------------------------------------------------------

Clock         Waveform(ns)         Period(ns)      Frequency(MHz)
-----         ------------         ----------      --------------
fclk_clk0     {0.000 5.000}        10.000          100.000         
  atomik_clk  {0.000 3.313}        6.625           150.943         
  axi_clk     {0.000 5.000}        10.000          100.000         
  clkfb       {0.000 5.000}        10.000          100.000         


------------------------------------------------------------------------------------------------
| Intra Clock Table
| -----------------
------------------------------------------------------------------------------------------------

Clock             WNS(ns)      TNS(ns)  TNS Failing Endpoints  TNS Total Endpoints      WHS(ns)      THS(ns)  THS Failing Endpoints  THS Total Endpoints     WPWS(ns)     TPWS(ns)  TPWS Failing Endpoints  TPWS Total Endpoints  
-----             -------      -------  ---------------------  -------------------      -------      -------  ---------------------  -------------------     --------     --------  ----------------------  --------------------  
fclk_clk0                                                                                                                                                       3.000        0.000                       0                     1  
  atomik_clk       -0.142       -0.142                      1                49783        0.186        0.000                      0                49783        2.812        0.000                       0                 16719  
  axi_clk           5.140        0.000                      0                  833        0.058        0.000                      0                  833        4.500        0.000                       0                   483  
  clkfb                                                                                                                                                         8.751        0.000                       0                     2  


------------------------------------------------------------------------------------------------
| Inter Clock Table
| -----------------
------------------------------------------------------------------------------------------------

From Clock    To Clock          WNS(ns)      TNS(ns)  TNS Failing Endpoints  TNS Total Endpoints      WHS(ns)      THS(ns)  THS Failing Endpoints  THS Total Endpoints  
----------    --------          -------      -------  ---------------------  -------------------      -------      -------  ---------------------  -------------------  


------------------------------------------------------------------------------------------------
| Other Path Groups Table
| -----------------------
------------------------------------------------------------------------------------------------

Path Group    From Clock    To Clock          WNS(ns)      TNS(ns)  TNS Failing Endpoints  TNS Total Endpoints      WHS(ns)      THS(ns)  THS Failing Endpoints  THS Total Endpoints  
----------    ----------    --------          -------      -------  ---------------------  -------------------      -------      -------  ---------------------  -------------------  


------------------------------------------------------------------------------------------------
| Timing Details
| --------------
------------------------------------------------------------------------------------------------


---------------------------------------------------------------------------------------------------
From Clock:  fclk_clk0
  To Clock:  fclk_clk0

Setup :           NA  Failing Endpoints,  Worst Slack           NA  ,  Total Violation           NA
Hold  :           NA  Failing Endpoints,  Worst Slack           NA  ,  Total Violation           NA
PW    :            0  Failing Endpoints,  Worst Slack        3.000ns,  Total Violation        0.000ns
---------------------------------------------------------------------------------------------------


Pulse Width Checks
--------------------------------------------------------------------------------------
Clock Name:         fclk_clk0
Waveform(ns):       { 0.000 5.000 }
Period(ns):         10.000
Sources:            { fclk_clk0 }

Check Type        Corner  Lib Pin            Reference Pin  Required(ns)  Actual(ns)  Slack(ns)  Location         Pin
Min Period        n/a     MMCME2_ADV/CLKIN1  n/a            1.249         10.000      8.751      MMCME2_ADV_X1Y1  u_top/u_clk/u_mmcm/CLKIN1
Max Period        n/a     MMCME2_ADV/CLKIN1  n/a            100.000       10.000      90.000     MMCME2_ADV_X1Y1  u_top/u_clk/u_mmcm/CLKIN1
Low Pulse Width   Slow    MMCME2_ADV/CLKIN1  n/a            2.000         5.000       3.000      MMCME2_ADV_X1Y1  u_top/u_clk/u_mmcm/CLKIN1
High Pulse Width  Slow    MMCME2_ADV/CLKIN1  n/a            2.000         5.000       3.000      MMCME2_ADV_X1Y1  u_top/u_clk/u_mmcm/CLKIN1



---------------------------------------------------------------------------------------------------
From Clock:  atomik_clk
  To Clock:  atomik_clk

Setup :            1  Failing Endpoint ,  Worst Slack       -0.142ns,  Total Violation       -0.142ns
Hold  :            0  Failing Endpoints,  Worst Slack        0.186ns,  Total Violation        0.000ns
PW    :            0  Failing Endpoints,  Worst Slack        2.812ns,  Total Violation        0.000ns
---------------------------------------------------------------------------------------------------


Max Delay Paths
--------------------------------------------------------------------------------------
Slack (VIOLATED) :        -0.142ns  (required time - arrival time)
  Source:                 u_top/u_atomik/banks[7].bank_acc_reg[7][37]/C
                            (rising edge-triggered cell FDRE clocked by atomik_clk  {rise@0.000ns fall@3.312ns period=6.625ns})
  Destination:            u_top/u_cdc/core_resp_acc_zero_reg/D
                            (rising edge-triggered cell FDCE clocked by atomik_clk  {rise@0.000ns fall@3.312ns period=6.625ns})
  Path Group:             atomik_clk
  Path Type:              Setup (Max at Slow Process Corner)
  Requirement:            6.625ns  (atomik_clk rise@6.625ns - atomik_clk rise@0.000ns)
  Data Path Delay:        6.425ns  (logic 1.168ns (18.178%)  route 5.257ns (81.822%))
  Logic Levels:           7  (LUT4=1 LUT5=2 LUT6=4)
  Clock Path Skew:        -0.304ns (DCD - SCD + CPR)
    Destination Clock Delay (DCD):    4.776ns = ( 11.401 - 6.625 ) 
    Source Clock Delay      (SCD):    5.485ns
    Clock Pessimism Removal (CPR):    0.405ns
  Clock Uncertainty:      0.069ns  ((TSJ^2 + DJ^2)^1/2) / 2 + PE
    Total System Jitter     (TSJ):    0.071ns
    Discrete Jitter          (DJ):    0.119ns
    Phase Error              (PE):    0.000ns

    Location             Delay type                Incr(ns)  Path(ns)    Netlist Resource(s)
  -------------------------------------------------------------------    -------------------
                         (clock atomik_clk rise edge)
                                                      0.000     0.000 r  
    U14                                               0.000     0.000 r  fclk_clk0 (IN)
                         net (fo=0)                   0.000     0.000    fclk_clk0
    U14                  IBUF (Prop_ibuf_I_O)         1.007     1.007 r  fclk_clk0_IBUF_inst/O
                         net (fo=1, routed)           1.110     2.117    u_top/u_clk/fclk_clk0
    MMCME2_ADV_X1Y1      MMCME2_ADV (Prop_mmcme2_adv_CLKIN1_CLKOUT0)
                                                      0.077     2.194 r  u_top/u_clk/u_mmcm/CLKOUT0
                         net (fo=1, routed)           1.597     3.791    u_top/u_clk/clkout0_unbuf
    BUFGCTRL_X0Y16       BUFG (Prop_bufg_I_O)         0.085     3.876 r  u_top/u_clk/u_bufg_atomik/O
                         net (fo=16717, routed)       1.609     5.485    u_top/u_atomik/CLK
    SLICE_X58Y109        FDRE                                         r  u_top/u_atomik/banks[7].bank_acc_reg[7][37]/C
  -------------------------------------------------------------------    -------------------
    SLICE_X58Y109        FDRE (Prop_fdre_C_Q)         0.433     5.918 r  u_top/u_atomik/banks[7].bank_acc_reg[7][37]/Q
                         net (fo=3, routed)           0.966     6.883    u_top/u_atomik/banks[7].bank_acc_reg[7][63]_0[37]
    SLICE_X52Y107        LUT6 (Prop_lut6_I4_O)        0.105     6.988 r  u_top/u_atomik/i_2599_LOPT_REMAP/O
                         net (fo=1, routed)           0.842     7.830    u_top/u_atomik/i_2599/O_n
    SLICE_X55Y106        LUT6 (Prop_lut6_I1_O)        0.105     7.935 r  u_top/u_atomik/i_2593_LOPT_REMAP/O
                         net (fo=1, routed)           1.118     9.053    u_top/u_atomik/i_2593/O_n
    SLICE_X59Y93         LUT6 (Prop_lut6_I4_O)        0.105     9.158 r  u_top/u_atomik/i_2571_LOPT_REMAP/O
                         net (fo=1, routed)           0.367     9.525    u_top/u_atomik/i_2571/O_n
    SLICE_X64Y93         LUT6 (Prop_lut6_I4_O)        0.105     9.630 f  u_top/u_atomik/i_2563_LOPT_REMAP/O
                         net (fo=1, routed)           0.895    10.525    u_top/u_atomik/i_2563/O_n
    SLICE_X81Y92         LUT5 (Prop_lut5_I4_O)        0.105    10.630 f  u_top/u_atomik/i_2460_LOPT_REMAP/O
                         net (fo=1, routed)           0.451    11.081    u_top/u_atomik/i_2460/O_n
    SLICE_X81Y91         LUT5 (Prop_lut5_I2_O)        0.105    11.186 f  u_top/u_atomik/i_2459_LOPT_REMAP/O
                         net (fo=1, routed)           0.619    11.805    u_top/u_atomik/i_2459/O_n
    SLICE_X81Y98         LUT4 (Prop_lut4_I1_O)        0.105    11.910 r  u_top/u_atomik/i_0_LOPT_REMAP/O
                         net (fo=1, routed)           0.000    11.910    u_top/u_cdc/acc_zero
    SLICE_X81Y98         FDCE                                         r  u_top/u_cdc/core_resp_acc_zero_reg/D
  -------------------------------------------------------------------    -------------------

                         (clock atomik_clk rise edge)
                                                      6.625     6.625 r  
    U14                                               0.000     6.625 r  fclk_clk0 (IN)
                         net (fo=0)                   0.000     6.625    fclk_clk0
    U14                  IBUF (Prop_ibuf_I_O)         0.875     7.500 r  fclk_clk0_IBUF_inst/O
                         net (fo=1, routed)           1.004     8.503    u_top/u_clk/fclk_clk0
    MMCME2_ADV_X1Y1      MMCME2_ADV (Prop_mmcme2_adv_CLKIN1_CLKOUT0)
                                                      0.073     8.576 r  u_top/u_clk/u_mmcm/CLKOUT0
                         net (fo=1, routed)           1.454    10.031    u_top/u_clk/clkout0_unbuf
    BUFGCTRL_X0Y16       BUFG (Prop_bufg_I_O)         0.077    10.108 r  u_top/u_clk/u_bufg_atomik/O
                         net (fo=16717, routed)       1.293    11.401    u_top/u_cdc/FSM_onehot_core_state_reg[0]_0
    SLICE_X81Y98         FDCE                                         r  u_top/u_cdc/core_resp_acc_zero_reg/C
                         clock pessimism              0.405    11.806    
                         clock uncertainty           -0.069    11.736    
    SLICE_X81Y98         FDCE (Setup_fdce_C_D)        0.032    11.768    u_top/u_cdc/core_resp_acc_zero_reg
  -------------------------------------------------------------------
                         required time                         11.768    
                         arrival time                         -11.910    
  -------------------------------------------------------------------
                         slack                                 -0.142    





Min Delay Paths
--------------------------------------------------------------------------------------
Slack (MET) :             0.186ns  (arrival time - required time)
  Source:                 u_top/u_cdc/core_delta_reg[23]/C
                            (rising edge-triggered cell FDCE clocked by atomik_clk  {rise@0.000ns fall@3.312ns period=6.625ns})
  Destination:            u_top/u_atomik/banks[227].bank_acc_reg[227][23]/D
                            (rising edge-triggered cell FDRE clocked by atomik_clk  {rise@0.000ns fall@3.312ns period=6.625ns})
  Path Group:             atomik_clk
  Path Type:              Hold (Min at Fast Process Corner)
  Requirement:            0.000ns  (atomik_clk rise@0.000ns - atomik_clk rise@0.000ns)
  Data Path Delay:        0.634ns  (logic 0.209ns (32.962%)  route 0.425ns (67.038%))
  Logic Levels:           1  (LUT2=1)
  Clock Path Skew:        0.356ns (DCD - SCD - CPR)
    Destination Clock Delay (DCD):    2.595ns
    Source Clock Delay      (SCD):    1.951ns
    Clock Pessimism Removal (CPR):    0.288ns

    Location             Delay type                Incr(ns)  Path(ns)    Netlist Resource(s)
  -------------------------------------------------------------------    -------------------
                         (clock atomik_clk rise edge)
                                                      0.000     0.000 r  
    U14                                               0.000     0.000 r  fclk_clk0 (IN)
                         net (fo=0)                   0.000     0.000    fclk_clk0
    U14                  IBUF (Prop_ibuf_I_O)         0.302     0.302 r  fclk_clk0_IBUF_inst/O
                         net (fo=1, routed)           0.440     0.742    u_top/u_clk/fclk_clk0
    MMCME2_ADV_X1Y1      MMCME2_ADV (Prop_mmcme2_adv_CLKIN1_CLKOUT0)
                                                      0.050     0.792 r  u_top/u_clk/u_mmcm/CLKOUT0
                         net (fo=1, routed)           0.529     1.321    u_top/u_clk/clkout0_unbuf
    BUFGCTRL_X0Y16       BUFG (Prop_bufg_I_O)         0.026     1.347 r  u_top/u_clk/u_bufg_atomik/O
                         net (fo=16717, routed)       0.604     1.951    u_top/u_cdc/FSM_onehot_core_state_reg[0]_0
    SLICE_X100Y86        FDCE                                         r  u_top/u_cdc/core_delta_reg[23]/C
  -------------------------------------------------------------------    -------------------
    SLICE_X100Y86        FDCE (Prop_fdce_C_Q)         0.164     2.115 r  u_top/u_cdc/core_delta_reg[23]/Q
                         net (fo=257, routed)         0.425     2.540    u_top/u_cdc/core_init_data[23]
    SLICE_X103Y102       LUT2 (Prop_lut2_I0_O)        0.045     2.585 r  u_top/u_cdc/banks[227].bank_acc[227][23]_i_1/O
                         net (fo=1, routed)           0.000     2.585    u_top/u_atomik/banks[227].bank_acc_reg[227][63]_1[23]
    SLICE_X103Y102       FDRE                                         r  u_top/u_atomik/banks[227].bank_acc_reg[227][23]/D
  -------------------------------------------------------------------    -------------------

                         (clock atomik_clk rise edge)
                                                      0.000     0.000 r  
    U14                                               0.000     0.000 r  fclk_clk0 (IN)
                         net (fo=0)                   0.000     0.000    fclk_clk0
    U14                  IBUF (Prop_ibuf_I_O)         0.492     0.492 r  fclk_clk0_IBUF_inst/O
                         net (fo=1, routed)           0.480     0.972    u_top/u_clk/fclk_clk0
    MMCME2_ADV_X1Y1      MMCME2_ADV (Prop_mmcme2_adv_CLKIN1_CLKOUT0)
                                                      0.053     1.025 r  u_top/u_clk/u_mmcm/CLKOUT0
                         net (fo=1, routed)           0.576     1.601    u_top/u_clk/clkout0_unbuf
    BUFGCTRL_X0Y16       BUFG (Prop_bufg_I_O)         0.029     1.630 r  u_top/u_clk/u_bufg_atomik/O
                         net (fo=16717, routed)       0.965     2.595    u_top/u_atomik/CLK
    SLICE_X103Y102       FDRE                                         r  u_top/u_atomik/banks[227].bank_acc_reg[227][23]/C
                         clock pessimism             -0.288     2.307    
    SLICE_X103Y102       FDRE (Hold_fdre_C_D)         0.092     2.399    u_top/u_atomik/banks[227].bank_acc_reg[227][23]
  -------------------------------------------------------------------
                         required time                         -2.399    
                         arrival time                           2.585    
  -------------------------------------------------------------------
                         slack                                  0.186    





Pulse Width Checks
--------------------------------------------------------------------------------------
Clock Name:         atomik_clk
Waveform(ns):       { 0.000 3.312 }
Period(ns):         6.625
Sources:            { u_top/u_clk/u_mmcm/CLKOUT0 }

Check Type        Corner  Lib Pin             Reference Pin  Required(ns)  Actual(ns)  Slack(ns)  Location         Pin
Min Period        n/a     RAMB36E1/CLKARDCLK  n/a            2.472         6.625       4.153      RAMB36_X3Y18     u_top/u_atomik/u_state_bram/xpm_memory_base_inst/gen_wr_a.gen_word_narrow.mem_reg/CLKARDCLK
Max Period        n/a     MMCME2_ADV/CLKOUT0  n/a            213.360       6.625       206.735    MMCME2_ADV_X1Y1  u_top/u_clk/u_mmcm/CLKOUT0
Low Pulse Width   Slow    FDRE/C              n/a            0.500         3.313       2.813      SLICE_X84Y91     u_top/u_atomik/active_addr_reg[0]/C
High Pulse Width  Slow    FDRE/C              n/a            0.500         3.312       2.812      SLICE_X84Y91     u_top/u_atomik/active_addr_reg[0]/C



---------------------------------------------------------------------------------------------------
From Clock:  axi_clk
  To Clock:  axi_clk

Setup :            0  Failing Endpoints,  Worst Slack        5.140ns,  Total Violation        0.000ns
Hold  :            0  Failing Endpoints,  Worst Slack        0.058ns,  Total Violation        0.000ns
PW    :            0  Failing Endpoints,  Worst Slack        4.500ns,  Total Violation        0.000ns
---------------------------------------------------------------------------------------------------


Max Delay Paths
--------------------------------------------------------------------------------------
Slack (MET) :             5.140ns  (required time - arrival time)
  Source:                 u_top/u_wrapper/ar_addr_reg_reg[4]/C
                            (rising edge-triggered cell FDRE clocked by axi_clk  {rise@0.000ns fall@5.000ns period=10.000ns})
  Destination:            u_top/u_wrapper/state_snapshot_reg[35]/CE
                            (rising edge-triggered cell FDRE clocked by axi_clk  {rise@0.000ns fall@5.000ns period=10.000ns})
  Path Group:             axi_clk
  Path Type:              Setup (Max at Slow Process Corner)
  Requirement:            10.000ns  (axi_clk rise@10.000ns - axi_clk rise@0.000ns)
  Data Path Delay:        4.465ns  (logic 0.709ns (15.879%)  route 3.756ns (84.121%))
  Logic Levels:           2  (LUT3=1 LUT6=1)
  Clock Path Skew:        0.017ns (DCD - SCD + CPR)
    Destination Clock Delay (DCD):    4.984ns = ( 14.984 - 10.000 ) 
    Source Clock Delay      (SCD):    5.372ns
    Clock Pessimism Removal (CPR):    0.405ns
  Clock Uncertainty:      0.074ns  ((TSJ^2 + DJ^2)^1/2) / 2 + PE
    Total System Jitter     (TSJ):    0.071ns
    Discrete Jitter          (DJ):    0.129ns
    Phase Error              (PE):    0.000ns

    Location             Delay type                Incr(ns)  Path(ns)    Netlist Resource(s)
  -------------------------------------------------------------------    -------------------
                         (clock axi_clk rise edge)    0.000     0.000 r  
    U14                                               0.000     0.000 r  fclk_clk0 (IN)
                         net (fo=0)                   0.000     0.000    fclk_clk0
    U14                  IBUF (Prop_ibuf_I_O)         1.007     1.007 r  fclk_clk0_IBUF_inst/O
                         net (fo=1, routed)           1.110     2.117    u_top/u_clk/fclk_clk0
    MMCME2_ADV_X1Y1      MMCME2_ADV (Prop_mmcme2_adv_CLKIN1_CLKOUT1)
                                                      0.077     2.194 r  u_top/u_clk/u_mmcm/CLKOUT1
                         net (fo=1, routed)           1.597     3.791    u_top/u_clk/clkout1_unbuf
    BUFGCTRL_X0Y17       BUFG (Prop_bufg_I_O)         0.085     3.876 r  u_top/u_clk/u_bufg_axi/O
                         net (fo=481, routed)         1.496     5.372    u_top/u_wrapper/CLK
    SLICE_X95Y82         FDRE                                         r  u_top/u_wrapper/ar_addr_reg_reg[4]/C
  -------------------------------------------------------------------    -------------------
    SLICE_X95Y82         FDRE (Prop_fdre_C_Q)         0.348     5.720 r  u_top/u_wrapper/ar_addr_reg_reg[4]/Q
                         net (fo=4, routed)           1.183     6.903    u_top/u_wrapper/ar_addr_reg[4]
    SLICE_X98Y82         LUT6 (Prop_lut6_I2_O)        0.242     7.145 r  u_top/u_wrapper/state_snapshot[63]_i_2/O
                         net (fo=1, routed)           1.039     8.184    u_top/u_wrapper/acc_zero_snapshot
    SLICE_X111Y84        LUT3 (Prop_lut3_I2_O)        0.119     8.303 r  u_top/u_wrapper/state_snapshot[63]_i_1/O
                         net (fo=33, routed)          1.533     9.836    u_top/u_wrapper/state_snapshot[0]
    SLICE_X95Y100        FDRE                                         r  u_top/u_wrapper/state_snapshot_reg[35]/CE
  -------------------------------------------------------------------    -------------------

                         (clock axi_clk rise edge)   10.000    10.000 r  
    U14                                               0.000    10.000 r  fclk_clk0 (IN)
                         net (fo=0)                   0.000    10.000    fclk_clk0
    U14                  IBUF (Prop_ibuf_I_O)         0.875    10.875 r  fclk_clk0_IBUF_inst/O
                         net (fo=1, routed)           1.004    11.878    u_top/u_clk/fclk_clk0
    MMCME2_ADV_X1Y1      MMCME2_ADV (Prop_mmcme2_adv_CLKIN1_CLKOUT1)
                                                      0.073    11.951 r  u_top/u_clk/u_mmcm/CLKOUT1
                         net (fo=1, routed)           1.454    13.406    u_top/u_clk/clkout1_unbuf
    BUFGCTRL_X0Y17       BUFG (Prop_bufg_I_O)         0.077    13.483 r  u_top/u_clk/u_bufg_axi/O
                         net (fo=481, routed)         1.501    14.984    u_top/u_wrapper/CLK
    SLICE_X95Y100        FDRE                                         r  u_top/u_wrapper/state_snapshot_reg[35]/C
                         clock pessimism              0.405    15.388    
                         clock uncertainty           -0.074    15.315    
    SLICE_X95Y100        FDRE (Setup_fdre_C_CE)      -0.338    14.977    u_top/u_wrapper/state_snapshot_reg[35]
  -------------------------------------------------------------------
                         required time                         14.977    
                         arrival time                          -9.836    
  -------------------------------------------------------------------
                         slack                                  5.140    





Min Delay Paths
--------------------------------------------------------------------------------------
Slack (MET) :             0.058ns  (arrival time - required time)
  Source:                 u_top/u_cdc/resp_state_reg[29]/C
                            (rising edge-triggered cell FDCE clocked by axi_clk  {rise@0.000ns fall@5.000ns period=10.000ns})
  Destination:            u_top/u_wrapper/cached_state_reg[29]/D
                            (rising edge-triggered cell FDRE clocked by axi_clk  {rise@0.000ns fall@5.000ns period=10.000ns})
  Path Group:             axi_clk
  Path Type:              Hold (Min at Fast Process Corner)
  Requirement:            0.000ns  (axi_clk rise@0.000ns - axi_clk rise@0.000ns)
  Data Path Delay:        0.307ns  (logic 0.164ns (53.467%)  route 0.143ns (46.533%))
  Logic Levels:           0  
  Clock Path Skew:        0.183ns (DCD - SCD - CPR)
    Destination Clock Delay (DCD):    2.507ns
    Source Clock Delay      (SCD):    2.036ns
    Clock Pessimism Removal (CPR):    0.288ns

    Location             Delay type                Incr(ns)  Path(ns)    Netlist Resource(s)
  -------------------------------------------------------------------    -------------------
                         (clock axi_clk rise edge)    0.000     0.000 r  
    U14                                               0.000     0.000 r  fclk_clk0 (IN)
                         net (fo=0)                   0.000     0.000    fclk_clk0
    U14                  IBUF (Prop_ibuf_I_O)         0.302     0.302 r  fclk_clk0_IBUF_inst/O
                         net (fo=1, routed)           0.440     0.742    u_top/u_clk/fclk_clk0
    MMCME2_ADV_X1Y1      MMCME2_ADV (Prop_mmcme2_adv_CLKIN1_CLKOUT1)
                                                      0.050     0.792 r  u_top/u_clk/u_mmcm/CLKOUT1
                         net (fo=1, routed)           0.529     1.321    u_top/u_clk/clkout1_unbuf
    BUFGCTRL_X0Y17       BUFG (Prop_bufg_I_O)         0.026     1.347 r  u_top/u_clk/u_bufg_axi/O
                         net (fo=481, routed)         0.689     2.036    u_top/u_cdc/CLK
    SLICE_X92Y100        FDCE                                         r  u_top/u_cdc/resp_state_reg[29]/C
  -------------------------------------------------------------------    -------------------
    SLICE_X92Y100        FDCE (Prop_fdce_C_Q)         0.164     2.200 r  u_top/u_cdc/resp_state_reg[29]/Q
                         net (fo=1, routed)           0.143     2.343    u_top/u_wrapper/D[29]
    SLICE_X93Y99         FDRE                                         r  u_top/u_wrapper/cached_state_reg[29]/D
  -------------------------------------------------------------------    -------------------

                         (clock axi_clk rise edge)    0.000     0.000 r  
    U14                                               0.000     0.000 r  fclk_clk0 (IN)
                         net (fo=0)                   0.000     0.000    fclk_clk0
    U14                  IBUF (Prop_ibuf_I_O)         0.492     0.492 r  fclk_clk0_IBUF_inst/O
                         net (fo=1, routed)           0.480     0.972    u_top/u_clk/fclk_clk0
    MMCME2_ADV_X1Y1      MMCME2_ADV (Prop_mmcme2_adv_CLKIN1_CLKOUT1)
                                                      0.053     1.025 r  u_top/u_clk/u_mmcm/CLKOUT1
                         net (fo=1, routed)           0.576     1.601    u_top/u_clk/clkout1_unbuf
    BUFGCTRL_X0Y17       BUFG (Prop_bufg_I_O)         0.029     1.630 r  u_top/u_clk/u_bufg_axi/O
                         net (fo=481, routed)         0.877     2.507    u_top/u_wrapper/CLK
    SLICE_X93Y99         FDRE                                         r  u_top/u_wrapper/cached_state_reg[29]/C
                         clock pessimism             -0.288     2.219    
    SLICE_X93Y99         FDRE (Hold_fdre_C_D)         0.066     2.285    u_top/u_wrapper/cached_state_reg[29]
  -------------------------------------------------------------------
                         required time                         -2.285    
                         arrival time                           2.343    
  -------------------------------------------------------------------
                         slack                                  0.058    





Pulse Width Checks
--------------------------------------------------------------------------------------
Clock Name:         axi_clk
Waveform(ns):       { 0.000 5.000 }
Period(ns):         10.000
Sources:            { u_top/u_clk/u_mmcm/CLKOUT1 }

Check Type        Corner  Lib Pin             Reference Pin  Required(ns)  Actual(ns)  Slack(ns)  Location         Pin
Min Period        n/a     BUFG/I              n/a            1.592         10.000      8.408      BUFGCTRL_X0Y17   u_top/u_clk/u_bufg_axi/I
Max Period        n/a     MMCME2_ADV/CLKOUT1  n/a            213.360       10.000      203.360    MMCME2_ADV_X1Y1  u_top/u_clk/u_mmcm/CLKOUT1
Low Pulse Width   Slow    FDPE/C              n/a            0.500         5.000       4.500      SLICE_X113Y92    u_top/u_cdc/FSM_onehot_axi_state_reg[0]/C
High Pulse Width  Slow    FDPE/C              n/a            0.500         5.000       4.500      SLICE_X113Y92    u_top/u_cdc/FSM_onehot_axi_state_reg[0]/C



---------------------------------------------------------------------------------------------------
From Clock:  clkfb
  To Clock:  clkfb

Setup :           NA  Failing Endpoints,  Worst Slack           NA  ,  Total Violation           NA
Hold  :           NA  Failing Endpoints,  Worst Slack           NA  ,  Total Violation           NA
PW    :            0  Failing Endpoints,  Worst Slack        8.751ns,  Total Violation        0.000ns
---------------------------------------------------------------------------------------------------


Pulse Width Checks
--------------------------------------------------------------------------------------
Clock Name:         clkfb
Waveform(ns):       { 0.000 5.000 }
Period(ns):         10.000
Sources:            { u_top/u_clk/u_mmcm/CLKFBOUT }

Check Type  Corner  Lib Pin              Reference Pin  Required(ns)  Actual(ns)  Slack(ns)  Location         Pin
Min Period  n/a     MMCME2_ADV/CLKFBOUT  n/a            1.249         10.000      8.751      MMCME2_ADV_X1Y1  u_top/u_clk/u_mmcm/CLKFBOUT
Max Period  n/a     MMCME2_ADV/CLKFBIN   n/a            100.000       10.000      90.000     MMCME2_ADV_X1Y1  u_top/u_clk/u_mmcm/CLKFBIN



