Copyright 1986-2022 Xilinx, Inc. All Rights Reserved. Copyright 2022-2025 Advanced Micro Devices, Inc. All Rights Reserved.
---------------------------------------------------------------------------------------------------------------------------------------------
| Tool Version : Vivado v.2025.2 (lin64) Build 6299465 Fri Nov 14 12:34:56 MST 2025
| Date         : Thu Mar 12 14:10:20 2026
| Host         : Jarvis running 64-bit Ubuntu 24.04.4 LTS
| Command      : report_timing_summary -file /home/mattrock/Projects/ATOMiK/hardware/zynq/sweep/reports/timing_N1_F347p8.rpt
| Design       : sweep_top_N1_F347p8
| Device       : 7z020-clg400
| Speed File   : -2  PRODUCTION 1.12 2019-11-22
| Design State : Routed
---------------------------------------------------------------------------------------------------------------------------------------------

Timing Summary Report

------------------------------------------------------------------------------------------------
| Timer Settings
| --------------
------------------------------------------------------------------------------------------------

  Enable Multi Corner Analysis               :  Yes
  Enable Pessimism Removal                   :  Yes
  Pessimism Removal Resolution               :  Nearest Common Node
  Enable Input Delay Default Clock           :  No
  Enable Preset / Clear Arcs                 :  No
  Disable Flight Delays                      :  No
  Ignore I/O Paths                           :  No
  Timing Early Launch at Borrowing Latches   :  No
  Borrow Time for Max Delay Exceptions       :  Yes
  Merge Timing Exceptions                    :  Yes
  Inter-SLR Compensation                     :  Conservative

  Corner  Analyze    Analyze    
  Name    Max Paths  Min Paths  
  ------  ---------  ---------  
  Slow    Yes        Yes        
  Fast    Yes        Yes        


------------------------------------------------------------------------------------------------
| Report Methodology
| ------------------
------------------------------------------------------------------------------------------------

No report available as report_methodology has not been run prior. Run report_methodology on the current design for the summary of methodology violations.



check_timing report

Table of Contents
-----------------
1. checking no_clock (0)
2. checking constant_clock (0)
3. checking pulse_width_clock (0)
4. checking unconstrained_internal_endpoints (0)
5. checking no_input_delay (50)
6. checking no_output_delay (37)
7. checking multiple_clock (0)
8. checking generated_clocks (0)
9. checking loops (0)
10. checking partial_input_delay (0)
11. checking partial_output_delay (0)
12. checking latch_loops (0)

1. checking no_clock (0)
------------------------
 There are 0 register/latch pins with no clock.


2. checking constant_clock (0)
------------------------------
 There are 0 register/latch pins with constant_clock.


3. checking pulse_width_clock (0)
---------------------------------
 There are 0 register/latch pins which need pulse_width check


4. checking unconstrained_internal_endpoints (0)
------------------------------------------------
 There are 0 pins that are not constrained for maximum delay.

 There are 0 pins that are not constrained for maximum delay due to constant clock.


5. checking no_input_delay (50)
-------------------------------
 There are 50 input ports with no input delay specified. (HIGH)

 There are 0 input ports with no input delay but user has a false path constraint.


6. checking no_output_delay (37)
--------------------------------
 There are 37 ports with no output delay specified. (HIGH)

 There are 0 ports with no output delay but user has a false path constraint

 There are 0 ports with no output delay but with a timing clock defined on it or propagating through it


7. checking multiple_clock (0)
------------------------------
 There are 0 register/latch pins with multiple clocks.


8. checking generated_clocks (0)
--------------------------------
 There are 0 generated clocks that are not connected to a clock source.


9. checking loops (0)
---------------------
 There are 0 combinational loops in the design.


10. checking partial_input_delay (0)
------------------------------------
 There are 0 input ports with partial input delay specified.


11. checking partial_output_delay (0)
-------------------------------------
 There are 0 ports with partial output delay specified.


12. checking latch_loops (0)
----------------------------
 There are 0 combinational latch loops in the design through latch input



------------------------------------------------------------------------------------------------
| Design Timing Summary
| ---------------------
------------------------------------------------------------------------------------------------

    WNS(ns)      TNS(ns)  TNS Failing Endpoints  TNS Total Endpoints      WHS(ns)      THS(ns)  THS Failing Endpoints  THS Total Endpoints     WPWS(ns)     TPWS(ns)  TPWS Failing Endpoints  TPWS Total Endpoints  
    -------      -------  ---------------------  -------------------      -------      -------  ---------------------  -------------------     --------     --------  ----------------------  --------------------  
      0.285        0.000                      0                 1509        0.105        0.000                      0                 1509        0.403        0.000                       0                   793  


All user specified timing constraints are met.


------------------------------------------------------------------------------------------------
| Clock Summary
| -------------
------------------------------------------------------------------------------------------------

Clock         Waveform(ns)         Period(ns)      Frequency(MHz)
-----         ------------         ----------      --------------
fclk_clk0     {0.000 5.000}        10.000          100.000         
  atomik_clk  {0.000 1.437}        2.875           347.826         
  axi_clk     {0.000 5.000}        10.000          100.000         
  clkfb       {0.000 5.000}        10.000          100.000         


------------------------------------------------------------------------------------------------
| Intra Clock Table
| -----------------
------------------------------------------------------------------------------------------------

Clock             WNS(ns)      TNS(ns)  TNS Failing Endpoints  TNS Total Endpoints      WHS(ns)      THS(ns)  THS Failing Endpoints  THS Total Endpoints     WPWS(ns)     TPWS(ns)  TPWS Failing Endpoints  TPWS Total Endpoints  
-----             -------      -------  ---------------------  -------------------      -------      -------  ---------------------  -------------------     --------     --------  ----------------------  --------------------  
fclk_clk0                                                                                                                                                       3.000        0.000                       0                     1  
  atomik_clk        0.285        0.000                      0                  676        0.154        0.000                      0                  676        0.403        0.000                       0                   307  
  axi_clk           5.717        0.000                      0                  833        0.105        0.000                      0                  833        4.500        0.000                       0                   483  
  clkfb                                                                                                                                                         8.751        0.000                       0                     2  


------------------------------------------------------------------------------------------------
| Inter Clock Table
| -----------------
------------------------------------------------------------------------------------------------

From Clock    To Clock          WNS(ns)      TNS(ns)  TNS Failing Endpoints  TNS Total Endpoints      WHS(ns)      THS(ns)  THS Failing Endpoints  THS Total Endpoints  
----------    --------          -------      -------  ---------------------  -------------------      -------      -------  ---------------------  -------------------  


------------------------------------------------------------------------------------------------
| Other Path Groups Table
| -----------------------
------------------------------------------------------------------------------------------------

Path Group    From Clock    To Clock          WNS(ns)      TNS(ns)  TNS Failing Endpoints  TNS Total Endpoints      WHS(ns)      THS(ns)  THS Failing Endpoints  THS Total Endpoints  
----------    ----------    --------          -------      -------  ---------------------  -------------------      -------      -------  ---------------------  -------------------  


------------------------------------------------------------------------------------------------
| Timing Details
| --------------
------------------------------------------------------------------------------------------------


---------------------------------------------------------------------------------------------------
From Clock:  fclk_clk0
  To Clock:  fclk_clk0

Setup :           NA  Failing Endpoints,  Worst Slack           NA  ,  Total Violation           NA
Hold  :           NA  Failing Endpoints,  Worst Slack           NA  ,  Total Violation           NA
PW    :            0  Failing Endpoints,  Worst Slack        3.000ns,  Total Violation        0.000ns
---------------------------------------------------------------------------------------------------


Pulse Width Checks
--------------------------------------------------------------------------------------
Clock Name:         fclk_clk0
Waveform(ns):       { 0.000 5.000 }
Period(ns):         10.000
Sources:            { fclk_clk0 }

Check Type        Corner  Lib Pin            Reference Pin  Required(ns)  Actual(ns)  Slack(ns)  Location         Pin
Min Period        n/a     MMCME2_ADV/CLKIN1  n/a            1.249         10.000      8.751      MMCME2_ADV_X0Y0  u_top/u_clk/u_mmcm/CLKIN1
Max Period        n/a     MMCME2_ADV/CLKIN1  n/a            100.000       10.000      90.000     MMCME2_ADV_X0Y0  u_top/u_clk/u_mmcm/CLKIN1
Low Pulse Width   Slow    MMCME2_ADV/CLKIN1  n/a            2.000         5.000       3.000      MMCME2_ADV_X0Y0  u_top/u_clk/u_mmcm/CLKIN1
High Pulse Width  Slow    MMCME2_ADV/CLKIN1  n/a            2.000         5.000       3.000      MMCME2_ADV_X0Y0  u_top/u_clk/u_mmcm/CLKIN1



---------------------------------------------------------------------------------------------------
From Clock:  atomik_clk
  To Clock:  atomik_clk

Setup :            0  Failing Endpoints,  Worst Slack        0.285ns,  Total Violation        0.000ns
Hold  :            0  Failing Endpoints,  Worst Slack        0.154ns,  Total Violation        0.000ns
PW    :            0  Failing Endpoints,  Worst Slack        0.403ns,  Total Violation        0.000ns
---------------------------------------------------------------------------------------------------


Max Delay Paths
--------------------------------------------------------------------------------------
Slack (MET) :             0.285ns  (required time - arrival time)
  Source:                 u_top/u_cdc/core_load_en_reg/C
                            (rising edge-triggered cell FDCE clocked by atomik_clk  {rise@0.000ns fall@1.437ns period=2.875ns})
  Destination:            u_top/u_atomik/u_state_bram/xpm_memory_base_inst/gen_wr_a.gen_word_narrow.mem_reg/ADDRBWRADDR[13]
                            (rising edge-triggered cell RAMB36E1 clocked by atomik_clk  {rise@0.000ns fall@1.437ns period=2.875ns})
  Path Group:             atomik_clk
  Path Type:              Setup (Max at Slow Process Corner)
  Requirement:            2.875ns  (atomik_clk rise@2.875ns - atomik_clk rise@0.000ns)
  Data Path Delay:        1.903ns  (logic 0.507ns (26.645%)  route 1.396ns (73.355%))
  Logic Levels:           1  (LUT3=1)
  Clock Path Skew:        0.028ns (DCD - SCD + CPR)
    Destination Clock Delay (DCD):    4.979ns = ( 7.854 - 2.875 ) 
    Source Clock Delay      (SCD):    5.453ns
    Clock Pessimism Removal (CPR):    0.502ns
  Clock Uncertainty:      0.062ns  ((TSJ^2 + DJ^2)^1/2) / 2 + PE
    Total System Jitter     (TSJ):    0.071ns
    Discrete Jitter          (DJ):    0.102ns
    Phase Error              (PE):    0.000ns

    Location             Delay type                Incr(ns)  Path(ns)    Netlist Resource(s)
  -------------------------------------------------------------------    -------------------
                         (clock atomik_clk rise edge)
                                                      0.000     0.000 r  
    U7                                                0.000     0.000 r  fclk_clk0 (IN)
                         net (fo=0)                   0.000     0.000    fclk_clk0
    U7                   IBUF (Prop_ibuf_I_O)         0.990     0.990 r  fclk_clk0_IBUF_inst/O
                         net (fo=1, routed)           1.110     2.100    u_top/u_clk/fclk_clk0
    MMCME2_ADV_X0Y0      MMCME2_ADV (Prop_mmcme2_adv_CLKIN1_CLKOUT0)
                                                      0.077     2.177 r  u_top/u_clk/u_mmcm/CLKOUT0
                         net (fo=1, routed)           1.567     3.744    u_top/u_clk/clkout0_unbuf
    BUFGCTRL_X0Y1        BUFG (Prop_bufg_I_O)         0.085     3.829 r  u_top/u_clk/u_bufg_atomik/O
                         net (fo=305, routed)         1.624     5.453    u_top/u_cdc/FSM_onehot_core_state_reg[0]_0
    SLICE_X89Y104        FDCE                                         r  u_top/u_cdc/core_load_en_reg/C
  -------------------------------------------------------------------    -------------------
    SLICE_X89Y104        FDCE (Prop_fdce_C_Q)         0.379     5.832 r  u_top/u_cdc/core_load_en_reg/Q
                         net (fo=75, routed)          0.731     6.564    u_top/u_cdc/core_load_en
    SLICE_X89Y105        LUT3 (Prop_lut3_I1_O)        0.128     6.692 r  u_top/u_cdc/u_state_bram_i_2/O
                         net (fo=1, routed)           0.664     7.356    u_top/u_atomik/u_state_bram/xpm_memory_base_inst/addra[7]
    RAMB36_X4Y21         RAMB36E1                                     r  u_top/u_atomik/u_state_bram/xpm_memory_base_inst/gen_wr_a.gen_word_narrow.mem_reg/ADDRBWRADDR[13]
  -------------------------------------------------------------------    -------------------

                         (clock atomik_clk rise edge)
                                                      2.875     2.875 r  
    U7                                                0.000     2.875 r  fclk_clk0 (IN)
                         net (fo=0)                   0.000     2.875    fclk_clk0
    U7                   IBUF (Prop_ibuf_I_O)         0.859     3.734 r  fclk_clk0_IBUF_inst/O
                         net (fo=1, routed)           1.004     4.737    u_top/u_clk/fclk_clk0
    MMCME2_ADV_X0Y0      MMCME2_ADV (Prop_mmcme2_adv_CLKIN1_CLKOUT0)
                                                      0.073     4.810 r  u_top/u_clk/u_mmcm/CLKOUT0
                         net (fo=1, routed)           1.426     6.237    u_top/u_clk/clkout0_unbuf
    BUFGCTRL_X0Y1        BUFG (Prop_bufg_I_O)         0.077     6.314 r  u_top/u_clk/u_bufg_atomik/O
                         net (fo=305, routed)         1.541     7.854    u_top/u_atomik/u_state_bram/xpm_memory_base_inst/clka
    RAMB36_X4Y21         RAMB36E1                                     r  u_top/u_atomik/u_state_bram/xpm_memory_base_inst/gen_wr_a.gen_word_narrow.mem_reg/CLKBWRCLK
                         clock pessimism              0.502     8.356    
                         clock uncertainty           -0.062     8.294    
    RAMB36_X4Y21         RAMB36E1 (Setup_ramb36e1_CLKBWRCLK_ADDRBWRADDR[13])
                                                     -0.653     7.641    u_top/u_atomik/u_state_bram/xpm_memory_base_inst/gen_wr_a.gen_word_narrow.mem_reg
  -------------------------------------------------------------------
                         required time                          7.641    
                         arrival time                          -7.356    
  -------------------------------------------------------------------
                         slack                                  0.285    





Min Delay Paths
--------------------------------------------------------------------------------------
Slack (MET) :             0.154ns  (arrival time - required time)
  Source:                 u_top/u_cdc/core_delta_reg[27]/C
                            (rising edge-triggered cell FDCE clocked by atomik_clk  {rise@0.000ns fall@1.437ns period=2.875ns})
  Destination:            u_top/u_atomik/accumulator_reg[27]/D
                            (rising edge-triggered cell FDRE clocked by atomik_clk  {rise@0.000ns fall@1.437ns period=2.875ns})
  Path Group:             atomik_clk
  Path Type:              Hold (Min at Fast Process Corner)
  Requirement:            0.000ns  (atomik_clk rise@0.000ns - atomik_clk rise@0.000ns)
  Data Path Delay:        0.288ns  (logic 0.186ns (64.577%)  route 0.102ns (35.423%))
  Logic Levels:           1  (LUT2=1)
  Clock Path Skew:        0.013ns (DCD - SCD - CPR)
    Destination Clock Delay (DCD):    2.564ns
    Source Clock Delay      (SCD):    2.009ns
    Clock Pessimism Removal (CPR):    0.543ns

    Location             Delay type                Incr(ns)  Path(ns)    Netlist Resource(s)
  -------------------------------------------------------------------    -------------------
                         (clock atomik_clk rise edge)
                                                      0.000     0.000 r  
    U7                                                0.000     0.000 r  fclk_clk0 (IN)
                         net (fo=0)                   0.000     0.000    fclk_clk0
    U7                   IBUF (Prop_ibuf_I_O)         0.286     0.286 r  fclk_clk0_IBUF_inst/O
                         net (fo=1, routed)           0.440     0.727    u_top/u_clk/fclk_clk0
    MMCME2_ADV_X0Y0      MMCME2_ADV (Prop_mmcme2_adv_CLKIN1_CLKOUT0)
                                                      0.050     0.777 r  u_top/u_clk/u_mmcm/CLKOUT0
                         net (fo=1, routed)           0.518     1.294    u_top/u_clk/clkout0_unbuf
    BUFGCTRL_X0Y1        BUFG (Prop_bufg_I_O)         0.026     1.320 r  u_top/u_clk/u_bufg_atomik/O
                         net (fo=305, routed)         0.688     2.009    u_top/u_cdc/FSM_onehot_core_state_reg[0]_0
    SLICE_X91Y110        FDCE                                         r  u_top/u_cdc/core_delta_reg[27]/C
  -------------------------------------------------------------------    -------------------
    SLICE_X91Y110        FDCE (Prop_fdce_C_Q)         0.141     2.150 r  u_top/u_cdc/core_delta_reg[27]/Q
                         net (fo=2, routed)           0.102     2.252    u_top/u_cdc/core_init_data[27]
    SLICE_X90Y110        LUT2 (Prop_lut2_I0_O)        0.045     2.297 r  u_top/u_cdc/accumulator[27]_i_1/O
                         net (fo=1, routed)           0.000     2.297    u_top/u_atomik/accumulator_reg[63]_0[27]
    SLICE_X90Y110        FDRE                                         r  u_top/u_atomik/accumulator_reg[27]/D
  -------------------------------------------------------------------    -------------------

                         (clock atomik_clk rise edge)
                                                      0.000     0.000 r  
    U7                                                0.000     0.000 r  fclk_clk0 (IN)
                         net (fo=0)                   0.000     0.000    fclk_clk0
    U7                   IBUF (Prop_ibuf_I_O)         0.476     0.476 r  fclk_clk0_IBUF_inst/O
                         net (fo=1, routed)           0.480     0.956    u_top/u_clk/fclk_clk0
    MMCME2_ADV_X0Y0      MMCME2_ADV (Prop_mmcme2_adv_CLKIN1_CLKOUT0)
                                                      0.053     1.009 r  u_top/u_clk/u_mmcm/CLKOUT0
                         net (fo=1, routed)           0.564     1.573    u_top/u_clk/clkout0_unbuf
    BUFGCTRL_X0Y1        BUFG (Prop_bufg_I_O)         0.029     1.602 r  u_top/u_clk/u_bufg_atomik/O
                         net (fo=305, routed)         0.962     2.564    u_top/u_atomik/CLK
    SLICE_X90Y110        FDRE                                         r  u_top/u_atomik/accumulator_reg[27]/C
                         clock pessimism             -0.543     2.022    
    SLICE_X90Y110        FDRE (Hold_fdre_C_D)         0.121     2.143    u_top/u_atomik/accumulator_reg[27]
  -------------------------------------------------------------------
                         required time                         -2.143    
                         arrival time                           2.297    
  -------------------------------------------------------------------
                         slack                                  0.154    





Pulse Width Checks
--------------------------------------------------------------------------------------
Clock Name:         atomik_clk
Waveform(ns):       { 0.000 1.437 }
Period(ns):         2.875
Sources:            { u_top/u_clk/u_mmcm/CLKOUT0 }

Check Type        Corner  Lib Pin             Reference Pin  Required(ns)  Actual(ns)  Slack(ns)  Location         Pin
Min Period        n/a     RAMB36E1/CLKARDCLK  n/a            2.472         2.875       0.403      RAMB36_X4Y21     u_top/u_atomik/u_state_bram/xpm_memory_base_inst/gen_wr_a.gen_word_narrow.mem_reg/CLKARDCLK
Max Period        n/a     MMCME2_ADV/CLKOUT0  n/a            213.360       2.875       210.485    MMCME2_ADV_X0Y0  u_top/u_clk/u_mmcm/CLKOUT0
Low Pulse Width   Slow    FDRE/C              n/a            0.500         1.437       0.937      SLICE_X90Y102    u_top/u_atomik/accumulator_reg[0]/C
High Pulse Width  Slow    FDRE/C              n/a            0.500         1.437       0.937      SLICE_X90Y102    u_top/u_atomik/accumulator_reg[0]/C



---------------------------------------------------------------------------------------------------
From Clock:  axi_clk
  To Clock:  axi_clk

Setup :            0  Failing Endpoints,  Worst Slack        5.717ns,  Total Violation        0.000ns
Hold  :            0  Failing Endpoints,  Worst Slack        0.105ns,  Total Violation        0.000ns
PW    :            0  Failing Endpoints,  Worst Slack        4.500ns,  Total Violation        0.000ns
---------------------------------------------------------------------------------------------------


Max Delay Paths
--------------------------------------------------------------------------------------
Slack (MET) :             5.717ns  (required time - arrival time)
  Source:                 u_top/u_wrapper/ar_addr_reg_reg[4]/C
                            (rising edge-triggered cell FDRE clocked by axi_clk  {rise@0.000ns fall@5.000ns period=10.000ns})
  Destination:            u_top/u_wrapper/state_snapshot_reg[43]/CE
                            (rising edge-triggered cell FDRE clocked by axi_clk  {rise@0.000ns fall@5.000ns period=10.000ns})
  Path Group:             axi_clk
  Path Type:              Setup (Max at Slow Process Corner)
  Requirement:            10.000ns  (axi_clk rise@10.000ns - axi_clk rise@0.000ns)
  Data Path Delay:        3.879ns  (logic 0.603ns (15.547%)  route 3.276ns (84.453%))
  Logic Levels:           2  (LUT3=1 LUT6=1)
  Clock Path Skew:        0.007ns (DCD - SCD + CPR)
    Destination Clock Delay (DCD):    4.942ns = ( 14.942 - 10.000 ) 
    Source Clock Delay      (SCD):    5.337ns
    Clock Pessimism Removal (CPR):    0.403ns
  Clock Uncertainty:      0.074ns  ((TSJ^2 + DJ^2)^1/2) / 2 + PE
    Total System Jitter     (TSJ):    0.071ns
    Discrete Jitter          (DJ):    0.129ns
    Phase Error              (PE):    0.000ns

    Location             Delay type                Incr(ns)  Path(ns)    Netlist Resource(s)
  -------------------------------------------------------------------    -------------------
                         (clock axi_clk rise edge)    0.000     0.000 r  
    U7                                                0.000     0.000 r  fclk_clk0 (IN)
                         net (fo=0)                   0.000     0.000    fclk_clk0
    U7                   IBUF (Prop_ibuf_I_O)         0.990     0.990 r  fclk_clk0_IBUF_inst/O
                         net (fo=1, routed)           1.110     2.100    u_top/u_clk/fclk_clk0
    MMCME2_ADV_X0Y0      MMCME2_ADV (Prop_mmcme2_adv_CLKIN1_CLKOUT1)
                                                      0.077     2.177 r  u_top/u_clk/u_mmcm/CLKOUT1
                         net (fo=1, routed)           1.567     3.744    u_top/u_clk/clkout1_unbuf
    BUFGCTRL_X0Y0        BUFG (Prop_bufg_I_O)         0.085     3.829 r  u_top/u_clk/u_bufg_axi/O
                         net (fo=481, routed)         1.508     5.337    u_top/u_wrapper/CLK
    SLICE_X101Y95        FDRE                                         r  u_top/u_wrapper/ar_addr_reg_reg[4]/C
  -------------------------------------------------------------------    -------------------
    SLICE_X101Y95        FDRE (Prop_fdre_C_Q)         0.379     5.716 r  u_top/u_wrapper/ar_addr_reg_reg[4]/Q
                         net (fo=5, routed)           0.842     6.558    u_top/u_wrapper/ar_addr_reg[4]
    SLICE_X101Y100       LUT6 (Prop_lut6_I2_O)        0.105     6.663 r  u_top/u_wrapper/state_snapshot[63]_i_2/O
                         net (fo=31, routed)          1.109     7.772    u_top/u_wrapper/state_snapshot[63]_i_2_n_0
    SLICE_X107Y99        LUT3 (Prop_lut3_I0_O)        0.119     7.891 r  u_top/u_wrapper/state_snapshot[63]_i_1/O
                         net (fo=33, routed)          1.325     9.216    u_top/u_wrapper/state_snapshot[0]
    SLICE_X103Y110       FDRE                                         r  u_top/u_wrapper/state_snapshot_reg[43]/CE
  -------------------------------------------------------------------    -------------------

                         (clock axi_clk rise edge)   10.000    10.000 r  
    U7                                                0.000    10.000 r  fclk_clk0 (IN)
                         net (fo=0)                   0.000    10.000    fclk_clk0
    U7                   IBUF (Prop_ibuf_I_O)         0.859    10.859 r  fclk_clk0_IBUF_inst/O
                         net (fo=1, routed)           1.004    11.862    u_top/u_clk/fclk_clk0
    MMCME2_ADV_X0Y0      MMCME2_ADV (Prop_mmcme2_adv_CLKIN1_CLKOUT1)
                                                      0.073    11.935 r  u_top/u_clk/u_mmcm/CLKOUT1
                         net (fo=1, routed)           1.426    13.362    u_top/u_clk/clkout1_unbuf
    BUFGCTRL_X0Y0        BUFG (Prop_bufg_I_O)         0.077    13.439 r  u_top/u_clk/u_bufg_axi/O
                         net (fo=481, routed)         1.503    14.942    u_top/u_wrapper/CLK
    SLICE_X103Y110       FDRE                                         r  u_top/u_wrapper/state_snapshot_reg[43]/C
                         clock pessimism              0.403    15.344    
                         clock uncertainty           -0.074    15.271    
    SLICE_X103Y110       FDRE (Setup_fdre_C_CE)      -0.338    14.933    u_top/u_wrapper/state_snapshot_reg[43]
  -------------------------------------------------------------------
                         required time                         14.933    
                         arrival time                          -9.216    
  -------------------------------------------------------------------
                         slack                                  5.717    





Min Delay Paths
--------------------------------------------------------------------------------------
Slack (MET) :             0.105ns  (arrival time - required time)
  Source:                 u_top/u_wrapper/state_snapshot_reg[51]/C
                            (rising edge-triggered cell FDRE clocked by axi_clk  {rise@0.000ns fall@5.000ns period=10.000ns})
  Destination:            u_top/u_wrapper/s_axi_rdata_reg[19]/D
                            (rising edge-triggered cell FDRE clocked by axi_clk  {rise@0.000ns fall@5.000ns period=10.000ns})
  Path Group:             axi_clk
  Path Type:              Hold (Min at Fast Process Corner)
  Requirement:            0.000ns  (axi_clk rise@0.000ns - axi_clk rise@0.000ns)
  Data Path Delay:        0.239ns  (logic 0.186ns (77.679%)  route 0.053ns (22.321%))
  Logic Levels:           1  (LUT4=1)
  Clock Path Skew:        0.013ns (DCD - SCD - CPR)
    Destination Clock Delay (DCD):    2.566ns
    Source Clock Delay      (SCD):    2.011ns
    Clock Pessimism Removal (CPR):    0.543ns

    Location             Delay type                Incr(ns)  Path(ns)    Netlist Resource(s)
  -------------------------------------------------------------------    -------------------
                         (clock axi_clk rise edge)    0.000     0.000 r  
    U7                                                0.000     0.000 r  fclk_clk0 (IN)
                         net (fo=0)                   0.000     0.000    fclk_clk0
    U7                   IBUF (Prop_ibuf_I_O)         0.286     0.286 r  fclk_clk0_IBUF_inst/O
                         net (fo=1, routed)           0.440     0.727    u_top/u_clk/fclk_clk0
    MMCME2_ADV_X0Y0      MMCME2_ADV (Prop_mmcme2_adv_CLKIN1_CLKOUT1)
                                                      0.050     0.777 r  u_top/u_clk/u_mmcm/CLKOUT1
                         net (fo=1, routed)           0.518     1.294    u_top/u_clk/clkout1_unbuf
    BUFGCTRL_X0Y0        BUFG (Prop_bufg_I_O)         0.026     1.320 r  u_top/u_clk/u_bufg_axi/O
                         net (fo=481, routed)         0.690     2.011    u_top/u_wrapper/CLK
    SLICE_X103Y110       FDRE                                         r  u_top/u_wrapper/state_snapshot_reg[51]/C
  -------------------------------------------------------------------    -------------------
    SLICE_X103Y110       FDRE (Prop_fdre_C_Q)         0.141     2.152 r  u_top/u_wrapper/state_snapshot_reg[51]/Q
                         net (fo=1, routed)           0.053     2.205    u_top/u_wrapper/data1[19]
    SLICE_X102Y110       LUT4 (Prop_lut4_I0_O)        0.045     2.250 r  u_top/u_wrapper/s_axi_rdata[19]_i_1/O
                         net (fo=1, routed)           0.000     2.250    u_top/u_wrapper/s_axi_rdata[19]
    SLICE_X102Y110       FDRE                                         r  u_top/u_wrapper/s_axi_rdata_reg[19]/D
  -------------------------------------------------------------------    -------------------

                         (clock axi_clk rise edge)    0.000     0.000 r  
    U7                                                0.000     0.000 r  fclk_clk0 (IN)
                         net (fo=0)                   0.000     0.000    fclk_clk0
    U7                   IBUF (Prop_ibuf_I_O)         0.476     0.476 r  fclk_clk0_IBUF_inst/O
                         net (fo=1, routed)           0.480     0.956    u_top/u_clk/fclk_clk0
    MMCME2_ADV_X0Y0      MMCME2_ADV (Prop_mmcme2_adv_CLKIN1_CLKOUT1)
                                                      0.053     1.009 r  u_top/u_clk/u_mmcm/CLKOUT1
                         net (fo=1, routed)           0.564     1.573    u_top/u_clk/clkout1_unbuf
    BUFGCTRL_X0Y0        BUFG (Prop_bufg_I_O)         0.029     1.602 r  u_top/u_clk/u_bufg_axi/O
                         net (fo=481, routed)         0.964     2.566    u_top/u_wrapper/CLK
    SLICE_X102Y110       FDRE                                         r  u_top/u_wrapper/s_axi_rdata_reg[19]/C
                         clock pessimism             -0.543     2.024    
    SLICE_X102Y110       FDRE (Hold_fdre_C_D)         0.121     2.145    u_top/u_wrapper/s_axi_rdata_reg[19]
  -------------------------------------------------------------------
                         required time                         -2.145    
                         arrival time                           2.250    
  -------------------------------------------------------------------
                         slack                                  0.105    





Pulse Width Checks
--------------------------------------------------------------------------------------
Clock Name:         axi_clk
Waveform(ns):       { 0.000 5.000 }
Period(ns):         10.000
Sources:            { u_top/u_clk/u_mmcm/CLKOUT1 }

Check Type        Corner  Lib Pin             Reference Pin  Required(ns)  Actual(ns)  Slack(ns)  Location         Pin
Min Period        n/a     BUFG/I              n/a            1.592         10.000      8.408      BUFGCTRL_X0Y0    u_top/u_clk/u_bufg_axi/I
Max Period        n/a     MMCME2_ADV/CLKOUT1  n/a            213.360       10.000      203.360    MMCME2_ADV_X0Y0  u_top/u_clk/u_mmcm/CLKOUT1
Low Pulse Width   Slow    FDPE/C              n/a            0.500         5.000       4.500      SLICE_X104Y103   u_top/u_cdc/FSM_onehot_axi_state_reg[0]/C
High Pulse Width  Slow    FDPE/C              n/a            0.500         5.000       4.500      SLICE_X104Y103   u_top/u_cdc/FSM_onehot_axi_state_reg[0]/C



---------------------------------------------------------------------------------------------------
From Clock:  clkfb
  To Clock:  clkfb

Setup :           NA  Failing Endpoints,  Worst Slack           NA  ,  Total Violation           NA
Hold  :           NA  Failing Endpoints,  Worst Slack           NA  ,  Total Violation           NA
PW    :            0  Failing Endpoints,  Worst Slack        8.751ns,  Total Violation        0.000ns
---------------------------------------------------------------------------------------------------


Pulse Width Checks
--------------------------------------------------------------------------------------
Clock Name:         clkfb
Waveform(ns):       { 0.000 5.000 }
Period(ns):         10.000
Sources:            { u_top/u_clk/u_mmcm/CLKFBOUT }

Check Type  Corner  Lib Pin              Reference Pin  Required(ns)  Actual(ns)  Slack(ns)  Location         Pin
Min Period  n/a     MMCME2_ADV/CLKFBOUT  n/a            1.249         10.000      8.751      MMCME2_ADV_X0Y0  u_top/u_clk/u_mmcm/CLKFBOUT
Max Period  n/a     MMCME2_ADV/CLKFBIN   n/a            100.000       10.000      90.000     MMCME2_ADV_X0Y0  u_top/u_clk/u_mmcm/CLKFBIN



