Copyright 1986-2022 Xilinx, Inc. All Rights Reserved. Copyright 2022-2025 Advanced Micro Devices, Inc. All Rights Reserved.
---------------------------------------------------------------------------------------------------------------------------------------------
| Tool Version : Vivado v.2025.2 (lin64) Build 6299465 Fri Nov 14 12:34:56 MST 2025
| Date         : Fri Mar 13 15:34:23 2026
| Host         : Jarvis running 64-bit Ubuntu 24.04.4 LTS
| Command      : report_timing_summary -file /home/mattrock/Projects/ATOMiK/hardware/zynq/sweep/reports/timing_N64_F210p5.rpt
| Design       : sweep_top_N64_F210p5
| Device       : 7z020-clg400
| Speed File   : -2  PRODUCTION 1.12 2019-11-22
| Design State : Routed
---------------------------------------------------------------------------------------------------------------------------------------------

Timing Summary Report

------------------------------------------------------------------------------------------------
| Timer Settings
| --------------
------------------------------------------------------------------------------------------------

  Enable Multi Corner Analysis               :  Yes
  Enable Pessimism Removal                   :  Yes
  Pessimism Removal Resolution               :  Nearest Common Node
  Enable Input Delay Default Clock           :  No
  Enable Preset / Clear Arcs                 :  No
  Disable Flight Delays                      :  No
  Ignore I/O Paths                           :  No
  Timing Early Launch at Borrowing Latches   :  No
  Borrow Time for Max Delay Exceptions       :  Yes
  Merge Timing Exceptions                    :  Yes
  Inter-SLR Compensation                     :  Conservative

  Corner  Analyze    Analyze    
  Name    Max Paths  Min Paths  
  ------  ---------  ---------  
  Slow    Yes        Yes        
  Fast    Yes        Yes        


------------------------------------------------------------------------------------------------
| Report Methodology
| ------------------
------------------------------------------------------------------------------------------------

No report available as report_methodology has not been run prior. Run report_methodology on the current design for the summary of methodology violations.



check_timing report

Table of Contents
-----------------
1. checking no_clock (0)
2. checking constant_clock (0)
3. checking pulse_width_clock (0)
4. checking unconstrained_internal_endpoints (0)
5. checking no_input_delay (50)
6. checking no_output_delay (37)
7. checking multiple_clock (0)
8. checking generated_clocks (0)
9. checking loops (0)
10. checking partial_input_delay (0)
11. checking partial_output_delay (0)
12. checking latch_loops (0)

1. checking no_clock (0)
------------------------
 There are 0 register/latch pins with no clock.


2. checking constant_clock (0)
------------------------------
 There are 0 register/latch pins with constant_clock.


3. checking pulse_width_clock (0)
---------------------------------
 There are 0 register/latch pins which need pulse_width check


4. checking unconstrained_internal_endpoints (0)
------------------------------------------------
 There are 0 pins that are not constrained for maximum delay.

 There are 0 pins that are not constrained for maximum delay due to constant clock.


5. checking no_input_delay (50)
-------------------------------
 There are 50 input ports with no input delay specified. (HIGH)

 There are 0 input ports with no input delay but user has a false path constraint.


6. checking no_output_delay (37)
--------------------------------
 There are 37 ports with no output delay specified. (HIGH)

 There are 0 ports with no output delay but user has a false path constraint

 There are 0 ports with no output delay but with a timing clock defined on it or propagating through it


7. checking multiple_clock (0)
------------------------------
 There are 0 register/latch pins with multiple clocks.


8. checking generated_clocks (0)
--------------------------------
 There are 0 generated clocks that are not connected to a clock source.


9. checking loops (0)
---------------------
 There are 0 combinational loops in the design.


10. checking partial_input_delay (0)
------------------------------------
 There are 0 input ports with partial input delay specified.


11. checking partial_output_delay (0)
-------------------------------------
 There are 0 ports with partial output delay specified.


12. checking latch_loops (0)
----------------------------
 There are 0 combinational latch loops in the design through latch input



------------------------------------------------------------------------------------------------
| Design Timing Summary
| ---------------------
------------------------------------------------------------------------------------------------

    WNS(ns)      TNS(ns)  TNS Failing Endpoints  TNS Total Endpoints      WHS(ns)      THS(ns)  THS Failing Endpoints  THS Total Endpoints     WPWS(ns)     TPWS(ns)  TPWS Failing Endpoints  TPWS Total Endpoints  
    -------      -------  ---------------------  -------------------      -------      -------  ---------------------  -------------------     --------     --------  ----------------------  --------------------  
     -0.008       -0.008                      1                13622        0.062        0.000                      0                13622        1.875        0.000                       0                  4831  


Timing constraints are not met.


------------------------------------------------------------------------------------------------
| Clock Summary
| -------------
------------------------------------------------------------------------------------------------

Clock         Waveform(ns)         Period(ns)      Frequency(MHz)
-----         ------------         ----------      --------------
fclk_clk0     {0.000 5.000}        10.000          100.000         
  atomik_clk  {0.000 2.375}        4.750           210.526         
  axi_clk     {0.000 5.000}        10.000          100.000         
  clkfb       {0.000 5.000}        10.000          100.000         


------------------------------------------------------------------------------------------------
| Intra Clock Table
| -----------------
------------------------------------------------------------------------------------------------

Clock             WNS(ns)      TNS(ns)  TNS Failing Endpoints  TNS Total Endpoints      WHS(ns)      THS(ns)  THS Failing Endpoints  THS Total Endpoints     WPWS(ns)     TPWS(ns)  TPWS Failing Endpoints  TPWS Total Endpoints  
-----             -------      -------  ---------------------  -------------------      -------      -------  ---------------------  -------------------     --------     --------  ----------------------  --------------------  
fclk_clk0                                                                                                                                                       3.000        0.000                       0                     1  
  atomik_clk       -0.008       -0.008                      1                12789        0.092        0.000                      0                12789        1.875        0.000                       0                  4345  
  axi_clk           4.754        0.000                      0                  833        0.062        0.000                      0                  833        4.500        0.000                       0                   483  
  clkfb                                                                                                                                                         8.751        0.000                       0                     2  


------------------------------------------------------------------------------------------------
| Inter Clock Table
| -----------------
------------------------------------------------------------------------------------------------

From Clock    To Clock          WNS(ns)      TNS(ns)  TNS Failing Endpoints  TNS Total Endpoints      WHS(ns)      THS(ns)  THS Failing Endpoints  THS Total Endpoints  
----------    --------          -------      -------  ---------------------  -------------------      -------      -------  ---------------------  -------------------  


------------------------------------------------------------------------------------------------
| Other Path Groups Table
| -----------------------
------------------------------------------------------------------------------------------------

Path Group    From Clock    To Clock          WNS(ns)      TNS(ns)  TNS Failing Endpoints  TNS Total Endpoints      WHS(ns)      THS(ns)  THS Failing Endpoints  THS Total Endpoints  
----------    ----------    --------          -------      -------  ---------------------  -------------------      -------      -------  ---------------------  -------------------  


------------------------------------------------------------------------------------------------
| Timing Details
| --------------
------------------------------------------------------------------------------------------------


---------------------------------------------------------------------------------------------------
From Clock:  fclk_clk0
  To Clock:  fclk_clk0

Setup :           NA  Failing Endpoints,  Worst Slack           NA  ,  Total Violation           NA
Hold  :           NA  Failing Endpoints,  Worst Slack           NA  ,  Total Violation           NA
PW    :            0  Failing Endpoints,  Worst Slack        3.000ns,  Total Violation        0.000ns
---------------------------------------------------------------------------------------------------


Pulse Width Checks
--------------------------------------------------------------------------------------
Clock Name:         fclk_clk0
Waveform(ns):       { 0.000 5.000 }
Period(ns):         10.000
Sources:            { fclk_clk0 }

Check Type        Corner  Lib Pin            Reference Pin  Required(ns)  Actual(ns)  Slack(ns)  Location         Pin
Min Period        n/a     MMCME2_ADV/CLKIN1  n/a            1.249         10.000      8.751      MMCME2_ADV_X1Y1  u_top/u_clk/u_mmcm/CLKIN1
Max Period        n/a     MMCME2_ADV/CLKIN1  n/a            100.000       10.000      90.000     MMCME2_ADV_X1Y1  u_top/u_clk/u_mmcm/CLKIN1
Low Pulse Width   Slow    MMCME2_ADV/CLKIN1  n/a            2.000         5.000       3.000      MMCME2_ADV_X1Y1  u_top/u_clk/u_mmcm/CLKIN1
High Pulse Width  Slow    MMCME2_ADV/CLKIN1  n/a            2.000         5.000       3.000      MMCME2_ADV_X1Y1  u_top/u_clk/u_mmcm/CLKIN1



---------------------------------------------------------------------------------------------------
From Clock:  atomik_clk
  To Clock:  atomik_clk

Setup :            1  Failing Endpoint ,  Worst Slack       -0.008ns,  Total Violation       -0.008ns
Hold  :            0  Failing Endpoints,  Worst Slack        0.092ns,  Total Violation        0.000ns
PW    :            0  Failing Endpoints,  Worst Slack        1.875ns,  Total Violation        0.000ns
---------------------------------------------------------------------------------------------------


Max Delay Paths
--------------------------------------------------------------------------------------
Slack (VIOLATED) :        -0.008ns  (required time - arrival time)
  Source:                 u_top/u_atomik/banks[55].bank_acc_reg[55][26]/C
                            (rising edge-triggered cell FDRE clocked by atomik_clk  {rise@0.000ns fall@2.375ns period=4.750ns})
  Destination:            u_top/u_cdc/core_resp_acc_zero_reg/D
                            (rising edge-triggered cell FDCE clocked by atomik_clk  {rise@0.000ns fall@2.375ns period=4.750ns})
  Path Group:             atomik_clk
  Path Type:              Setup (Max at Slow Process Corner)
  Requirement:            4.750ns  (atomik_clk rise@4.750ns - atomik_clk rise@0.000ns)
  Data Path Delay:        4.717ns  (logic 1.063ns (22.536%)  route 3.654ns (77.464%))
  Logic Levels:           6  (LUT4=2 LUT5=1 LUT6=3)
  Clock Path Skew:        -0.005ns (DCD - SCD + CPR)
    Destination Clock Delay (DCD):    4.977ns = ( 9.727 - 4.750 ) 
    Source Clock Delay      (SCD):    5.486ns
    Clock Pessimism Removal (CPR):    0.504ns
  Clock Uncertainty:      0.066ns  ((TSJ^2 + DJ^2)^1/2) / 2 + PE
    Total System Jitter     (TSJ):    0.071ns
    Discrete Jitter          (DJ):    0.112ns
    Phase Error              (PE):    0.000ns

    Location             Delay type                Incr(ns)  Path(ns)    Netlist Resource(s)
  -------------------------------------------------------------------    -------------------
                         (clock atomik_clk rise edge)
                                                      0.000     0.000 r  
    U14                                               0.000     0.000 r  fclk_clk0 (IN)
                         net (fo=0)                   0.000     0.000    fclk_clk0
    U14                  IBUF (Prop_ibuf_I_O)         1.007     1.007 r  fclk_clk0_IBUF_inst/O
                         net (fo=1, routed)           1.110     2.117    u_top/u_clk/fclk_clk0
    MMCME2_ADV_X1Y1      MMCME2_ADV (Prop_mmcme2_adv_CLKIN1_CLKOUT0)
                                                      0.077     2.194 r  u_top/u_clk/u_mmcm/CLKOUT0
                         net (fo=1, routed)           1.597     3.791    u_top/u_clk/clkout0_unbuf
    BUFGCTRL_X0Y16       BUFG (Prop_bufg_I_O)         0.085     3.876 r  u_top/u_clk/u_bufg_atomik/O
                         net (fo=4343, routed)        1.610     5.486    u_top/u_atomik/CLK
    SLICE_X66Y136        FDRE                                         r  u_top/u_atomik/banks[55].bank_acc_reg[55][26]/C
  -------------------------------------------------------------------    -------------------
    SLICE_X66Y136        FDRE (Prop_fdre_C_Q)         0.433     5.919 r  u_top/u_atomik/banks[55].bank_acc_reg[55][26]/Q
                         net (fo=2, routed)           0.722     6.641    u_top/u_atomik/banks[55].bank_acc_reg[55][63]_0[26]
    SLICE_X66Y131        LUT4 (Prop_lut4_I2_O)        0.105     6.746 r  u_top/u_atomik/swap_data[26]_i_11/O
                         net (fo=1, routed)           0.370     7.116    u_top/u_atomik/swap_data[26]_i_11_n_0
    SLICE_X67Y131        LUT5 (Prop_lut5_I4_O)        0.105     7.221 r  u_top/u_atomik/swap_data[26]_i_5/O
                         net (fo=1, routed)           1.176     8.397    u_top/u_atomik/swap_data[26]_i_5_n_0
    SLICE_X87Y116        LUT6 (Prop_lut6_I2_O)        0.105     8.502 f  u_top/u_atomik/swap_data[26]_i_2/O
                         net (fo=2, routed)           0.812     9.314    u_top/u_atomik/p_64_in[26]
    SLICE_X93Y116        LUT6 (Prop_lut6_I5_O)        0.105     9.419 r  u_top/u_atomik/core_resp_acc_zero_i_13/O
                         net (fo=1, routed)           0.458     9.877    u_top/u_atomik/core_resp_acc_zero_i_13_n_0
    SLICE_X93Y115        LUT6 (Prop_lut6_I5_O)        0.105     9.982 r  u_top/u_atomik/core_resp_acc_zero_i_5/O
                         net (fo=1, routed)           0.116    10.097    u_top/u_atomik/core_resp_acc_zero_i_5_n_0
    SLICE_X93Y115        LUT4 (Prop_lut4_I3_O)        0.105    10.202 r  u_top/u_atomik/core_resp_acc_zero_i_1/O
                         net (fo=1, routed)           0.000    10.202    u_top/u_cdc/acc_zero
    SLICE_X93Y115        FDCE                                         r  u_top/u_cdc/core_resp_acc_zero_reg/D
  -------------------------------------------------------------------    -------------------

                         (clock atomik_clk rise edge)
                                                      4.750     4.750 r  
    U14                                               0.000     4.750 r  fclk_clk0 (IN)
                         net (fo=0)                   0.000     4.750    fclk_clk0
    U14                  IBUF (Prop_ibuf_I_O)         0.875     5.625 r  fclk_clk0_IBUF_inst/O
                         net (fo=1, routed)           1.004     6.628    u_top/u_clk/fclk_clk0
    MMCME2_ADV_X1Y1      MMCME2_ADV (Prop_mmcme2_adv_CLKIN1_CLKOUT0)
                                                      0.073     6.701 r  u_top/u_clk/u_mmcm/CLKOUT0
                         net (fo=1, routed)           1.454     8.156    u_top/u_clk/clkout0_unbuf
    BUFGCTRL_X0Y16       BUFG (Prop_bufg_I_O)         0.077     8.233 r  u_top/u_clk/u_bufg_atomik/O
                         net (fo=4343, routed)        1.494     9.727    u_top/u_cdc/FSM_onehot_core_state_reg[0]_0
    SLICE_X93Y115        FDCE                                         r  u_top/u_cdc/core_resp_acc_zero_reg/C
                         clock pessimism              0.504    10.231    
                         clock uncertainty           -0.066    10.164    
    SLICE_X93Y115        FDCE (Setup_fdce_C_D)        0.030    10.194    u_top/u_cdc/core_resp_acc_zero_reg
  -------------------------------------------------------------------
                         required time                         10.194    
                         arrival time                         -10.202    
  -------------------------------------------------------------------
                         slack                                 -0.008    





Min Delay Paths
--------------------------------------------------------------------------------------
Slack (MET) :             0.092ns  (arrival time - required time)
  Source:                 u_top/u_cdc/core_addr_reg[0]/C
                            (rising edge-triggered cell FDCE clocked by atomik_clk  {rise@0.000ns fall@2.375ns period=4.750ns})
  Destination:            u_top/u_atomik/u_state_bram/xpm_memory_base_inst/gen_wr_a.gen_word_narrow.mem_reg/ADDRBWRADDR[6]
                            (rising edge-triggered cell RAMB36E1 clocked by atomik_clk  {rise@0.000ns fall@2.375ns period=4.750ns})
  Path Group:             atomik_clk
  Path Type:              Hold (Min at Fast Process Corner)
  Requirement:            0.000ns  (atomik_clk rise@0.000ns - atomik_clk rise@0.000ns)
  Data Path Delay:        0.665ns  (logic 0.209ns (31.431%)  route 0.456ns (68.569%))
  Logic Levels:           1  (LUT3=1)
  Clock Path Skew:        0.390ns (DCD - SCD - CPR)
    Destination Clock Delay (DCD):    2.632ns
    Source Clock Delay      (SCD):    1.954ns
    Clock Pessimism Removal (CPR):    0.288ns

    Location             Delay type                Incr(ns)  Path(ns)    Netlist Resource(s)
  -------------------------------------------------------------------    -------------------
                         (clock atomik_clk rise edge)
                                                      0.000     0.000 r  
    U14                                               0.000     0.000 r  fclk_clk0 (IN)
                         net (fo=0)                   0.000     0.000    fclk_clk0
    U14                  IBUF (Prop_ibuf_I_O)         0.302     0.302 r  fclk_clk0_IBUF_inst/O
                         net (fo=1, routed)           0.440     0.742    u_top/u_clk/fclk_clk0
    MMCME2_ADV_X1Y1      MMCME2_ADV (Prop_mmcme2_adv_CLKIN1_CLKOUT0)
                                                      0.050     0.792 r  u_top/u_clk/u_mmcm/CLKOUT0
                         net (fo=1, routed)           0.529     1.321    u_top/u_clk/clkout0_unbuf
    BUFGCTRL_X0Y16       BUFG (Prop_bufg_I_O)         0.026     1.347 r  u_top/u_clk/u_bufg_atomik/O
                         net (fo=4343, routed)        0.607     1.954    u_top/u_cdc/FSM_onehot_core_state_reg[0]_0
    SLICE_X92Y97         FDCE                                         r  u_top/u_cdc/core_addr_reg[0]/C
  -------------------------------------------------------------------    -------------------
    SLICE_X92Y97         FDCE (Prop_fdce_C_Q)         0.164     2.118 r  u_top/u_cdc/core_addr_reg[0]/Q
                         net (fo=2, routed)           0.208     2.326    u_top/u_cdc/core_addr_reg[7]_0[0]
    SLICE_X91Y97         LUT3 (Prop_lut3_I0_O)        0.045     2.371 r  u_top/u_cdc/u_state_bram_i_9/O
                         net (fo=1, routed)           0.248     2.619    u_top/u_atomik/u_state_bram/xpm_memory_base_inst/addra[0]
    RAMB36_X4Y20         RAMB36E1                                     r  u_top/u_atomik/u_state_bram/xpm_memory_base_inst/gen_wr_a.gen_word_narrow.mem_reg/ADDRBWRADDR[6]
  -------------------------------------------------------------------    -------------------

                         (clock atomik_clk rise edge)
                                                      0.000     0.000 r  
    U14                                               0.000     0.000 r  fclk_clk0 (IN)
                         net (fo=0)                   0.000     0.000    fclk_clk0
    U14                  IBUF (Prop_ibuf_I_O)         0.492     0.492 r  fclk_clk0_IBUF_inst/O
                         net (fo=1, routed)           0.480     0.972    u_top/u_clk/fclk_clk0
    MMCME2_ADV_X1Y1      MMCME2_ADV (Prop_mmcme2_adv_CLKIN1_CLKOUT0)
                                                      0.053     1.025 r  u_top/u_clk/u_mmcm/CLKOUT0
                         net (fo=1, routed)           0.576     1.601    u_top/u_clk/clkout0_unbuf
    BUFGCTRL_X0Y16       BUFG (Prop_bufg_I_O)         0.029     1.630 r  u_top/u_clk/u_bufg_atomik/O
                         net (fo=4343, routed)        1.002     2.632    u_top/u_atomik/u_state_bram/xpm_memory_base_inst/clka
    RAMB36_X4Y20         RAMB36E1                                     r  u_top/u_atomik/u_state_bram/xpm_memory_base_inst/gen_wr_a.gen_word_narrow.mem_reg/CLKBWRCLK
                         clock pessimism             -0.288     2.344    
    RAMB36_X4Y20         RAMB36E1 (Hold_ramb36e1_CLKBWRCLK_ADDRBWRADDR[6])
                                                      0.183     2.527    u_top/u_atomik/u_state_bram/xpm_memory_base_inst/gen_wr_a.gen_word_narrow.mem_reg
  -------------------------------------------------------------------
                         required time                         -2.527    
                         arrival time                           2.619    
  -------------------------------------------------------------------
                         slack                                  0.092    





Pulse Width Checks
--------------------------------------------------------------------------------------
Clock Name:         atomik_clk
Waveform(ns):       { 0.000 2.375 }
Period(ns):         4.750
Sources:            { u_top/u_clk/u_mmcm/CLKOUT0 }

Check Type        Corner  Lib Pin             Reference Pin  Required(ns)  Actual(ns)  Slack(ns)  Location         Pin
Min Period        n/a     RAMB36E1/CLKARDCLK  n/a            2.472         4.750       2.278      RAMB36_X4Y20     u_top/u_atomik/u_state_bram/xpm_memory_base_inst/gen_wr_a.gen_word_narrow.mem_reg/CLKARDCLK
Max Period        n/a     MMCME2_ADV/CLKOUT0  n/a            213.360       4.750       208.610    MMCME2_ADV_X1Y1  u_top/u_clk/u_mmcm/CLKOUT0
Low Pulse Width   Slow    FDRE/C              n/a            0.500         2.375       1.875      SLICE_X91Y96     u_top/u_atomik/active_addr_reg[0]/C
High Pulse Width  Slow    FDRE/C              n/a            0.500         2.375       1.875      SLICE_X91Y96     u_top/u_atomik/active_addr_reg[0]/C



---------------------------------------------------------------------------------------------------
From Clock:  axi_clk
  To Clock:  axi_clk

Setup :            0  Failing Endpoints,  Worst Slack        4.754ns,  Total Violation        0.000ns
Hold  :            0  Failing Endpoints,  Worst Slack        0.062ns,  Total Violation        0.000ns
PW    :            0  Failing Endpoints,  Worst Slack        4.500ns,  Total Violation        0.000ns
---------------------------------------------------------------------------------------------------


Max Delay Paths
--------------------------------------------------------------------------------------
Slack (MET) :             4.754ns  (required time - arrival time)
  Source:                 u_top/u_wrapper/ar_addr_reg_reg[0]/C
                            (rising edge-triggered cell FDRE clocked by axi_clk  {rise@0.000ns fall@5.000ns period=10.000ns})
  Destination:            u_top/u_wrapper/state_snapshot_reg[45]/CE
                            (rising edge-triggered cell FDRE clocked by axi_clk  {rise@0.000ns fall@5.000ns period=10.000ns})
  Path Group:             axi_clk
  Path Type:              Setup (Max at Slow Process Corner)
  Requirement:            10.000ns  (axi_clk rise@10.000ns - axi_clk rise@0.000ns)
  Data Path Delay:        4.720ns  (logic 0.590ns (12.500%)  route 4.130ns (87.500%))
  Logic Levels:           2  (LUT3=1 LUT6=1)
  Clock Path Skew:        -0.121ns (DCD - SCD + CPR)
    Destination Clock Delay (DCD):    4.772ns = ( 14.772 - 10.000 ) 
    Source Clock Delay      (SCD):    5.382ns
    Clock Pessimism Removal (CPR):    0.489ns
  Clock Uncertainty:      0.074ns  ((TSJ^2 + DJ^2)^1/2) / 2 + PE
    Total System Jitter     (TSJ):    0.071ns
    Discrete Jitter          (DJ):    0.129ns
    Phase Error              (PE):    0.000ns

    Location             Delay type                Incr(ns)  Path(ns)    Netlist Resource(s)
  -------------------------------------------------------------------    -------------------
                         (clock axi_clk rise edge)    0.000     0.000 r  
    U14                                               0.000     0.000 r  fclk_clk0 (IN)
                         net (fo=0)                   0.000     0.000    fclk_clk0
    U14                  IBUF (Prop_ibuf_I_O)         1.007     1.007 r  fclk_clk0_IBUF_inst/O
                         net (fo=1, routed)           1.110     2.117    u_top/u_clk/fclk_clk0
    MMCME2_ADV_X1Y1      MMCME2_ADV (Prop_mmcme2_adv_CLKIN1_CLKOUT1)
                                                      0.077     2.194 r  u_top/u_clk/u_mmcm/CLKOUT1
                         net (fo=1, routed)           1.597     3.791    u_top/u_clk/clkout1_unbuf
    BUFGCTRL_X0Y17       BUFG (Prop_bufg_I_O)         0.085     3.876 r  u_top/u_clk/u_bufg_axi/O
                         net (fo=481, routed)         1.506     5.382    u_top/u_wrapper/CLK
    SLICE_X103Y93        FDRE                                         r  u_top/u_wrapper/ar_addr_reg_reg[0]/C
  -------------------------------------------------------------------    -------------------
    SLICE_X103Y93        FDRE (Prop_fdre_C_Q)         0.379     5.761 f  u_top/u_wrapper/ar_addr_reg_reg[0]/Q
                         net (fo=3, routed)           0.908     6.668    u_top/u_wrapper/ar_addr_reg[0]
    SLICE_X103Y96        LUT6 (Prop_lut6_I5_O)        0.105     6.773 r  u_top/u_wrapper/state_snapshot[63]_i_2/O
                         net (fo=1, routed)           0.672     7.445    u_top/u_wrapper/acc_zero_snapshot
    SLICE_X112Y96        LUT3 (Prop_lut3_I2_O)        0.106     7.551 r  u_top/u_wrapper/state_snapshot[63]_i_1/O
                         net (fo=33, routed)          2.551    10.102    u_top/u_wrapper/state_snapshot[0]
    SLICE_X67Y98         FDRE                                         r  u_top/u_wrapper/state_snapshot_reg[45]/CE
  -------------------------------------------------------------------    -------------------

                         (clock axi_clk rise edge)   10.000    10.000 r  
    U14                                               0.000    10.000 r  fclk_clk0 (IN)
                         net (fo=0)                   0.000    10.000    fclk_clk0
    U14                  IBUF (Prop_ibuf_I_O)         0.875    10.875 r  fclk_clk0_IBUF_inst/O
                         net (fo=1, routed)           1.004    11.878    u_top/u_clk/fclk_clk0
    MMCME2_ADV_X1Y1      MMCME2_ADV (Prop_mmcme2_adv_CLKIN1_CLKOUT1)
                                                      0.073    11.951 r  u_top/u_clk/u_mmcm/CLKOUT1
                         net (fo=1, routed)           1.454    13.406    u_top/u_clk/clkout1_unbuf
    BUFGCTRL_X0Y17       BUFG (Prop_bufg_I_O)         0.077    13.483 r  u_top/u_clk/u_bufg_axi/O
                         net (fo=481, routed)         1.289    14.772    u_top/u_wrapper/CLK
    SLICE_X67Y98         FDRE                                         r  u_top/u_wrapper/state_snapshot_reg[45]/C
                         clock pessimism              0.489    15.261    
                         clock uncertainty           -0.074    15.187    
    SLICE_X67Y98         FDRE (Setup_fdre_C_CE)      -0.331    14.856    u_top/u_wrapper/state_snapshot_reg[45]
  -------------------------------------------------------------------
                         required time                         14.856    
                         arrival time                         -10.102    
  -------------------------------------------------------------------
                         slack                                  4.754    





Min Delay Paths
--------------------------------------------------------------------------------------
Slack (MET) :             0.062ns  (arrival time - required time)
  Source:                 u_top/u_cdc/resp_state_reg[53]/C
                            (rising edge-triggered cell FDCE clocked by axi_clk  {rise@0.000ns fall@5.000ns period=10.000ns})
  Destination:            u_top/u_wrapper/cached_state_reg[53]/D
                            (rising edge-triggered cell FDRE clocked by axi_clk  {rise@0.000ns fall@5.000ns period=10.000ns})
  Path Group:             axi_clk
  Path Type:              Hold (Min at Fast Process Corner)
  Requirement:            0.000ns  (axi_clk rise@0.000ns - axi_clk rise@0.000ns)
  Data Path Delay:        0.315ns  (logic 0.141ns (44.832%)  route 0.174ns (55.168%))
  Logic Levels:           0  
  Clock Path Skew:        0.182ns (DCD - SCD - CPR)
    Destination Clock Delay (DCD):    2.479ns
    Source Clock Delay      (SCD):    2.009ns
    Clock Pessimism Removal (CPR):    0.288ns

    Location             Delay type                Incr(ns)  Path(ns)    Netlist Resource(s)
  -------------------------------------------------------------------    -------------------
                         (clock axi_clk rise edge)    0.000     0.000 r  
    U14                                               0.000     0.000 r  fclk_clk0 (IN)
                         net (fo=0)                   0.000     0.000    fclk_clk0
    U14                  IBUF (Prop_ibuf_I_O)         0.302     0.302 r  fclk_clk0_IBUF_inst/O
                         net (fo=1, routed)           0.440     0.742    u_top/u_clk/fclk_clk0
    MMCME2_ADV_X1Y1      MMCME2_ADV (Prop_mmcme2_adv_CLKIN1_CLKOUT1)
                                                      0.050     0.792 r  u_top/u_clk/u_mmcm/CLKOUT1
                         net (fo=1, routed)           0.529     1.321    u_top/u_clk/clkout1_unbuf
    BUFGCTRL_X0Y17       BUFG (Prop_bufg_I_O)         0.026     1.347 r  u_top/u_clk/u_bufg_axi/O
                         net (fo=481, routed)         0.662     2.009    u_top/u_cdc/CLK
    SLICE_X67Y101        FDCE                                         r  u_top/u_cdc/resp_state_reg[53]/C
  -------------------------------------------------------------------    -------------------
    SLICE_X67Y101        FDCE (Prop_fdce_C_Q)         0.141     2.150 r  u_top/u_cdc/resp_state_reg[53]/Q
                         net (fo=1, routed)           0.174     2.324    u_top/u_wrapper/cached_state_reg[63]_0[53]
    SLICE_X67Y99         FDRE                                         r  u_top/u_wrapper/cached_state_reg[53]/D
  -------------------------------------------------------------------    -------------------

                         (clock axi_clk rise edge)    0.000     0.000 r  
    U14                                               0.000     0.000 r  fclk_clk0 (IN)
                         net (fo=0)                   0.000     0.000    fclk_clk0
    U14                  IBUF (Prop_ibuf_I_O)         0.492     0.492 r  fclk_clk0_IBUF_inst/O
                         net (fo=1, routed)           0.480     0.972    u_top/u_clk/fclk_clk0
    MMCME2_ADV_X1Y1      MMCME2_ADV (Prop_mmcme2_adv_CLKIN1_CLKOUT1)
                                                      0.053     1.025 r  u_top/u_clk/u_mmcm/CLKOUT1
                         net (fo=1, routed)           0.576     1.601    u_top/u_clk/clkout1_unbuf
    BUFGCTRL_X0Y17       BUFG (Prop_bufg_I_O)         0.029     1.630 r  u_top/u_clk/u_bufg_axi/O
                         net (fo=481, routed)         0.849     2.479    u_top/u_wrapper/CLK
    SLICE_X67Y99         FDRE                                         r  u_top/u_wrapper/cached_state_reg[53]/C
                         clock pessimism             -0.288     2.191    
    SLICE_X67Y99         FDRE (Hold_fdre_C_D)         0.071     2.262    u_top/u_wrapper/cached_state_reg[53]
  -------------------------------------------------------------------
                         required time                         -2.262    
                         arrival time                           2.324    
  -------------------------------------------------------------------
                         slack                                  0.062    





Pulse Width Checks
--------------------------------------------------------------------------------------
Clock Name:         axi_clk
Waveform(ns):       { 0.000 5.000 }
Period(ns):         10.000
Sources:            { u_top/u_clk/u_mmcm/CLKOUT1 }

Check Type        Corner  Lib Pin             Reference Pin  Required(ns)  Actual(ns)  Slack(ns)  Location         Pin
Min Period        n/a     BUFG/I              n/a            1.592         10.000      8.408      BUFGCTRL_X0Y17   u_top/u_clk/u_bufg_axi/I
Max Period        n/a     MMCME2_ADV/CLKOUT1  n/a            213.360       10.000      203.360    MMCME2_ADV_X1Y1  u_top/u_clk/u_mmcm/CLKOUT1
Low Pulse Width   Slow    FDPE/C              n/a            0.500         5.000       4.500      SLICE_X108Y96    u_top/u_cdc/FSM_onehot_axi_state_reg[0]/C
High Pulse Width  Slow    FDPE/C              n/a            0.500         5.000       4.500      SLICE_X108Y96    u_top/u_cdc/FSM_onehot_axi_state_reg[0]/C



---------------------------------------------------------------------------------------------------
From Clock:  clkfb
  To Clock:  clkfb

Setup :           NA  Failing Endpoints,  Worst Slack           NA  ,  Total Violation           NA
Hold  :           NA  Failing Endpoints,  Worst Slack           NA  ,  Total Violation           NA
PW    :            0  Failing Endpoints,  Worst Slack        8.751ns,  Total Violation        0.000ns
---------------------------------------------------------------------------------------------------


Pulse Width Checks
--------------------------------------------------------------------------------------
Clock Name:         clkfb
Waveform(ns):       { 0.000 5.000 }
Period(ns):         10.000
Sources:            { u_top/u_clk/u_mmcm/CLKFBOUT }

Check Type  Corner  Lib Pin              Reference Pin  Required(ns)  Actual(ns)  Slack(ns)  Location         Pin
Min Period  n/a     MMCME2_ADV/CLKFBOUT  n/a            1.249         10.000      8.751      MMCME2_ADV_X1Y1  u_top/u_clk/u_mmcm/CLKFBOUT
Max Period  n/a     MMCME2_ADV/CLKFBIN   n/a            100.000       10.000      90.000     MMCME2_ADV_X1Y1  u_top/u_clk/u_mmcm/CLKFBIN



