Copyright 1986-2022 Xilinx, Inc. All Rights Reserved. Copyright 2022-2025 Advanced Micro Devices, Inc. All Rights Reserved.
---------------------------------------------------------------------------------------------------------------------------------------------
| Tool Version : Vivado v.2025.2 (lin64) Build 6299465 Fri Nov 14 12:34:56 MST 2025
| Date         : Fri Mar 13 17:18:39 2026
| Host         : Jarvis running 64-bit Ubuntu 24.04.4 LTS
| Command      : report_timing_summary -file /home/mattrock/Projects/ATOMiK/hardware/zynq/sweep/reports/timing_N256_F145p4_maximum.rpt
| Design       : sweep_top_N256_F145p4_maximum
| Device       : 7z020-clg400
| Speed File   : -2  PRODUCTION 1.12 2019-11-22
| Design State : Routed
---------------------------------------------------------------------------------------------------------------------------------------------

Timing Summary Report

------------------------------------------------------------------------------------------------
| Timer Settings
| --------------
------------------------------------------------------------------------------------------------

  Enable Multi Corner Analysis               :  Yes
  Enable Pessimism Removal                   :  Yes
  Pessimism Removal Resolution               :  Nearest Common Node
  Enable Input Delay Default Clock           :  No
  Enable Preset / Clear Arcs                 :  No
  Disable Flight Delays                      :  No
  Ignore I/O Paths                           :  No
  Timing Early Launch at Borrowing Latches   :  No
  Borrow Time for Max Delay Exceptions       :  Yes
  Merge Timing Exceptions                    :  Yes
  Inter-SLR Compensation                     :  Conservative

  Corner  Analyze    Analyze    
  Name    Max Paths  Min Paths  
  ------  ---------  ---------  
  Slow    Yes        Yes        
  Fast    Yes        Yes        


------------------------------------------------------------------------------------------------
| Report Methodology
| ------------------
------------------------------------------------------------------------------------------------

No report available as report_methodology has not been run prior. Run report_methodology on the current design for the summary of methodology violations.



check_timing report

Table of Contents
-----------------
1. checking no_clock (0)
2. checking constant_clock (0)
3. checking pulse_width_clock (0)
4. checking unconstrained_internal_endpoints (0)
5. checking no_input_delay (50)
6. checking no_output_delay (37)
7. checking multiple_clock (0)
8. checking generated_clocks (0)
9. checking loops (0)
10. checking partial_input_delay (0)
11. checking partial_output_delay (0)
12. checking latch_loops (0)

1. checking no_clock (0)
------------------------
 There are 0 register/latch pins with no clock.


2. checking constant_clock (0)
------------------------------
 There are 0 register/latch pins with constant_clock.


3. checking pulse_width_clock (0)
---------------------------------
 There are 0 register/latch pins which need pulse_width check


4. checking unconstrained_internal_endpoints (0)
------------------------------------------------
 There are 0 pins that are not constrained for maximum delay.

 There are 0 pins that are not constrained for maximum delay due to constant clock.


5. checking no_input_delay (50)
-------------------------------
 There are 50 input ports with no input delay specified. (HIGH)

 There are 0 input ports with no input delay but user has a false path constraint.


6. checking no_output_delay (37)
--------------------------------
 There are 37 ports with no output delay specified. (HIGH)

 There are 0 ports with no output delay but user has a false path constraint

 There are 0 ports with no output delay but with a timing clock defined on it or propagating through it


7. checking multiple_clock (0)
------------------------------
 There are 0 register/latch pins with multiple clocks.


8. checking generated_clocks (0)
--------------------------------
 There are 0 generated clocks that are not connected to a clock source.


9. checking loops (0)
---------------------
 There are 0 combinational loops in the design.


10. checking partial_input_delay (0)
------------------------------------
 There are 0 input ports with partial input delay specified.


11. checking partial_output_delay (0)
-------------------------------------
 There are 0 ports with partial output delay specified.


12. checking latch_loops (0)
----------------------------
 There are 0 combinational latch loops in the design through latch input



------------------------------------------------------------------------------------------------
| Design Timing Summary
| ---------------------
------------------------------------------------------------------------------------------------

    WNS(ns)      TNS(ns)  TNS Failing Endpoints  TNS Total Endpoints      WHS(ns)      THS(ns)  THS Failing Endpoints  THS Total Endpoints     WPWS(ns)     TPWS(ns)  TPWS Failing Endpoints  TPWS Total Endpoints  
    -------      -------  ---------------------  -------------------      -------      -------  ---------------------  -------------------     --------     --------  ----------------------  --------------------  
      0.061        0.000                      0                50498        0.105        0.000                      0                50498        2.937        0.000                       0                 17123  


All user specified timing constraints are met.


------------------------------------------------------------------------------------------------
| Clock Summary
| -------------
------------------------------------------------------------------------------------------------

Clock         Waveform(ns)         Period(ns)      Frequency(MHz)
-----         ------------         ----------      --------------
fclk_clk0     {0.000 5.000}        10.000          100.000         
  atomik_clk  {0.000 3.438}        6.875           145.455         
  axi_clk     {0.000 5.000}        10.000          100.000         
  clkfb       {0.000 5.000}        10.000          100.000         


------------------------------------------------------------------------------------------------
| Intra Clock Table
| -----------------
------------------------------------------------------------------------------------------------

Clock             WNS(ns)      TNS(ns)  TNS Failing Endpoints  TNS Total Endpoints      WHS(ns)      THS(ns)  THS Failing Endpoints  THS Total Endpoints     WPWS(ns)     TPWS(ns)  TPWS Failing Endpoints  TPWS Total Endpoints  
-----             -------      -------  ---------------------  -------------------      -------      -------  ---------------------  -------------------     --------     --------  ----------------------  --------------------  
fclk_clk0                                                                                                                                                       3.000        0.000                       0                     1  
  atomik_clk        0.061        0.000                      0                49665        0.156        0.000                      0                49665        2.937        0.000                       0                 16637  
  axi_clk           4.567        0.000                      0                  833        0.105        0.000                      0                  833        4.500        0.000                       0                   483  
  clkfb                                                                                                                                                         8.751        0.000                       0                     2  


------------------------------------------------------------------------------------------------
| Inter Clock Table
| -----------------
------------------------------------------------------------------------------------------------

From Clock    To Clock          WNS(ns)      TNS(ns)  TNS Failing Endpoints  TNS Total Endpoints      WHS(ns)      THS(ns)  THS Failing Endpoints  THS Total Endpoints  
----------    --------          -------      -------  ---------------------  -------------------      -------      -------  ---------------------  -------------------  


------------------------------------------------------------------------------------------------
| Other Path Groups Table
| -----------------------
------------------------------------------------------------------------------------------------

Path Group    From Clock    To Clock          WNS(ns)      TNS(ns)  TNS Failing Endpoints  TNS Total Endpoints      WHS(ns)      THS(ns)  THS Failing Endpoints  THS Total Endpoints  
----------    ----------    --------          -------      -------  ---------------------  -------------------      -------      -------  ---------------------  -------------------  


------------------------------------------------------------------------------------------------
| Timing Details
| --------------
------------------------------------------------------------------------------------------------


---------------------------------------------------------------------------------------------------
From Clock:  fclk_clk0
  To Clock:  fclk_clk0

Setup :           NA  Failing Endpoints,  Worst Slack           NA  ,  Total Violation           NA
Hold  :           NA  Failing Endpoints,  Worst Slack           NA  ,  Total Violation           NA
PW    :            0  Failing Endpoints,  Worst Slack        3.000ns,  Total Violation        0.000ns
---------------------------------------------------------------------------------------------------


Pulse Width Checks
--------------------------------------------------------------------------------------
Clock Name:         fclk_clk0
Waveform(ns):       { 0.000 5.000 }
Period(ns):         10.000
Sources:            { fclk_clk0 }

Check Type        Corner  Lib Pin            Reference Pin  Required(ns)  Actual(ns)  Slack(ns)  Location         Pin
Min Period        n/a     MMCME2_ADV/CLKIN1  n/a            1.249         10.000      8.751      MMCME2_ADV_X1Y1  u_top/u_clk/u_mmcm/CLKIN1
Max Period        n/a     MMCME2_ADV/CLKIN1  n/a            100.000       10.000      90.000     MMCME2_ADV_X1Y1  u_top/u_clk/u_mmcm/CLKIN1
Low Pulse Width   Slow    MMCME2_ADV/CLKIN1  n/a            2.000         5.000       3.000      MMCME2_ADV_X1Y1  u_top/u_clk/u_mmcm/CLKIN1
High Pulse Width  Slow    MMCME2_ADV/CLKIN1  n/a            2.000         5.000       3.000      MMCME2_ADV_X1Y1  u_top/u_clk/u_mmcm/CLKIN1



---------------------------------------------------------------------------------------------------
From Clock:  atomik_clk
  To Clock:  atomik_clk

Setup :            0  Failing Endpoints,  Worst Slack        0.061ns,  Total Violation        0.000ns
Hold  :            0  Failing Endpoints,  Worst Slack        0.156ns,  Total Violation        0.000ns
PW    :            0  Failing Endpoints,  Worst Slack        2.937ns,  Total Violation        0.000ns
---------------------------------------------------------------------------------------------------


Max Delay Paths
--------------------------------------------------------------------------------------
Slack (MET) :             0.061ns  (required time - arrival time)
  Source:                 u_top/u_atomik/banks[72].bank_acc_reg[72][53]/C
                            (rising edge-triggered cell FDRE clocked by atomik_clk  {rise@0.000ns fall@3.438ns period=6.875ns})
  Destination:            u_top/u_cdc/core_resp_acc_zero_reg/D
                            (rising edge-triggered cell FDCE clocked by atomik_clk  {rise@0.000ns fall@3.438ns period=6.875ns})
  Path Group:             atomik_clk
  Path Type:              Setup (Max at Slow Process Corner)
  Requirement:            6.875ns  (atomik_clk rise@6.875ns - atomik_clk rise@0.000ns)
  Data Path Delay:        6.564ns  (logic 1.114ns (16.972%)  route 5.450ns (83.028%))
  Logic Levels:           7  (LUT4=1 LUT5=2 LUT6=4)
  Clock Path Skew:        -0.257ns (DCD - SCD + CPR)
    Destination Clock Delay (DCD):    4.767ns = ( 11.642 - 6.875 ) 
    Source Clock Delay      (SCD):    5.429ns
    Clock Pessimism Removal (CPR):    0.405ns
  Clock Uncertainty:      0.070ns  ((TSJ^2 + DJ^2)^1/2) / 2 + PE
    Total System Jitter     (TSJ):    0.071ns
    Discrete Jitter          (DJ):    0.120ns
    Phase Error              (PE):    0.000ns

    Location             Delay type                Incr(ns)  Path(ns)    Netlist Resource(s)
  -------------------------------------------------------------------    -------------------
                         (clock atomik_clk rise edge)
                                                      0.000     0.000 r  
    U14                                               0.000     0.000 r  fclk_clk0 (IN)
                         net (fo=0)                   0.000     0.000    fclk_clk0
    U14                  IBUF (Prop_ibuf_I_O)         1.007     1.007 r  fclk_clk0_IBUF_inst/O
                         net (fo=1, routed)           1.110     2.117    u_top/u_clk/fclk_clk0
    MMCME2_ADV_X1Y1      MMCME2_ADV (Prop_mmcme2_adv_CLKIN1_CLKOUT0)
                                                      0.077     2.194 r  u_top/u_clk/u_mmcm/CLKOUT0
                         net (fo=1, routed)           1.597     3.791    u_top/u_clk/clkout0_unbuf
    BUFGCTRL_X0Y16       BUFG (Prop_bufg_I_O)         0.085     3.876 r  u_top/u_clk/u_bufg_atomik/O
                         net (fo=16635, routed)       1.553     5.429    u_top/u_atomik/CLK
    SLICE_X33Y134        FDRE                                         r  u_top/u_atomik/banks[72].bank_acc_reg[72][53]/C
  -------------------------------------------------------------------    -------------------
    SLICE_X33Y134        FDRE (Prop_fdre_C_Q)         0.379     5.808 r  u_top/u_atomik/banks[72].bank_acc_reg[72][53]/Q
                         net (fo=3, routed)           0.828     6.635    u_top/u_atomik/banks[72].bank_acc_reg[72][63]_0[53]
    SLICE_X34Y133        LUT6 (Prop_lut6_I1_O)        0.105     6.740 r  u_top/u_atomik/i_1768_LOPT_REMAP/O
                         net (fo=1, routed)           1.174     7.914    u_top/u_atomik/i_1768/O_n
    SLICE_X37Y122        LUT6 (Prop_lut6_I2_O)        0.105     8.019 r  u_top/u_atomik/i_1766_LOPT_REMAP/O
                         net (fo=1, routed)           1.078     9.098    u_top/u_atomik/i_1766/O_n
    SLICE_X54Y108        LUT6 (Prop_lut6_I5_O)        0.105     9.203 r  u_top/u_atomik/i_1751_LOPT_REMAP/O
                         net (fo=1, routed)           0.919    10.122    u_top/u_atomik/i_1751/O_n
    SLICE_X63Y86         LUT6 (Prop_lut6_I4_O)        0.105    10.227 f  u_top/u_atomik/i_1743_LOPT_REMAP/O
                         net (fo=1, routed)           0.520    10.747    u_top/u_atomik/i_1743/O_n
    SLICE_X65Y86         LUT5 (Prop_lut5_I4_O)        0.105    10.852 f  u_top/u_atomik/i_1640_LOPT_REMAP/O
                         net (fo=1, routed)           0.515    11.367    u_top/u_atomik/i_1640/O_n
    SLICE_X67Y85         LUT5 (Prop_lut5_I2_O)        0.105    11.472 f  u_top/u_atomik/i_1639_LOPT_REMAP/O
                         net (fo=1, routed)           0.415    11.887    u_top/u_atomik/i_1639/O_n
    SLICE_X66Y85         LUT4 (Prop_lut4_I0_O)        0.105    11.992 r  u_top/u_atomik/i_0_LOPT_REMAP/O
                         net (fo=1, routed)           0.000    11.992    u_top/u_cdc/acc_zero
    SLICE_X66Y85         FDCE                                         r  u_top/u_cdc/core_resp_acc_zero_reg/D
  -------------------------------------------------------------------    -------------------

                         (clock atomik_clk rise edge)
                                                      6.875     6.875 r  
    U14                                               0.000     6.875 r  fclk_clk0 (IN)
                         net (fo=0)                   0.000     6.875    fclk_clk0
    U14                  IBUF (Prop_ibuf_I_O)         0.875     7.750 r  fclk_clk0_IBUF_inst/O
                         net (fo=1, routed)           1.004     8.753    u_top/u_clk/fclk_clk0
    MMCME2_ADV_X1Y1      MMCME2_ADV (Prop_mmcme2_adv_CLKIN1_CLKOUT0)
                                                      0.073     8.826 r  u_top/u_clk/u_mmcm/CLKOUT0
                         net (fo=1, routed)           1.454    10.281    u_top/u_clk/clkout0_unbuf
    BUFGCTRL_X0Y16       BUFG (Prop_bufg_I_O)         0.077    10.358 r  u_top/u_clk/u_bufg_atomik/O
                         net (fo=16635, routed)       1.284    11.642    u_top/u_cdc/FSM_onehot_core_state_reg[0]_0
    SLICE_X66Y85         FDCE                                         r  u_top/u_cdc/core_resp_acc_zero_reg/C
                         clock pessimism              0.405    12.047    
                         clock uncertainty           -0.070    11.977    
    SLICE_X66Y85         FDCE (Setup_fdce_C_D)        0.076    12.053    u_top/u_cdc/core_resp_acc_zero_reg
  -------------------------------------------------------------------
                         required time                         12.053    
                         arrival time                         -11.992    
  -------------------------------------------------------------------
                         slack                                  0.061    





Min Delay Paths
--------------------------------------------------------------------------------------
Slack (MET) :             0.156ns  (arrival time - required time)
  Source:                 u_top/u_atomik/active_addr_reg[3]/C
                            (rising edge-triggered cell FDRE clocked by atomik_clk  {rise@0.000ns fall@3.438ns period=6.875ns})
  Destination:            u_top/u_atomik/swap_addr_reg[3]/D
                            (rising edge-triggered cell FDRE clocked by atomik_clk  {rise@0.000ns fall@3.438ns period=6.875ns})
  Path Group:             atomik_clk
  Path Type:              Hold (Min at Fast Process Corner)
  Requirement:            0.000ns  (atomik_clk rise@0.000ns - atomik_clk rise@0.000ns)
  Data Path Delay:        0.266ns  (logic 0.141ns (52.930%)  route 0.125ns (47.070%))
  Logic Levels:           0  
  Clock Path Skew:        0.034ns (DCD - SCD - CPR)
    Destination Clock Delay (DCD):    2.477ns
    Source Clock Delay      (SCD):    1.926ns
    Clock Pessimism Removal (CPR):    0.517ns

    Location             Delay type                Incr(ns)  Path(ns)    Netlist Resource(s)
  -------------------------------------------------------------------    -------------------
                         (clock atomik_clk rise edge)
                                                      0.000     0.000 r  
    U14                                               0.000     0.000 r  fclk_clk0 (IN)
                         net (fo=0)                   0.000     0.000    fclk_clk0
    U14                  IBUF (Prop_ibuf_I_O)         0.302     0.302 r  fclk_clk0_IBUF_inst/O
                         net (fo=1, routed)           0.440     0.742    u_top/u_clk/fclk_clk0
    MMCME2_ADV_X1Y1      MMCME2_ADV (Prop_mmcme2_adv_CLKIN1_CLKOUT0)
                                                      0.050     0.792 r  u_top/u_clk/u_mmcm/CLKOUT0
                         net (fo=1, routed)           0.529     1.321    u_top/u_clk/clkout0_unbuf
    BUFGCTRL_X0Y16       BUFG (Prop_bufg_I_O)         0.026     1.347 r  u_top/u_clk/u_bufg_atomik/O
                         net (fo=16635, routed)       0.579     1.926    u_top/u_atomik/CLK
    SLICE_X80Y85         FDRE                                         r  u_top/u_atomik/active_addr_reg[3]/C
  -------------------------------------------------------------------    -------------------
    SLICE_X80Y85         FDRE (Prop_fdre_C_Q)         0.141     2.067 r  u_top/u_atomik/active_addr_reg[3]/Q
                         net (fo=2, routed)           0.125     2.192    u_top/u_atomik/active_addr[3]
    SLICE_X82Y85         FDRE                                         r  u_top/u_atomik/swap_addr_reg[3]/D
  -------------------------------------------------------------------    -------------------

                         (clock atomik_clk rise edge)
                                                      0.000     0.000 r  
    U14                                               0.000     0.000 r  fclk_clk0 (IN)
                         net (fo=0)                   0.000     0.000    fclk_clk0
    U14                  IBUF (Prop_ibuf_I_O)         0.492     0.492 r  fclk_clk0_IBUF_inst/O
                         net (fo=1, routed)           0.480     0.972    u_top/u_clk/fclk_clk0
    MMCME2_ADV_X1Y1      MMCME2_ADV (Prop_mmcme2_adv_CLKIN1_CLKOUT0)
                                                      0.053     1.025 r  u_top/u_clk/u_mmcm/CLKOUT0
                         net (fo=1, routed)           0.576     1.601    u_top/u_clk/clkout0_unbuf
    BUFGCTRL_X0Y16       BUFG (Prop_bufg_I_O)         0.029     1.630 r  u_top/u_clk/u_bufg_atomik/O
                         net (fo=16635, routed)       0.847     2.477    u_top/u_atomik/CLK
    SLICE_X82Y85         FDRE                                         r  u_top/u_atomik/swap_addr_reg[3]/C
                         clock pessimism             -0.517     1.960    
    SLICE_X82Y85         FDRE (Hold_fdre_C_D)         0.076     2.036    u_top/u_atomik/swap_addr_reg[3]
  -------------------------------------------------------------------
                         required time                         -2.036    
                         arrival time                           2.192    
  -------------------------------------------------------------------
                         slack                                  0.156    





Pulse Width Checks
--------------------------------------------------------------------------------------
Clock Name:         atomik_clk
Waveform(ns):       { 0.000 3.438 }
Period(ns):         6.875
Sources:            { u_top/u_clk/u_mmcm/CLKOUT0 }

Check Type        Corner  Lib Pin             Reference Pin  Required(ns)  Actual(ns)  Slack(ns)  Location         Pin
Min Period        n/a     RAMB36E1/CLKARDCLK  n/a            2.472         6.875       4.403      RAMB36_X3Y17     u_top/u_atomik/u_state_bram/xpm_memory_base_inst/gen_wr_a.gen_word_narrow.mem_reg/CLKARDCLK
Max Period        n/a     MMCME2_ADV/CLKOUT0  n/a            213.360       6.875       206.485    MMCME2_ADV_X1Y1  u_top/u_clk/u_mmcm/CLKOUT0
Low Pulse Width   Slow    FDRE/C              n/a            0.500         3.438       2.938      SLICE_X80Y85     u_top/u_atomik/active_addr_reg[0]/C
High Pulse Width  Slow    FDRE/C              n/a            0.500         3.437       2.937      SLICE_X80Y85     u_top/u_atomik/active_addr_reg[0]/C



---------------------------------------------------------------------------------------------------
From Clock:  axi_clk
  To Clock:  axi_clk

Setup :            0  Failing Endpoints,  Worst Slack        4.567ns,  Total Violation        0.000ns
Hold  :            0  Failing Endpoints,  Worst Slack        0.105ns,  Total Violation        0.000ns
PW    :            0  Failing Endpoints,  Worst Slack        4.500ns,  Total Violation        0.000ns
---------------------------------------------------------------------------------------------------


Max Delay Paths
--------------------------------------------------------------------------------------
Slack (MET) :             4.567ns  (required time - arrival time)
  Source:                 u_top/u_wrapper/ar_addr_reg_reg[5]/C
                            (rising edge-triggered cell FDRE clocked by axi_clk  {rise@0.000ns fall@5.000ns period=10.000ns})
  Destination:            u_top/u_wrapper/state_snapshot_reg[35]/CE
                            (rising edge-triggered cell FDRE clocked by axi_clk  {rise@0.000ns fall@5.000ns period=10.000ns})
  Path Group:             axi_clk
  Path Type:              Setup (Max at Slow Process Corner)
  Requirement:            10.000ns  (axi_clk rise@10.000ns - axi_clk rise@0.000ns)
  Data Path Delay:        5.044ns  (logic 0.757ns (15.009%)  route 4.287ns (84.991%))
  Logic Levels:           2  (LUT3=1 LUT6=1)
  Clock Path Skew:        -0.018ns (DCD - SCD + CPR)
    Destination Clock Delay (DCD):    4.777ns = ( 14.777 - 10.000 ) 
    Source Clock Delay      (SCD):    5.317ns
    Clock Pessimism Removal (CPR):    0.522ns
  Clock Uncertainty:      0.074ns  ((TSJ^2 + DJ^2)^1/2) / 2 + PE
    Total System Jitter     (TSJ):    0.071ns
    Discrete Jitter          (DJ):    0.129ns
    Phase Error              (PE):    0.000ns

    Location             Delay type                Incr(ns)  Path(ns)    Netlist Resource(s)
  -------------------------------------------------------------------    -------------------
                         (clock axi_clk rise edge)    0.000     0.000 r  
    U14                                               0.000     0.000 r  fclk_clk0 (IN)
                         net (fo=0)                   0.000     0.000    fclk_clk0
    U14                  IBUF (Prop_ibuf_I_O)         1.007     1.007 r  fclk_clk0_IBUF_inst/O
                         net (fo=1, routed)           1.110     2.117    u_top/u_clk/fclk_clk0
    MMCME2_ADV_X1Y1      MMCME2_ADV (Prop_mmcme2_adv_CLKIN1_CLKOUT1)
                                                      0.077     2.194 r  u_top/u_clk/u_mmcm/CLKOUT1
                         net (fo=1, routed)           1.597     3.791    u_top/u_clk/clkout1_unbuf
    BUFGCTRL_X0Y17       BUFG (Prop_bufg_I_O)         0.085     3.876 r  u_top/u_clk/u_bufg_axi/O
                         net (fo=481, routed)         1.441     5.317    u_top/u_wrapper/CLK
    SLICE_X82Y82         FDRE                                         r  u_top/u_wrapper/ar_addr_reg_reg[5]/C
  -------------------------------------------------------------------    -------------------
    SLICE_X82Y82         FDRE (Prop_fdre_C_Q)         0.398     5.715 f  u_top/u_wrapper/ar_addr_reg_reg[5]/Q
                         net (fo=3, routed)           1.385     7.099    u_top/u_wrapper/ar_addr_reg[5]
    SLICE_X97Y84         LUT6 (Prop_lut6_I0_O)        0.235     7.334 r  u_top/u_wrapper/state_snapshot[63]_i_2/O
                         net (fo=1, routed)           1.011     8.345    u_top/u_wrapper/acc_zero_snapshot
    SLICE_X111Y84        LUT3 (Prop_lut3_I2_O)        0.124     8.469 r  u_top/u_wrapper/state_snapshot[63]_i_1/O
                         net (fo=33, routed)          1.891    10.360    u_top/u_wrapper/state_snapshot[0]
    SLICE_X82Y97         FDRE                                         r  u_top/u_wrapper/state_snapshot_reg[35]/CE
  -------------------------------------------------------------------    -------------------

                         (clock axi_clk rise edge)   10.000    10.000 r  
    U14                                               0.000    10.000 r  fclk_clk0 (IN)
                         net (fo=0)                   0.000    10.000    fclk_clk0
    U14                  IBUF (Prop_ibuf_I_O)         0.875    10.875 r  fclk_clk0_IBUF_inst/O
                         net (fo=1, routed)           1.004    11.878    u_top/u_clk/fclk_clk0
    MMCME2_ADV_X1Y1      MMCME2_ADV (Prop_mmcme2_adv_CLKIN1_CLKOUT1)
                                                      0.073    11.951 r  u_top/u_clk/u_mmcm/CLKOUT1
                         net (fo=1, routed)           1.454    13.406    u_top/u_clk/clkout1_unbuf
    BUFGCTRL_X0Y17       BUFG (Prop_bufg_I_O)         0.077    13.483 r  u_top/u_clk/u_bufg_axi/O
                         net (fo=481, routed)         1.294    14.777    u_top/u_wrapper/CLK
    SLICE_X82Y97         FDRE                                         r  u_top/u_wrapper/state_snapshot_reg[35]/C
                         clock pessimism              0.522    15.299    
                         clock uncertainty           -0.074    15.225    
    SLICE_X82Y97         FDRE (Setup_fdre_C_CE)      -0.298    14.927    u_top/u_wrapper/state_snapshot_reg[35]
  -------------------------------------------------------------------
                         required time                         14.927    
                         arrival time                         -10.360    
  -------------------------------------------------------------------
                         slack                                  4.567    





Min Delay Paths
--------------------------------------------------------------------------------------
Slack (MET) :             0.105ns  (arrival time - required time)
  Source:                 u_top/u_wrapper/cached_state_reg[1]/C
                            (rising edge-triggered cell FDRE clocked by axi_clk  {rise@0.000ns fall@5.000ns period=10.000ns})
  Destination:            u_top/u_wrapper/s_axi_rdata_reg[1]/D
                            (rising edge-triggered cell FDRE clocked by axi_clk  {rise@0.000ns fall@5.000ns period=10.000ns})
  Path Group:             axi_clk
  Path Type:              Hold (Min at Fast Process Corner)
  Requirement:            0.000ns  (axi_clk rise@0.000ns - axi_clk rise@0.000ns)
  Data Path Delay:        0.239ns  (logic 0.186ns (77.679%)  route 0.053ns (22.321%))
  Logic Levels:           1  (LUT5=1)
  Clock Path Skew:        0.013ns (DCD - SCD - CPR)
    Destination Clock Delay (DCD):    2.503ns
    Source Clock Delay      (SCD):    1.951ns
    Clock Pessimism Removal (CPR):    0.539ns

    Location             Delay type                Incr(ns)  Path(ns)    Netlist Resource(s)
  -------------------------------------------------------------------    -------------------
                         (clock axi_clk rise edge)    0.000     0.000 r  
    U14                                               0.000     0.000 r  fclk_clk0 (IN)
                         net (fo=0)                   0.000     0.000    fclk_clk0
    U14                  IBUF (Prop_ibuf_I_O)         0.302     0.302 r  fclk_clk0_IBUF_inst/O
                         net (fo=1, routed)           0.440     0.742    u_top/u_clk/fclk_clk0
    MMCME2_ADV_X1Y1      MMCME2_ADV (Prop_mmcme2_adv_CLKIN1_CLKOUT1)
                                                      0.050     0.792 r  u_top/u_clk/u_mmcm/CLKOUT1
                         net (fo=1, routed)           0.529     1.321    u_top/u_clk/clkout1_unbuf
    BUFGCTRL_X0Y17       BUFG (Prop_bufg_I_O)         0.026     1.347 r  u_top/u_clk/u_bufg_axi/O
                         net (fo=481, routed)         0.604     1.951    u_top/u_wrapper/CLK
    SLICE_X101Y85        FDRE                                         r  u_top/u_wrapper/cached_state_reg[1]/C
  -------------------------------------------------------------------    -------------------
    SLICE_X101Y85        FDRE (Prop_fdre_C_Q)         0.141     2.092 r  u_top/u_wrapper/cached_state_reg[1]/Q
                         net (fo=1, routed)           0.053     2.146    u_top/u_wrapper/cached_state[1]
    SLICE_X100Y85        LUT5 (Prop_lut5_I4_O)        0.045     2.191 r  u_top/u_wrapper/s_axi_rdata[1]_i_1/O
                         net (fo=1, routed)           0.000     2.191    u_top/u_wrapper/s_axi_rdata_2[1]
    SLICE_X100Y85        FDRE                                         r  u_top/u_wrapper/s_axi_rdata_reg[1]/D
  -------------------------------------------------------------------    -------------------

                         (clock axi_clk rise edge)    0.000     0.000 r  
    U14                                               0.000     0.000 r  fclk_clk0 (IN)
                         net (fo=0)                   0.000     0.000    fclk_clk0
    U14                  IBUF (Prop_ibuf_I_O)         0.492     0.492 r  fclk_clk0_IBUF_inst/O
                         net (fo=1, routed)           0.480     0.972    u_top/u_clk/fclk_clk0
    MMCME2_ADV_X1Y1      MMCME2_ADV (Prop_mmcme2_adv_CLKIN1_CLKOUT1)
                                                      0.053     1.025 r  u_top/u_clk/u_mmcm/CLKOUT1
                         net (fo=1, routed)           0.576     1.601    u_top/u_clk/clkout1_unbuf
    BUFGCTRL_X0Y17       BUFG (Prop_bufg_I_O)         0.029     1.630 r  u_top/u_clk/u_bufg_axi/O
                         net (fo=481, routed)         0.873     2.503    u_top/u_wrapper/CLK
    SLICE_X100Y85        FDRE                                         r  u_top/u_wrapper/s_axi_rdata_reg[1]/C
                         clock pessimism             -0.539     1.964    
    SLICE_X100Y85        FDRE (Hold_fdre_C_D)         0.121     2.085    u_top/u_wrapper/s_axi_rdata_reg[1]
  -------------------------------------------------------------------
                         required time                         -2.085    
                         arrival time                           2.191    
  -------------------------------------------------------------------
                         slack                                  0.105    





Pulse Width Checks
--------------------------------------------------------------------------------------
Clock Name:         axi_clk
Waveform(ns):       { 0.000 5.000 }
Period(ns):         10.000
Sources:            { u_top/u_clk/u_mmcm/CLKOUT1 }

Check Type        Corner  Lib Pin             Reference Pin  Required(ns)  Actual(ns)  Slack(ns)  Location         Pin
Min Period        n/a     BUFG/I              n/a            1.592         10.000      8.408      BUFGCTRL_X0Y17   u_top/u_clk/u_bufg_axi/I
Max Period        n/a     MMCME2_ADV/CLKOUT1  n/a            213.360       10.000      203.360    MMCME2_ADV_X1Y1  u_top/u_clk/u_mmcm/CLKOUT1
Low Pulse Width   Slow    FDPE/C              n/a            0.500         5.000       4.500      SLICE_X113Y88    u_top/u_cdc/FSM_onehot_axi_state_reg[0]/C
High Pulse Width  Slow    FDPE/C              n/a            0.500         5.000       4.500      SLICE_X113Y88    u_top/u_cdc/FSM_onehot_axi_state_reg[0]/C



---------------------------------------------------------------------------------------------------
From Clock:  clkfb
  To Clock:  clkfb

Setup :           NA  Failing Endpoints,  Worst Slack           NA  ,  Total Violation           NA
Hold  :           NA  Failing Endpoints,  Worst Slack           NA  ,  Total Violation           NA
PW    :            0  Failing Endpoints,  Worst Slack        8.751ns,  Total Violation        0.000ns
---------------------------------------------------------------------------------------------------


Pulse Width Checks
--------------------------------------------------------------------------------------
Clock Name:         clkfb
Waveform(ns):       { 0.000 5.000 }
Period(ns):         10.000
Sources:            { u_top/u_clk/u_mmcm/CLKFBOUT }

Check Type  Corner  Lib Pin              Reference Pin  Required(ns)  Actual(ns)  Slack(ns)  Location         Pin
Min Period  n/a     MMCME2_ADV/CLKFBOUT  n/a            1.249         10.000      8.751      MMCME2_ADV_X1Y1  u_top/u_clk/u_mmcm/CLKFBOUT
Max Period  n/a     MMCME2_ADV/CLKFBIN   n/a            100.000       10.000      90.000     MMCME2_ADV_X1Y1  u_top/u_clk/u_mmcm/CLKFBIN



