Copyright 1986-2022 Xilinx, Inc. All Rights Reserved. Copyright 2022-2025 Advanced Micro Devices, Inc. All Rights Reserved.
---------------------------------------------------------------------------------------------------------------------------------------------
| Tool Version : Vivado v.2025.2 (lin64) Build 6299465 Fri Nov 14 12:34:56 MST 2025
| Date         : Fri Mar 13 15:24:26 2026
| Host         : Jarvis running 64-bit Ubuntu 24.04.4 LTS
| Command      : report_timing_summary -file /home/mattrock/Projects/ATOMiK/hardware/zynq/sweep/reports/timing_N64_F210p5_baseline.rpt
| Design       : sweep_top_N64_F210p5_baseline
| Device       : 7z020-clg400
| Speed File   : -2  PRODUCTION 1.12 2019-11-22
| Design State : Routed
---------------------------------------------------------------------------------------------------------------------------------------------

Timing Summary Report

------------------------------------------------------------------------------------------------
| Timer Settings
| --------------
------------------------------------------------------------------------------------------------

  Enable Multi Corner Analysis               :  Yes
  Enable Pessimism Removal                   :  Yes
  Pessimism Removal Resolution               :  Nearest Common Node
  Enable Input Delay Default Clock           :  No
  Enable Preset / Clear Arcs                 :  No
  Disable Flight Delays                      :  No
  Ignore I/O Paths                           :  No
  Timing Early Launch at Borrowing Latches   :  No
  Borrow Time for Max Delay Exceptions       :  Yes
  Merge Timing Exceptions                    :  Yes
  Inter-SLR Compensation                     :  Conservative

  Corner  Analyze    Analyze    
  Name    Max Paths  Min Paths  
  ------  ---------  ---------  
  Slow    Yes        Yes        
  Fast    Yes        Yes        


------------------------------------------------------------------------------------------------
| Report Methodology
| ------------------
------------------------------------------------------------------------------------------------

No report available as report_methodology has not been run prior. Run report_methodology on the current design for the summary of methodology violations.



check_timing report

Table of Contents
-----------------
1. checking no_clock (0)
2. checking constant_clock (0)
3. checking pulse_width_clock (0)
4. checking unconstrained_internal_endpoints (0)
5. checking no_input_delay (50)
6. checking no_output_delay (37)
7. checking multiple_clock (0)
8. checking generated_clocks (0)
9. checking loops (0)
10. checking partial_input_delay (0)
11. checking partial_output_delay (0)
12. checking latch_loops (0)

1. checking no_clock (0)
------------------------
 There are 0 register/latch pins with no clock.


2. checking constant_clock (0)
------------------------------
 There are 0 register/latch pins with constant_clock.


3. checking pulse_width_clock (0)
---------------------------------
 There are 0 register/latch pins which need pulse_width check


4. checking unconstrained_internal_endpoints (0)
------------------------------------------------
 There are 0 pins that are not constrained for maximum delay.

 There are 0 pins that are not constrained for maximum delay due to constant clock.


5. checking no_input_delay (50)
-------------------------------
 There are 50 input ports with no input delay specified. (HIGH)

 There are 0 input ports with no input delay but user has a false path constraint.


6. checking no_output_delay (37)
--------------------------------
 There are 37 ports with no output delay specified. (HIGH)

 There are 0 ports with no output delay but user has a false path constraint

 There are 0 ports with no output delay but with a timing clock defined on it or propagating through it


7. checking multiple_clock (0)
------------------------------
 There are 0 register/latch pins with multiple clocks.


8. checking generated_clocks (0)
--------------------------------
 There are 0 generated clocks that are not connected to a clock source.


9. checking loops (0)
---------------------
 There are 0 combinational loops in the design.


10. checking partial_input_delay (0)
------------------------------------
 There are 0 input ports with partial input delay specified.


11. checking partial_output_delay (0)
-------------------------------------
 There are 0 ports with partial output delay specified.


12. checking latch_loops (0)
----------------------------
 There are 0 combinational latch loops in the design through latch input



------------------------------------------------------------------------------------------------
| Design Timing Summary
| ---------------------
------------------------------------------------------------------------------------------------

    WNS(ns)      TNS(ns)  TNS Failing Endpoints  TNS Total Endpoints      WHS(ns)      THS(ns)  THS Failing Endpoints  THS Total Endpoints     WPWS(ns)     TPWS(ns)  TPWS Failing Endpoints  TPWS Total Endpoints  
    -------      -------  ---------------------  -------------------      -------      -------  ---------------------  -------------------     --------     --------  ----------------------  --------------------  
     -0.193       -0.387                      5                13626        0.115        0.000                      0                13626        1.875        0.000                       0                  4834  


Timing constraints are not met.


------------------------------------------------------------------------------------------------
| Clock Summary
| -------------
------------------------------------------------------------------------------------------------

Clock         Waveform(ns)         Period(ns)      Frequency(MHz)
-----         ------------         ----------      --------------
fclk_clk0     {0.000 5.000}        10.000          100.000         
  atomik_clk  {0.000 2.375}        4.750           210.526         
  axi_clk     {0.000 5.000}        10.000          100.000         
  clkfb       {0.000 5.000}        10.000          100.000         


------------------------------------------------------------------------------------------------
| Intra Clock Table
| -----------------
------------------------------------------------------------------------------------------------

Clock             WNS(ns)      TNS(ns)  TNS Failing Endpoints  TNS Total Endpoints      WHS(ns)      THS(ns)  THS Failing Endpoints  THS Total Endpoints     WPWS(ns)     TPWS(ns)  TPWS Failing Endpoints  TPWS Total Endpoints  
-----             -------      -------  ---------------------  -------------------      -------      -------  ---------------------  -------------------     --------     --------  ----------------------  --------------------  
fclk_clk0                                                                                                                                                       3.000        0.000                       0                     1  
  atomik_clk       -0.193       -0.387                      5                12793        0.119        0.000                      0                12793        1.875        0.000                       0                  4348  
  axi_clk           5.550        0.000                      0                  833        0.115        0.000                      0                  833        4.500        0.000                       0                   483  
  clkfb                                                                                                                                                         8.751        0.000                       0                     2  


------------------------------------------------------------------------------------------------
| Inter Clock Table
| -----------------
------------------------------------------------------------------------------------------------

From Clock    To Clock          WNS(ns)      TNS(ns)  TNS Failing Endpoints  TNS Total Endpoints      WHS(ns)      THS(ns)  THS Failing Endpoints  THS Total Endpoints  
----------    --------          -------      -------  ---------------------  -------------------      -------      -------  ---------------------  -------------------  


------------------------------------------------------------------------------------------------
| Other Path Groups Table
| -----------------------
------------------------------------------------------------------------------------------------

Path Group    From Clock    To Clock          WNS(ns)      TNS(ns)  TNS Failing Endpoints  TNS Total Endpoints      WHS(ns)      THS(ns)  THS Failing Endpoints  THS Total Endpoints  
----------    ----------    --------          -------      -------  ---------------------  -------------------      -------      -------  ---------------------  -------------------  


------------------------------------------------------------------------------------------------
| Timing Details
| --------------
------------------------------------------------------------------------------------------------


---------------------------------------------------------------------------------------------------
From Clock:  fclk_clk0
  To Clock:  fclk_clk0

Setup :           NA  Failing Endpoints,  Worst Slack           NA  ,  Total Violation           NA
Hold  :           NA  Failing Endpoints,  Worst Slack           NA  ,  Total Violation           NA
PW    :            0  Failing Endpoints,  Worst Slack        3.000ns,  Total Violation        0.000ns
---------------------------------------------------------------------------------------------------


Pulse Width Checks
--------------------------------------------------------------------------------------
Clock Name:         fclk_clk0
Waveform(ns):       { 0.000 5.000 }
Period(ns):         10.000
Sources:            { fclk_clk0 }

Check Type        Corner  Lib Pin            Reference Pin  Required(ns)  Actual(ns)  Slack(ns)  Location         Pin
Min Period        n/a     MMCME2_ADV/CLKIN1  n/a            1.249         10.000      8.751      MMCME2_ADV_X1Y1  u_top/u_clk/u_mmcm/CLKIN1
Max Period        n/a     MMCME2_ADV/CLKIN1  n/a            100.000       10.000      90.000     MMCME2_ADV_X1Y1  u_top/u_clk/u_mmcm/CLKIN1
Low Pulse Width   Slow    MMCME2_ADV/CLKIN1  n/a            2.000         5.000       3.000      MMCME2_ADV_X1Y1  u_top/u_clk/u_mmcm/CLKIN1
High Pulse Width  Slow    MMCME2_ADV/CLKIN1  n/a            2.000         5.000       3.000      MMCME2_ADV_X1Y1  u_top/u_clk/u_mmcm/CLKIN1



---------------------------------------------------------------------------------------------------
From Clock:  atomik_clk
  To Clock:  atomik_clk

Setup :            5  Failing Endpoints,  Worst Slack       -0.193ns,  Total Violation       -0.387ns
Hold  :            0  Failing Endpoints,  Worst Slack        0.119ns,  Total Violation        0.000ns
PW    :            0  Failing Endpoints,  Worst Slack        1.875ns,  Total Violation        0.000ns
---------------------------------------------------------------------------------------------------


Max Delay Paths
--------------------------------------------------------------------------------------
Slack (VIOLATED) :        -0.193ns  (required time - arrival time)
  Source:                 u_top/u_atomik/banks[10].bank_acc_reg[10][18]/C
                            (rising edge-triggered cell FDRE clocked by atomik_clk  {rise@0.000ns fall@2.375ns period=4.750ns})
  Destination:            u_top/u_cdc/core_resp_acc_zero_reg/D
                            (rising edge-triggered cell FDCE clocked by atomik_clk  {rise@0.000ns fall@2.375ns period=4.750ns})
  Path Group:             atomik_clk
  Path Type:              Setup (Max at Slow Process Corner)
  Requirement:            4.750ns  (atomik_clk rise@4.750ns - atomik_clk rise@0.000ns)
  Data Path Delay:        4.890ns  (logic 1.063ns (21.736%)  route 3.827ns (78.264%))
  Logic Levels:           6  (LUT4=2 LUT6=4)
  Clock Path Skew:        -0.016ns (DCD - SCD + CPR)
    Destination Clock Delay (DCD):    4.978ns = ( 9.728 - 4.750 ) 
    Source Clock Delay      (SCD):    5.498ns
    Clock Pessimism Removal (CPR):    0.504ns
  Clock Uncertainty:      0.066ns  ((TSJ^2 + DJ^2)^1/2) / 2 + PE
    Total System Jitter     (TSJ):    0.071ns
    Discrete Jitter          (DJ):    0.112ns
    Phase Error              (PE):    0.000ns

    Location             Delay type                Incr(ns)  Path(ns)    Netlist Resource(s)
  -------------------------------------------------------------------    -------------------
                         (clock atomik_clk rise edge)
                                                      0.000     0.000 r  
    U14                                               0.000     0.000 r  fclk_clk0 (IN)
                         net (fo=0)                   0.000     0.000    fclk_clk0
    U14                  IBUF (Prop_ibuf_I_O)         1.007     1.007 r  fclk_clk0_IBUF_inst/O
                         net (fo=1, routed)           1.110     2.117    u_top/u_clk/fclk_clk0
    MMCME2_ADV_X1Y1      MMCME2_ADV (Prop_mmcme2_adv_CLKIN1_CLKOUT0)
                                                      0.077     2.194 r  u_top/u_clk/u_mmcm/CLKOUT0
                         net (fo=1, routed)           1.597     3.791    u_top/u_clk/clkout0_unbuf
    BUFGCTRL_X0Y16       BUFG (Prop_bufg_I_O)         0.085     3.876 r  u_top/u_clk/u_bufg_atomik/O
                         net (fo=4346, routed)        1.622     5.498    u_top/u_atomik/CLK
    SLICE_X86Y102        FDRE                                         r  u_top/u_atomik/banks[10].bank_acc_reg[10][18]/C
  -------------------------------------------------------------------    -------------------
    SLICE_X86Y102        FDRE (Prop_fdre_C_Q)         0.433     5.931 r  u_top/u_atomik/banks[10].bank_acc_reg[10][18]/Q
                         net (fo=2, routed)           0.708     6.638    u_top/u_atomik/banks[10].bank_acc_reg[10][63]_0[18]
    SLICE_X86Y105        LUT4 (Prop_lut4_I2_O)        0.105     6.743 r  u_top/u_atomik/swap_data[18]_i_14/O
                         net (fo=1, routed)           0.848     7.591    u_top/u_atomik/swap_data[18]_i_14_n_0
    SLICE_X90Y107        LUT4 (Prop_lut4_I1_O)        0.105     7.696 r  u_top/u_atomik/swap_data[18]_i_7/O
                         net (fo=1, routed)           0.643     8.339    u_top/u_atomik/swap_data[18]_i_7_n_0
    SLICE_X90Y108        LUT6 (Prop_lut6_I4_O)        0.105     8.444 f  u_top/u_atomik/swap_data[18]_i_2/O
                         net (fo=2, routed)           0.846     9.290    u_top/u_atomik/p_64_in[18]
    SLICE_X95Y115        LUT6 (Prop_lut6_I0_O)        0.105     9.395 r  u_top/u_atomik/core_resp_acc_zero_i_12/O
                         net (fo=1, routed)           0.667    10.062    u_top/u_atomik/core_resp_acc_zero_i_12_n_0
    SLICE_X97Y116        LUT6 (Prop_lut6_I4_O)        0.105    10.167 r  u_top/u_atomik/core_resp_acc_zero_i_5/O
                         net (fo=1, routed)           0.116    10.283    u_top/u_atomik/core_resp_acc_zero_i_5_n_0
    SLICE_X97Y116        LUT6 (Prop_lut6_I3_O)        0.105    10.388 r  u_top/u_atomik/core_resp_acc_zero_i_1_comp/O
                         net (fo=1, routed)           0.000    10.388    u_top/u_cdc/acc_zero
    SLICE_X97Y116        FDCE                                         r  u_top/u_cdc/core_resp_acc_zero_reg/D
  -------------------------------------------------------------------    -------------------

                         (clock atomik_clk rise edge)
                                                      4.750     4.750 r  
    U14                                               0.000     4.750 r  fclk_clk0 (IN)
                         net (fo=0)                   0.000     4.750    fclk_clk0
    U14                  IBUF (Prop_ibuf_I_O)         0.875     5.625 r  fclk_clk0_IBUF_inst/O
                         net (fo=1, routed)           1.004     6.628    u_top/u_clk/fclk_clk0
    MMCME2_ADV_X1Y1      MMCME2_ADV (Prop_mmcme2_adv_CLKIN1_CLKOUT0)
                                                      0.073     6.701 r  u_top/u_clk/u_mmcm/CLKOUT0
                         net (fo=1, routed)           1.454     8.156    u_top/u_clk/clkout0_unbuf
    BUFGCTRL_X0Y16       BUFG (Prop_bufg_I_O)         0.077     8.233 r  u_top/u_clk/u_bufg_atomik/O
                         net (fo=4346, routed)        1.495     9.728    u_top/u_cdc/FSM_onehot_core_state_reg[0]_0
    SLICE_X97Y116        FDCE                                         r  u_top/u_cdc/core_resp_acc_zero_reg/C
                         clock pessimism              0.504    10.232    
                         clock uncertainty           -0.066    10.165    
    SLICE_X97Y116        FDCE (Setup_fdce_C_D)        0.030    10.195    u_top/u_cdc/core_resp_acc_zero_reg
  -------------------------------------------------------------------
                         required time                         10.195    
                         arrival time                         -10.388    
  -------------------------------------------------------------------
                         slack                                 -0.193    





Min Delay Paths
--------------------------------------------------------------------------------------
Slack (MET) :             0.119ns  (arrival time - required time)
  Source:                 u_top/u_cdc/core_delta_reg[38]/C
                            (rising edge-triggered cell FDCE clocked by atomik_clk  {rise@0.000ns fall@2.375ns period=4.750ns})
  Destination:            u_top/u_atomik/banks[12].bank_acc_reg[12][38]/D
                            (rising edge-triggered cell FDRE clocked by atomik_clk  {rise@0.000ns fall@2.375ns period=4.750ns})
  Path Group:             atomik_clk
  Path Type:              Hold (Min at Fast Process Corner)
  Requirement:            0.000ns  (atomik_clk rise@0.000ns - atomik_clk rise@0.000ns)
  Data Path Delay:        0.568ns  (logic 0.209ns (36.787%)  route 0.359ns (63.213%))
  Logic Levels:           1  (LUT2=1)
  Clock Path Skew:        0.328ns (DCD - SCD - CPR)
    Destination Clock Delay (DCD):    2.570ns
    Source Clock Delay      (SCD):    1.954ns
    Clock Pessimism Removal (CPR):    0.288ns

    Location             Delay type                Incr(ns)  Path(ns)    Netlist Resource(s)
  -------------------------------------------------------------------    -------------------
                         (clock atomik_clk rise edge)
                                                      0.000     0.000 r  
    U14                                               0.000     0.000 r  fclk_clk0 (IN)
                         net (fo=0)                   0.000     0.000    fclk_clk0
    U14                  IBUF (Prop_ibuf_I_O)         0.302     0.302 r  fclk_clk0_IBUF_inst/O
                         net (fo=1, routed)           0.440     0.742    u_top/u_clk/fclk_clk0
    MMCME2_ADV_X1Y1      MMCME2_ADV (Prop_mmcme2_adv_CLKIN1_CLKOUT0)
                                                      0.050     0.792 r  u_top/u_clk/u_mmcm/CLKOUT0
                         net (fo=1, routed)           0.529     1.321    u_top/u_clk/clkout0_unbuf
    BUFGCTRL_X0Y16       BUFG (Prop_bufg_I_O)         0.026     1.347 r  u_top/u_clk/u_bufg_atomik/O
                         net (fo=4346, routed)        0.607     1.954    u_top/u_cdc/FSM_onehot_core_state_reg[0]_0
    SLICE_X92Y99         FDCE                                         r  u_top/u_cdc/core_delta_reg[38]/C
  -------------------------------------------------------------------    -------------------
    SLICE_X92Y99         FDCE (Prop_fdce_C_Q)         0.164     2.118 r  u_top/u_cdc/core_delta_reg[38]/Q
                         net (fo=65, routed)          0.359     2.477    u_top/u_cdc/core_init_data[38]
    SLICE_X86Y101        LUT2 (Prop_lut2_I0_O)        0.045     2.522 r  u_top/u_cdc/banks[12].bank_acc[12][38]_i_1/O
                         net (fo=1, routed)           0.000     2.522    u_top/u_atomik/banks[12].bank_acc_reg[12][63]_1[38]
    SLICE_X86Y101        FDRE                                         r  u_top/u_atomik/banks[12].bank_acc_reg[12][38]/D
  -------------------------------------------------------------------    -------------------

                         (clock atomik_clk rise edge)
                                                      0.000     0.000 r  
    U14                                               0.000     0.000 r  fclk_clk0 (IN)
                         net (fo=0)                   0.000     0.000    fclk_clk0
    U14                  IBUF (Prop_ibuf_I_O)         0.492     0.492 r  fclk_clk0_IBUF_inst/O
                         net (fo=1, routed)           0.480     0.972    u_top/u_clk/fclk_clk0
    MMCME2_ADV_X1Y1      MMCME2_ADV (Prop_mmcme2_adv_CLKIN1_CLKOUT0)
                                                      0.053     1.025 r  u_top/u_clk/u_mmcm/CLKOUT0
                         net (fo=1, routed)           0.576     1.601    u_top/u_clk/clkout0_unbuf
    BUFGCTRL_X0Y16       BUFG (Prop_bufg_I_O)         0.029     1.630 r  u_top/u_clk/u_bufg_atomik/O
                         net (fo=4346, routed)        0.940     2.570    u_top/u_atomik/CLK
    SLICE_X86Y101        FDRE                                         r  u_top/u_atomik/banks[12].bank_acc_reg[12][38]/C
                         clock pessimism             -0.288     2.282    
    SLICE_X86Y101        FDRE (Hold_fdre_C_D)         0.121     2.403    u_top/u_atomik/banks[12].bank_acc_reg[12][38]
  -------------------------------------------------------------------
                         required time                         -2.403    
                         arrival time                           2.522    
  -------------------------------------------------------------------
                         slack                                  0.119    





Pulse Width Checks
--------------------------------------------------------------------------------------
Clock Name:         atomik_clk
Waveform(ns):       { 0.000 2.375 }
Period(ns):         4.750
Sources:            { u_top/u_clk/u_mmcm/CLKOUT0 }

Check Type        Corner  Lib Pin             Reference Pin  Required(ns)  Actual(ns)  Slack(ns)  Location         Pin
Min Period        n/a     RAMB36E1/CLKARDCLK  n/a            2.472         4.750       2.278      RAMB36_X4Y20     u_top/u_atomik/u_state_bram/xpm_memory_base_inst/gen_wr_a.gen_word_narrow.mem_reg/CLKARDCLK
Max Period        n/a     MMCME2_ADV/CLKOUT0  n/a            213.360       4.750       208.610    MMCME2_ADV_X1Y1  u_top/u_clk/u_mmcm/CLKOUT0
Low Pulse Width   Slow    FDRE/C              n/a            0.500         2.375       1.875      SLICE_X96Y98     u_top/u_atomik/active_addr_reg[0]/C
High Pulse Width  Slow    FDRE/C              n/a            0.500         2.375       1.875      SLICE_X96Y98     u_top/u_atomik/active_addr_reg[0]/C



---------------------------------------------------------------------------------------------------
From Clock:  axi_clk
  To Clock:  axi_clk

Setup :            0  Failing Endpoints,  Worst Slack        5.550ns,  Total Violation        0.000ns
Hold  :            0  Failing Endpoints,  Worst Slack        0.115ns,  Total Violation        0.000ns
PW    :            0  Failing Endpoints,  Worst Slack        4.500ns,  Total Violation        0.000ns
---------------------------------------------------------------------------------------------------


Max Delay Paths
--------------------------------------------------------------------------------------
Slack (MET) :             5.550ns  (required time - arrival time)
  Source:                 u_top/u_wrapper/aw_addr_reg_reg[4]/C
                            (rising edge-triggered cell FDRE clocked by axi_clk  {rise@0.000ns fall@5.000ns period=10.000ns})
  Destination:            u_top/u_wrapper/reg_load_addr_reg[0]/CE
                            (rising edge-triggered cell FDRE clocked by axi_clk  {rise@0.000ns fall@5.000ns period=10.000ns})
  Path Group:             axi_clk
  Path Type:              Setup (Max at Slow Process Corner)
  Requirement:            10.000ns  (axi_clk rise@10.000ns - axi_clk rise@0.000ns)
  Data Path Delay:        4.148ns  (logic 0.695ns (16.756%)  route 3.453ns (83.244%))
  Logic Levels:           2  (LUT2=1 LUT6=1)
  Clock Path Skew:        -0.061ns (DCD - SCD + CPR)
    Destination Clock Delay (DCD):    4.898ns = ( 14.898 - 10.000 ) 
    Source Clock Delay      (SCD):    5.448ns
    Clock Pessimism Removal (CPR):    0.489ns
  Clock Uncertainty:      0.074ns  ((TSJ^2 + DJ^2)^1/2) / 2 + PE
    Total System Jitter     (TSJ):    0.071ns
    Discrete Jitter          (DJ):    0.129ns
    Phase Error              (PE):    0.000ns

    Location             Delay type                Incr(ns)  Path(ns)    Netlist Resource(s)
  -------------------------------------------------------------------    -------------------
                         (clock axi_clk rise edge)    0.000     0.000 r  
    U14                                               0.000     0.000 r  fclk_clk0 (IN)
                         net (fo=0)                   0.000     0.000    fclk_clk0
    U14                  IBUF (Prop_ibuf_I_O)         1.007     1.007 r  fclk_clk0_IBUF_inst/O
                         net (fo=1, routed)           1.110     2.117    u_top/u_clk/fclk_clk0
    MMCME2_ADV_X1Y1      MMCME2_ADV (Prop_mmcme2_adv_CLKIN1_CLKOUT1)
                                                      0.077     2.194 r  u_top/u_clk/u_mmcm/CLKOUT1
                         net (fo=1, routed)           1.597     3.791    u_top/u_clk/clkout1_unbuf
    BUFGCTRL_X0Y17       BUFG (Prop_bufg_I_O)         0.085     3.876 r  u_top/u_clk/u_bufg_axi/O
                         net (fo=481, routed)         1.572     5.448    u_top/u_wrapper/CLK
    SLICE_X106Y93        FDRE                                         r  u_top/u_wrapper/aw_addr_reg_reg[4]/C
  -------------------------------------------------------------------    -------------------
    SLICE_X106Y93        FDRE (Prop_fdre_C_Q)         0.348     5.796 f  u_top/u_wrapper/aw_addr_reg_reg[4]/Q
                         net (fo=77, routed)          1.571     7.367    u_top/u_wrapper/aw_addr_reg[4]
    SLICE_X110Y98        LUT2 (Prop_lut2_I0_O)        0.242     7.609 r  u_top/u_wrapper/cdc_req_load_en_i_2/O
                         net (fo=4, routed)           0.523     8.132    u_top/u_wrapper/cdc_req_load_en_i_2_n_0
    SLICE_X106Y93        LUT6 (Prop_lut6_I5_O)        0.105     8.237 r  u_top/u_wrapper/reg_load_addr[7]_i_1/O
                         net (fo=8, routed)           1.359     9.595    u_top/u_wrapper/reg_load_addr_0[0]
    SLICE_X111Y97        FDRE                                         r  u_top/u_wrapper/reg_load_addr_reg[0]/CE
  -------------------------------------------------------------------    -------------------

                         (clock axi_clk rise edge)   10.000    10.000 r  
    U14                                               0.000    10.000 r  fclk_clk0 (IN)
                         net (fo=0)                   0.000    10.000    fclk_clk0
    U14                  IBUF (Prop_ibuf_I_O)         0.875    10.875 r  fclk_clk0_IBUF_inst/O
                         net (fo=1, routed)           1.004    11.878    u_top/u_clk/fclk_clk0
    MMCME2_ADV_X1Y1      MMCME2_ADV (Prop_mmcme2_adv_CLKIN1_CLKOUT1)
                                                      0.073    11.951 r  u_top/u_clk/u_mmcm/CLKOUT1
                         net (fo=1, routed)           1.454    13.406    u_top/u_clk/clkout1_unbuf
    BUFGCTRL_X0Y17       BUFG (Prop_bufg_I_O)         0.077    13.483 r  u_top/u_clk/u_bufg_axi/O
                         net (fo=481, routed)         1.415    14.898    u_top/u_wrapper/CLK
    SLICE_X111Y97        FDRE                                         r  u_top/u_wrapper/reg_load_addr_reg[0]/C
                         clock pessimism              0.489    15.387    
                         clock uncertainty           -0.074    15.313    
    SLICE_X111Y97        FDRE (Setup_fdre_C_CE)      -0.168    15.145    u_top/u_wrapper/reg_load_addr_reg[0]
  -------------------------------------------------------------------
                         required time                         15.145    
                         arrival time                          -9.595    
  -------------------------------------------------------------------
                         slack                                  5.550    





Min Delay Paths
--------------------------------------------------------------------------------------
Slack (MET) :             0.115ns  (arrival time - required time)
  Source:                 u_top/u_wrapper/cdc_req_data_reg[42]/C
                            (rising edge-triggered cell FDRE clocked by axi_clk  {rise@0.000ns fall@5.000ns period=10.000ns})
  Destination:            u_top/u_cdc/lat_data_reg[42]/D
                            (rising edge-triggered cell FDCE clocked by axi_clk  {rise@0.000ns fall@5.000ns period=10.000ns})
  Path Group:             axi_clk
  Path Type:              Hold (Min at Fast Process Corner)
  Requirement:            0.000ns  (axi_clk rise@0.000ns - axi_clk rise@0.000ns)
  Data Path Delay:        0.310ns  (logic 0.148ns (47.767%)  route 0.162ns (52.233%))
  Logic Levels:           0  
  Clock Path Skew:        0.182ns (DCD - SCD - CPR)
    Destination Clock Delay (DCD):    2.536ns
    Source Clock Delay      (SCD):    2.066ns
    Clock Pessimism Removal (CPR):    0.288ns

    Location             Delay type                Incr(ns)  Path(ns)    Netlist Resource(s)
  -------------------------------------------------------------------    -------------------
                         (clock axi_clk rise edge)    0.000     0.000 r  
    U14                                               0.000     0.000 r  fclk_clk0 (IN)
                         net (fo=0)                   0.000     0.000    fclk_clk0
    U14                  IBUF (Prop_ibuf_I_O)         0.302     0.302 r  fclk_clk0_IBUF_inst/O
                         net (fo=1, routed)           0.440     0.742    u_top/u_clk/fclk_clk0
    MMCME2_ADV_X1Y1      MMCME2_ADV (Prop_mmcme2_adv_CLKIN1_CLKOUT1)
                                                      0.050     0.792 r  u_top/u_clk/u_mmcm/CLKOUT1
                         net (fo=1, routed)           0.529     1.321    u_top/u_clk/clkout1_unbuf
    BUFGCTRL_X0Y17       BUFG (Prop_bufg_I_O)         0.026     1.347 r  u_top/u_clk/u_bufg_axi/O
                         net (fo=481, routed)         0.719     2.066    u_top/u_wrapper/CLK
    SLICE_X112Y100       FDRE                                         r  u_top/u_wrapper/cdc_req_data_reg[42]/C
  -------------------------------------------------------------------    -------------------
    SLICE_X112Y100       FDRE (Prop_fdre_C_Q)         0.148     2.214 r  u_top/u_wrapper/cdc_req_data_reg[42]/Q
                         net (fo=1, routed)           0.162     2.376    u_top/u_cdc/lat_data_reg[63]_0[42]
    SLICE_X106Y99        FDCE                                         r  u_top/u_cdc/lat_data_reg[42]/D
  -------------------------------------------------------------------    -------------------

                         (clock axi_clk rise edge)    0.000     0.000 r  
    U14                                               0.000     0.000 r  fclk_clk0 (IN)
                         net (fo=0)                   0.000     0.000    fclk_clk0
    U14                  IBUF (Prop_ibuf_I_O)         0.492     0.492 r  fclk_clk0_IBUF_inst/O
                         net (fo=1, routed)           0.480     0.972    u_top/u_clk/fclk_clk0
    MMCME2_ADV_X1Y1      MMCME2_ADV (Prop_mmcme2_adv_CLKIN1_CLKOUT1)
                                                      0.053     1.025 r  u_top/u_clk/u_mmcm/CLKOUT1
                         net (fo=1, routed)           0.576     1.601    u_top/u_clk/clkout1_unbuf
    BUFGCTRL_X0Y17       BUFG (Prop_bufg_I_O)         0.029     1.630 r  u_top/u_clk/u_bufg_axi/O
                         net (fo=481, routed)         0.906     2.536    u_top/u_cdc/CLK
    SLICE_X106Y99        FDCE                                         r  u_top/u_cdc/lat_data_reg[42]/C
                         clock pessimism             -0.288     2.248    
    SLICE_X106Y99        FDCE (Hold_fdce_C_D)         0.013     2.261    u_top/u_cdc/lat_data_reg[42]
  -------------------------------------------------------------------
                         required time                         -2.261    
                         arrival time                           2.376    
  -------------------------------------------------------------------
                         slack                                  0.115    





Pulse Width Checks
--------------------------------------------------------------------------------------
Clock Name:         axi_clk
Waveform(ns):       { 0.000 5.000 }
Period(ns):         10.000
Sources:            { u_top/u_clk/u_mmcm/CLKOUT1 }

Check Type        Corner  Lib Pin             Reference Pin  Required(ns)  Actual(ns)  Slack(ns)  Location         Pin
Min Period        n/a     BUFG/I              n/a            1.592         10.000      8.408      BUFGCTRL_X0Y17   u_top/u_clk/u_bufg_axi/I
Max Period        n/a     MMCME2_ADV/CLKOUT1  n/a            213.360       10.000      203.360    MMCME2_ADV_X1Y1  u_top/u_clk/u_mmcm/CLKOUT1
Low Pulse Width   Slow    FDPE/C              n/a            0.500         5.000       4.500      SLICE_X111Y95    u_top/u_cdc/FSM_onehot_axi_state_reg[0]/C
High Pulse Width  Slow    FDPE/C              n/a            0.500         5.000       4.500      SLICE_X111Y95    u_top/u_cdc/FSM_onehot_axi_state_reg[0]/C



---------------------------------------------------------------------------------------------------
From Clock:  clkfb
  To Clock:  clkfb

Setup :           NA  Failing Endpoints,  Worst Slack           NA  ,  Total Violation           NA
Hold  :           NA  Failing Endpoints,  Worst Slack           NA  ,  Total Violation           NA
PW    :            0  Failing Endpoints,  Worst Slack        8.751ns,  Total Violation        0.000ns
---------------------------------------------------------------------------------------------------


Pulse Width Checks
--------------------------------------------------------------------------------------
Clock Name:         clkfb
Waveform(ns):       { 0.000 5.000 }
Period(ns):         10.000
Sources:            { u_top/u_clk/u_mmcm/CLKFBOUT }

Check Type  Corner  Lib Pin              Reference Pin  Required(ns)  Actual(ns)  Slack(ns)  Location         Pin
Min Period  n/a     MMCME2_ADV/CLKFBOUT  n/a            1.249         10.000      8.751      MMCME2_ADV_X1Y1  u_top/u_clk/u_mmcm/CLKFBOUT
Max Period  n/a     MMCME2_ADV/CLKFBIN   n/a            100.000       10.000      90.000     MMCME2_ADV_X1Y1  u_top/u_clk/u_mmcm/CLKFBIN



