Copyright 1986-2022 Xilinx, Inc. All Rights Reserved. Copyright 2022-2025 Advanced Micro Devices, Inc. All Rights Reserved.
---------------------------------------------------------------------------------------------------------------------------------------------
| Tool Version : Vivado v.2025.2 (lin64) Build 6299465 Fri Nov 14 12:34:56 MST 2025
| Date         : Fri Mar 13 14:03:24 2026
| Host         : Jarvis running 64-bit Ubuntu 24.04.4 LTS
| Command      : report_timing_summary -file /home/mattrock/Projects/ATOMiK/hardware/zynq/sweep/reports/timing_N16_F275p9_baseline.rpt
| Design       : sweep_top_N16_F275p9_baseline
| Device       : 7z020-clg400
| Speed File   : -2  PRODUCTION 1.12 2019-11-22
| Design State : Routed
---------------------------------------------------------------------------------------------------------------------------------------------

Timing Summary Report

------------------------------------------------------------------------------------------------
| Timer Settings
| --------------
------------------------------------------------------------------------------------------------

  Enable Multi Corner Analysis               :  Yes
  Enable Pessimism Removal                   :  Yes
  Pessimism Removal Resolution               :  Nearest Common Node
  Enable Input Delay Default Clock           :  No
  Enable Preset / Clear Arcs                 :  No
  Disable Flight Delays                      :  No
  Ignore I/O Paths                           :  No
  Timing Early Launch at Borrowing Latches   :  No
  Borrow Time for Max Delay Exceptions       :  Yes
  Merge Timing Exceptions                    :  Yes
  Inter-SLR Compensation                     :  Conservative

  Corner  Analyze    Analyze    
  Name    Max Paths  Min Paths  
  ------  ---------  ---------  
  Slow    Yes        Yes        
  Fast    Yes        Yes        


------------------------------------------------------------------------------------------------
| Report Methodology
| ------------------
------------------------------------------------------------------------------------------------

No report available as report_methodology has not been run prior. Run report_methodology on the current design for the summary of methodology violations.



check_timing report

Table of Contents
-----------------
1. checking no_clock (0)
2. checking constant_clock (0)
3. checking pulse_width_clock (0)
4. checking unconstrained_internal_endpoints (0)
5. checking no_input_delay (50)
6. checking no_output_delay (37)
7. checking multiple_clock (0)
8. checking generated_clocks (0)
9. checking loops (0)
10. checking partial_input_delay (0)
11. checking partial_output_delay (0)
12. checking latch_loops (0)

1. checking no_clock (0)
------------------------
 There are 0 register/latch pins with no clock.


2. checking constant_clock (0)
------------------------------
 There are 0 register/latch pins with constant_clock.


3. checking pulse_width_clock (0)
---------------------------------
 There are 0 register/latch pins which need pulse_width check


4. checking unconstrained_internal_endpoints (0)
------------------------------------------------
 There are 0 pins that are not constrained for maximum delay.

 There are 0 pins that are not constrained for maximum delay due to constant clock.


5. checking no_input_delay (50)
-------------------------------
 There are 50 input ports with no input delay specified. (HIGH)

 There are 0 input ports with no input delay but user has a false path constraint.


6. checking no_output_delay (37)
--------------------------------
 There are 37 ports with no output delay specified. (HIGH)

 There are 0 ports with no output delay but user has a false path constraint

 There are 0 ports with no output delay but with a timing clock defined on it or propagating through it


7. checking multiple_clock (0)
------------------------------
 There are 0 register/latch pins with multiple clocks.


8. checking generated_clocks (0)
--------------------------------
 There are 0 generated clocks that are not connected to a clock source.


9. checking loops (0)
---------------------
 There are 0 combinational loops in the design.


10. checking partial_input_delay (0)
------------------------------------
 There are 0 input ports with partial input delay specified.


11. checking partial_output_delay (0)
-------------------------------------
 There are 0 ports with partial output delay specified.


12. checking latch_loops (0)
----------------------------
 There are 0 combinational latch loops in the design through latch input



------------------------------------------------------------------------------------------------
| Design Timing Summary
| ---------------------
------------------------------------------------------------------------------------------------

    WNS(ns)      TNS(ns)  TNS Failing Endpoints  TNS Total Endpoints      WHS(ns)      THS(ns)  THS Failing Endpoints  THS Total Endpoints     WPWS(ns)     TPWS(ns)  TPWS Failing Endpoints  TPWS Total Endpoints  
    -------      -------  ---------------------  -------------------      -------      -------  ---------------------  -------------------     --------     --------  ----------------------  --------------------  
     -0.155       -0.231                      3                 4401        0.036        0.000                      0                 4401        1.153        0.000                       0                  1757  


Timing constraints are not met.


------------------------------------------------------------------------------------------------
| Clock Summary
| -------------
------------------------------------------------------------------------------------------------

Clock         Waveform(ns)         Period(ns)      Frequency(MHz)
-----         ------------         ----------      --------------
fclk_clk0     {0.000 5.000}        10.000          100.000         
  atomik_clk  {0.000 1.812}        3.625           275.862         
  axi_clk     {0.000 5.000}        10.000          100.000         
  clkfb       {0.000 5.000}        10.000          100.000         


------------------------------------------------------------------------------------------------
| Intra Clock Table
| -----------------
------------------------------------------------------------------------------------------------

Clock             WNS(ns)      TNS(ns)  TNS Failing Endpoints  TNS Total Endpoints      WHS(ns)      THS(ns)  THS Failing Endpoints  THS Total Endpoints     WPWS(ns)     TPWS(ns)  TPWS Failing Endpoints  TPWS Total Endpoints  
-----             -------      -------  ---------------------  -------------------      -------      -------  ---------------------  -------------------     --------     --------  ----------------------  --------------------  
fclk_clk0                                                                                                                                                       3.000        0.000                       0                     1  
  atomik_clk       -0.155       -0.231                      3                 3568        0.043        0.000                      0                 3568        1.153        0.000                       0                  1271  
  axi_clk           5.792        0.000                      0                  833        0.036        0.000                      0                  833        4.500        0.000                       0                   483  
  clkfb                                                                                                                                                         8.751        0.000                       0                     2  


------------------------------------------------------------------------------------------------
| Inter Clock Table
| -----------------
------------------------------------------------------------------------------------------------

From Clock    To Clock          WNS(ns)      TNS(ns)  TNS Failing Endpoints  TNS Total Endpoints      WHS(ns)      THS(ns)  THS Failing Endpoints  THS Total Endpoints  
----------    --------          -------      -------  ---------------------  -------------------      -------      -------  ---------------------  -------------------  


------------------------------------------------------------------------------------------------
| Other Path Groups Table
| -----------------------
------------------------------------------------------------------------------------------------

Path Group    From Clock    To Clock          WNS(ns)      TNS(ns)  TNS Failing Endpoints  TNS Total Endpoints      WHS(ns)      THS(ns)  THS Failing Endpoints  THS Total Endpoints  
----------    ----------    --------          -------      -------  ---------------------  -------------------      -------      -------  ---------------------  -------------------  


------------------------------------------------------------------------------------------------
| Timing Details
| --------------
------------------------------------------------------------------------------------------------


---------------------------------------------------------------------------------------------------
From Clock:  fclk_clk0
  To Clock:  fclk_clk0

Setup :           NA  Failing Endpoints,  Worst Slack           NA  ,  Total Violation           NA
Hold  :           NA  Failing Endpoints,  Worst Slack           NA  ,  Total Violation           NA
PW    :            0  Failing Endpoints,  Worst Slack        3.000ns,  Total Violation        0.000ns
---------------------------------------------------------------------------------------------------


Pulse Width Checks
--------------------------------------------------------------------------------------
Clock Name:         fclk_clk0
Waveform(ns):       { 0.000 5.000 }
Period(ns):         10.000
Sources:            { fclk_clk0 }

Check Type        Corner  Lib Pin            Reference Pin  Required(ns)  Actual(ns)  Slack(ns)  Location         Pin
Min Period        n/a     MMCME2_ADV/CLKIN1  n/a            1.249         10.000      8.751      MMCME2_ADV_X0Y0  u_top/u_clk/u_mmcm/CLKIN1
Max Period        n/a     MMCME2_ADV/CLKIN1  n/a            100.000       10.000      90.000     MMCME2_ADV_X0Y0  u_top/u_clk/u_mmcm/CLKIN1
Low Pulse Width   Slow    MMCME2_ADV/CLKIN1  n/a            2.000         5.000       3.000      MMCME2_ADV_X0Y0  u_top/u_clk/u_mmcm/CLKIN1
High Pulse Width  Slow    MMCME2_ADV/CLKIN1  n/a            2.000         5.000       3.000      MMCME2_ADV_X0Y0  u_top/u_clk/u_mmcm/CLKIN1



---------------------------------------------------------------------------------------------------
From Clock:  atomik_clk
  To Clock:  atomik_clk

Setup :            3  Failing Endpoints,  Worst Slack       -0.155ns,  Total Violation       -0.231ns
Hold  :            0  Failing Endpoints,  Worst Slack        0.043ns,  Total Violation        0.000ns
PW    :            0  Failing Endpoints,  Worst Slack        1.153ns,  Total Violation        0.000ns
---------------------------------------------------------------------------------------------------


Max Delay Paths
--------------------------------------------------------------------------------------
Slack (VIOLATED) :        -0.155ns  (required time - arrival time)
  Source:                 u_top/u_atomik/banks[4].bank_acc_reg[4][26]/C
                            (rising edge-triggered cell FDRE clocked by atomik_clk  {rise@0.000ns fall@1.812ns period=3.625ns})
  Destination:            u_top/u_cdc/core_resp_acc_zero_reg/D
                            (rising edge-triggered cell FDCE clocked by atomik_clk  {rise@0.000ns fall@1.812ns period=3.625ns})
  Path Group:             atomik_clk
  Path Type:              Setup (Max at Slow Process Corner)
  Requirement:            3.625ns  (atomik_clk rise@3.625ns - atomik_clk rise@0.000ns)
  Data Path Delay:        3.760ns  (logic 0.904ns (24.041%)  route 2.856ns (75.959%))
  Logic Levels:           5  (LUT4=2 LUT6=3)
  Clock Path Skew:        0.011ns (DCD - SCD + CPR)
    Destination Clock Delay (DCD):    4.945ns = ( 8.570 - 3.625 ) 
    Source Clock Delay      (SCD):    5.336ns
    Clock Pessimism Removal (CPR):    0.403ns
  Clock Uncertainty:      0.064ns  ((TSJ^2 + DJ^2)^1/2) / 2 + PE
    Total System Jitter     (TSJ):    0.071ns
    Discrete Jitter          (DJ):    0.106ns
    Phase Error              (PE):    0.000ns

    Location             Delay type                Incr(ns)  Path(ns)    Netlist Resource(s)
  -------------------------------------------------------------------    -------------------
                         (clock atomik_clk rise edge)
                                                      0.000     0.000 r  
    U7                                                0.000     0.000 r  fclk_clk0 (IN)
                         net (fo=0)                   0.000     0.000    fclk_clk0
    U7                   IBUF (Prop_ibuf_I_O)         0.990     0.990 r  fclk_clk0_IBUF_inst/O
                         net (fo=1, routed)           1.110     2.100    u_top/u_clk/fclk_clk0
    MMCME2_ADV_X0Y0      MMCME2_ADV (Prop_mmcme2_adv_CLKIN1_CLKOUT0)
                                                      0.077     2.177 r  u_top/u_clk/u_mmcm/CLKOUT0
                         net (fo=1, routed)           1.567     3.744    u_top/u_clk/clkout0_unbuf
    BUFGCTRL_X0Y0        BUFG (Prop_bufg_I_O)         0.085     3.829 r  u_top/u_clk/u_bufg_atomik/O
                         net (fo=1269, routed)        1.507     5.336    u_top/u_atomik/CLK
    SLICE_X93Y99         FDRE                                         r  u_top/u_atomik/banks[4].bank_acc_reg[4][26]/C
  -------------------------------------------------------------------    -------------------
    SLICE_X93Y99         FDRE (Prop_fdre_C_Q)         0.379     5.715 r  u_top/u_atomik/banks[4].bank_acc_reg[4][26]/Q
                         net (fo=2, routed)           0.642     6.358    u_top/u_atomik/Q[26]
    SLICE_X93Y101        LUT4 (Prop_lut4_I0_O)        0.105     6.463 r  u_top/u_atomik/swap_data[26]_i_5/O
                         net (fo=1, routed)           0.819     7.282    u_top/u_atomik/swap_data[26]_i_5_n_0
    SLICE_X99Y104        LUT4 (Prop_lut4_I2_O)        0.105     7.387 f  u_top/u_atomik/swap_data[26]_i_2/O
                         net (fo=2, routed)           0.809     8.196    u_top/u_atomik/p_16_in[26]
    SLICE_X99Y105        LUT6 (Prop_lut6_I5_O)        0.105     8.301 r  u_top/u_atomik/core_resp_acc_zero_i_13/O
                         net (fo=1, routed)           0.471     8.771    u_top/u_atomik/core_resp_acc_zero_i_13_n_0
    SLICE_X105Y106       LUT6 (Prop_lut6_I5_O)        0.105     8.876 r  u_top/u_atomik/core_resp_acc_zero_i_5/O
                         net (fo=1, routed)           0.116     8.992    u_top/u_atomik/core_resp_acc_zero_i_5_n_0
    SLICE_X105Y106       LUT6 (Prop_lut6_I2_O)        0.105     9.097 r  u_top/u_atomik/core_resp_acc_zero_i_1_comp/O
                         net (fo=1, routed)           0.000     9.097    u_top/u_cdc/core_acc_zero
    SLICE_X105Y106       FDCE                                         r  u_top/u_cdc/core_resp_acc_zero_reg/D
  -------------------------------------------------------------------    -------------------

                         (clock atomik_clk rise edge)
                                                      3.625     3.625 r  
    U7                                                0.000     3.625 r  fclk_clk0 (IN)
                         net (fo=0)                   0.000     3.625    fclk_clk0
    U7                   IBUF (Prop_ibuf_I_O)         0.859     4.484 r  fclk_clk0_IBUF_inst/O
                         net (fo=1, routed)           1.004     5.487    u_top/u_clk/fclk_clk0
    MMCME2_ADV_X0Y0      MMCME2_ADV (Prop_mmcme2_adv_CLKIN1_CLKOUT0)
                                                      0.073     5.560 r  u_top/u_clk/u_mmcm/CLKOUT0
                         net (fo=1, routed)           1.426     6.987    u_top/u_clk/clkout0_unbuf
    BUFGCTRL_X0Y0        BUFG (Prop_bufg_I_O)         0.077     7.064 r  u_top/u_clk/u_bufg_atomik/O
                         net (fo=1269, routed)        1.506     8.570    u_top/u_cdc/FSM_onehot_core_state_reg[0]_0
    SLICE_X105Y106       FDCE                                         r  u_top/u_cdc/core_resp_acc_zero_reg/C
                         clock pessimism              0.403     8.972    
                         clock uncertainty           -0.064     8.908    
    SLICE_X105Y106       FDCE (Setup_fdce_C_D)        0.033     8.941    u_top/u_cdc/core_resp_acc_zero_reg
  -------------------------------------------------------------------
                         required time                          8.941    
                         arrival time                          -9.097    
  -------------------------------------------------------------------
                         slack                                 -0.155    





Min Delay Paths
--------------------------------------------------------------------------------------
Slack (MET) :             0.043ns  (arrival time - required time)
  Source:                 u_top/u_atomik/swap_addr_reg[0]/C
                            (rising edge-triggered cell FDRE clocked by atomik_clk  {rise@0.000ns fall@1.812ns period=3.625ns})
  Destination:            u_top/u_atomik/u_state_bram/xpm_memory_base_inst/gen_wr_a.gen_word_narrow.mem_reg/ADDRBWRADDR[6]
                            (rising edge-triggered cell RAMB36E1 clocked by atomik_clk  {rise@0.000ns fall@1.812ns period=3.625ns})
  Path Group:             atomik_clk
  Path Type:              Hold (Min at Fast Process Corner)
  Requirement:            0.000ns  (atomik_clk rise@0.000ns - atomik_clk rise@0.000ns)
  Data Path Delay:        0.550ns  (logic 0.213ns (38.710%)  route 0.337ns (61.290%))
  Logic Levels:           1  (LUT3=1)
  Clock Path Skew:        0.391ns (DCD - SCD - CPR)
    Destination Clock Delay (DCD):    2.609ns
    Source Clock Delay      (SCD):    1.931ns
    Clock Pessimism Removal (CPR):    0.287ns

    Location             Delay type                Incr(ns)  Path(ns)    Netlist Resource(s)
  -------------------------------------------------------------------    -------------------
                         (clock atomik_clk rise edge)
                                                      0.000     0.000 r  
    U7                                                0.000     0.000 r  fclk_clk0 (IN)
                         net (fo=0)                   0.000     0.000    fclk_clk0
    U7                   IBUF (Prop_ibuf_I_O)         0.286     0.286 r  fclk_clk0_IBUF_inst/O
                         net (fo=1, routed)           0.440     0.727    u_top/u_clk/fclk_clk0
    MMCME2_ADV_X0Y0      MMCME2_ADV (Prop_mmcme2_adv_CLKIN1_CLKOUT0)
                                                      0.050     0.777 r  u_top/u_clk/u_mmcm/CLKOUT0
                         net (fo=1, routed)           0.518     1.294    u_top/u_clk/clkout0_unbuf
    BUFGCTRL_X0Y0        BUFG (Prop_bufg_I_O)         0.026     1.320 r  u_top/u_clk/u_bufg_atomik/O
                         net (fo=1269, routed)        0.611     1.931    u_top/u_atomik/CLK
    SLICE_X104Y97        FDRE                                         r  u_top/u_atomik/swap_addr_reg[0]/C
  -------------------------------------------------------------------    -------------------
    SLICE_X104Y97        FDRE (Prop_fdre_C_Q)         0.164     2.095 r  u_top/u_atomik/swap_addr_reg[0]/Q
                         net (fo=1, routed)           0.082     2.178    u_top/u_cdc/gen_wr_a.gen_word_narrow.mem_reg[0]
    SLICE_X105Y97        LUT3 (Prop_lut3_I2_O)        0.049     2.227 r  u_top/u_cdc/u_state_bram_i_9/O
                         net (fo=1, routed)           0.255     2.481    u_top/u_atomik/u_state_bram/xpm_memory_base_inst/addra[0]
    RAMB36_X5Y20         RAMB36E1                                     r  u_top/u_atomik/u_state_bram/xpm_memory_base_inst/gen_wr_a.gen_word_narrow.mem_reg/ADDRBWRADDR[6]
  -------------------------------------------------------------------    -------------------

                         (clock atomik_clk rise edge)
                                                      0.000     0.000 r  
    U7                                                0.000     0.000 r  fclk_clk0 (IN)
                         net (fo=0)                   0.000     0.000    fclk_clk0
    U7                   IBUF (Prop_ibuf_I_O)         0.476     0.476 r  fclk_clk0_IBUF_inst/O
                         net (fo=1, routed)           0.480     0.956    u_top/u_clk/fclk_clk0
    MMCME2_ADV_X0Y0      MMCME2_ADV (Prop_mmcme2_adv_CLKIN1_CLKOUT0)
                                                      0.053     1.009 r  u_top/u_clk/u_mmcm/CLKOUT0
                         net (fo=1, routed)           0.564     1.573    u_top/u_clk/clkout0_unbuf
    BUFGCTRL_X0Y0        BUFG (Prop_bufg_I_O)         0.029     1.602 r  u_top/u_clk/u_bufg_atomik/O
                         net (fo=1269, routed)        1.007     2.609    u_top/u_atomik/u_state_bram/xpm_memory_base_inst/clka
    RAMB36_X5Y20         RAMB36E1                                     r  u_top/u_atomik/u_state_bram/xpm_memory_base_inst/gen_wr_a.gen_word_narrow.mem_reg/CLKBWRCLK
                         clock pessimism             -0.287     2.322    
    RAMB36_X5Y20         RAMB36E1 (Hold_ramb36e1_CLKBWRCLK_ADDRBWRADDR[6])
                                                      0.116     2.438    u_top/u_atomik/u_state_bram/xpm_memory_base_inst/gen_wr_a.gen_word_narrow.mem_reg
  -------------------------------------------------------------------
                         required time                         -2.438    
                         arrival time                           2.481    
  -------------------------------------------------------------------
                         slack                                  0.043    





Pulse Width Checks
--------------------------------------------------------------------------------------
Clock Name:         atomik_clk
Waveform(ns):       { 0.000 1.812 }
Period(ns):         3.625
Sources:            { u_top/u_clk/u_mmcm/CLKOUT0 }

Check Type        Corner  Lib Pin             Reference Pin  Required(ns)  Actual(ns)  Slack(ns)  Location         Pin
Min Period        n/a     RAMB36E1/CLKARDCLK  n/a            2.472         3.625       1.153      RAMB36_X5Y20     u_top/u_atomik/u_state_bram/xpm_memory_base_inst/gen_wr_a.gen_word_narrow.mem_reg/CLKARDCLK
Max Period        n/a     MMCME2_ADV/CLKOUT0  n/a            213.360       3.625       209.735    MMCME2_ADV_X0Y0  u_top/u_clk/u_mmcm/CLKOUT0
Low Pulse Width   Slow    FDRE/C              n/a            0.500         1.812       1.312      SLICE_X103Y96    u_top/u_atomik/active_addr_reg[0]/C
High Pulse Width  Slow    FDRE/C              n/a            0.500         1.812       1.312      SLICE_X103Y96    u_top/u_atomik/active_addr_reg[0]/C



---------------------------------------------------------------------------------------------------
From Clock:  axi_clk
  To Clock:  axi_clk

Setup :            0  Failing Endpoints,  Worst Slack        5.792ns,  Total Violation        0.000ns
Hold  :            0  Failing Endpoints,  Worst Slack        0.036ns,  Total Violation        0.000ns
PW    :            0  Failing Endpoints,  Worst Slack        4.500ns,  Total Violation        0.000ns
---------------------------------------------------------------------------------------------------


Max Delay Paths
--------------------------------------------------------------------------------------
Slack (MET) :             5.792ns  (required time - arrival time)
  Source:                 u_top/u_wrapper/ar_addr_reg_reg[4]/C
                            (rising edge-triggered cell FDRE clocked by axi_clk  {rise@0.000ns fall@5.000ns period=10.000ns})
  Destination:            u_top/u_wrapper/s_axi_rdata_reg[25]/D
                            (rising edge-triggered cell FDRE clocked by axi_clk  {rise@0.000ns fall@5.000ns period=10.000ns})
  Path Group:             axi_clk
  Path Type:              Setup (Max at Slow Process Corner)
  Requirement:            10.000ns  (axi_clk rise@10.000ns - axi_clk rise@0.000ns)
  Data Path Delay:        4.171ns  (logic 0.643ns (15.414%)  route 3.528ns (84.586%))
  Logic Levels:           2  (LUT4=1 LUT6=1)
  Clock Path Skew:        0.005ns (DCD - SCD + CPR)
    Destination Clock Delay (DCD):    5.007ns = ( 15.007 - 10.000 ) 
    Source Clock Delay      (SCD):    5.404ns
    Clock Pessimism Removal (CPR):    0.403ns
  Clock Uncertainty:      0.074ns  ((TSJ^2 + DJ^2)^1/2) / 2 + PE
    Total System Jitter     (TSJ):    0.071ns
    Discrete Jitter          (DJ):    0.129ns
    Phase Error              (PE):    0.000ns

    Location             Delay type                Incr(ns)  Path(ns)    Netlist Resource(s)
  -------------------------------------------------------------------    -------------------
                         (clock axi_clk rise edge)    0.000     0.000 r  
    U7                                                0.000     0.000 r  fclk_clk0 (IN)
                         net (fo=0)                   0.000     0.000    fclk_clk0
    U7                   IBUF (Prop_ibuf_I_O)         0.990     0.990 r  fclk_clk0_IBUF_inst/O
                         net (fo=1, routed)           1.110     2.100    u_top/u_clk/fclk_clk0
    MMCME2_ADV_X0Y0      MMCME2_ADV (Prop_mmcme2_adv_CLKIN1_CLKOUT1)
                                                      0.077     2.177 r  u_top/u_clk/u_mmcm/CLKOUT1
                         net (fo=1, routed)           1.567     3.744    u_top/u_clk/clkout1_unbuf
    BUFGCTRL_X0Y1        BUFG (Prop_bufg_I_O)         0.085     3.829 r  u_top/u_clk/u_bufg_axi/O
                         net (fo=481, routed)         1.575     5.404    u_top/u_wrapper/CLK
    SLICE_X112Y89        FDRE                                         r  u_top/u_wrapper/ar_addr_reg_reg[4]/C
  -------------------------------------------------------------------    -------------------
    SLICE_X112Y89        FDRE (Prop_fdre_C_Q)         0.433     5.837 r  u_top/u_wrapper/ar_addr_reg_reg[4]/Q
                         net (fo=5, routed)           0.740     6.577    u_top/u_wrapper/ar_addr_reg[4]
    SLICE_X112Y89        LUT6 (Prop_lut6_I2_O)        0.105     6.682 r  u_top/u_wrapper/state_snapshot[63]_i_2/O
                         net (fo=31, routed)          2.789     9.471    u_top/u_wrapper/state_snapshot[63]_i_2_n_0
    SLICE_X110Y113       LUT4 (Prop_lut4_I3_O)        0.105     9.576 r  u_top/u_wrapper/s_axi_rdata[25]_i_1/O
                         net (fo=1, routed)           0.000     9.576    u_top/u_wrapper/s_axi_rdata[25]
    SLICE_X110Y113       FDRE                                         r  u_top/u_wrapper/s_axi_rdata_reg[25]/D
  -------------------------------------------------------------------    -------------------

                         (clock axi_clk rise edge)   10.000    10.000 r  
    U7                                                0.000    10.000 r  fclk_clk0 (IN)
                         net (fo=0)                   0.000    10.000    fclk_clk0
    U7                   IBUF (Prop_ibuf_I_O)         0.859    10.859 r  fclk_clk0_IBUF_inst/O
                         net (fo=1, routed)           1.004    11.862    u_top/u_clk/fclk_clk0
    MMCME2_ADV_X0Y0      MMCME2_ADV (Prop_mmcme2_adv_CLKIN1_CLKOUT1)
                                                      0.073    11.935 r  u_top/u_clk/u_mmcm/CLKOUT1
                         net (fo=1, routed)           1.426    13.362    u_top/u_clk/clkout1_unbuf
    BUFGCTRL_X0Y1        BUFG (Prop_bufg_I_O)         0.077    13.439 r  u_top/u_clk/u_bufg_axi/O
                         net (fo=481, routed)         1.568    15.007    u_top/u_wrapper/CLK
    SLICE_X110Y113       FDRE                                         r  u_top/u_wrapper/s_axi_rdata_reg[25]/C
                         clock pessimism              0.403    15.409    
                         clock uncertainty           -0.074    15.336    
    SLICE_X110Y113       FDRE (Setup_fdre_C_D)        0.032    15.368    u_top/u_wrapper/s_axi_rdata_reg[25]
  -------------------------------------------------------------------
                         required time                         15.368    
                         arrival time                          -9.576    
  -------------------------------------------------------------------
                         slack                                  5.792    





Min Delay Paths
--------------------------------------------------------------------------------------
Slack (MET) :             0.036ns  (arrival time - required time)
  Source:                 u_top/u_cdc/resp_state_reg[30]/C
                            (rising edge-triggered cell FDCE clocked by axi_clk  {rise@0.000ns fall@5.000ns period=10.000ns})
  Destination:            u_top/u_wrapper/cached_state_reg[30]/D
                            (rising edge-triggered cell FDRE clocked by axi_clk  {rise@0.000ns fall@5.000ns period=10.000ns})
  Path Group:             axi_clk
  Path Type:              Hold (Min at Fast Process Corner)
  Requirement:            0.000ns  (axi_clk rise@0.000ns - axi_clk rise@0.000ns)
  Data Path Delay:        0.230ns  (logic 0.128ns (55.640%)  route 0.102ns (44.360%))
  Logic Levels:           0  
  Clock Path Skew:        0.185ns (DCD - SCD - CPR)
    Destination Clock Delay (DCD):    2.513ns
    Source Clock Delay      (SCD):    2.042ns
    Clock Pessimism Removal (CPR):    0.287ns

    Location             Delay type                Incr(ns)  Path(ns)    Netlist Resource(s)
  -------------------------------------------------------------------    -------------------
                         (clock axi_clk rise edge)    0.000     0.000 r  
    U7                                                0.000     0.000 r  fclk_clk0 (IN)
                         net (fo=0)                   0.000     0.000    fclk_clk0
    U7                   IBUF (Prop_ibuf_I_O)         0.286     0.286 r  fclk_clk0_IBUF_inst/O
                         net (fo=1, routed)           0.440     0.727    u_top/u_clk/fclk_clk0
    MMCME2_ADV_X0Y0      MMCME2_ADV (Prop_mmcme2_adv_CLKIN1_CLKOUT1)
                                                      0.050     0.777 r  u_top/u_clk/u_mmcm/CLKOUT1
                         net (fo=1, routed)           0.518     1.294    u_top/u_clk/clkout1_unbuf
    BUFGCTRL_X0Y1        BUFG (Prop_bufg_I_O)         0.026     1.320 r  u_top/u_clk/u_bufg_axi/O
                         net (fo=481, routed)         0.721     2.042    u_top/u_cdc/CLK
    SLICE_X111Y100       FDCE                                         r  u_top/u_cdc/resp_state_reg[30]/C
  -------------------------------------------------------------------    -------------------
    SLICE_X111Y100       FDCE (Prop_fdce_C_Q)         0.128     2.170 r  u_top/u_cdc/resp_state_reg[30]/Q
                         net (fo=1, routed)           0.102     2.272    u_top/u_wrapper/cached_state_reg[63]_0[30]
    SLICE_X112Y99        FDRE                                         r  u_top/u_wrapper/cached_state_reg[30]/D
  -------------------------------------------------------------------    -------------------

                         (clock axi_clk rise edge)    0.000     0.000 r  
    U7                                                0.000     0.000 r  fclk_clk0 (IN)
                         net (fo=0)                   0.000     0.000    fclk_clk0
    U7                   IBUF (Prop_ibuf_I_O)         0.476     0.476 r  fclk_clk0_IBUF_inst/O
                         net (fo=1, routed)           0.480     0.956    u_top/u_clk/fclk_clk0
    MMCME2_ADV_X0Y0      MMCME2_ADV (Prop_mmcme2_adv_CLKIN1_CLKOUT1)
                                                      0.053     1.009 r  u_top/u_clk/u_mmcm/CLKOUT1
                         net (fo=1, routed)           0.564     1.573    u_top/u_clk/clkout1_unbuf
    BUFGCTRL_X0Y1        BUFG (Prop_bufg_I_O)         0.029     1.602 r  u_top/u_clk/u_bufg_axi/O
                         net (fo=481, routed)         0.911     2.513    u_top/u_wrapper/CLK
    SLICE_X112Y99        FDRE                                         r  u_top/u_wrapper/cached_state_reg[30]/C
                         clock pessimism             -0.287     2.226    
    SLICE_X112Y99        FDRE (Hold_fdre_C_D)         0.009     2.235    u_top/u_wrapper/cached_state_reg[30]
  -------------------------------------------------------------------
                         required time                         -2.235    
                         arrival time                           2.272    
  -------------------------------------------------------------------
                         slack                                  0.036    





Pulse Width Checks
--------------------------------------------------------------------------------------
Clock Name:         axi_clk
Waveform(ns):       { 0.000 5.000 }
Period(ns):         10.000
Sources:            { u_top/u_clk/u_mmcm/CLKOUT1 }

Check Type        Corner  Lib Pin             Reference Pin  Required(ns)  Actual(ns)  Slack(ns)  Location         Pin
Min Period        n/a     BUFG/I              n/a            1.592         10.000      8.408      BUFGCTRL_X0Y1    u_top/u_clk/u_bufg_axi/I
Max Period        n/a     MMCME2_ADV/CLKOUT1  n/a            213.360       10.000      203.360    MMCME2_ADV_X0Y0  u_top/u_clk/u_mmcm/CLKOUT1
Low Pulse Width   Slow    FDPE/C              n/a            0.500         5.000       4.500      SLICE_X110Y88    u_top/u_cdc/FSM_onehot_axi_state_reg[0]/C
High Pulse Width  Slow    FDPE/C              n/a            0.500         5.000       4.500      SLICE_X110Y88    u_top/u_cdc/FSM_onehot_axi_state_reg[0]/C



---------------------------------------------------------------------------------------------------
From Clock:  clkfb
  To Clock:  clkfb

Setup :           NA  Failing Endpoints,  Worst Slack           NA  ,  Total Violation           NA
Hold  :           NA  Failing Endpoints,  Worst Slack           NA  ,  Total Violation           NA
PW    :            0  Failing Endpoints,  Worst Slack        8.751ns,  Total Violation        0.000ns
---------------------------------------------------------------------------------------------------


Pulse Width Checks
--------------------------------------------------------------------------------------
Clock Name:         clkfb
Waveform(ns):       { 0.000 5.000 }
Period(ns):         10.000
Sources:            { u_top/u_clk/u_mmcm/CLKFBOUT }

Check Type  Corner  Lib Pin              Reference Pin  Required(ns)  Actual(ns)  Slack(ns)  Location         Pin
Min Period  n/a     MMCME2_ADV/CLKFBOUT  n/a            1.249         10.000      8.751      MMCME2_ADV_X0Y0  u_top/u_clk/u_mmcm/CLKFBOUT
Max Period  n/a     MMCME2_ADV/CLKFBIN   n/a            100.000       10.000      90.000     MMCME2_ADV_X0Y0  u_top/u_clk/u_mmcm/CLKFBIN



